[20:52:48] +0.0s log /home/dalibor/Projects/RapidRAW/lean_pano_proto/out/v40/DSCF6645/DSCF6645_Pano.pano.log
[20:52:48] +0.0s merge started files=5
[20:52:48] +0.2s jpeg DSCF6645.RAF native 4416x2944 declared 4416x2944
[20:52:48] +0.4s jpeg DSCF6646.RAF native 4416x2944 declared 4416x2944
[20:52:49] +0.6s jpeg DSCF6647.RAF native 4416x2944 declared 4416x2944
[20:52:49] +0.8s jpeg DSCF6648.RAF native 4416x2944 declared 4416x2944
[20:52:49] +1.0s jpeg DSCF6649.RAF native 4416x2944 declared 4416x2944
[20:52:51] +2.8s points DSCF6645.RAF 10967
[20:52:51] +2.8s points DSCF6646.RAF 10958
[20:52:51] +2.8s points DSCF6647.RAF 11105
[20:52:51] +2.8s points DSCF6648.RAF 11300
[20:52:51] +2.8s points DSCF6649.RAF 11451
[20:52:54] +6.0s match DSCF6645.RAF<->DSCF6646.RAF: 2823 good
[20:52:54] +6.0s match DSCF6645.RAF<->DSCF6647.RAF: 1191 good
[20:52:54] +6.0s match DSCF6645.RAF<->DSCF6648.RAF: 625 good
[20:52:54] +6.0s match DSCF6645.RAF<->DSCF6649.RAF: 278 good
[20:52:54] +6.0s match DSCF6646.RAF<->DSCF6647.RAF: 2302 good
[20:52:54] +6.0s match DSCF6646.RAF<->DSCF6648.RAF: 1452 good
[20:52:54] +6.0s match DSCF6646.RAF<->DSCF6649.RAF: 888 good
[20:52:54] +6.0s match DSCF6647.RAF<->DSCF6648.RAF: 3282 good
[20:52:54] +6.0s match DSCF6647.RAF<->DSCF6649.RAF: 1750 good
[20:52:54] +6.0s match DSCF6648.RAF<->DSCF6649.RAF: 2903 good
[20:52:54] +6.1s aligned kept=5 focal35=105.0 jpeg=4416x2944 points=4416x2944
[20:52:54] +6.1s lens crop=1.534 focal35=105.0 calib=1.534
[20:52:55] +6.8s sky target 0.0671
[20:52:55] +6.8s sky scale DSCF6645.RAF 1.316 median 0.0510
[20:52:55] +6.8s sky scale DSCF6646.RAF 1.023 median 0.0656
[20:52:55] +6.8s sky scale DSCF6647.RAF 0.779 median 0.0862
[20:52:55] +6.8s sky scale DSCF6648.RAF 1.000 median 0.0671
[20:52:55] +6.8s sky scale DSCF6649.RAF 0.738 median 0.0909
[20:52:55] +6.8s Matching brightness...
[20:52:55] +6.8s canvas perspective 3552x1413
[20:52:55] +6.9s warp DSCF6646.RAF: bbox=(1124,81,3110,1413) 1986x1332
[20:52:55] +6.9s warp DSCF6649.RAF: bbox=(0,29,1979,1392) 1979x1363
[20:52:55] +6.9s warp DSCF6647.RAF: bbox=(663,69,2614,1384) 1951x1315
[20:52:55] +6.9s warp DSCF6648.RAF: bbox=(379,60,2333,1383) 1954x1323
[20:52:55] +6.9s warp DSCF6645.RAF: bbox=(1493,0,3552,1394) 2059x1394
[20:52:55] +7.0s brightness gains=5 corner=0.890
[20:52:55] +7.0s Blending photos...
[20:52:55] +7.2s blend 1: window=2845x1413 tiles=903
[20:52:56] +7.5s local moved kept=388 field=3.90 disagree 0.3553 -> 0.2337
[20:52:56] +7.6s seam grid 46x57 nodes=2432
[20:52:56] +7.6s seam grid 341x430 nodes=33884
[20:52:56] +7.8s seam refine nodes=33884
[20:52:56] +7.8s painted
[20:52:56] +7.8s mask blurred
[20:52:56] +7.9s pyramid gauss
[20:52:56] +8.0s pyramid expand
[20:52:56] +8.0s pasted
[20:52:56] +8.0s blended 1 keepA=0.68
[20:52:56] +8.0s blend 2: window=2940x1413 tiles=924
[20:52:56] +8.3s local moved kept=355 field=9.18 disagree 0.5947 -> 0.4149
[20:52:56] +8.3s seam grid 45x51 nodes=2234
[20:52:56] +8.3s seam grid 335x385 nodes=41006
[20:52:57] +8.5s seam refine nodes=41006
[20:52:57] +8.5s painted
[20:52:57] +8.6s mask blurred
[20:52:57] +8.6s pyramid gauss
[20:52:57] +8.7s pyramid expand
[20:52:57] +8.7s pasted
[20:52:57] +8.7s blended 2 keepA=0.50
[20:52:57] +8.7s blend 3: window=2491x1413 tiles=777
[20:52:57] +9.0s local moved kept=334 field=7.64 disagree 0.4541 -> 0.3345
[20:52:57] +9.0s seam grid 46x55 nodes=2357
[20:52:57] +9.0s seam grid 345x413 nodes=36243
[20:52:57] +9.3s seam refine nodes=36243
[20:52:57] +9.3s painted
[20:52:57] +9.3s mask blurred
[20:52:57] +9.4s pyramid gauss
[20:52:58] +9.5s pyramid expand
[20:52:58] +9.5s pasted
[20:52:58] +9.5s blended 3 keepA=0.72
[20:52:58] +9.5s blend 4: window=2571x1413 tiles=819
[20:52:58] +9.8s local moved kept=364 field=7.32 disagree 0.6125 -> 0.4323
[20:52:58] +9.8s seam grid 46x55 nodes=2454
[20:52:58] +9.8s seam grid 342x417 nodes=34009
[20:52:58] +10.0s seam refine nodes=34009
[20:52:58] +10.0s painted
[20:52:58] +10.0s mask blurred
[20:52:58] +10.0s pyramid gauss
[20:52:58] +10.1s pyramid expand
[20:52:58] +10.1s pasted
[20:52:58] +10.1s blended 4 keepA=0.76
[20:52:58] +10.1s preview canvas perspective 3552x1413 shifts=4
[20:52:58] +10.1s time  preview=3.99s (solve+match 6.10s)
[20:52:58] +10.2s preview ready /home/dalibor/Projects/RapidRAW/lean_pano_proto/out/v40/DSCF6645/DSCF6645_preview.jpg
[20:52:58] +10.2s save started
[20:52:58] +10.2s develop jobs=4
[20:53:02] +13.9s developed DSCF6645.RAF 7728x5152 -> 1920x1280
[20:53:02] +13.9s developed DSCF6646.RAF 7728x5152 -> 1920x1280
[20:53:02] +13.9s developed DSCF6647.RAF 7728x5152 -> 1920x1280
[20:53:02] +13.9s developed DSCF6648.RAF 7728x5152 -> 1920x1280
[20:53:02] +13.9s developed DSCF6649.RAF 7728x5152 -> 1920x1280
[20:53:02] +13.9s time  develop=3.76s
[20:53:02] +13.9s scale raw=7728x5152 jpeg=4416x2944 x=1.7500 y=1.7500
[20:53:02] +13.9s Matching brightness...
[20:53:02] +13.9s canvas perspective 3552x1413
[20:53:02] +14.1s warp DSCF6647.RAF: bbox=(663,69,2614,1384) 1951x1315
[20:53:02] +14.1s warp DSCF6648.RAF: bbox=(379,60,2333,1383) 1954x1323
[20:53:02] +14.1s warp DSCF6649.RAF: bbox=(0,29,1979,1392) 1979x1363
[20:53:02] +14.1s warp DSCF6646.RAF: bbox=(1124,81,3110,1413) 1986x1332
[20:53:02] +14.1s warp DSCF6645.RAF: bbox=(1493,0,3552,1394) 2059x1394
[20:53:02] +14.4s brightness gains=5 corner=0.815
[20:53:02] +14.4s Blending photos...
[20:53:03] +14.5s blend 1: window=2845x1413 tiles=903
[20:53:03] +14.8s local moved kept=424 field=8.54 disagree 0.5260 -> 0.3200
[20:53:03] +14.9s seam grid 46x57 nodes=2434
[20:53:03] +14.9s seam grid 341x430 nodes=31324
[20:53:03] +15.0s seam refine nodes=31324
[20:53:03] +15.0s painted
[20:53:03] +15.0s mask blurred
[20:53:03] +15.1s pyramid gauss
[20:53:03] +15.2s pyramid expand
[20:53:03] +15.2s pasted
[20:53:03] +15.2s blended 1 keepA=0.53
[20:53:03] +15.2s blend 2: window=2940x1413 tiles=924
[20:53:04] +15.5s local moved kept=331 field=9.43 disagree 0.5556 -> 0.3986
[20:53:04] +15.5s seam grid 45x51 nodes=2226
[20:53:04] +15.5s seam grid 337x385 nodes=37429
[20:53:04] +15.8s seam refine nodes=37429
[20:53:04] +15.8s painted
[20:53:04] +15.8s mask blurred
[20:53:04] +15.9s pyramid gauss
[20:53:04] +16.0s pyramid expand
[20:53:04] +16.0s pasted
[20:53:04] +16.0s blended 2 keepA=0.52
[20:53:04] +16.0s blend 3: window=2491x1413 tiles=777
[20:53:04] +16.3s local moved kept=414 field=18.95 disagree 0.6094 -> 0.4930
[20:53:04] +16.3s seam grid 46x54 nodes=2318
[20:53:04] +16.3s seam grid 345x413 nodes=30278
[20:53:04] +16.4s seam refine nodes=30278
[20:53:04] +16.4s painted
[20:53:04] +16.4s mask blurred
[20:53:05] +16.5s pyramid gauss
[20:53:05] +16.5s pyramid expand
[20:53:05] +16.5s pasted
[20:53:05] +16.5s blended 3 keepA=0.59
[20:53:05] +16.5s blend 4: window=2571x1413 tiles=819
[20:53:05] +16.8s local moved kept=394 field=18.31 disagree 0.6444 -> 0.5592
[20:53:05] +16.8s seam grid 46x55 nodes=2456
[20:53:05] +16.8s seam grid 342x417 nodes=35882
[20:53:05] +17.0s seam refine nodes=35882
[20:53:05] +17.0s painted
[20:53:05] +17.0s mask blurred
[20:53:05] +17.1s pyramid gauss
[20:53:05] +17.2s pyramid expand
[20:53:05] +17.2s pasted
[20:53:05] +17.2s blended 4 keepA=0.74
[20:53:05] +17.2s time  linear_photometry=3.27s
[20:53:05] +17.2s photometry source=second compose
[20:53:05] +17.2s save seam preview
[20:53:05] +17.2s save cut fullres
[20:53:05] +17.2s photometry gains=5
[20:53:05] +17.2s photo pedestal=0.016244 field_norm=0.622307 gains=[1.0244 0.9946 1.0128 0.9581 1.0114]
[20:53:05] +17.2s save seam developed
[20:53:05] +17.2s canvas perspective 14293x5687
[20:53:06] +17.5s local align resolution 1/1
[20:53:06] +17.5s snapbox canvas_origin=(0,0)
[20:53:06] +17.5s composite levels=6 pad=512
[20:53:06] +17.5s local alignment refine=false
[20:53:09] +20.6s warped DSCF6647.RAF straight
[20:53:17] +28.6s snapwin seam=1 canvas=(1038,0) size=8839x5687
[20:53:17] +28.8s field n=0 const=[1.0000 1.0000 1.0000] peak=0.0000 gain=0.0126 (rejected)
[20:53:17] +29.1s seam grid 169x213 nodes=35085
[20:53:18] +29.4s seam grid 1323x1680 nodes=120837
[20:53:19] +30.5s seam refine nodes=120837
[20:53:19] +30.6s painted
[20:53:19] +30.7s mask blurred
[20:53:20] +31.5s snapblendrect seam=1 canvas=(2193,0)..(9869,5687)
[20:53:20] +32.3s pyramid gauss
[20:53:21] +33.3s pyramid expand
[20:53:22] +33.5s blended
[20:53:22] +33.5s seam 1 window=8839x5687 keepA=0.45
[20:53:22] +33.5s warped DSCF6648.RAF nudged
[20:53:22] +33.5s field DSCF6648.RAF origin=(416,0) size=2165x1413 scale=1.6406
[20:53:22] +33.6s SNAP DSCF6645/field_DSCF6645_6648 FAILED No such file or directory (os error 2)
[20:53:30] +41.9s snapwin seam=2 canvas=(4039,0) size=8964x5687
[20:53:30] +42.1s field n=0 const=[1.0000 1.0000 1.0000] peak=0.0000 gain=-0.0041 (rejected)
[20:53:30] +42.3s seam grid 166x190 nodes=31529
[20:53:31] +42.7s seam grid 1303x1498 nodes=127815
[20:53:32] +44.1s seam refine nodes=127815
[20:53:32] +44.1s painted
[20:53:32] +44.3s mask blurred
[20:53:33] +45.1s snapblendrect seam=2 canvas=(4050,0)..(10999,5687)
[20:53:34] +45.8s pyramid gauss
[20:53:35] +46.7s pyramid expand
[20:53:35] +46.9s blended
[20:53:35] +46.9s seam 2 window=8964x5687 keepA=0.65
[20:53:35] +46.9s warped DSCF6646.RAF nudged
[20:53:35] +46.9s field DSCF6646.RAF origin=(877,0) size=1985x1413 scale=1.7894
[20:53:35] +47.0s SNAP DSCF6645/field_DSCF6645_6646 FAILED No such file or directory (os error 2)
[20:53:43] +55.3s snapwin seam=3 canvas=(0,0) size=8453x5687
[20:53:44] +55.4s field n=0 const=[1.0000 1.0000 1.0000] peak=0.0000 gain=0.0046 (rejected)
[20:53:44] +55.7s seam grid 171x205 nodes=34203
[20:53:44] +56.1s seam grid 1340x1611 nodes=105359
[20:53:45] +57.1s seam refine nodes=105359
[20:53:45] +57.2s painted
[20:53:45] +57.3s mask blurred
[20:53:46] +58.1s snapblendrect seam=3 canvas=(1047,0)..(8445,5687)
[20:53:47] +58.9s pyramid gauss
[20:53:48] +59.9s pyramid expand
[20:53:48] +60.1s blended
[20:53:48] +60.1s seam 3 window=8453x5687 keepA=0.61
[20:53:48] +60.1s warped DSCF6649.RAF nudged
[20:53:48] +60.1s field DSCF6649.RAF origin=(132,0) size=2095x1413 scale=1.6955
[20:53:48] +60.1s SNAP DSCF6645/field_DSCF6645_6649 FAILED No such file or directory (os error 2)
[20:53:57] +69.3s snapwin seam=4 canvas=(5523,0) size=8770x5687
[20:53:58] +69.4s field n=0 const=[1.0000 1.0000 1.0000] peak=0.0000 gain=0.0051 (rejected)
[20:53:58] +69.7s seam grid 170x207 nodes=35085
[20:53:58] +70.1s seam grid 1331x1627 nodes=123284
[20:54:00] +71.4s seam refine nodes=123284
[20:54:00] +71.5s painted
[20:54:00] +71.6s mask blurred
[20:54:00] +72.4s snapblendrect seam=4 canvas=(5531,0)..(12995,5687)
[20:54:01] +73.3s pyramid gauss
[20:54:02] +74.3s pyramid expand
[20:54:03] +74.5s blended
[20:54:03] +74.5s seam 4 window=8770x5687 keepA=0.73
[20:54:03] +74.5s warped DSCF6645.RAF nudged
[20:54:03] +74.5s field DSCF6645.RAF origin=(1246,0) size=2112x1413 scale=1.6818
[20:54:03] +74.5s SNAP DSCF6645/field_DSCF6645_6645 FAILED No such file or directory (os error 2)
[20:54:03] +74.5s refined shifts seams=0 mean_abs_shift=0.000px max_abs_shift=0.000px
[20:54:03] +74.5s exposure gains applied 3
[20:54:03] +74.6s save encode 13770x4999
[20:54:08] +79.8s seam dump /home/dalibor/Projects/RapidRAW/lean_pano_proto/out/v40/DSCF6645/seams.txt
[20:54:08] +79.8s blend_stage extract=0.00s
[20:54:08] +79.8s blend_stage graphcut=61.54s
[20:54:08] +79.8s blend_stage mask_blur=4.94s
[20:54:08] +79.8s blend_stage pyr_blend=80.31s
[20:54:08] +79.8s boundary_step final: n=4313 median_step=24.31% p90=78.31%
[20:54:08] +79.8s blinds_flat  final: n=0 median_step=0.00% p90=0.00%
[20:54:08] +79.8s woodline    final: n=3757 median_step=23.64% p90=75.41%
[20:54:08] +79.8s ghost_band   final: mean=0.666 keepA=0.61 cut_px=35580 swallowed=0
[20:54:08] +79.8s sharpness_lapvar final: 425.7930336990084
[20:54:08] +79.8s pano_mean_lum 0.10117687847585116 shadow_median 0.06382343173027039 canvas 13770x4999 levels=6 window_px=512
[20:54:08] +79.8s time  final blend=22.11s encode_tiff=0.71s metrics=3.71s photometry=1.77s step_metrics=0.16s warp=32.20s
[20:54:08] +79.8s time  total=79.82s
[20:54:08] +79.8s saved /home/dalibor/Projects/RapidRAW/lean_pano_proto/out/v40/DSCF6645/DSCF6645_Pano.tiff
