[23:19:53] +0.0s log /home/dalibor/Projects/RapidRAW/lean_pano_proto/out/v30/DSCF0578/DSCF0578_Pano.pano.log
[23:19:53] +0.0s merge started files=11
[23:19:53] +0.2s jpeg DSCF0578.RAF native 4416x2944 declared 4416x2944
[23:19:53] +0.4s jpeg DSCF0579.RAF native 4416x2944 declared 4416x2944
[23:19:53] +0.6s jpeg DSCF0580.RAF native 4416x2944 declared 4416x2944
[23:19:54] +0.8s jpeg DSCF0581.RAF native 4416x2944 declared 4416x2944
[23:19:54] +1.0s jpeg DSCF0582.RAF native 4416x2944 declared 4416x2944
[23:19:54] +1.2s jpeg DSCF0583.RAF native 4416x2944 declared 4416x2944
[23:19:54] +1.4s jpeg DSCF0584.RAF native 4416x2944 declared 4416x2944
[23:19:54] +1.6s jpeg DSCF0585.RAF native 4416x2944 declared 4416x2944
[23:19:55] +1.9s jpeg DSCF0586.RAF native 4416x2944 declared 4416x2944
[23:19:55] +2.1s jpeg DSCF0587.RAF native 4416x2944 declared 4416x2944
[23:19:55] +2.3s jpeg DSCF0588.RAF native 4416x2944 declared 4416x2944
[23:19:57] +4.2s points DSCF0578.RAF 1360
[23:19:57] +4.2s points DSCF0579.RAF 1604
[23:19:57] +4.2s points DSCF0580.RAF 1581
[23:19:57] +4.2s points DSCF0581.RAF 1419
[23:19:57] +4.2s points DSCF0582.RAF 1523
[23:19:57] +4.2s points DSCF0583.RAF 1208
[23:19:57] +4.2s points DSCF0584.RAF 1328
[23:19:57] +4.2s points DSCF0585.RAF 2429
[23:19:57] +4.2s points DSCF0586.RAF 3089
[23:19:57] +4.2s points DSCF0587.RAF 3582
[23:19:57] +4.2s points DSCF0588.RAF 3330
[23:19:57] +4.2s matching 19 neighbor pairs
[23:19:57] +4.4s match DSCF0578.RAF<->DSCF0579.RAF: 752 good
[23:19:57] +4.4s match DSCF0578.RAF<->DSCF0580.RAF: 529 good
[23:19:57] +4.4s match DSCF0579.RAF<->DSCF0580.RAF: 781 good
[23:19:57] +4.4s match DSCF0579.RAF<->DSCF0581.RAF: 499 good
[23:19:57] +4.4s match DSCF0580.RAF<->DSCF0581.RAF: 672 good
[23:19:57] +4.4s match DSCF0580.RAF<->DSCF0582.RAF: 472 good
[23:19:57] +4.4s match DSCF0581.RAF<->DSCF0582.RAF: 657 good
[23:19:57] +4.4s match DSCF0581.RAF<->DSCF0583.RAF: 427 good
[23:19:57] +4.4s match DSCF0582.RAF<->DSCF0583.RAF: 633 good
[23:19:57] +4.4s match DSCF0582.RAF<->DSCF0584.RAF: 478 good
[23:19:57] +4.4s match DSCF0583.RAF<->DSCF0584.RAF: 581 good
[23:19:57] +4.4s match DSCF0583.RAF<->DSCF0585.RAF: 431 good
[23:19:57] +4.4s match DSCF0584.RAF<->DSCF0585.RAF: 665 good
[23:19:57] +4.4s match DSCF0584.RAF<->DSCF0586.RAF: 454 good
[23:19:57] +4.4s match DSCF0585.RAF<->DSCF0586.RAF: 1050 good
[23:19:57] +4.4s match DSCF0585.RAF<->DSCF0587.RAF: 794 good
[23:19:57] +4.4s match DSCF0586.RAF<->DSCF0587.RAF: 1449 good
[23:19:57] +4.4s match DSCF0586.RAF<->DSCF0588.RAF: 1007 good
[23:19:57] +4.4s match DSCF0587.RAF<->DSCF0588.RAF: 1471 good
[23:19:57] +4.5s aligned kept=11 focal35=40.0 jpeg=4416x2944 points=4416x2944
[23:19:57] +4.5s lens crop=1.534 focal35=40.0 calib=1.529
[23:19:59] +6.0s sky target 0.1021
[23:19:59] +6.0s sky scale DSCF0578.RAF 4.313 median 0.0237
[23:19:59] +6.1s sky scale DSCF0579.RAF 1.948 median 0.0524
[23:19:59] +6.1s sky scale DSCF0580.RAF 1.321 median 0.0773
[23:19:59] +6.1s sky scale DSCF0581.RAF 1.024 median 0.0997
[23:19:59] +6.1s sky scale DSCF0582.RAF 0.857 median 0.1191
[23:19:59] +6.1s sky scale DSCF0583.RAF 0.927 median 0.1101
[23:19:59] +6.1s sky scale DSCF0584.RAF 0.846 median 0.1207
[23:19:59] +6.1s sky scale DSCF0585.RAF 0.705 median 0.1448
[23:19:59] +6.1s sky scale DSCF0586.RAF 0.719 median 0.1421
[23:19:59] +6.1s sky scale DSCF0587.RAF 1.000 median 0.1021
[23:19:59] +6.1s sky scale DSCF0588.RAF 1.161 median 0.0879
[23:19:59] +6.1s Matching brightness...
[23:19:59] +6.1s canvas cylindrical 5083x1340
[23:19:59] +6.2s warp DSCF0585.RAF: bbox=(2167,39,4002,1333) 1835x1294
[23:19:59] +6.2s warp DSCF0582.RAF: bbox=(1120,53,2960,1340) 1840x1287
[23:19:59] +6.2s warp DSCF0583.RAF: bbox=(1498,54,3323,1340) 1825x1286
[23:19:59] +6.2s warp DSCF0586.RAF: bbox=(2497,15,4348,1313) 1851x1298
[23:19:59] +6.2s warp DSCF0579.RAF: bbox=(253,15,2125,1326) 1872x1311
[23:19:59] +6.2s warp DSCF0587.RAF: bbox=(2835,0,4706,1306) 1871x1306
[23:19:59] +6.3s warp DSCF0584.RAF: bbox=(1799,49,3622,1340) 1823x1291
[23:19:59] +6.3s warp DSCF0578.RAF: bbox=(0,13,1866,1327) 1866x1314
[23:19:59] +6.3s warp DSCF0580.RAF: bbox=(525,22,2394,1332) 1869x1310
[23:19:59] +6.3s warp DSCF0588.RAF: bbox=(3209,0,5083,1313) 1874x1313
[23:19:59] +6.3s warp DSCF0581.RAF: bbox=(790,33,2645,1333) 1855x1300
[23:19:59] +6.6s brightness gains=11 corner=0.805
[23:19:59] +6.6s Blending photos...
[23:20:00] +6.8s blend 1: window=2847x1340 tiles=817
[23:20:00] +7.1s local moved kept=151 field=4.63 disagree 0.0472 -> 0.0338
[23:20:00] +7.1s seam grid 44x53 nodes=2190
[23:20:00] +7.2s seam grid 328x394 nodes=25339
[23:20:00] +7.2s seam refine nodes=25339
[23:20:00] +7.2s painted
[23:20:00] +7.2s mask blurred
[23:20:00] +7.3s pyramid gauss
[23:20:00] +7.4s pyramid expand
[23:20:00] +7.4s pasted
[23:20:00] +7.4s blended 1 keepA=0.50
[23:20:00] +7.4s blend 2: window=2864x1340 tiles=817
[23:20:00] +7.6s local moved kept=139 field=4.57 disagree 0.0856 -> 0.0704
[23:20:00] +7.7s seam grid 44x51 nodes=2135
[23:20:00] +7.7s seam grid 328x378 nodes=24938
[23:20:00] +7.7s seam refine nodes=24938
[23:20:00] +7.7s painted
[23:20:01] +7.7s mask blurred
[23:20:01] +7.8s pyramid gauss
[23:20:01] +7.8s pyramid expand
[23:20:01] +7.8s pasted
[23:20:01] +7.8s blended 2 keepA=0.50
[23:20:01] +7.8s blend 3: window=2859x1340 tiles=817
[23:20:01] +7.9s local copied sparse
[23:20:01] +7.9s seam grid 44x50 nodes=2080
[23:20:01] +7.9s seam grid 329x377 nodes=25153
[23:20:01] +7.9s seam refine nodes=25153
[23:20:01] +7.9s painted
[23:20:01] +7.9s mask blurred
[23:20:01] +8.0s pyramid gauss
[23:20:01] +8.0s pyramid expand
[23:20:01] +8.0s pasted
[23:20:01] +8.0s blended 3 keepA=0.50
[23:20:01] +8.0s blend 4: window=2879x1340 tiles=817
[23:20:01] +8.3s local moved kept=145 field=6.61 disagree 0.0921 -> 0.0742
[23:20:01] +8.3s seam grid 44x53 nodes=2199
[23:20:01] +8.3s seam grid 329x394 nodes=27715
[23:20:01] +8.3s seam refine nodes=27715
[23:20:01] +8.3s painted
[23:20:01] +8.3s mask blurred
[23:20:01] +8.5s pyramid gauss
[23:20:01] +8.5s pyramid expand
[23:20:01] +8.6s pasted
[23:20:01] +8.6s blended 4 keepA=0.49
[23:20:01] +8.6s blend 5: window=2893x1340 tiles=836
[23:20:02] +8.8s local moved kept=195 field=8.11 disagree 0.0877 -> 0.0569
[23:20:02] +8.8s seam grid 45x55 nodes=2297
[23:20:02] +8.8s seam grid 334x414 nodes=28482
[23:20:02] +8.9s seam refine nodes=28482
[23:20:02] +8.9s painted
[23:20:02] +8.9s mask blurred
[23:20:02] +9.0s pyramid gauss
[23:20:02] +9.0s pyramid expand
[23:20:02] +9.0s pasted
[23:20:02] +9.0s blended 5 keepA=0.50
[23:20:02] +9.0s blend 6: window=2875x1340 tiles=817
[23:20:02] +9.2s local moved kept=117 field=2.14 disagree 0.0754 -> 0.0614
[23:20:02] +9.3s seam grid 45x52 nodes=2171
[23:20:02] +9.3s seam grid 331x389 nodes=31900
[23:20:02] +9.4s seam refine nodes=31900
[23:20:02] +9.4s painted
[23:20:02] +9.4s mask blurred
[23:20:02] +9.5s pyramid gauss
[23:20:02] +9.6s pyramid expand
[23:20:02] +9.6s pasted
[23:20:02] +9.6s blended 6 keepA=0.60
[23:20:02] +9.6s blend 7: window=2637x1340 tiles=760
[23:20:03] +9.8s local moved kept=214 field=7.85 disagree 0.1091 -> 0.0713
[23:20:03] +9.8s seam grid 45x55 nodes=2297
[23:20:03] +9.9s seam grid 336x412 nodes=29775
[23:20:03] +9.9s seam refine nodes=29775
[23:20:03] +9.9s painted
[23:20:03] +9.9s mask blurred
[23:20:03] +10.0s pyramid gauss
[23:20:03] +10.0s pyramid expand
[23:20:03] +10.0s pasted
[23:20:03] +10.0s blended 7 keepA=0.51
[23:20:03] +10.0s blend 8: window=2760x1340 tiles=798
[23:20:03] +10.3s local moved kept=135 field=4.57 disagree 0.0831 -> 0.0581
[23:20:03] +10.3s seam grid 45x52 nodes=2171
[23:20:03] +10.3s seam grid 334x390 nodes=25956
[23:20:03] +10.3s seam refine nodes=25956
[23:20:03] +10.3s painted
[23:20:03] +10.3s mask blurred
[23:20:03] +10.4s pyramid gauss
[23:20:03] +10.4s pyramid expand
[23:20:03] +10.4s pasted
[23:20:03] +10.4s blended 8 keepA=0.50
[23:20:03] +10.4s blend 9: window=2378x1340 tiles=684
[23:20:04] +10.7s local moved kept=185 field=9.26 disagree 0.1377 -> 0.0953
[23:20:04] +10.7s seam grid 45x55 nodes=2305
[23:20:04] +10.7s seam grid 336x415 nodes=28987
[23:20:04] +10.8s seam refine nodes=28987
[23:20:04] +10.8s painted
[23:20:04] +10.8s mask blurred
[23:20:04] +10.9s pyramid gauss
[23:20:04] +11.0s pyramid expand
[23:20:04] +11.0s pasted
[23:20:04] +11.0s blended 9 keepA=0.51
[23:20:04] +11.0s blend 10: window=2386x1340 tiles=684
[23:20:04] +11.2s local moved kept=123 field=2.90 disagree 0.0904 -> 0.0715
[23:20:04] +11.2s seam grid 45x52 nodes=2168
[23:20:04] +11.2s seam grid 335x387 nodes=25985
[23:20:04] +11.3s seam refine nodes=25985
[23:20:04] +11.3s painted
[23:20:04] +11.3s mask blurred
[23:20:04] +11.3s pyramid gauss
[23:20:04] +11.4s pyramid expand
[23:20:04] +11.4s pasted
[23:20:04] +11.4s blended 10 keepA=0.49
[23:20:04] +11.4s preview canvas cylindrical 5083x1340 shifts=10
[23:20:04] +11.4s time  preview=6.87s (solve+match 4.52s)
[23:20:04] +11.5s preview ready /home/dalibor/Projects/RapidRAW/lean_pano_proto/out/v30/DSCF0578/DSCF0578_preview.jpg
[23:20:04] +11.5s save started
[23:20:04] +11.5s develop jobs=4
[23:20:11] +18.4s developed DSCF0578.RAF 7728x5152 -> 1920x1280
[23:20:11] +18.4s developed DSCF0579.RAF 7728x5152 -> 1920x1280
[23:20:11] +18.4s developed DSCF0580.RAF 7728x5152 -> 1920x1280
[23:20:11] +18.4s developed DSCF0581.RAF 7728x5152 -> 1920x1280
[23:20:11] +18.4s developed DSCF0582.RAF 7728x5152 -> 1920x1280
[23:20:11] +18.4s developed DSCF0583.RAF 7728x5152 -> 1920x1280
[23:20:11] +18.4s developed DSCF0584.RAF 7728x5152 -> 1920x1280
[23:20:11] +18.4s developed DSCF0585.RAF 7728x5152 -> 1920x1280
[23:20:11] +18.4s developed DSCF0586.RAF 7728x5152 -> 1920x1280
[23:20:11] +18.4s developed DSCF0587.RAF 7728x5152 -> 1920x1280
[23:20:11] +18.4s developed DSCF0588.RAF 7728x5152 -> 1920x1280
[23:20:11] +18.4s time  develop=6.92s
[23:20:11] +18.4s scale raw=7728x5152 jpeg=4416x2944 x=1.7500 y=1.7500
[23:20:11] +18.4s Matching brightness...
[23:20:11] +18.4s canvas cylindrical 5083x1340
[23:20:11] +18.6s warp DSCF0582.RAF: bbox=(1120,53,2960,1340) 1840x1287
[23:20:11] +18.6s warp DSCF0581.RAF: bbox=(790,33,2645,1333) 1855x1300
[23:20:11] +18.6s warp DSCF0587.RAF: bbox=(2835,0,4706,1306) 1871x1306
[23:20:11] +18.6s warp DSCF0583.RAF: bbox=(1498,54,3323,1340) 1825x1286
[23:20:11] +18.6s warp DSCF0588.RAF: bbox=(3209,0,5083,1313) 1874x1313
[23:20:11] +18.6s warp DSCF0585.RAF: bbox=(2167,39,4002,1333) 1835x1294
[23:20:11] +18.6s warp DSCF0579.RAF: bbox=(253,15,2125,1326) 1872x1311
[23:20:11] +18.6s warp DSCF0584.RAF: bbox=(1799,49,3622,1340) 1823x1291
[23:20:11] +18.6s warp DSCF0586.RAF: bbox=(2497,15,4348,1313) 1851x1298
[23:20:11] +18.6s warp DSCF0580.RAF: bbox=(525,22,2394,1332) 1869x1310
[23:20:11] +18.6s warp DSCF0578.RAF: bbox=(0,13,1866,1327) 1866x1314
[23:20:12] +19.0s brightness gains=11 corner=0.865
[23:20:12] +19.0s Blending photos...
[23:20:12] +19.2s blend 1: window=2847x1340 tiles=817
[23:20:12] +19.6s local moved kept=170 field=3.16 disagree 0.0459 -> 0.0271
[23:20:12] +19.7s seam grid 44x53 nodes=2189
[23:20:12] +19.7s seam grid 328x394 nodes=26333
[23:20:12] +19.7s seam refine nodes=26333
[23:20:12] +19.7s painted
[23:20:13] +19.7s mask blurred
[23:20:13] +19.8s pyramid gauss
[23:20:13] +19.9s pyramid expand
[23:20:13] +19.9s pasted
[23:20:13] +19.9s blended 1 keepA=0.50
[23:20:13] +19.9s blend 2: window=2864x1340 tiles=817
[23:20:13] +20.2s local moved kept=165 field=4.57 disagree 0.0851 -> 0.0599
[23:20:13] +20.2s seam grid 44x51 nodes=2135
[23:20:13] +20.2s seam grid 328x378 nodes=25199
[23:20:13] +20.2s seam refine nodes=25199
[23:20:13] +20.2s painted
[23:20:13] +20.2s mask blurred
[23:20:13] +20.3s pyramid gauss
[23:20:13] +20.4s pyramid expand
[23:20:13] +20.4s pasted
[23:20:13] +20.4s blended 2 keepA=0.50
[23:20:13] +20.4s blend 3: window=2859x1340 tiles=817
[23:20:13] +20.6s local moved kept=154 field=5.06 disagree 0.0708 -> 0.0469
[23:20:13] +20.7s seam grid 44x50 nodes=2079
[23:20:13] +20.7s seam grid 329x377 nodes=25437
[23:20:13] +20.7s seam refine nodes=25437
[23:20:14] +20.7s painted
[23:20:14] +20.7s mask blurred
[23:20:14] +20.8s pyramid gauss
[23:20:14] +20.8s pyramid expand
[23:20:14] +20.8s pasted
[23:20:14] +20.8s blended 3 keepA=0.50
[23:20:14] +20.8s blend 4: window=2879x1340 tiles=817
[23:20:14] +21.1s local moved kept=197 field=5.13 disagree 0.0757 -> 0.0443
[23:20:14] +21.1s seam grid 44x53 nodes=2199
[23:20:14] +21.1s seam grid 329x394 nodes=25914
[23:20:14] +21.2s seam refine nodes=25914
[23:20:14] +21.2s painted
[23:20:14] +21.2s mask blurred
[23:20:14] +21.2s pyramid gauss
[23:20:14] +21.3s pyramid expand
[23:20:14] +21.3s pasted
[23:20:14] +21.3s blended 4 keepA=0.48
[23:20:14] +21.3s blend 5: window=2893x1340 tiles=836
[23:20:14] +21.6s local moved kept=245 field=5.20 disagree 0.0637 -> 0.0319
[23:20:14] +21.6s seam grid 45x55 nodes=2295
[23:20:14] +21.6s seam grid 334x414 nodes=26891
[23:20:14] +21.7s seam refine nodes=26891
[23:20:14] +21.7s painted
[23:20:14] +21.7s mask blurred
[23:20:15] +21.7s pyramid gauss
[23:20:15] +21.8s pyramid expand
[23:20:15] +21.8s pasted
[23:20:15] +21.8s blended 5 keepA=0.49
[23:20:15] +21.8s blend 6: window=2875x1340 tiles=817
[23:20:15] +22.0s local moved kept=157 field=4.16 disagree 0.0831 -> 0.0484
[23:20:15] +22.1s seam grid 45x52 nodes=2171
[23:20:15] +22.1s seam grid 331x389 nodes=29976
[23:20:15] +22.1s seam refine nodes=29976
[23:20:15] +22.1s painted
[23:20:15] +22.1s mask blurred
[23:20:15] +22.2s pyramid gauss
[23:20:15] +22.3s pyramid expand
[23:20:15] +22.3s pasted
[23:20:15] +22.3s blended 6 keepA=0.50
[23:20:15] +22.3s blend 7: window=2637x1340 tiles=760
[23:20:15] +22.6s local moved kept=255 field=5.03 disagree 0.0742 -> 0.0360
[23:20:15] +22.6s seam grid 45x55 nodes=2297
[23:20:15] +22.6s seam grid 336x413 nodes=30159
[23:20:15] +22.7s seam refine nodes=30159
[23:20:15] +22.7s painted
[23:20:15] +22.7s mask blurred
[23:20:16] +22.8s pyramid gauss
[23:20:16] +22.9s pyramid expand
[23:20:16] +22.9s pasted
[23:20:16] +22.9s blended 7 keepA=0.56
[23:20:16] +22.9s blend 8: window=2760x1340 tiles=798
[23:20:16] +23.1s local moved kept=154 field=4.90 disagree 0.0723 -> 0.0333
[23:20:16] +23.1s seam grid 45x52 nodes=2171
[23:20:16] +23.1s seam grid 334x390 nodes=25743
[23:20:16] +23.1s seam refine nodes=25743
[23:20:16] +23.2s painted
[23:20:16] +23.2s mask blurred
[23:20:16] +23.2s pyramid gauss
[23:20:16] +23.3s pyramid expand
[23:20:16] +23.3s pasted
[23:20:16] +23.3s blended 8 keepA=0.50
[23:20:16] +23.3s blend 9: window=2378x1340 tiles=684
[23:20:16] +23.3s local copied sparse
[23:20:16] +23.3s seam grid 45x55 nodes=2305
[23:20:16] +23.3s seam grid 336x416 nodes=32559
[23:20:16] +23.4s seam refine nodes=32559
[23:20:16] +23.4s painted
[23:20:16] +23.4s mask blurred
[23:20:16] +23.5s pyramid gauss
[23:20:16] +23.5s pyramid expand
[23:20:16] +23.5s pasted
[23:20:16] +23.5s blended 9 keepA=0.57
[23:20:16] +23.5s blend 10: window=2386x1340 tiles=684
[23:20:17] +23.8s local moved kept=151 field=4.77 disagree 0.0591 -> 0.0328
[23:20:17] +23.8s seam grid 45x52 nodes=2167
[23:20:17] +23.8s seam grid 335x387 nodes=25576
[23:20:17] +23.8s seam refine nodes=25576
[23:20:17] +23.8s painted
[23:20:17] +23.8s mask blurred
[23:20:17] +23.9s pyramid gauss
[23:20:17] +24.0s pyramid expand
[23:20:17] +24.0s pasted
[23:20:17] +24.0s blended 10 keepA=0.49
[23:20:17] +24.0s time  linear_photometry=5.60s
[23:20:17] +24.0s photometry source=second compose
[23:20:17] +24.0s save seam preview
[23:20:17] +24.0s save cut fullres
[23:20:17] +24.0s photometry gains=11
[23:20:17] +24.0s photo pedestal=0.000509 field_norm=0.742733 gains=[1.0221 0.9665 1.0071 0.9815 0.9486 0.9864 0.9980 1.0020 1.0738 0.9958 1.0236]
[23:20:17] +24.0s canvas cylindrical 20458x5390
[23:20:17] +24.4s local align resolution 1/2
[23:20:17] +24.4s composite levels=6 pad=512
[23:20:17] +24.4s local alignment refine=true
[23:20:18] +25.3s warped DSCF0583.RAF straight
[23:20:20] +26.9s local copied sparse
[23:20:20] +26.9s align-half skip no staged field
[23:20:20] +27.0s field n=0 const=[1.0000 1.0000 1.0000] peak=0.0000 gain=-0.0970 (rejected)
[23:20:20] +27.2s seam grid 165x195 nodes=31339
[23:20:20] +27.4s seam grid 1293x1533 nodes=108721
[23:20:21] +27.8s seam refine nodes=108721
[23:20:21] +27.9s painted
[23:20:21] +28.0s mask blurred
[23:20:22] +29.4s pyramid gauss
[23:20:23] +30.3s pyramid expand
[23:20:23] +30.4s blended
[23:20:23] +30.4s seam 1 window=8308x5390 keepA=0.50
[23:20:23] +30.4s warped DSCF0584.RAF nudged
[23:20:25] +31.8s local copied sparse
[23:20:25] +31.8s align-half skip no staged field
[23:20:25] +31.9s field n=0 const=[1.0000 1.0000 1.0000] peak=0.0000 gain=-0.0711 (rejected)
[23:20:25] +32.1s seam grid 165x187 nodes=30242
[23:20:25] +32.3s seam grid 1290x1471 nodes=108032
[23:20:26] +32.7s seam refine nodes=108032
[23:20:26] +32.8s painted
[23:20:26] +32.9s mask blurred
[23:20:27] +34.2s pyramid gauss
[23:20:28] +35.1s pyramid expand
[23:20:28] +35.2s blended
[23:20:28] +35.2s seam 2 window=8379x5390 keepA=0.50
[23:20:28] +35.2s warped DSCF0582.RAF nudged
[23:20:29] +36.5s local copied sparse
[23:20:29] +36.5s align-half skip no staged field
[23:20:29] +36.6s field n=0 const=[1.0000 1.0000 1.0000] peak=0.0000 gain=-0.0330 (rejected)
[23:20:30] +36.9s seam grid 165x186 nodes=30178
[23:20:30] +37.1s seam grid 1291x1464 nodes=86543
[23:20:30] +37.3s seam refine nodes=86543
[23:20:30] +37.3s painted
[23:20:30] +37.5s mask blurred
[23:20:32] +38.9s pyramid gauss
[23:20:32] +39.7s pyramid expand
[23:20:33] +39.8s blended
[23:20:33] +39.8s seam 3 window=8358x5390 keepA=0.50
[23:20:33] +39.8s warped DSCF0585.RAF straight
[23:20:34] +41.2s local copied sparse
[23:20:34] +41.2s align-half skip no staged field
[23:20:34] +41.3s field n=0 const=[1.0000 1.0000 1.0000] peak=0.0000 gain=-0.0935 (rejected)
[23:20:34] +41.6s seam grid 164x195 nodes=31477
[23:20:35] +41.7s seam grid 1288x1534 nodes=101484
[23:20:35] +42.1s seam refine nodes=101484
[23:20:35] +42.2s painted
[23:20:35] +42.3s mask blurred
[23:20:36] +43.7s pyramid gauss
[23:20:37] +44.5s pyramid expand
[23:20:37] +44.7s blended
[23:20:37] +44.7s seam 4 window=8438x5390 keepA=0.50
[23:20:37] +44.7s warped DSCF0581.RAF nudged
[23:20:39] +46.1s local copied sparse
[23:20:39] +46.1s align-half skip no staged field
[23:20:39] +46.2s field n=0 const=[1.0000 1.0000 1.0000] peak=0.0000 gain=-0.0671 (rejected)
[23:20:39] +46.5s seam grid 167x205 nodes=33172
[23:20:39] +46.7s seam grid 1308x1614 nodes=101582
[23:20:40] +47.1s seam refine nodes=101582
[23:20:40] +47.1s painted
[23:20:40] +47.2s mask blurred
[23:20:42] +48.7s pyramid gauss
[23:20:42] +49.6s pyramid expand
[23:20:43] +49.8s blended
[23:20:43] +49.8s seam 5 window=8499x5390 keepA=0.50
[23:20:43] +49.8s warped DSCF0580.RAF nudged
[23:20:44] +51.4s local copied sparse
[23:20:44] +51.4s align-half skip no staged field
[23:20:44] +51.5s field n=0 const=[1.0000 1.0000 1.0000] peak=0.0000 gain=-0.0799 (rejected)
[23:20:45] +51.8s seam grid 164x193 nodes=31123
[23:20:45] +51.9s seam grid 1282x1514 nodes=107302
[23:20:45] +52.3s seam refine nodes=107302
[23:20:45] +52.4s painted
[23:20:45] +52.5s mask blurred
[23:20:47] +53.9s pyramid gauss
[23:20:48] +54.8s pyramid expand
[23:20:48] +54.9s blended
[23:20:48] +54.9s seam 6 window=8420x5390 keepA=0.50
[23:20:48] +54.9s warped DSCF0586.RAF nudged
[23:20:49] +56.3s local copied sparse
[23:20:49] +56.3s align-half skip no staged field
[23:20:49] +56.4s field n=0 const=[1.0000 1.0000 1.0000] peak=0.0000 gain=-0.0417 (rejected)
[23:20:49] +56.7s seam grid 167x204 nodes=32947
[23:20:50] +56.9s seam grid 1313x1609 nodes=99402
[23:20:50] +57.2s seam refine nodes=99402
[23:20:50] +57.3s painted
[23:20:50] +57.4s mask blurred
[23:20:52] +58.9s pyramid gauss
[23:20:53] +59.8s pyramid expand
[23:20:53] +59.9s blended
[23:20:53] +59.9s seam 7 window=8506x5390 keepA=0.50
[23:20:53] +59.9s warped DSCF0579.RAF nudged
[23:20:54] +61.6s local copied sparse
[23:20:54] +61.6s align-half skip no staged field
[23:20:55] +61.7s field n=0 const=[1.0000 1.0000 1.0000] peak=0.0000 gain=-0.0861 (rejected)
[23:20:55] +62.0s seam grid 166x193 nodes=31187
[23:20:55] +62.2s seam grid 1300x1520 nodes=89745
[23:20:55] +62.4s seam refine nodes=89745
[23:20:55] +62.4s painted
[23:20:55] +62.5s mask blurred
[23:20:57] +64.0s pyramid gauss
[23:20:58] +64.8s pyramid expand
[23:20:58] +65.0s blended
[23:20:58] +65.0s seam 8 window=8500x5390 keepA=0.50
[23:20:58] +65.0s warped DSCF0587.RAF nudged
[23:20:59] +66.4s local copied sparse
[23:20:59] +66.4s align-half skip no staged field
[23:20:59] +66.5s field n=0 const=[1.0000 1.0000 1.0000] peak=0.0000 gain=-0.0100 (rejected)
[23:21:00] +66.8s seam grid 168x206 nodes=33382
[23:21:00] +67.0s seam grid 1319x1622 nodes=129256
[23:21:00] +67.7s seam refine nodes=129256
[23:21:01] +67.7s painted
[23:21:01] +67.8s mask blurred
[23:21:02] +69.4s pyramid gauss
[23:21:03] +70.3s pyramid expand
[23:21:03] +70.4s blended
[23:21:03] +70.4s seam 9 window=7998x5390 keepA=0.53
[23:21:03] +70.4s warped DSCF0578.RAF nudged
[23:21:05] +72.1s local copied sparse
[23:21:05] +72.1s align-half skip no staged field
[23:21:05] +72.2s field n=0 const=[1.0000 1.0000 1.0000] peak=0.0000 gain=-0.1439 (rejected)
[23:21:05] +72.5s seam grid 168x191 nodes=31099
[23:21:05] +72.7s seam grid 1321x1506 nodes=124277
[23:21:06] +73.3s seam refine nodes=124277
[23:21:06] +73.3s painted
[23:21:06] +73.4s mask blurred
[23:21:08] +74.8s pyramid gauss
[23:21:08] +75.6s pyramid expand
[23:21:09] +75.7s blended
[23:21:09] +75.7s seam 10 window=8029x5390 keepA=0.49
[23:21:09] +75.7s warped DSCF0588.RAF nudged
[23:21:09] +75.7s refined shifts seams=0 mean_abs_shift=0.000px max_abs_shift=0.000px
[23:21:09] +75.7s exposure gains applied 10
[23:21:09] +75.8s save encode 19842x4473
[23:21:15] +82.3s seam dump /home/dalibor/Projects/RapidRAW/lean_pano_proto/out/v30/DSCF0578/seams.txt
[23:21:15] +82.3s blend_stage extract=0.00s
[23:21:15] +82.3s blend_stage graphcut=47.43s
[23:21:15] +82.3s blend_stage local_align_half=4.69s
[23:21:15] +82.3s blend_stage mask_blur=3.65s
[23:21:15] +82.3s blend_stage pyr_blend=56.76s
[23:21:15] +82.3s boundary_step final: n=7145 median_step=3.32% p90=31.62%
[23:21:15] +82.3s blinds_flat  final: n=14192 median_step=3.82% p90=33.95%
[23:21:15] +82.3s woodline    final: n=5031 median_step=16.89% p90=50.32%
[23:21:15] +82.3s ghost_band   final: mean=0.677 keepA=0.50 cut_px=66455 swallowed=0
[23:21:15] +82.3s sharpness_lapvar final: 9.092967229552013
[23:21:15] +82.3s pano_mean_lum 0.045593935028617825 shadow_median 0.027554968371987343 canvas 19842x4473 levels=6 window_px=512
[23:21:15] +82.3s time  final blend=41.99s encode_tiff=0.90s metrics=4.62s photometry=3.51s step_metrics=0.17s warp=3.84s
[23:21:15] +82.3s time  total=82.35s
[23:21:15] +82.3s saved /home/dalibor/Projects/RapidRAW/lean_pano_proto/out/v30/DSCF0578/DSCF0578_Pano.tiff
