[12:46:47] +0.0s log /home/dalibor/Projects/RapidRAW/lean_pano_proto/out/v34/DSCF0200/DSCF0200_Pano.pano.log
[12:46:47] +0.0s merge started files=5
[12:46:47] +0.2s jpeg DSCF0200.RAF native 4416x2944 declared 4416x2944
[12:46:47] +0.4s jpeg DSCF0201.RAF native 4416x2944 declared 4416x2944
[12:46:47] +0.6s jpeg DSCF0202.RAF native 4416x2944 declared 4416x2944
[12:46:48] +0.8s jpeg DSCF0203.RAF native 4416x2944 declared 4416x2944
[12:46:48] +1.0s jpeg DSCF0204.RAF native 4416x2944 declared 4416x2944
[12:46:49] +2.6s points DSCF0200.RAF 11762
[12:46:49] +2.6s points DSCF0201.RAF 11806
[12:46:49] +2.6s points DSCF0202.RAF 11789
[12:46:49] +2.6s points DSCF0203.RAF 11779
[12:46:49] +2.6s points DSCF0204.RAF 11740
[12:46:53] +6.1s match DSCF0200.RAF<->DSCF0201.RAF: 4731 good
[12:46:53] +6.1s match DSCF0200.RAF<->DSCF0202.RAF: 2796 good
[12:46:53] +6.1s match DSCF0200.RAF<->DSCF0203.RAF: 1744 good
[12:46:53] +6.1s match DSCF0200.RAF<->DSCF0204.RAF: 805 good
[12:46:53] +6.1s match DSCF0201.RAF<->DSCF0202.RAF: 4524 good
[12:46:53] +6.1s match DSCF0201.RAF<->DSCF0203.RAF: 2942 good
[12:46:53] +6.1s match DSCF0201.RAF<->DSCF0204.RAF: 1584 good
[12:46:53] +6.1s match DSCF0202.RAF<->DSCF0203.RAF: 5043 good
[12:46:53] +6.1s match DSCF0202.RAF<->DSCF0204.RAF: 2854 good
[12:46:53] +6.1s match DSCF0203.RAF<->DSCF0204.RAF: 4472 good
[12:46:53] +6.2s aligned kept=5 focal35=27.0 jpeg=4416x2944 points=4416x2944
[12:46:53] +6.2s lens crop=1.534 focal35=27.0 calib=1.529
[12:46:54] +6.9s sky target 0.5948
[12:46:54] +6.9s sky scale DSCF0200.RAF 1.000 median 0.5948
[12:46:54] +6.9s sky scale DSCF0201.RAF 1.010 median 0.5888
[12:46:54] +6.9s sky scale DSCF0202.RAF 1.020 median 0.5832
[12:46:54] +6.9s sky scale DSCF0203.RAF 0.981 median 0.6061
[12:46:54] +6.9s sky scale DSCF0204.RAF 0.969 median 0.6142
[12:46:54] +6.9s Matching brightness...
[12:46:54] +6.9s canvas cylindrical 2991x1285
[12:46:54] +7.0s warp DSCF0202.RAF: bbox=(612,16,2335,1285) 1723x1269
[12:46:54] +7.0s warp DSCF0204.RAF: bbox=(0,14,1737,1285) 1737x1271
[12:46:54] +7.0s warp DSCF0203.RAF: bbox=(318,21,2053,1285) 1735x1264
[12:46:54] +7.0s warp DSCF0201.RAF: bbox=(968,12,2690,1281) 1722x1269
[12:46:54] +7.0s warp DSCF0200.RAF: bbox=(1251,0,2991,1269) 1740x1269
[12:46:54] +7.1s brightness gains=5 corner=1.146
[12:46:54] +7.1s Blending photos...
[12:46:54] +7.2s blend 1: window=2565x1285 tiles=741
[12:46:54] +7.5s local moved kept=281 field=10.41 disagree 0.2082 -> 0.1488
[12:46:54] +7.5s seam grid 44x50 nodes=2027
[12:46:54] +7.5s seam grid 322x373 nodes=31651
[12:46:55] +7.7s seam refine nodes=31651
[12:46:55] +7.7s painted
[12:46:55] +7.7s mask blurred
[12:46:55] +7.7s pyramid gauss
[12:46:55] +7.8s pyramid expand
[12:46:55] +7.8s pasted
[12:46:55] +7.8s blended 1 keepA=0.25
[12:46:55] +7.8s blend 2: window=2535x1285 tiles=722
[12:46:55] +8.0s local moved kept=266 field=12.85 disagree 0.2538 -> 0.1970
[12:46:55] +8.1s seam grid 44x48 nodes=1972
[12:46:55] +8.1s seam grid 322x354 nodes=27200
[12:46:55] +8.2s seam refine nodes=27200
[12:46:55] +8.2s painted
[12:46:55] +8.2s mask blurred
[12:46:55] +8.3s pyramid gauss
[12:46:55] +8.4s pyramid expand
[12:46:55] +8.4s pasted
[12:46:55] +8.4s blended 2 keepA=0.59
[12:46:55] +8.4s blend 3: window=2249x1285 tiles=646
[12:46:55] +8.6s local moved kept=266 field=22.00 disagree 0.2371 -> 0.1829
[12:46:55] +8.6s seam grid 44x49 nodes=2018
[12:46:55] +8.6s seam grid 322x368 nodes=26756
[12:46:56] +8.7s seam refine nodes=26756
[12:46:56] +8.7s painted
[12:46:56] +8.7s mask blurred
[12:46:56] +8.8s pyramid gauss
[12:46:56] +8.8s pyramid expand
[12:46:56] +8.8s pasted
[12:46:56] +8.8s blended 3 keepA=0.41
[12:46:56] +8.8s blend 4: window=2252x1285 tiles=646
[12:46:56] +9.0s local moved kept=297 field=17.97 disagree 0.2475 -> 0.1815
[12:46:56] +9.1s seam grid 44x50 nodes=2045
[12:46:56] +9.1s seam grid 322x373 nodes=24840
[12:46:56] +9.2s seam refine nodes=24840
[12:46:56] +9.2s painted
[12:46:56] +9.2s mask blurred
[12:46:56] +9.2s pyramid gauss
[12:46:56] +9.3s pyramid expand
[12:46:56] +9.3s pasted
[12:46:56] +9.3s blended 4 keepA=0.51
[12:46:56] +9.3s preview canvas cylindrical 2991x1285 shifts=4
[12:46:56] +9.3s time  preview=3.10s (solve+match 6.22s)
[12:46:56] +9.4s preview ready /home/dalibor/Projects/RapidRAW/lean_pano_proto/out/v34/DSCF0200/DSCF0200_preview.jpg
[12:46:56] +9.4s save started
[12:46:56] +9.4s develop jobs=4
[12:47:00] +13.2s developed DSCF0200.RAF 7728x5152 -> 1920x1280
[12:47:00] +13.2s developed DSCF0201.RAF 7728x5152 -> 1920x1280
[12:47:00] +13.2s developed DSCF0202.RAF 7728x5152 -> 1920x1280
[12:47:00] +13.2s developed DSCF0203.RAF 7728x5152 -> 1920x1280
[12:47:00] +13.2s developed DSCF0204.RAF 7728x5152 -> 1920x1280
[12:47:00] +13.2s time  develop=3.83s
[12:47:00] +13.4s scale raw=7728x5152 jpeg=4416x2944 x=1.7500 y=1.7500
[12:47:00] +13.4s Matching brightness...
[12:47:00] +13.4s canvas cylindrical 2991x1285
[12:47:00] +13.5s warp DSCF0203.RAF: bbox=(318,21,2053,1285) 1735x1264
[12:47:00] +13.5s warp DSCF0204.RAF: bbox=(0,14,1737,1285) 1737x1271
[12:47:00] +13.5s warp DSCF0201.RAF: bbox=(968,12,2690,1281) 1722x1269
[12:47:00] +13.5s warp DSCF0202.RAF: bbox=(612,16,2335,1285) 1723x1269
[12:47:00] +13.5s warp DSCF0200.RAF: bbox=(1251,0,2991,1269) 1740x1269
[12:47:00] +13.6s brightness gains=5 corner=0.924
[12:47:00] +13.6s Blending photos...
[12:47:01] +13.7s blend 1: window=2565x1285 tiles=741
[12:47:01] +14.0s local moved kept=336 field=10.52 disagree 0.2292 -> 0.1369
[12:47:01] +14.0s seam grid 44x50 nodes=2019
[12:47:01] +14.0s seam grid 322x373 nodes=29192
[12:47:01] +14.1s seam refine nodes=29192
[12:47:01] +14.1s painted
[12:47:01] +14.1s mask blurred
[12:47:01] +14.2s pyramid gauss
[12:47:01] +14.3s pyramid expand
[12:47:01] +14.3s pasted
[12:47:01] +14.3s blended 1 keepA=0.49
[12:47:01] +14.3s blend 2: window=2535x1285 tiles=722
[12:47:01] +14.5s local moved kept=308 field=10.93 disagree 0.2567 -> 0.1804
[12:47:01] +14.6s seam grid 44x48 nodes=1963
[12:47:01] +14.6s seam grid 322x355 nodes=28002
[12:47:02] +14.7s seam refine nodes=28002
[12:47:02] +14.7s painted
[12:47:02] +14.7s mask blurred
[12:47:02] +14.7s pyramid gauss
[12:47:02] +14.8s pyramid expand
[12:47:02] +14.8s pasted
[12:47:02] +14.8s blended 2 keepA=0.57
[12:47:02] +14.8s blend 3: window=2249x1285 tiles=646
[12:47:02] +15.1s local moved kept=316 field=20.27 disagree 0.2482 -> 0.1751
[12:47:02] +15.1s seam grid 44x49 nodes=2005
[12:47:02] +15.1s seam grid 322x368 nodes=26031
[12:47:02] +15.1s seam refine nodes=26031
[12:47:02] +15.1s painted
[12:47:02] +15.1s mask blurred
[12:47:02] +15.2s pyramid gauss
[12:47:02] +15.2s pyramid expand
[12:47:02] +15.2s pasted
[12:47:02] +15.2s blended 3 keepA=0.49
[12:47:02] +15.2s blend 4: window=2252x1285 tiles=646
[12:47:02] +15.5s local moved kept=326 field=16.12 disagree 0.2457 -> 0.1695
[12:47:02] +15.5s seam grid 44x50 nodes=2034
[12:47:02] +15.5s seam grid 322x373 nodes=24357
[12:47:02] +15.5s seam refine nodes=24357
[12:47:02] +15.5s painted
[12:47:02] +15.5s mask blurred
[12:47:02] +15.6s pyramid gauss
[12:47:02] +15.6s pyramid expand
[12:47:02] +15.6s pasted
[12:47:02] +15.6s blended 4 keepA=0.50
[12:47:02] +15.6s time  linear_photometry=2.25s
[12:47:02] +15.6s photometry source=second compose
[12:47:02] +15.6s save seam preview
[12:47:02] +15.6s save cut fullres
[12:47:02] +15.6s photometry gains=5
[12:47:02] +15.6s photo pedestal=0.002628 field_norm=0.724360 gains=[1.0617 0.9263 0.9467 1.0084 1.0651]
[12:47:02] +15.6s save seam developed
[12:47:02] +15.6s canvas cylindrical 12038x5172
[12:47:03] +15.9s local align resolution 1/1
[12:47:03] +15.9s composite levels=6 pad=512
[12:47:03] +15.9s local alignment refine=false
[12:47:04] +16.8s warped DSCF0202.RAF straight
[12:47:05] +18.1s field n=0 const=[1.0000 1.0000 1.0000] peak=0.0000 gain=-0.0684 (rejected)
[12:47:05] +18.3s seam grid 162x185 nodes=28972
[12:47:05] +18.5s seam grid 1269x1451 nodes=113537
[12:47:06] +19.4s seam refine nodes=113537
[12:47:06] +19.4s painted
[12:47:06] +19.5s mask blurred
[12:47:08] +20.9s pyramid gauss
[12:47:09] +21.7s pyramid expand
[12:47:09] +21.8s blended
[12:47:09] +21.8s seam 1 window=7956x5172 keepA=0.51
[12:47:09] +21.8s warped DSCF0203.RAF nudged
[12:47:10] +23.3s field n=0 const=[1.0000 1.0000 1.0000] peak=0.0000 gain=-0.1767 (rejected)
[12:47:10] +23.5s seam grid 162x174 nodes=27586
[12:47:11] +23.7s seam grid 1268x1376 nodes=95086
[12:47:11] +24.0s seam refine nodes=95086
[12:47:11] +24.0s painted
[12:47:11] +24.1s mask blurred
[12:47:12] +25.4s pyramid gauss
[12:47:13] +26.3s pyramid expand
[12:47:13] +26.4s blended
[12:47:13] +26.4s seam 2 window=7904x5172 keepA=0.50
[12:47:13] +26.4s warped DSCF0201.RAF nudged
[12:47:15] +27.7s field n=0 const=[1.0000 1.0000 1.0000] peak=0.0000 gain=-0.1917 (rejected)
[12:47:15] +28.0s seam grid 162x182 nodes=28781
[12:47:15] +28.1s seam grid 1268x1427 nodes=100117
[12:47:15] +28.5s seam refine nodes=100117
[12:47:15] +28.5s painted
[12:47:15] +28.6s mask blurred
[12:47:17] +29.9s pyramid gauss
[12:47:18] +30.7s pyramid expand
[12:47:18] +30.8s blended
[12:47:18] +30.8s seam 3 window=7476x5172 keepA=0.50
[12:47:18] +30.8s warped DSCF0204.RAF nudged
[12:47:19] +32.1s field n=0 const=[1.0000 1.0000 1.0000] peak=0.0000 gain=-0.1150 (rejected)
[12:47:19] +32.3s seam grid 161x184 nodes=28986
[12:47:19] +32.5s seam grid 1264x1448 nodes=89199
[12:47:20] +33.0s seam refine nodes=89199
[12:47:20] +33.0s painted
[12:47:20] +33.1s mask blurred
[12:47:21] +34.5s pyramid gauss
[12:47:22] +35.5s pyramid expand
[12:47:22] +35.6s blended
[12:47:22] +35.6s seam 4 window=7489x5172 keepA=0.50
[12:47:22] +35.6s warped DSCF0200.RAF nudged
[12:47:22] +35.6s refined shifts seams=0 mean_abs_shift=0.000px max_abs_shift=0.000px
[12:47:22] +35.6s exposure gains applied 2
[12:47:22] +35.6s save encode 11583x4202
[12:47:26] +39.2s seam dump /home/dalibor/Projects/RapidRAW/lean_pano_proto/out/v34/DSCF0200/seams.txt
[12:47:26] +39.2s blend_stage extract=0.00s
[12:47:26] +39.2s blend_stage graphcut=6.61s
[12:47:26] +39.2s blend_stage mask_blur=0.63s
[12:47:26] +39.2s blend_stage pyr_blend=10.81s
[12:47:26] +39.2s boundary_step final: n=2802 median_step=3.31% p90=42.34%
[12:47:26] +39.2s blinds_flat  final: n=1609 median_step=1.17% p90=32.31%
[12:47:26] +39.2s woodline    final: n=2300 median_step=8.70% p90=26.71%
[12:47:26] +39.2s ghost_band   final: mean=0.654 keepA=0.50 cut_px=25462 swallowed=0
[12:47:26] +39.2s sharpness_lapvar final: 20.295668453082545
[12:47:26] +39.2s pano_mean_lum 0.13876075254987358 shadow_median 0.09006725996732712 canvas 11583x4202 levels=6 window_px=512
[12:47:26] +39.2s time  final blend=15.65s encode_tiff=0.51s metrics=2.47s photometry=1.46s step_metrics=0.18s warp=1.70s
[12:47:26] +39.2s time  total=39.18s
[12:47:26] +39.2s saved /home/dalibor/Projects/RapidRAW/lean_pano_proto/out/v34/DSCF0200/DSCF0200_Pano.tiff
