[19:19:27] +0.0s log /home/dalibor/Projects/RapidRAW/lean_pano_proto/out/v38/DSCF0566/DSCF0566_Pano.pano.log
[19:19:27] +0.0s merge started files=10
[19:19:28] +0.2s jpeg DSCF0566.RAF native 4416x2944 declared 4416x2944
[19:19:28] +0.4s jpeg DSCF0567.RAF native 4416x2944 declared 4416x2944
[19:19:28] +0.6s jpeg DSCF0568.RAF native 4416x2944 declared 4416x2944
[19:19:28] +0.7s jpeg DSCF0569.RAF native 4416x2944 declared 4416x2944
[19:19:28] +0.9s jpeg DSCF0570.RAF native 4416x2944 declared 4416x2944
[19:19:29] +1.1s jpeg DSCF0571.RAF native 4416x2944 declared 4416x2944
[19:19:29] +1.3s jpeg DSCF0572.RAF native 4416x2944 declared 4416x2944
[19:19:29] +1.6s jpeg DSCF0573.RAF native 4416x2944 declared 4416x2944
[19:19:29] +1.8s jpeg DSCF0574.RAF native 4416x2944 declared 4416x2944
[19:19:29] +2.0s jpeg DSCF0575.RAF native 4416x2944 declared 4416x2944
[19:19:32] +4.2s points DSCF0566.RAF 11766
[19:19:32] +4.2s points DSCF0567.RAF 11738
[19:19:32] +4.2s points DSCF0568.RAF 11678
[19:19:32] +4.2s points DSCF0569.RAF 11728
[19:19:32] +4.2s points DSCF0570.RAF 11771
[19:19:32] +4.2s points DSCF0571.RAF 11772
[19:19:32] +4.2s points DSCF0572.RAF 11762
[19:19:32] +4.2s points DSCF0573.RAF 11774
[19:19:32] +4.2s points DSCF0574.RAF 11740
[19:19:32] +4.2s points DSCF0575.RAF 11787
[19:19:32] +4.2s matching 17 neighbor pairs
[19:19:36] +8.9s match DSCF0566.RAF<->DSCF0567.RAF: 4866 good
[19:19:36] +8.9s match DSCF0566.RAF<->DSCF0568.RAF: 3120 good
[19:19:36] +8.9s match DSCF0567.RAF<->DSCF0568.RAF: 5713 good
[19:19:36] +8.9s match DSCF0567.RAF<->DSCF0569.RAF: 4446 good
[19:19:36] +8.9s match DSCF0568.RAF<->DSCF0569.RAF: 6127 good
[19:19:36] +8.9s match DSCF0568.RAF<->DSCF0570.RAF: 4395 good
[19:19:36] +8.9s match DSCF0569.RAF<->DSCF0570.RAF: 5959 good
[19:19:36] +8.9s match DSCF0569.RAF<->DSCF0571.RAF: 4273 good
[19:19:36] +8.9s match DSCF0570.RAF<->DSCF0571.RAF: 6233 good
[19:19:36] +8.9s match DSCF0570.RAF<->DSCF0572.RAF: 4408 good
[19:19:36] +8.9s match DSCF0571.RAF<->DSCF0572.RAF: 6161 good
[19:19:36] +8.9s match DSCF0571.RAF<->DSCF0573.RAF: 4555 good
[19:19:36] +8.9s match DSCF0572.RAF<->DSCF0573.RAF: 6270 good
[19:19:36] +8.9s match DSCF0572.RAF<->DSCF0574.RAF: 4378 good
[19:19:36] +8.9s match DSCF0573.RAF<->DSCF0574.RAF: 6118 good
[19:19:36] +8.9s match DSCF0573.RAF<->DSCF0575.RAF: 4483 good
[19:19:36] +8.9s match DSCF0574.RAF<->DSCF0575.RAF: 6447 good
[19:19:37] +9.5s aligned kept=10 focal35=105.0 jpeg=4416x2944 points=4416x2944
[19:19:37] +9.5s lens crop=1.534 focal35=105.0 calib=1.529
[19:19:38] +10.8s sky target 0.1864
[19:19:38] +10.8s sky scale DSCF0566.RAF 1.598 median 0.1167
[19:19:38] +10.8s sky scale DSCF0567.RAF 0.938 median 0.1987
[19:19:38] +10.8s sky scale DSCF0568.RAF 1.000 median 0.1864
[19:19:38] +10.8s sky scale DSCF0569.RAF 0.939 median 0.1985
[19:19:38] +10.8s sky scale DSCF0570.RAF 1.008 median 0.1850
[19:19:38] +10.8s sky scale DSCF0571.RAF 1.011 median 0.1844
[19:19:38] +10.8s sky scale DSCF0572.RAF 1.021 median 0.1827
[19:19:38] +10.8s sky scale DSCF0573.RAF 1.005 median 0.1855
[19:19:38] +10.8s sky scale DSCF0574.RAF 0.853 median 0.2185
[19:19:38] +10.8s sky scale DSCF0575.RAF 0.806 median 0.2312
[19:19:38] +10.8s Matching brightness...
[19:19:38] +10.8s canvas perspective 6415x1694
[19:19:38] +10.9s warp DSCF0573.RAF: bbox=(3651,324,5616,1652) 1965x1328
[19:19:38] +10.9s warp DSCF0571.RAF: bbox=(2808,281,4844,1654) 2036x1373
[19:19:38] +10.9s warp DSCF0572.RAF: bbox=(3233,310,5228,1654) 1995x1344
[19:19:38] +10.9s warp DSCF0574.RAF: bbox=(4088,355,6042,1677) 1954x1322
[19:19:38] +11.0s warp DSCF0570.RAF: bbox=(2354,242,4455,1656) 2101x1414
[19:19:38] +11.0s warp DSCF0569.RAF: bbox=(1869,203,4063,1667) 2194x1464
[19:19:38] +11.0s warp DSCF0575.RAF: bbox=(4454,356,6415,1687) 1961x1331
[19:19:38] +11.0s warp DSCF0568.RAF: bbox=(1381,159,3691,1679) 2310x1520
[19:19:38] +11.0s warp DSCF0566.RAF: bbox=(0,0,2734,1694) 2734x1694
[19:19:39] +11.1s warp DSCF0567.RAF: bbox=(870,104,3323,1690) 2453x1586
[19:19:39] +11.3s brightness gains=10 corner=0.659
[19:19:39] +11.3s Blending photos...
[19:19:39] +11.6s blend 1: window=3019x1694 tiles=1150
[19:19:39] +12.0s local moved kept=278 field=3.46 disagree 0.1927 -> 0.0823
[19:19:39] +12.0s seam grid 47x55 nodes=2380
[19:19:39] +12.0s seam grid 346x416 nodes=43314
[19:19:40] +12.2s seam refine nodes=43314
[19:19:40] +12.2s painted
[19:19:40] +12.2s mask blurred
[19:19:40] +12.3s pyramid gauss
[19:19:40] +12.4s pyramid expand
[19:19:40] +12.4s pasted
[19:19:40] +12.4s blended 1 keepA=0.51
[19:19:40] +12.4s blend 2: window=3125x1694 tiles=1175
[19:19:40] +12.7s local moved kept=284 field=4.27 disagree 0.2456 -> 0.1314
[19:19:40] +12.7s seam grid 47x56 nodes=2478
[19:19:40] +12.8s seam grid 353x425 nodes=40091
[19:19:40] +12.9s seam refine nodes=40091
[19:19:40] +12.9s painted
[19:19:40] +12.9s mask blurred
[19:19:40] +13.0s pyramid gauss
[19:19:41] +13.1s pyramid expand
[19:19:41] +13.1s pasted
[19:19:41] +13.1s blended 2 keepA=0.58
[19:19:41] +13.1s blend 3: window=2989x1694 tiles=1125
[19:19:41] +13.4s local moved kept=276 field=3.96 disagree 0.2465 -> 0.1079
[19:19:41] +13.4s seam grid 46x54 nodes=2339
[19:19:41] +13.4s seam grid 343x407 nodes=30666
[19:19:41] +13.5s seam refine nodes=30666
[19:19:41] +13.5s painted
[19:19:41] +13.5s mask blurred
[19:19:41] +13.7s pyramid gauss
[19:19:41] +13.8s pyramid expand
[19:19:41] +13.8s pasted
[19:19:41] +13.8s blended 3 keepA=0.61
[19:19:41] +13.8s blend 4: window=3218x1694 tiles=1225
[19:19:42] +14.1s local moved kept=324 field=5.18 disagree 0.2209 -> 0.1029
[19:19:42] +14.1s seam grid 49x58 nodes=2624
[19:19:42] +14.1s seam grid 365x440 nodes=40449
[19:19:42] +14.3s seam refine nodes=40449
[19:19:42] +14.3s painted
[19:19:42] +14.3s mask blurred
[19:19:42] +14.4s pyramid gauss
[19:19:42] +14.5s pyramid expand
[19:19:42] +14.6s pasted
[19:19:42] +14.6s blended 4 keepA=0.49
[19:19:42] +14.6s blend 5: window=3334x1694 tiles=1275
[19:19:42] +14.9s local moved kept=401 field=6.26 disagree 0.2208 -> 0.0907
[19:19:42] +14.9s seam grid 50x62 nodes=2850
[19:19:42] +15.0s seam grid 377x468 nodes=44704
[19:19:43] +15.1s seam refine nodes=44704
[19:19:43] +15.1s painted
[19:19:43] +15.1s mask blurred
[19:19:43] +15.2s pyramid gauss
[19:19:43] +15.3s pyramid expand
[19:19:43] +15.3s pasted
[19:19:43] +15.3s blended 5 keepA=0.76
[19:19:43] +15.3s blend 6: window=2839x1694 tiles=1075
[19:19:43] +15.6s local moved kept=267 field=4.63 disagree 0.3088 -> 0.1196
[19:19:43] +15.6s seam grid 45x53 nodes=2328
[19:19:43] +15.6s seam grid 334x395 nodes=30712
[19:19:43] +15.7s seam refine nodes=30712
[19:19:43] +15.7s painted
[19:19:43] +15.7s mask blurred
[19:19:43] +15.8s pyramid gauss
[19:19:43] +15.9s pyramid expand
[19:19:43] +16.0s pasted
[19:19:43] +16.0s blended 6 keepA=0.50
[19:19:43] +16.0s blend 7: window=3477x1694 tiles=1325
[19:19:44] +16.3s local moved kept=446 field=6.76 disagree 0.2296 -> 0.0997
[19:19:44] +16.4s seam grid 52x66 nodes=3124
[19:19:44] +16.4s seam grid 391x498 nodes=42069
[19:19:44] +16.5s seam refine nodes=42069
[19:19:44] +16.5s painted
[19:19:44] +16.5s mask blurred
[19:19:44] +16.7s pyramid gauss
[19:19:44] +16.8s pyramid expand
[19:19:44] +16.8s pasted
[19:19:44] +16.8s blended 7 keepA=0.58
[19:19:44] +16.8s blend 8: window=2473x1694 tiles=925
[19:19:45] +17.1s local moved kept=303 field=5.04 disagree 0.3377 -> 0.1250
[19:19:45] +17.1s seam grid 46x55 nodes=2404
[19:19:45] +17.1s seam grid 340x410 nodes=29717
[19:19:45] +17.2s seam refine nodes=29717
[19:19:45] +17.2s painted
[19:19:45] +17.2s mask blurred
[19:19:45] +17.3s pyramid gauss
[19:19:45] +17.3s pyramid expand
[19:19:45] +17.4s pasted
[19:19:45] +17.4s blended 8 keepA=0.61
[19:19:45] +17.4s blend 9: window=3246x1694 tiles=1225
[19:19:45] +17.7s local moved kept=416 field=8.17 disagree 0.2073 -> 0.0812
[19:19:45] +17.8s seam grid 54x63 nodes=3122
[19:19:45] +17.8s seam grid 403x479 nodes=51832
[19:19:45] +18.0s seam refine nodes=51832
[19:19:45] +18.0s painted
[19:19:45] +18.0s mask blurred
[19:19:46] +18.2s pyramid gauss
[19:19:46] +18.3s pyramid expand
[19:19:46] +18.3s pasted
[19:19:46] +18.3s blended 9 keepA=0.59
[19:19:46] +18.3s preview canvas perspective 6415x1694 shifts=9
[19:19:46] +18.3s time  preview=8.78s (solve+match 9.52s)
[19:19:46] +18.4s preview ready /home/dalibor/Projects/RapidRAW/lean_pano_proto/out/v38/DSCF0566/DSCF0566_preview.jpg
[19:19:46] +18.4s save started
[19:19:46] +18.4s develop jobs=4
[19:19:52] +24.5s developed DSCF0566.RAF 7728x5152 -> 1920x1280
[19:19:52] +24.5s developed DSCF0567.RAF 7728x5152 -> 1920x1280
[19:19:52] +24.5s developed DSCF0568.RAF 7728x5152 -> 1920x1280
[19:19:52] +24.5s developed DSCF0569.RAF 7728x5152 -> 1920x1280
[19:19:52] +24.5s developed DSCF0570.RAF 7728x5152 -> 1920x1280
[19:19:52] +24.5s developed DSCF0571.RAF 7728x5152 -> 1920x1280
[19:19:52] +24.5s developed DSCF0572.RAF 7728x5152 -> 1920x1280
[19:19:52] +24.5s developed DSCF0573.RAF 7728x5152 -> 1920x1280
[19:19:52] +24.5s developed DSCF0574.RAF 7728x5152 -> 1920x1280
[19:19:52] +24.5s developed DSCF0575.RAF 7728x5152 -> 1920x1280
[19:19:52] +24.5s time  develop=6.09s
[19:19:52] +24.5s scale raw=7728x5152 jpeg=4416x2944 x=1.7500 y=1.7500
[19:19:52] +24.5s Matching brightness...
[19:19:52] +24.5s canvas perspective 6415x1694
[19:19:52] +24.6s warp DSCF0575.RAF: bbox=(4454,356,6415,1687) 1961x1331
[19:19:52] +24.7s warp DSCF0574.RAF: bbox=(4088,355,6042,1677) 1954x1322
[19:19:52] +24.7s warp DSCF0571.RAF: bbox=(2808,281,4844,1654) 2036x1373
[19:19:52] +24.7s warp DSCF0572.RAF: bbox=(3233,310,5228,1654) 1995x1344
[19:19:52] +24.7s warp DSCF0568.RAF: bbox=(1381,159,3691,1679) 2310x1520
[19:19:52] +24.7s warp DSCF0570.RAF: bbox=(2354,242,4455,1656) 2101x1414
[19:19:52] +24.7s warp DSCF0573.RAF: bbox=(3651,324,5616,1652) 1965x1328
[19:19:52] +24.7s warp DSCF0566.RAF: bbox=(0,0,2734,1694) 2734x1694
[19:19:52] +24.7s warp DSCF0567.RAF: bbox=(870,104,3323,1690) 2453x1586
[19:19:52] +24.7s warp DSCF0569.RAF: bbox=(1869,203,4063,1667) 2194x1464
[19:19:52] +25.0s brightness gains=10 corner=0.636
[19:19:52] +25.0s Blending photos...
[19:19:53] +25.4s blend 1: window=3019x1694 tiles=1150
[19:19:53] +25.8s local moved kept=256 field=4.18 disagree 0.2697 -> 0.0997
[19:19:53] +25.9s seam grid 47x55 nodes=2381
[19:19:53] +25.9s seam grid 346x416 nodes=40235
[19:19:53] +26.0s seam refine nodes=40235
[19:19:53] +26.0s painted
[19:19:53] +26.0s mask blurred
[19:19:54] +26.1s pyramid gauss
[19:19:54] +26.2s pyramid expand
[19:19:54] +26.3s pasted
[19:19:54] +26.3s blended 1 keepA=0.53
[19:19:54] +26.3s blend 2: window=3125x1694 tiles=1175
[19:19:54] +26.6s local moved kept=273 field=5.25 disagree 0.2998 -> 0.1368
[19:19:54] +26.6s seam grid 47x56 nodes=2477
[19:19:54] +26.6s seam grid 353x425 nodes=36430
[19:19:54] +26.7s seam refine nodes=36430
[19:19:54] +26.7s painted
[19:19:54] +26.7s mask blurred
[19:19:54] +26.8s pyramid gauss
[19:19:54] +26.9s pyramid expand
[19:19:54] +26.9s pasted
[19:19:54] +26.9s blended 2 keepA=0.58
[19:19:54] +26.9s blend 3: window=2989x1694 tiles=1125
[19:19:55] +27.2s local moved kept=269 field=7.23 disagree 0.3401 -> 0.1564
[19:19:55] +27.2s seam grid 46x54 nodes=2341
[19:19:55] +27.2s seam grid 342x407 nodes=32665
[19:19:55] +27.3s seam refine nodes=32665
[19:19:55] +27.4s painted
[19:19:55] +27.4s mask blurred
[19:19:55] +27.5s pyramid gauss
[19:19:55] +27.6s pyramid expand
[19:19:55] +27.6s pasted
[19:19:55] +27.6s blended 3 keepA=0.60
[19:19:55] +27.6s blend 4: window=3218x1694 tiles=1225
[19:19:55] +27.9s local moved kept=319 field=9.25 disagree 0.3102 -> 0.1433
[19:19:55] +28.0s seam grid 49x58 nodes=2625
[19:19:55] +28.0s seam grid 365x440 nodes=35292
[19:19:56] +28.1s seam refine nodes=35292
[19:19:56] +28.1s painted
[19:19:56] +28.1s mask blurred
[19:19:56] +28.1s pyramid gauss
[19:19:56] +28.2s pyramid expand
[19:19:56] +28.2s pasted
[19:19:56] +28.2s blended 4 keepA=0.58
[19:19:56] +28.2s blend 5: window=3334x1694 tiles=1275
[19:19:56] +28.6s local moved kept=399 field=12.65 disagree 0.2979 -> 0.1543
[19:19:56] +28.6s seam grid 51x62 nodes=2850
[19:19:56] +28.7s seam grid 378x468 nodes=42591
[19:19:56] +28.8s seam refine nodes=42591
[19:19:56] +28.8s painted
[19:19:56] +28.8s mask blurred
[19:19:56] +29.0s pyramid gauss
[19:19:57] +29.1s pyramid expand
[19:19:57] +29.1s pasted
[19:19:57] +29.1s blended 5 keepA=0.65
[19:19:57] +29.1s blend 6: window=2839x1694 tiles=1075
[19:19:57] +29.4s local moved kept=272 field=10.03 disagree 0.3743 -> 0.1884
[19:19:57] +29.4s seam grid 45x53 nodes=2327
[19:19:57] +29.4s seam grid 334x395 nodes=31281
[19:19:57] +29.5s seam refine nodes=31281
[19:19:57] +29.5s painted
[19:19:57] +29.5s mask blurred
[19:19:57] +29.6s pyramid gauss
[19:19:57] +29.7s pyramid expand
[19:19:57] +29.7s pasted
[19:19:57] +29.7s blended 6 keepA=0.51
[19:19:57] +29.7s blend 7: window=3477x1694 tiles=1325
[19:19:58] +30.1s local moved kept=475 field=14.53 disagree 0.2912 -> 0.1484
[19:19:58] +30.1s seam grid 52x66 nodes=3124
[19:19:58] +30.2s seam grid 391x498 nodes=40875
[19:19:58] +30.3s seam refine nodes=40875
[19:19:58] +30.3s painted
[19:19:58] +30.3s mask blurred
[19:19:58] +30.5s pyramid gauss
[19:19:58] +30.6s pyramid expand
[19:19:58] +30.6s pasted
[19:19:58] +30.6s blended 7 keepA=0.57
[19:19:58] +30.6s blend 8: window=2473x1694 tiles=925
[19:19:58] +30.9s local moved kept=304 field=10.54 disagree 0.3832 -> 0.1824
[19:19:58] +30.9s seam grid 46x55 nodes=2404
[19:19:58] +30.9s seam grid 340x410 nodes=29082
[19:19:58] +31.0s seam refine nodes=29082
[19:19:58] +31.0s painted
[19:19:58] +31.0s mask blurred
[19:19:59] +31.1s pyramid gauss
[19:19:59] +31.1s pyramid expand
[19:19:59] +31.1s pasted
[19:19:59] +31.1s blended 8 keepA=0.61
[19:19:59] +31.1s blend 9: window=3246x1694 tiles=1225
[19:19:59] +31.6s local moved kept=426 field=15.72 disagree 0.3106 -> 0.1468
[19:19:59] +31.6s seam grid 54x63 nodes=3122
[19:19:59] +31.6s seam grid 403x479 nodes=48010
[19:19:59] +31.8s seam refine nodes=48010
[19:19:59] +31.8s painted
[19:19:59] +31.8s mask blurred
[19:19:59] +31.9s pyramid gauss
[19:20:00] +32.1s pyramid expand
[19:20:00] +32.1s pasted
[19:20:00] +32.1s blended 9 keepA=0.59
[19:20:00] +32.1s time  linear_photometry=7.59s
[19:20:00] +32.1s photometry source=second compose
[19:20:00] +32.1s save seam preview
[19:20:00] +32.1s save cut fullres
[19:20:00] +32.1s photometry gains=10
[19:20:00] +32.1s photo pedestal=0.002654 field_norm=2.012343 gains=[0.9964 1.0341 0.9594 0.9558 1.0073 0.9939 1.0517 0.9702 1.0317 1.0043]
[19:20:00] +32.1s save seam developed
[19:20:00] +32.1s canvas perspective 25820x6819
[19:20:00] +32.6s local align resolution 1/1
[19:20:00] +32.6s snapbox canvas_origin=(5000,0)
[19:20:00] +32.6s composite levels=6 pad=512
[19:20:00] +32.6s local alignment refine=false
[19:20:00] +32.9s nudge DISABLED for DSCF0571.RAF
[19:20:04] +36.4s warped DSCF0571.RAF straight
[19:20:04] +36.5s SNAP s00_C_after_photometry /home/dalibor/Projects/RapidRAW/lean_pano_proto/out/v38/DSCF0566/snap_nudge_off/DSCF0566_s00_C_after_photometry_w3500_h6819_ox5000_oy0.png
[19:20:04] +36.7s SNAP s00_D_canvas_after /home/dalibor/Projects/RapidRAW/lean_pano_proto/out/v38/DSCF0566/snap_nudge_off/DSCF0566_s00_D_canvas_after_w3500_h6819_ox5000_oy0.png
[19:20:04] +36.9s nudge DISABLED for DSCF0572.RAF
[19:20:08] +40.2s SNAP s01_C2_canvas_before /home/dalibor/Projects/RapidRAW/lean_pano_proto/out/v38/DSCF0566/snap_nudge_off/DSCF0566_s01_C2_canvas_before_w3500_h6819_ox5000_oy0.png
[19:20:08] +40.7s snapwin seam=1 canvas=(12526,762) size=9002x6057
[19:20:08] +40.8s SNAP s01_S1_avbv /home/dalibor/Projects/RapidRAW/lean_pano_proto/out/v38/DSCF0566/snap_nudge_off/DSCF0566_s01_S1_avbv_w3500_h6057_ox12526_oy762.png
[19:20:09] +41.2s SNAP s01_S2_aw_canvas /home/dalibor/Projects/RapidRAW/lean_pano_proto/out/v38/DSCF0566/snap_nudge_off/DSCF0566_s01_S2_aw_canvas_w3500_h6057_ox12526_oy762.png
[19:20:09] +41.8s SNAP s01_S3_bw_incoming /home/dalibor/Projects/RapidRAW/lean_pano_proto/out/v38/DSCF0566/snap_nudge_off/DSCF0566_s01_S3_bw_incoming_w3500_h6057_ox12526_oy762.png
[19:20:10] +42.1s field n=0 const=[1.0000 1.0000 1.0000] peak=0.0000 gain=-0.1058 (rejected)
[19:20:10] +42.7s SNAP s01_S4_bw_after_gain /home/dalibor/Projects/RapidRAW/lean_pano_proto/out/v38/DSCF0566/snap_nudge_off/DSCF0566_s01_S4_bw_after_gain_w3500_h6057_ox12526_oy762.png
[19:20:10] +43.0s seam grid 171x206 nodes=34511
[19:20:11] +43.3s seam grid 1340x1621 nodes=132291
[19:20:12] +44.3s seam refine nodes=132291
[19:20:12] +44.4s painted
[19:20:12] +44.4s SNAP s01_S5_mask_hard /home/dalibor/Projects/RapidRAW/lean_pano_proto/out/v38/DSCF0566/snap_nudge_off/DSCF0566_s01_S5_mask_hard_w3500_h6057_ox12526_oy762.png
[19:20:12] +44.6s SNAP s01_S6_mask_soft /home/dalibor/Projects/RapidRAW/lean_pano_proto/out/v38/DSCF0566/snap_nudge_off/DSCF0566_s01_S6_mask_soft_w3500_h6057_ox12526_oy762.png
[19:20:12] +44.6s mask blurred
[19:20:13] +45.3s snapblendrect seam=1 canvas=(12535,771)..(19974,6819)
[19:20:13] +45.4s SNAP s01_S7_mask_soft_rect /home/dalibor/Projects/RapidRAW/lean_pano_proto/out/v38/DSCF0566/snap_nudge_off/DSCF0566_s01_S7_mask_soft_rect_w3500_h6057_ox12526_oy762.png
[19:20:14] +46.3s pyramid gauss
[19:20:15] +47.4s pyramid expand
[19:20:16] +48.1s SNAP s01_S8_pyrblend /home/dalibor/Projects/RapidRAW/lean_pano_proto/out/v38/DSCF0566/snap_nudge_off/DSCF0566_s01_S8_pyrblend_w3500_h6057_ox12526_oy762.png
[19:20:16] +48.2s blended
[19:20:16] +48.2s seam 1 window=9002x6057 keepA=0.35
[19:20:16] +48.2s warped DSCF0572.RAF straight
[19:20:16] +48.2s SNAP s01_C_after_photometry /home/dalibor/Projects/RapidRAW/lean_pano_proto/out/v38/DSCF0566/snap_nudge_off/DSCF0566_s01_C_after_photometry_w3500_h6819_ox5000_oy0.png
[19:20:16] +48.6s SNAP s01_D_canvas_after /home/dalibor/Projects/RapidRAW/lean_pano_proto/out/v38/DSCF0566/snap_nudge_off/DSCF0566_s01_D_canvas_after_w3500_h6819_ox5000_oy0.png
[19:20:16] +48.7s nudge DISABLED for DSCF0570.RAF
[19:20:20] +52.4s SNAP s02_C2_canvas_before /home/dalibor/Projects/RapidRAW/lean_pano_proto/out/v38/DSCF0566/snap_nudge_off/DSCF0566_s02_C2_canvas_before_w3500_h6819_ox5000_oy0.png
[19:20:20] +53.0s snapwin seam=2 canvas=(8988,488) size=9428x6331
[19:20:21] +53.1s SNAP s02_S1_avbv /home/dalibor/Projects/RapidRAW/lean_pano_proto/out/v38/DSCF0566/snap_nudge_off/DSCF0566_s02_S1_avbv_w3500_h6331_ox8988_oy488.png
[19:20:21] +53.7s SNAP s02_S2_aw_canvas /home/dalibor/Projects/RapidRAW/lean_pano_proto/out/v38/DSCF0566/snap_nudge_off/DSCF0566_s02_S2_aw_canvas_w3500_h6331_ox8988_oy488.png
[19:20:22] +54.4s SNAP s02_S3_bw_incoming /home/dalibor/Projects/RapidRAW/lean_pano_proto/out/v38/DSCF0566/snap_nudge_off/DSCF0566_s02_S3_bw_incoming_w3500_h6331_ox8988_oy488.png
[19:20:22] +54.7s field n=0 const=[1.0000 1.0000 1.0000] peak=0.0000 gain=-0.0926 (rejected)
[19:20:23] +55.3s SNAP s02_S4_bw_after_gain /home/dalibor/Projects/RapidRAW/lean_pano_proto/out/v38/DSCF0566/snap_nudge_off/DSCF0566_s02_S4_bw_after_gain_w3500_h6331_ox8988_oy488.png
[19:20:23] +55.6s seam grid 173x210 nodes=35808
[19:20:23] +56.0s seam grid 1369x1657 nodes=170552
[19:20:25] +57.8s seam refine nodes=170552
[19:20:25] +57.8s painted
[19:20:25] +57.8s SNAP s02_S5_mask_hard /home/dalibor/Projects/RapidRAW/lean_pano_proto/out/v38/DSCF0566/snap_nudge_off/DSCF0566_s02_S5_mask_hard_w3500_h6331_ox8988_oy488.png
[19:20:25] +58.0s SNAP s02_S6_mask_soft /home/dalibor/Projects/RapidRAW/lean_pano_proto/out/v38/DSCF0566/snap_nudge_off/DSCF0566_s02_S6_mask_soft_w3500_h6331_ox8988_oy488.png
[19:20:25] +58.0s mask blurred
[19:20:26] +59.0s snapblendrect seam=2 canvas=(10825,655)..(18408,6819)
[19:20:26] +59.0s SNAP s02_S7_mask_soft_rect /home/dalibor/Projects/RapidRAW/lean_pano_proto/out/v38/DSCF0566/snap_nudge_off/DSCF0566_s02_S7_mask_soft_rect_w3500_h6331_ox8988_oy488.png
[19:20:27] +59.9s pyramid gauss
[19:20:29] +61.2s pyramid expand
[19:20:29] +62.0s SNAP s02_S8_pyrblend /home/dalibor/Projects/RapidRAW/lean_pano_proto/out/v38/DSCF0566/snap_nudge_off/DSCF0566_s02_S8_pyrblend_w3500_h6331_ox8988_oy488.png
[19:20:30] +62.2s blended
[19:20:30] +62.2s seam 2 window=9428x6331 keepA=0.63
[19:20:30] +62.2s warped DSCF0570.RAF straight
[19:20:30] +62.3s SNAP s02_C_after_photometry /home/dalibor/Projects/RapidRAW/lean_pano_proto/out/v38/DSCF0566/snap_nudge_off/DSCF0566_s02_C_after_photometry_w3500_h6819_ox5000_oy0.png
[19:20:30] +62.5s SNAP s02_D_canvas_after /home/dalibor/Projects/RapidRAW/lean_pano_proto/out/v38/DSCF0566/snap_nudge_off/DSCF0566_s02_D_canvas_after_w3500_h6819_ox5000_oy0.png
[19:20:30] +62.7s nudge DISABLED for DSCF0573.RAF
[19:20:34] +66.1s SNAP s03_C2_canvas_before /home/dalibor/Projects/RapidRAW/lean_pano_proto/out/v38/DSCF0566/snap_nudge_off/DSCF0566_s03_C2_canvas_before_w3500_h6819_ox5000_oy0.png
[19:20:34] +66.5s snapwin seam=3 canvas=(14210,819) size=8879x6000
[19:20:34] +66.6s SNAP s03_S1_avbv /home/dalibor/Projects/RapidRAW/lean_pano_proto/out/v38/DSCF0566/snap_nudge_off/DSCF0566_s03_S1_avbv_w3500_h6000_ox14210_oy819.png
[19:20:34] +67.0s SNAP s03_S2_aw_canvas /home/dalibor/Projects/RapidRAW/lean_pano_proto/out/v38/DSCF0566/snap_nudge_off/DSCF0566_s03_S2_aw_canvas_w3500_h6000_ox14210_oy819.png
[19:20:35] +67.7s SNAP s03_S3_bw_incoming /home/dalibor/Projects/RapidRAW/lean_pano_proto/out/v38/DSCF0566/snap_nudge_off/DSCF0566_s03_S3_bw_incoming_w3500_h6000_ox14210_oy819.png
[19:20:35] +67.9s field n=0 const=[1.0000 1.0000 1.0000] peak=0.0000 gain=-0.0610 (rejected)
[19:20:36] +68.5s SNAP s03_S4_bw_after_gain /home/dalibor/Projects/RapidRAW/lean_pano_proto/out/v38/DSCF0566/snap_nudge_off/DSCF0566_s03_S4_bw_after_gain_w3500_h6000_ox14210_oy819.png
[19:20:36] +68.9s seam grid 169x202 nodes=33633
[19:20:37] +69.2s seam grid 1327x1586 nodes=128892
[19:20:38] +70.2s seam refine nodes=128892
[19:20:38] +70.3s painted
[19:20:38] +70.3s SNAP s03_S5_mask_hard /home/dalibor/Projects/RapidRAW/lean_pano_proto/out/v38/DSCF0566/snap_nudge_off/DSCF0566_s03_S5_mask_hard_w3500_h6000_ox14210_oy819.png
[19:20:38] +70.5s SNAP s03_S6_mask_soft /home/dalibor/Projects/RapidRAW/lean_pano_proto/out/v38/DSCF0566/snap_nudge_off/DSCF0566_s03_S6_mask_soft_w3500_h6000_ox14210_oy819.png
[19:20:38] +70.5s mask blurred
[19:20:39] +71.2s snapblendrect seam=3 canvas=(14219,830)..(21520,6819)
[19:20:39] +71.3s SNAP s03_S7_mask_soft_rect /home/dalibor/Projects/RapidRAW/lean_pano_proto/out/v38/DSCF0566/snap_nudge_off/DSCF0566_s03_S7_mask_soft_rect_w3500_h6000_ox14210_oy819.png
[19:20:40] +72.1s pyramid gauss
[19:20:41] +73.2s pyramid expand
[19:20:41] +73.9s SNAP s03_S8_pyrblend /home/dalibor/Projects/RapidRAW/lean_pano_proto/out/v38/DSCF0566/snap_nudge_off/DSCF0566_s03_S8_pyrblend_w3500_h6000_ox14210_oy819.png
[19:20:41] +74.0s blended
[19:20:41] +74.0s seam 3 window=8879x6000 keepA=0.44
[19:20:41] +74.0s warped DSCF0573.RAF straight
[19:20:42] +74.1s SNAP s03_C_after_photometry /home/dalibor/Projects/RapidRAW/lean_pano_proto/out/v38/DSCF0566/snap_nudge_off/DSCF0566_s03_C_after_photometry_w3500_h6819_ox5000_oy0.png
[19:20:42] +74.4s SNAP s03_D_canvas_after /home/dalibor/Projects/RapidRAW/lean_pano_proto/out/v38/DSCF0566/snap_nudge_off/DSCF0566_s03_D_canvas_after_w3500_h6819_ox5000_oy0.png
[19:20:42] +74.5s nudge DISABLED for DSCF0569.RAF
[19:20:46] +78.6s SNAP s04_C2_canvas_before /home/dalibor/Projects/RapidRAW/lean_pano_proto/out/v38/DSCF0566/snap_nudge_off/DSCF0566_s04_C2_canvas_before_w3500_h6819_ox5000_oy0.png
[19:20:47] +79.3s snapwin seam=4 canvas=(7035,331) size=9805x6488
[19:20:47] +79.3s SNAP s04_S1_avbv /home/dalibor/Projects/RapidRAW/lean_pano_proto/out/v38/DSCF0566/snap_nudge_off/DSCF0566_s04_S1_avbv_w3500_h6488_ox7035_oy331.png
[19:20:47] +80.0s SNAP s04_S2_aw_canvas /home/dalibor/Projects/RapidRAW/lean_pano_proto/out/v38/DSCF0566/snap_nudge_off/DSCF0566_s04_S2_aw_canvas_w3500_h6488_ox7035_oy331.png
[19:20:48] +80.7s SNAP s04_S3_bw_incoming /home/dalibor/Projects/RapidRAW/lean_pano_proto/out/v38/DSCF0566/snap_nudge_off/DSCF0566_s04_S3_bw_incoming_w3500_h6488_ox7035_oy331.png
[19:20:48] +81.0s field n=0 const=[1.0000 1.0000 1.0000] peak=0.0000 gain=-0.0453 (rejected)
[19:20:49] +81.7s SNAP s04_S4_bw_after_gain /home/dalibor/Projects/RapidRAW/lean_pano_proto/out/v38/DSCF0566/snap_nudge_off/DSCF0566_s04_S4_bw_after_gain_w3500_h6488_ox7035_oy331.png
[19:20:49] +82.0s seam grid 179x218 nodes=38103
[19:20:50] +82.4s seam grid 1417x1720 nodes=177053
[19:20:52] +84.6s seam refine nodes=177053
[19:20:52] +84.6s painted
[19:20:52] +84.7s SNAP s04_S5_mask_hard /home/dalibor/Projects/RapidRAW/lean_pano_proto/out/v38/DSCF0566/snap_nudge_off/DSCF0566_s04_S5_mask_hard_w3500_h6488_ox7035_oy331.png
[19:20:52] +84.9s SNAP s04_S6_mask_soft /home/dalibor/Projects/RapidRAW/lean_pano_proto/out/v38/DSCF0566/snap_nudge_off/DSCF0566_s04_S6_mask_soft_w3500_h6488_ox7035_oy331.png
[19:20:52] +84.9s mask blurred
[19:20:53] +85.9s snapblendrect seam=4 canvas=(8997,497)..(16832,6819)
[19:20:53] +85.9s SNAP s04_S7_mask_soft_rect /home/dalibor/Projects/RapidRAW/lean_pano_proto/out/v38/DSCF0566/snap_nudge_off/DSCF0566_s04_S7_mask_soft_rect_w3500_h6488_ox7035_oy331.png
[19:20:54] +86.9s pyramid gauss
[19:20:56] +88.1s pyramid expand
[19:20:56] +89.0s SNAP s04_S8_pyrblend /home/dalibor/Projects/RapidRAW/lean_pano_proto/out/v38/DSCF0566/snap_nudge_off/DSCF0566_s04_S8_pyrblend_w3500_h6488_ox7035_oy331.png
[19:20:57] +89.1s blended
[19:20:57] +89.1s seam 4 window=9805x6488 keepA=0.57
[19:20:57] +89.1s warped DSCF0569.RAF straight
[19:20:57] +89.5s SNAP s04_C_after_photometry /home/dalibor/Projects/RapidRAW/lean_pano_proto/out/v38/DSCF0566/snap_nudge_off/DSCF0566_s04_C_after_photometry_w3500_h6819_ox5000_oy0.png
[19:20:57] +89.9s SNAP s04_D_canvas_after /home/dalibor/Projects/RapidRAW/lean_pano_proto/out/v38/DSCF0566/snap_nudge_off/DSCF0566_s04_D_canvas_after_w3500_h6819_ox5000_oy0.png
[19:20:57] +90.1s nudge DISABLED for DSCF0568.RAF
[19:21:02] +94.5s SNAP s05_C2_canvas_before /home/dalibor/Projects/RapidRAW/lean_pano_proto/out/v38/DSCF0566/snap_nudge_off/DSCF0566_s05_C2_canvas_before_w3500_h6819_ox5000_oy0.png
[19:21:03] +95.2s snapwin seam=5 canvas=(5073,152) size=10271x6667
[19:21:03] +95.3s SNAP s05_S1_avbv /home/dalibor/Projects/RapidRAW/lean_pano_proto/out/v38/DSCF0566/snap_nudge_off/DSCF0566_s05_S1_avbv_w3500_h6667_ox5073_oy152.png
[19:21:03] +96.0s SNAP s05_S2_aw_canvas /home/dalibor/Projects/RapidRAW/lean_pano_proto/out/v38/DSCF0566/snap_nudge_off/DSCF0566_s05_S2_aw_canvas_w3500_h6667_ox5073_oy152.png
[19:21:04] +96.7s SNAP s05_S3_bw_incoming /home/dalibor/Projects/RapidRAW/lean_pano_proto/out/v38/DSCF0566/snap_nudge_off/DSCF0566_s05_S3_bw_incoming_w3500_h6667_ox5073_oy152.png
[19:21:04] +97.0s field n=0 const=[1.0000 1.0000 1.0000] peak=0.0000 gain=-0.0146 (rejected)
[19:21:05] +97.7s SNAP s05_S4_bw_after_gain /home/dalibor/Projects/RapidRAW/lean_pano_proto/out/v38/DSCF0566/snap_nudge_off/DSCF0566_s05_S4_bw_after_gain_w3500_h6667_ox5073_oy152.png
[19:21:06] +98.1s seam grid 187x233 nodes=41757
[19:21:06] +98.4s seam grid 1468x1834 nodes=183119
[19:21:09] +101.1s seam refine nodes=183119
[19:21:09] +101.1s painted
[19:21:09] +101.2s SNAP s05_S5_mask_hard /home/dalibor/Projects/RapidRAW/lean_pano_proto/out/v38/DSCF0566/snap_nudge_off/DSCF0566_s05_S5_mask_hard_w3500_h6667_ox5073_oy152.png
[19:21:09] +101.4s SNAP s05_S6_mask_soft /home/dalibor/Projects/RapidRAW/lean_pano_proto/out/v38/DSCF0566/snap_nudge_off/DSCF0566_s05_S6_mask_soft_w3500_h6667_ox5073_oy152.png
[19:21:09] +101.4s mask blurred
[19:21:10] +102.4s snapblendrect seam=5 canvas=(7044,340)..(15336,6819)
[19:21:10] +102.5s SNAP s05_S7_mask_soft_rect /home/dalibor/Projects/RapidRAW/lean_pano_proto/out/v38/DSCF0566/snap_nudge_off/DSCF0566_s05_S7_mask_soft_rect_w3500_h6667_ox5073_oy152.png
[19:21:11] +103.4s pyramid gauss
[19:21:12] +104.9s pyramid expand
[19:21:13] +105.8s SNAP s05_S8_pyrblend /home/dalibor/Projects/RapidRAW/lean_pano_proto/out/v38/DSCF0566/snap_nudge_off/DSCF0566_s05_S8_pyrblend_w3500_h6667_ox5073_oy152.png
[19:21:13] +106.0s blended
[19:21:13] +106.0s seam 5 window=10271x6667 keepA=0.67
[19:21:13] +106.0s warped DSCF0568.RAF straight
[19:21:14] +106.7s SNAP s05_C_after_photometry /home/dalibor/Projects/RapidRAW/lean_pano_proto/out/v38/DSCF0566/snap_nudge_off/DSCF0566_s05_C_after_photometry_w3500_h6819_ox5000_oy0.png
[19:21:15] +107.4s SNAP s05_D_canvas_after /home/dalibor/Projects/RapidRAW/lean_pano_proto/out/v38/DSCF0566/snap_nudge_off/DSCF0566_s05_D_canvas_after_w3500_h6819_ox5000_oy0.png
[19:21:15] +107.6s nudge DISABLED for DSCF0574.RAF
[19:21:19] +111.4s SNAP s06_C2_canvas_before /home/dalibor/Projects/RapidRAW/lean_pano_proto/out/v38/DSCF0566/snap_nudge_off/DSCF0566_s06_C2_canvas_before_w3500_h6819_ox5000_oy0.png
[19:21:19] +111.8s snapwin seam=6 canvas=(15969,943) size=8835x5876
[19:21:19] +111.8s SNAP s06_S1_avbv /home/dalibor/Projects/RapidRAW/lean_pano_proto/out/v38/DSCF0566/snap_nudge_off/DSCF0566_s06_S1_avbv_w3500_h5876_ox15969_oy943.png
[19:21:20] +112.2s SNAP s06_S2_aw_canvas /home/dalibor/Projects/RapidRAW/lean_pano_proto/out/v38/DSCF0566/snap_nudge_off/DSCF0566_s06_S2_aw_canvas_w3500_h5876_ox15969_oy943.png
[19:21:20] +112.8s SNAP s06_S3_bw_incoming /home/dalibor/Projects/RapidRAW/lean_pano_proto/out/v38/DSCF0566/snap_nudge_off/DSCF0566_s06_S3_bw_incoming_w3500_h5876_ox15969_oy943.png
[19:21:21] +113.1s field n=0 const=[1.0000 1.0000 1.0000] peak=0.0000 gain=-0.0817 (rejected)
[19:21:21] +113.7s SNAP s06_S4_bw_after_gain /home/dalibor/Projects/RapidRAW/lean_pano_proto/out/v38/DSCF0566/snap_nudge_off/DSCF0566_s06_S4_bw_after_gain_w3500_h5876_ox15969_oy943.png
[19:21:21] +114.0s seam grid 165x195 nodes=32165
[19:21:22] +114.2s seam grid 1295x1537 nodes=128921
[19:21:23] +115.5s seam refine nodes=128921
[19:21:23] +115.5s painted
[19:21:23] +115.6s SNAP s06_S5_mask_hard /home/dalibor/Projects/RapidRAW/lean_pano_proto/out/v38/DSCF0566/snap_nudge_off/DSCF0566_s06_S5_mask_hard_w3500_h5876_ox15969_oy943.png
[19:21:23] +115.7s SNAP s06_S6_mask_soft /home/dalibor/Projects/RapidRAW/lean_pano_proto/out/v38/DSCF0566/snap_nudge_off/DSCF0566_s06_S6_mask_soft_w3500_h5876_ox15969_oy943.png
[19:21:23] +115.7s mask blurred
[19:21:24] +116.5s snapblendrect seam=6 canvas=(15978,966)..(23081,6819)
[19:21:24] +116.5s SNAP s06_S7_mask_soft_rect /home/dalibor/Projects/RapidRAW/lean_pano_proto/out/v38/DSCF0566/snap_nudge_off/DSCF0566_s06_S7_mask_soft_rect_w3500_h5876_ox15969_oy943.png
[19:21:25] +117.3s pyramid gauss
[19:21:26] +118.2s pyramid expand
[19:21:26] +118.8s SNAP s06_S8_pyrblend /home/dalibor/Projects/RapidRAW/lean_pano_proto/out/v38/DSCF0566/snap_nudge_off/DSCF0566_s06_S8_pyrblend_w3500_h5876_ox15969_oy943.png
[19:21:26] +119.0s blended
[19:21:26] +119.0s seam 6 window=8835x5876 keepA=0.50
[19:21:26] +119.0s warped DSCF0574.RAF straight
[19:21:26] +119.1s SNAP s06_C_after_photometry /home/dalibor/Projects/RapidRAW/lean_pano_proto/out/v38/DSCF0566/snap_nudge_off/DSCF0566_s06_C_after_photometry_w3500_h6819_ox5000_oy0.png
[19:21:27] +119.8s SNAP s06_D_canvas_after /home/dalibor/Projects/RapidRAW/lean_pano_proto/out/v38/DSCF0566/snap_nudge_off/DSCF0566_s06_D_canvas_after_w3500_h6819_ox5000_oy0.png
[19:21:27] +120.0s nudge DISABLED for DSCF0567.RAF
[19:21:33] +125.2s SNAP s07_C2_canvas_before /home/dalibor/Projects/RapidRAW/lean_pano_proto/out/v38/DSCF0566/snap_nudge_off/DSCF0566_s07_C2_canvas_before_w3500_h6819_ox5000_oy0.png
[19:21:33] +125.9s snapwin seam=7 canvas=(3015,0) size=10847x6819
[19:21:33] +126.0s SNAP s07_S1_avbv /home/dalibor/Projects/RapidRAW/lean_pano_proto/out/v38/DSCF0566/snap_nudge_off/DSCF0566_s07_S1_avbv_w3500_h6819_ox3015_oy0.png
[19:21:34] +126.7s SNAP s07_S2_aw_canvas /home/dalibor/Projects/RapidRAW/lean_pano_proto/out/v38/DSCF0566/snap_nudge_off/DSCF0566_s07_S2_aw_canvas_w3500_h6819_ox3015_oy0.png
[19:21:35] +127.4s SNAP s07_S3_bw_incoming /home/dalibor/Projects/RapidRAW/lean_pano_proto/out/v38/DSCF0566/snap_nudge_off/DSCF0566_s07_S3_bw_incoming_w3500_h6819_ox3015_oy0.png
[19:21:35] +127.8s field n=0 const=[1.0000 1.0000 1.0000] peak=0.0000 gain=-0.0479 (rejected)
[19:21:36] +128.5s SNAP s07_S4_bw_after_gain /home/dalibor/Projects/RapidRAW/lean_pano_proto/out/v38/DSCF0566/snap_nudge_off/DSCF0566_s07_S4_bw_after_gain_w3500_h6819_ox3015_oy0.png
[19:21:36] +128.9s seam grid 194x248 nodes=45686
[19:21:37] +129.4s seam grid 1522x1954 nodes=208471
[19:21:40] +132.4s seam refine nodes=208471
[19:21:40] +132.4s painted
[19:21:40] +132.5s SNAP s07_S5_mask_hard /home/dalibor/Projects/RapidRAW/lean_pano_proto/out/v38/DSCF0566/snap_nudge_off/DSCF0566_s07_S5_mask_hard_w3500_h6819_ox3015_oy0.png
[19:21:40] +132.7s SNAP s07_S6_mask_soft /home/dalibor/Projects/RapidRAW/lean_pano_proto/out/v38/DSCF0566/snap_nudge_off/DSCF0566_s07_S6_mask_soft_w3500_h6819_ox3015_oy0.png
[19:21:40] +132.7s mask blurred
[19:21:41] +133.8s snapblendrect seam=7 canvas=(5082,161)..(13854,6819)
[19:21:41] +133.9s SNAP s07_S7_mask_soft_rect /home/dalibor/Projects/RapidRAW/lean_pano_proto/out/v38/DSCF0566/snap_nudge_off/DSCF0566_s07_S7_mask_soft_rect_w3500_h6819_ox3015_oy0.png
[19:21:42] +135.0s pyramid gauss
[19:21:44] +136.4s pyramid expand
[19:21:45] +137.4s SNAP s07_S8_pyrblend /home/dalibor/Projects/RapidRAW/lean_pano_proto/out/v38/DSCF0566/snap_nudge_off/DSCF0566_s07_S8_pyrblend_w3500_h6819_ox3015_oy0.png
[19:21:45] +137.5s blended
[19:21:45] +137.5s seam 7 window=10847x6819 keepA=0.73
[19:21:45] +137.5s warped DSCF0567.RAF straight
[19:21:46] +138.4s SNAP s07_C_after_photometry /home/dalibor/Projects/RapidRAW/lean_pano_proto/out/v38/DSCF0566/snap_nudge_off/DSCF0566_s07_C_after_photometry_w3500_h6819_ox5000_oy0.png
[19:21:47] +139.2s SNAP s07_D_canvas_after /home/dalibor/Projects/RapidRAW/lean_pano_proto/out/v38/DSCF0566/snap_nudge_off/DSCF0566_s07_D_canvas_after_w3500_h6819_ox5000_oy0.png
[19:21:47] +139.4s nudge DISABLED for DSCF0575.RAF
[19:21:51] +143.4s SNAP s08_C2_canvas_before /home/dalibor/Projects/RapidRAW/lean_pano_proto/out/v38/DSCF0566/snap_nudge_off/DSCF0566_s08_C2_canvas_before_w3500_h6819_ox5000_oy0.png
[19:21:51] +143.9s snapwin seam=8 canvas=(17443,946) size=8377x5873
[19:21:51] +144.0s SNAP s08_S1_avbv /home/dalibor/Projects/RapidRAW/lean_pano_proto/out/v38/DSCF0566/snap_nudge_off/DSCF0566_s08_S1_avbv_w3377_h5873_ox17443_oy946.png
[19:21:52] +144.4s SNAP s08_S2_aw_canvas /home/dalibor/Projects/RapidRAW/lean_pano_proto/out/v38/DSCF0566/snap_nudge_off/DSCF0566_s08_S2_aw_canvas_w3377_h5873_ox17443_oy946.png
[19:21:52] +145.0s SNAP s08_S3_bw_incoming /home/dalibor/Projects/RapidRAW/lean_pano_proto/out/v38/DSCF0566/snap_nudge_off/DSCF0566_s08_S3_bw_incoming_w3377_h5873_ox17443_oy946.png
[19:21:53] +145.2s field n=0 const=[1.0000 1.0000 1.0000] peak=0.0000 gain=-0.0903 (rejected)
[19:21:53] +145.9s SNAP s08_S4_bw_after_gain /home/dalibor/Projects/RapidRAW/lean_pano_proto/out/v38/DSCF0566/snap_nudge_off/DSCF0566_s08_S4_bw_after_gain_w3377_h5873_ox17443_oy946.png
[19:21:54] +146.1s seam grid 168x203 nodes=33978
[19:21:54] +146.5s seam grid 1320x1597 nodes=145701
[19:21:56] +148.2s seam refine nodes=145701
[19:21:56] +148.2s painted
[19:21:56] +148.3s SNAP s08_S5_mask_hard /home/dalibor/Projects/RapidRAW/lean_pano_proto/out/v38/DSCF0566/snap_nudge_off/DSCF0566_s08_S5_mask_hard_w3377_h5873_ox17443_oy946.png
[19:21:56] +148.4s SNAP s08_S6_mask_soft /home/dalibor/Projects/RapidRAW/lean_pano_proto/out/v38/DSCF0566/snap_nudge_off/DSCF0566_s08_S6_mask_soft_w3377_h5873_ox17443_oy946.png
[19:21:56] +148.4s mask blurred
[19:21:57] +149.1s snapblendrect seam=8 canvas=(17452,983)..(24796,6819)
[19:21:57] +149.2s SNAP s08_S7_mask_soft_rect /home/dalibor/Projects/RapidRAW/lean_pano_proto/out/v38/DSCF0566/snap_nudge_off/DSCF0566_s08_S7_mask_soft_rect_w3377_h5873_ox17443_oy946.png
[19:21:57] +150.0s pyramid gauss
[19:21:59] +151.1s pyramid expand
[19:21:59] +151.7s SNAP s08_S8_pyrblend /home/dalibor/Projects/RapidRAW/lean_pano_proto/out/v38/DSCF0566/snap_nudge_off/DSCF0566_s08_S8_pyrblend_w3377_h5873_ox17443_oy946.png
[19:21:59] +151.9s blended
[19:21:59] +151.9s seam 8 window=8377x5873 keepA=0.49
[19:21:59] +151.9s warped DSCF0575.RAF straight
[19:21:59] +151.9s SNAP s08_C_after_photometry /home/dalibor/Projects/RapidRAW/lean_pano_proto/out/v38/DSCF0566/snap_nudge_off/DSCF0566_s08_C_after_photometry_w3500_h6819_ox5000_oy0.png
[19:22:00] +152.8s SNAP s08_D_canvas_after /home/dalibor/Projects/RapidRAW/lean_pano_proto/out/v38/DSCF0566/snap_nudge_off/DSCF0566_s08_D_canvas_after_w3500_h6819_ox5000_oy0.png
[19:22:01] +153.1s nudge DISABLED for DSCF0566.RAF
[19:22:07] +159.4s SNAP s09_C2_canvas_before /home/dalibor/Projects/RapidRAW/lean_pano_proto/out/v38/DSCF0566/snap_nudge_off/DSCF0566_s09_C2_canvas_before_w3500_h6819_ox5000_oy0.png
[19:22:08] +160.2s snapwin seam=9 canvas=(0,0) size=11491x6819
[19:22:08] +160.3s SNAP s09_S1_avbv /home/dalibor/Projects/RapidRAW/lean_pano_proto/out/v38/DSCF0566/snap_nudge_off/DSCF0566_s09_S1_avbv_w3500_h6819_ox0_oy0.png
[19:22:08] +161.0s SNAP s09_S2_aw_canvas /home/dalibor/Projects/RapidRAW/lean_pano_proto/out/v38/DSCF0566/snap_nudge_off/DSCF0566_s09_S2_aw_canvas_w3500_h6819_ox0_oy0.png
[19:22:09] +161.8s SNAP s09_S3_bw_incoming /home/dalibor/Projects/RapidRAW/lean_pano_proto/out/v38/DSCF0566/snap_nudge_off/DSCF0566_s09_S3_bw_incoming_w3500_h6819_ox0_oy0.png
[19:22:10] +162.1s field n=0 const=[1.0000 1.0000 1.0000] peak=0.0000 gain=-0.0719 (rejected)
[19:22:10] +162.9s SNAP s09_S4_bw_after_gain /home/dalibor/Projects/RapidRAW/lean_pano_proto/out/v38/DSCF0566/snap_nudge_off/DSCF0566_s09_S4_bw_after_gain_w3500_h6819_ox0_oy0.png
[19:22:11] +163.3s seam grid 200x238 nodes=45971
[19:22:11] +163.7s seam grid 1572x1876 nodes=185170
[19:22:13] +165.9s seam refine nodes=185170
[19:22:13] +166.0s painted
[19:22:13] +166.0s SNAP s09_S5_mask_hard /home/dalibor/Projects/RapidRAW/lean_pano_proto/out/v38/DSCF0566/snap_nudge_off/DSCF0566_s09_S5_mask_hard_w3500_h6819_ox0_oy0.png
[19:22:14] +166.3s SNAP s09_S6_mask_soft /home/dalibor/Projects/RapidRAW/lean_pano_proto/out/v38/DSCF0566/snap_nudge_off/DSCF0566_s09_S6_mask_soft_w3500_h6819_ox0_oy0.png
[19:22:14] +166.3s mask blurred
[19:22:15] +167.5s snapblendrect seam=9 canvas=(3024,0)..(11483,6819)
[19:22:15] +167.5s SNAP s09_S7_mask_soft_rect /home/dalibor/Projects/RapidRAW/lean_pano_proto/out/v38/DSCF0566/snap_nudge_off/DSCF0566_s09_S7_mask_soft_rect_w3500_h6819_ox0_oy0.png
[19:22:16] +168.6s pyramid gauss
[19:22:17] +170.1s pyramid expand
[19:22:18] +171.0s SNAP s09_S8_pyrblend /home/dalibor/Projects/RapidRAW/lean_pano_proto/out/v38/DSCF0566/snap_nudge_off/DSCF0566_s09_S8_pyrblend_w3500_h6819_ox0_oy0.png
[19:22:19] +171.2s blended
[19:22:19] +171.2s seam 9 window=11491x6819 keepA=0.58
[19:22:19] +171.2s warped DSCF0566.RAF straight
[19:22:19] +172.0s SNAP s09_C_after_photometry /home/dalibor/Projects/RapidRAW/lean_pano_proto/out/v38/DSCF0566/snap_nudge_off/DSCF0566_s09_C_after_photometry_w3500_h6819_ox5000_oy0.png
[19:22:20] +172.9s SNAP s09_D_canvas_after /home/dalibor/Projects/RapidRAW/lean_pano_proto/out/v38/DSCF0566/snap_nudge_off/DSCF0566_s09_D_canvas_after_w3500_h6819_ox5000_oy0.png
[19:22:20] +172.9s refined shifts seams=0 mean_abs_shift=0.000px max_abs_shift=0.000px
[19:22:20] +172.9s exposure gains applied 8
[19:22:21] +173.1s save encode 25414x4991
[19:22:30] +182.8s seam dump /home/dalibor/Projects/RapidRAW/lean_pano_proto/out/v38/DSCF0566/seams.txt
[19:22:30] +182.8s blend_stage extract=0.00s
[19:22:30] +182.8s blend_stage graphcut=22.73s
[19:22:30] +182.8s blend_stage mask_blur=1.26s
[19:22:30] +182.8s blend_stage pyr_blend=19.22s
[19:22:30] +182.8s boundary_step final: n=11030 median_step=3.11% p90=44.61%
[19:22:30] +182.8s blinds_flat  final: n=15229 median_step=1.63% p90=18.71%
[19:22:30] +182.8s woodline    final: n=9491 median_step=8.39% p90=68.04%
[19:22:30] +182.8s ghost_band   final: mean=0.819 keepA=0.55 cut_px=109327 swallowed=0
[19:22:30] +182.8s sharpness_lapvar final: 10.040072356911812
[19:22:30] +182.8s pano_mean_lum 0.052393988287313856 shadow_median 0.036185070872306824 canvas 25414x4991 levels=6 window_px=512
[19:22:30] +182.8s time  final blend=87.72s encode_tiff=1.21s metrics=7.07s photometry=4.12s step_metrics=0.07s warp=33.22s
[19:22:30] +182.8s time  total=182.76s
[19:22:30] +182.8s saved /home/dalibor/Projects/RapidRAW/lean_pano_proto/out/v38/DSCF0566/DSCF0566_Pano.tiff
