[05:38:07] +0.0s log /home/dalibor/Projects/RapidRAW/lean_pano_proto/out/v50/DSCF0566/DSCF0566_Pano.pano.log
[05:38:07] +0.0s merge started files=10
[05:38:07] +0.1s focal native=70.2mm x crop=1.534 = 107.69mm 35eq (exif 35eq=105.0, implied crop=1.4957, delta=+2.56%)
[05:38:07] +0.2s jpeg DSCF0566.RAF native 4416x2944 declared 4416x2944
[05:38:07] +0.4s jpeg DSCF0567.RAF native 4416x2944 declared 4416x2944
[05:38:08] +0.6s jpeg DSCF0568.RAF native 4416x2944 declared 4416x2944
[05:38:08] +0.8s jpeg DSCF0569.RAF native 4416x2944 declared 4416x2944
[05:38:08] +1.0s jpeg DSCF0570.RAF native 4416x2944 declared 4416x2944
[05:38:08] +1.3s jpeg DSCF0571.RAF native 4416x2944 declared 4416x2944
[05:38:09] +1.5s jpeg DSCF0572.RAF native 4416x2944 declared 4416x2944
[05:38:09] +1.7s jpeg DSCF0573.RAF native 4416x2944 declared 4416x2944
[05:38:09] +1.9s jpeg DSCF0574.RAF native 4416x2944 declared 4416x2944
[05:38:09] +2.1s jpeg DSCF0575.RAF native 4416x2944 declared 4416x2944
[05:38:11] +4.4s points DSCF0566.RAF 11766
[05:38:11] +4.4s points DSCF0567.RAF 11738
[05:38:11] +4.4s points DSCF0568.RAF 11678
[05:38:11] +4.4s points DSCF0569.RAF 11728
[05:38:11] +4.4s points DSCF0570.RAF 11771
[05:38:11] +4.4s points DSCF0571.RAF 11772
[05:38:11] +4.4s points DSCF0572.RAF 11762
[05:38:11] +4.4s points DSCF0573.RAF 11774
[05:38:11] +4.4s points DSCF0574.RAF 11740
[05:38:11] +4.4s points DSCF0575.RAF 11787
[05:38:11] +4.4s matching 17 neighbor pairs
[05:38:16] +8.9s match DSCF0566.RAF<->DSCF0567.RAF: 4866 good
[05:38:16] +8.9s match DSCF0566.RAF<->DSCF0568.RAF: 3120 good
[05:38:16] +8.9s match DSCF0567.RAF<->DSCF0568.RAF: 5713 good
[05:38:16] +8.9s match DSCF0567.RAF<->DSCF0569.RAF: 4446 good
[05:38:16] +8.9s match DSCF0568.RAF<->DSCF0569.RAF: 6127 good
[05:38:16] +8.9s match DSCF0568.RAF<->DSCF0570.RAF: 4395 good
[05:38:16] +8.9s match DSCF0569.RAF<->DSCF0570.RAF: 5959 good
[05:38:16] +8.9s match DSCF0569.RAF<->DSCF0571.RAF: 4273 good
[05:38:16] +8.9s match DSCF0570.RAF<->DSCF0571.RAF: 6233 good
[05:38:16] +8.9s match DSCF0570.RAF<->DSCF0572.RAF: 4408 good
[05:38:16] +8.9s match DSCF0571.RAF<->DSCF0572.RAF: 6161 good
[05:38:16] +8.9s match DSCF0571.RAF<->DSCF0573.RAF: 4555 good
[05:38:16] +8.9s match DSCF0572.RAF<->DSCF0573.RAF: 6270 good
[05:38:16] +8.9s match DSCF0572.RAF<->DSCF0574.RAF: 4378 good
[05:38:16] +8.9s match DSCF0573.RAF<->DSCF0574.RAF: 6118 good
[05:38:16] +8.9s match DSCF0573.RAF<->DSCF0575.RAF: 4483 good
[05:38:16] +8.9s match DSCF0574.RAF<->DSCF0575.RAF: 6447 good
[05:38:17] +9.6s aligned kept=10 focal35=107.7 jpeg=4416x2944 points=4416x2944
[05:38:17] +9.6s lens crop=1.534 focal35=107.7 calib=1.529
[05:38:18] +10.8s sky target 0.1864
[05:38:18] +10.8s sky scale DSCF0566.RAF 1.598 median 0.1167
[05:38:18] +10.8s sky scale DSCF0567.RAF 0.938 median 0.1987
[05:38:18] +10.8s sky scale DSCF0568.RAF 1.000 median 0.1864
[05:38:18] +10.8s sky scale DSCF0569.RAF 0.939 median 0.1985
[05:38:18] +10.8s sky scale DSCF0570.RAF 1.008 median 0.1850
[05:38:18] +10.8s sky scale DSCF0571.RAF 1.011 median 0.1844
[05:38:18] +10.8s sky scale DSCF0572.RAF 1.021 median 0.1827
[05:38:18] +10.9s sky scale DSCF0573.RAF 1.005 median 0.1855
[05:38:18] +10.9s sky scale DSCF0574.RAF 0.853 median 0.2185
[05:38:18] +10.9s sky scale DSCF0575.RAF 0.806 median 0.2312
[05:38:18] +10.9s Matching brightness...
[05:38:18] +10.9s canvas perspective 6376x1675
[05:38:18] +11.0s warp DSCF0571.RAF: bbox=(2773,272,4808,1643) 2035x1371
[05:38:18] +11.0s warp DSCF0572.RAF: bbox=(3197,300,5192,1644) 1995x1344
[05:38:18] +11.0s warp DSCF0573.RAF: bbox=(3615,315,5579,1642) 1964x1327
[05:38:18] +11.0s warp DSCF0574.RAF: bbox=(4052,347,6004,1667) 1952x1320
[05:38:18] +11.0s warp DSCF0569.RAF: bbox=(1839,196,4027,1654) 2188x1458
[05:38:18] +11.0s warp DSCF0570.RAF: bbox=(2321,234,4419,1644) 2098x1410
[05:38:18] +11.1s warp DSCF0568.RAF: bbox=(1357,153,3655,1665) 2298x1512
[05:38:18] +11.1s warp DSCF0567.RAF: bbox=(853,100,3288,1675) 2435x1575
[05:38:18] +11.1s warp DSCF0575.RAF: bbox=(4418,348,6376,1675) 1958x1327
[05:38:18] +11.2s warp DSCF0566.RAF: bbox=(0,0,2701,1675) 2701x1675
[05:38:18] +11.4s brightness gains=10 corner=0.671
[05:38:18] +11.4s Blending photos...
[05:38:19] +11.7s blend 1: window=3019x1675 tiles=1150
[05:38:19] +12.1s local moved kept=279 field=3.24 disagree 0.1834 -> 0.0776
[05:38:19] +12.1s seam grid 47x55 nodes=2380
[05:38:19] +12.1s cut_energy opt=159864 shipped=159864 excess=+0.000%
[05:38:19] +12.1s seam grid 346x416 nodes=43536
[05:38:19] +12.3s cut_energy opt=1700246 shipped=1700246 excess=+0.000%
[05:38:19] +12.3s seam refine nodes=43536
[05:38:19] +12.3s painted
[05:38:19] +12.3s mask blurred
[05:38:20] +12.4s pyramid gauss
[05:38:20] +12.6s pyramid expand
[05:38:20] +12.6s pasted
[05:38:20] +12.6s blended 1 keepA=0.51
[05:38:20] +12.6s blend 2: window=3122x1675 tiles=1175
[05:38:20] +12.9s local moved kept=282 field=4.24 disagree 0.2367 -> 0.1240
[05:38:20] +12.9s seam grid 47x56 nodes=2475
[05:38:20] +12.9s cut_energy opt=144233 shipped=144233 excess=+0.000%
[05:38:20] +12.9s seam grid 352x424 nodes=39406
[05:38:20] +13.1s cut_energy opt=1724702 shipped=1724702 excess=+0.000%
[05:38:20] +13.1s seam refine nodes=39406
[05:38:20] +13.1s painted
[05:38:20] +13.1s mask blurred
[05:38:20] +13.1s pyramid gauss
[05:38:20] +13.2s pyramid expand
[05:38:20] +13.2s pasted
[05:38:20] +13.2s blended 2 keepA=0.58
[05:38:20] +13.2s blend 3: window=2988x1675 tiles=1125
[05:38:21] +13.5s local moved kept=278 field=3.71 disagree 0.2341 -> 0.1029
[05:38:21] +13.5s seam grid 46x54 nodes=2341
[05:38:21] +13.5s cut_energy opt=96963 shipped=96963 excess=+0.000%
[05:38:21] +13.5s seam grid 342x407 nodes=31122
[05:38:21] +13.7s cut_energy opt=1479763 shipped=1479763 excess=+0.000%
[05:38:21] +13.7s seam refine nodes=31122
[05:38:21] +13.7s painted
[05:38:21] +13.7s mask blurred
[05:38:21] +13.8s pyramid gauss
[05:38:21] +13.9s pyramid expand
[05:38:21] +13.9s pasted
[05:38:21] +13.9s blended 3 keepA=0.61
[05:38:21] +13.9s blend 4: window=3212x1675 tiles=1225
[05:38:21] +14.2s local moved kept=332 field=4.89 disagree 0.2125 -> 0.1003
[05:38:21] +14.3s seam grid 49x57 nodes=2582
[05:38:21] +14.3s cut_energy opt=105631 shipped=105631 excess=+0.000%
[05:38:21] +14.3s seam grid 364x439 nodes=42496
[05:38:22] +14.4s cut_energy opt=1413869 shipped=1413869 excess=+0.000%
[05:38:22] +14.4s seam refine nodes=42496
[05:38:22] +14.4s painted
[05:38:22] +14.5s mask blurred
[05:38:22] +14.5s pyramid gauss
[05:38:22] +14.6s pyramid expand
[05:38:22] +14.6s pasted
[05:38:22] +14.6s blended 4 keepA=0.50
[05:38:22] +14.6s blend 5: window=3322x1675 tiles=1250
[05:38:22] +15.0s local moved kept=405 field=6.11 disagree 0.2082 -> 0.0854
[05:38:22] +15.0s seam grid 50x62 nodes=2846
[05:38:22] +15.0s cut_energy opt=89156 shipped=89156 excess=+0.000%
[05:38:22] +15.0s seam grid 376x467 nodes=30305
[05:38:22] +15.1s cut_energy opt=1096646 shipped=1096646 excess=+0.000%
[05:38:22] +15.1s seam refine nodes=30305
[05:38:22] +15.1s painted
[05:38:22] +15.1s mask blurred
[05:38:22] +15.3s pyramid gauss
[05:38:22] +15.4s pyramid expand
[05:38:22] +15.4s pasted
[05:38:22] +15.4s blended 5 keepA=0.49
[05:38:22] +15.4s blend 6: window=2836x1675 tiles=1075
[05:38:23] +15.7s local moved kept=267 field=4.29 disagree 0.2939 -> 0.1138
[05:38:23] +15.7s seam grid 45x53 nodes=2330
[05:38:23] +15.7s cut_energy opt=175054 shipped=175054 excess=+0.000%
[05:38:23] +15.7s seam grid 334x395 nodes=31070
[05:38:23] +15.8s cut_energy opt=1721637 shipped=1721637 excess=+0.000%
[05:38:23] +15.8s seam refine nodes=31070
[05:38:23] +15.8s painted
[05:38:23] +15.8s mask blurred
[05:38:23] +15.9s pyramid gauss
[05:38:23] +16.0s pyramid expand
[05:38:23] +16.0s pasted
[05:38:23] +16.0s blended 6 keepA=0.53
[05:38:23] +16.0s blend 7: window=3459x1675 tiles=1325
[05:38:24] +16.4s local moved kept=443 field=6.26 disagree 0.2072 -> 0.0933
[05:38:24] +16.5s seam grid 52x65 nodes=3062
[05:38:24] +16.5s cut_energy opt=93786 shipped=93786 excess=+0.000%
[05:38:24] +16.5s seam grid 387x496 nodes=45390
[05:38:24] +16.6s cut_energy opt=1398691 shipped=1398691 excess=+0.000%
[05:38:24] +16.6s seam refine nodes=45390
[05:38:24] +16.6s painted
[05:38:24] +16.7s mask blurred
[05:38:24] +16.8s pyramid gauss
[05:38:24] +16.9s pyramid expand
[05:38:24] +16.9s pasted
[05:38:24] +16.9s blended 7 keepA=0.59
[05:38:24] +16.9s blend 8: window=2470x1675 tiles=925
[05:38:24] +17.2s local moved kept=304 field=4.84 disagree 0.3246 -> 0.1186
[05:38:24] +17.3s seam grid 45x54 nodes=2361
[05:38:24] +17.3s cut_energy opt=110829 shipped=110829 excess=+0.000%
[05:38:24] +17.3s seam grid 337x409 nodes=31059
[05:38:24] +17.3s cut_energy opt=1663979 shipped=1663979 excess=+0.000%
[05:38:24] +17.3s seam refine nodes=31059
[05:38:24] +17.3s painted
[05:38:24] +17.3s mask blurred
[05:38:24] +17.4s pyramid gauss
[05:38:25] +17.5s pyramid expand
[05:38:25] +17.5s pasted
[05:38:25] +17.5s blended 8 keepA=0.58
[05:38:25] +17.5s blend 9: window=3213x1675 tiles=1225
[05:38:25] +17.9s local moved kept=403 field=7.46 disagree 0.1834 -> 0.0736
[05:38:25] +17.9s seam grid 53x63 nodes=3108
[05:38:25] +17.9s cut_energy opt=177141 shipped=177141 excess=+0.000%
[05:38:25] +17.9s seam grid 400x475 nodes=48685
[05:38:25] +18.1s cut_energy opt=1722268 shipped=1722268 excess=+0.000%
[05:38:25] +18.1s seam refine nodes=48685
[05:38:25] +18.1s painted
[05:38:25] +18.1s mask blurred
[05:38:25] +18.2s pyramid gauss
[05:38:25] +18.3s pyramid expand
[05:38:25] +18.4s pasted
[05:38:25] +18.4s blended 9 keepA=0.60
[05:38:25] +18.4s preview canvas perspective 6376x1675 shifts=9
[05:38:25] +18.4s time  preview=8.78s (solve+match 9.58s)
[05:38:26] +18.5s preview ready /home/dalibor/Projects/RapidRAW/lean_pano_proto/out/v50/DSCF0566/DSCF0566_preview.jpg
[05:38:26] +18.5s save started
[05:38:26] +18.5s develop jobs=4
[05:38:32] +24.9s developed DSCF0566.RAF 7728x5152 -> 1920x1280
[05:38:32] +24.9s developed DSCF0567.RAF 7728x5152 -> 1920x1280
[05:38:32] +24.9s developed DSCF0568.RAF 7728x5152 -> 1920x1280
[05:38:32] +24.9s developed DSCF0569.RAF 7728x5152 -> 1920x1280
[05:38:32] +24.9s developed DSCF0570.RAF 7728x5152 -> 1920x1280
[05:38:32] +24.9s developed DSCF0571.RAF 7728x5152 -> 1920x1280
[05:38:32] +24.9s developed DSCF0572.RAF 7728x5152 -> 1920x1280
[05:38:32] +24.9s developed DSCF0573.RAF 7728x5152 -> 1920x1280
[05:38:32] +24.9s developed DSCF0574.RAF 7728x5152 -> 1920x1280
[05:38:32] +24.9s developed DSCF0575.RAF 7728x5152 -> 1920x1280
[05:38:32] +24.9s time  develop=6.45s
[05:38:32] +25.0s scale raw=7728x5152 jpeg=4416x2944 x=1.7500 y=1.7500
[05:38:32] +25.0s Matching brightness...
[05:38:32] +25.0s canvas perspective 6376x1675
[05:38:32] +25.1s warp DSCF0572.RAF: bbox=(3197,300,5192,1644) 1995x1344
[05:38:32] +25.1s warp DSCF0573.RAF: bbox=(3615,315,5579,1642) 1964x1327
[05:38:32] +25.1s warp DSCF0574.RAF: bbox=(4052,347,6004,1667) 1952x1320
[05:38:32] +25.1s warp DSCF0571.RAF: bbox=(2773,272,4808,1643) 2035x1371
[05:38:32] +25.1s warp DSCF0575.RAF: bbox=(4418,348,6376,1675) 1958x1327
[05:38:32] +25.1s warp DSCF0568.RAF: bbox=(1357,153,3655,1665) 2298x1512
[05:38:32] +25.1s warp DSCF0569.RAF: bbox=(1839,196,4027,1654) 2188x1458
[05:38:32] +25.2s warp DSCF0570.RAF: bbox=(2321,234,4419,1644) 2098x1410
[05:38:32] +25.3s warp DSCF0566.RAF: bbox=(0,0,2701,1675) 2701x1675
[05:38:32] +25.3s warp DSCF0567.RAF: bbox=(853,100,3288,1675) 2435x1575
[05:38:33] +25.5s brightness gains=10 corner=0.635
[05:38:33] +25.5s Blending photos...
[05:38:33] +25.8s blend 1: window=3019x1675 tiles=1150
[05:38:33] +26.3s local moved kept=254 field=4.13 disagree 0.2651 -> 0.0984
[05:38:33] +26.3s seam grid 47x55 nodes=2379
[05:38:33] +26.3s cut_energy opt=167821 shipped=167821 excess=+0.000%
[05:38:33] +26.3s seam grid 346x416 nodes=40651
[05:38:34] +26.5s cut_energy opt=1767627 shipped=1767627 excess=+0.000%
[05:38:34] +26.5s seam refine nodes=40651
[05:38:34] +26.5s painted
[05:38:34] +26.5s mask blurred
[05:38:34] +26.6s pyramid gauss
[05:38:34] +26.7s pyramid expand
[05:38:34] +26.7s pasted
[05:38:34] +26.7s blended 1 keepA=0.54
[05:38:34] +26.7s blend 2: window=3122x1675 tiles=1175
[05:38:34] +27.0s local moved kept=267 field=5.30 disagree 0.2965 -> 0.1305
[05:38:34] +27.1s seam grid 47x56 nodes=2473
[05:38:34] +27.1s cut_energy opt=142162 shipped=142162 excess=+0.000%
[05:38:34] +27.1s seam grid 352x424 nodes=38225
[05:38:34] +27.2s cut_energy opt=1766781 shipped=1766781 excess=+0.000%
[05:38:34] +27.2s seam refine nodes=38225
[05:38:34] +27.2s painted
[05:38:34] +27.2s mask blurred
[05:38:34] +27.3s pyramid gauss
[05:38:34] +27.4s pyramid expand
[05:38:34] +27.4s pasted
[05:38:34] +27.4s blended 2 keepA=0.56
[05:38:34] +27.4s blend 3: window=2988x1675 tiles=1125
[05:38:35] +27.7s local moved kept=270 field=7.16 disagree 0.3385 -> 0.1565
[05:38:35] +27.7s seam grid 46x54 nodes=2342
[05:38:35] +27.7s cut_energy opt=101679 shipped=101679 excess=+0.000%
[05:38:35] +27.7s seam grid 342x407 nodes=31328
[05:38:35] +27.9s cut_energy opt=1553229 shipped=1553229 excess=+0.000%
[05:38:35] +27.9s seam refine nodes=31328
[05:38:35] +27.9s painted
[05:38:35] +27.9s mask blurred
[05:38:35] +28.0s pyramid gauss
[05:38:35] +28.1s pyramid expand
[05:38:35] +28.1s pasted
[05:38:35] +28.1s blended 3 keepA=0.60
[05:38:35] +28.1s blend 4: window=3212x1675 tiles=1225
[05:38:36] +28.4s local moved kept=316 field=9.19 disagree 0.3098 -> 0.1438
[05:38:36] +28.5s seam grid 49x57 nodes=2583
[05:38:36] +28.5s cut_energy opt=113494 shipped=113494 excess=+0.000%
[05:38:36] +28.5s seam grid 364x439 nodes=39068
[05:38:36] +28.6s cut_energy opt=1336379 shipped=1336379 excess=+0.000%
[05:38:36] +28.6s seam refine nodes=39068
[05:38:36] +28.6s painted
[05:38:36] +28.6s mask blurred
[05:38:36] +28.7s pyramid gauss
[05:38:36] +28.8s pyramid expand
[05:38:36] +28.8s pasted
[05:38:36] +28.8s blended 4 keepA=0.57
[05:38:36] +28.8s blend 5: window=3322x1675 tiles=1250
[05:38:36] +29.2s local moved kept=400 field=12.44 disagree 0.2955 -> 0.1535
[05:38:36] +29.3s seam grid 50x62 nodes=2846
[05:38:36] +29.3s cut_energy opt=92927 shipped=92927 excess=+0.000%
[05:38:36] +29.3s seam grid 376x467 nodes=29376
[05:38:36] +29.4s cut_energy opt=1120438 shipped=1120438 excess=+0.000%
[05:38:36] +29.4s seam refine nodes=29376
[05:38:36] +29.4s painted
[05:38:36] +29.4s mask blurred
[05:38:37] +29.5s pyramid gauss
[05:38:37] +29.6s pyramid expand
[05:38:37] +29.7s pasted
[05:38:37] +29.7s blended 5 keepA=0.50
[05:38:37] +29.7s blend 6: window=2836x1675 tiles=1075
[05:38:37] +29.9s local moved kept=271 field=9.87 disagree 0.3726 -> 0.1868
[05:38:37] +30.0s seam grid 45x53 nodes=2327
[05:38:37] +30.0s cut_energy opt=184754 shipped=184754 excess=+0.000%
[05:38:37] +30.0s seam grid 334x395 nodes=31112
[05:38:37] +30.1s cut_energy opt=1770733 shipped=1770733 excess=+0.000%
[05:38:37] +30.1s seam refine nodes=31112
[05:38:37] +30.1s painted
[05:38:37] +30.1s mask blurred
[05:38:37] +30.2s pyramid gauss
[05:38:37] +30.2s pyramid expand
[05:38:37] +30.3s pasted
[05:38:37] +30.3s blended 6 keepA=0.50
[05:38:37] +30.3s blend 7: window=3459x1675 tiles=1325
[05:38:38] +30.7s local moved kept=462 field=14.49 disagree 0.2892 -> 0.1448
[05:38:38] +30.7s seam grid 52x65 nodes=3061
[05:38:38] +30.7s cut_energy opt=103227 shipped=103227 excess=+0.000%
[05:38:38] +30.7s seam grid 387x496 nodes=43935
[05:38:38] +30.9s cut_energy opt=1484615 shipped=1484615 excess=+0.000%
[05:38:38] +30.9s seam refine nodes=43935
[05:38:38] +30.9s painted
[05:38:38] +30.9s mask blurred
[05:38:38] +31.0s pyramid gauss
[05:38:38] +31.1s pyramid expand
[05:38:38] +31.1s pasted
[05:38:38] +31.1s blended 7 keepA=0.59
[05:38:38] +31.1s blend 8: window=2470x1675 tiles=925
[05:38:39] +31.4s local moved kept=302 field=10.38 disagree 0.3813 -> 0.1806
[05:38:39] +31.4s seam grid 45x54 nodes=2361
[05:38:39] +31.5s cut_energy opt=115686 shipped=115686 excess=+0.000%
[05:38:39] +31.5s seam grid 337x409 nodes=28286
[05:38:39] +31.5s cut_energy opt=1742010 shipped=1742010 excess=+0.000%
[05:38:39] +31.5s seam refine nodes=28286
[05:38:39] +31.5s painted
[05:38:39] +31.5s mask blurred
[05:38:39] +31.6s pyramid gauss
[05:38:39] +31.7s pyramid expand
[05:38:39] +31.7s pasted
[05:38:39] +31.7s blended 8 keepA=0.60
[05:38:39] +31.7s blend 9: window=3213x1675 tiles=1225
[05:38:39] +32.1s local moved kept=415 field=14.65 disagree 0.3088 -> 0.1461
[05:38:39] +32.1s seam grid 53x63 nodes=3108
[05:38:39] +32.1s cut_energy opt=188480 shipped=188480 excess=+0.000%
[05:38:39] +32.1s seam grid 400x475 nodes=45768
[05:38:39] +32.3s cut_energy opt=1817004 shipped=1817004 excess=+0.000%
[05:38:39] +32.3s seam refine nodes=45768
[05:38:39] +32.3s painted
[05:38:39] +32.3s mask blurred
[05:38:39] +32.4s pyramid gauss
[05:38:40] +32.6s pyramid expand
[05:38:40] +32.6s pasted
[05:38:40] +32.6s blended 9 keepA=0.59
[05:38:40] +32.6s time  linear_photometry=7.62s
[05:38:40] +32.6s photometry source=second compose
[05:38:40] +32.6s save seam preview
[05:38:40] +32.6s save cut fullres
[05:38:40] +32.6s photometry gains=10
[05:38:40] +32.6s photo pedestal=0.002679 field_norm=1.995567 gains=[0.9962 1.0346 0.9602 0.9557 1.0066 0.9935 1.0513 0.9702 1.0319 1.0045]
[05:38:40] +32.6s save seam developed
[05:38:40] +32.6s canvas perspective 25664x6742
[05:38:40] +33.1s local align resolution 1/1
[05:38:40] +33.1s composite levels=6 pad=512
[05:38:40] +33.1s local alignment refine=false
[05:38:41] +34.2s warped DSCF0571.RAF straight
[05:38:43] +35.9s field n=0 const=[1.0000 1.0000 1.0000] peak=0.0000 gain=-0.1377 (rejected)
[05:38:43] +36.2s seam grid 171x205 nodes=34345
[05:38:43] +36.4s cut_energy opt=309779 shipped=309779 excess=+0.000%
[05:38:44] +36.5s seam grid 1339x1621 nodes=139657
[05:38:44] +37.4s cut_energy opt=2693178 shipped=2693178 excess=+0.000%
[05:38:44] +37.4s seam refine nodes=139657
[05:38:44] +37.4s painted
[05:38:45] +37.5s mask blurred
[05:38:46] +38.7s blended
[05:38:46] +38.7s seam 1 window=9003x6020 keepA=0.35
[05:38:46] +38.7s warped DSCF0572.RAF nudged
[05:38:47] +40.4s field n=0 const=[1.0000 1.0000 1.0000] peak=0.0000 gain=-0.1205 (rejected)
[05:38:48] +40.7s seam grid 174x210 nodes=36014
[05:38:48] +41.0s cut_energy opt=294022 shipped=294022 excess=+0.000%
[05:38:48] +41.1s seam grid 1367x1657 nodes=170426
[05:38:50] +42.8s cut_energy opt=2787639 shipped=2787639 excess=+0.000%
[05:38:50] +42.8s seam refine nodes=170426
[05:38:50] +42.8s painted
[05:38:50] +43.0s mask blurred
[05:38:51] +44.2s blended
[05:38:51] +44.2s seam 2 window=9417x6288 keepA=0.60
[05:38:51] +44.2s warped DSCF0570.RAF nudged
[05:38:53] +45.8s field n=0 const=[1.0000 1.0000 1.0000] peak=0.0000 gain=-0.1203 (rejected)
[05:38:53] +46.1s seam grid 169x202 nodes=33627
[05:38:53] +46.3s cut_energy opt=319169 shipped=319169 excess=+0.000%
[05:38:53] +46.4s seam grid 1327x1587 nodes=138847
[05:38:55] +47.8s cut_energy opt=3025585 shipped=3025585 excess=+0.000%
[05:38:55] +47.8s seam refine nodes=138847
[05:38:55] +47.8s painted
[05:38:55] +48.0s mask blurred
[05:38:56] +49.0s blended
[05:38:56] +49.0s seam 3 window=8880x5961 keepA=0.76
[05:38:56] +49.0s warped DSCF0573.RAF nudged
[05:38:58] +51.1s field n=0 const=[1.0000 1.0000 1.0000] peak=0.0000 gain=-0.1454 (rejected)
[05:38:59] +51.4s seam grid 180x218 nodes=38268
[05:38:59] +51.7s cut_energy opt=277563 shipped=277563 excess=+0.000%
[05:38:59] +51.8s seam grid 1413x1717 nodes=176888
[05:39:00] +53.3s cut_energy opt=2721038 shipped=2721038 excess=+0.000%
[05:39:00] +53.3s seam refine nodes=176888
[05:39:00] +53.3s painted
[05:39:01] +53.5s mask blurred
[05:39:02] +54.7s blended
[05:39:02] +54.7s seam 4 window=9779x6440 keepA=0.58
[05:39:02] +54.7s warped DSCF0569.RAF nudged
[05:39:04] +56.6s field n=0 const=[1.0000 1.0000 1.0000] peak=0.0000 gain=-0.0798 (rejected)
[05:39:04] +56.9s seam grid 186x232 nodes=41484
[05:39:04] +57.2s cut_energy opt=248028 shipped=248028 excess=+0.000%
[05:39:04] +57.2s seam grid 1463x1828 nodes=191714
[05:39:06] +59.3s cut_energy opt=2341984 shipped=2341984 excess=+0.000%
[05:39:06] +59.3s seam refine nodes=191714
[05:39:06] +59.4s painted
[05:39:07] +59.5s mask blurred
[05:39:08] +60.9s blended
[05:39:08] +60.9s seam 5 window=10224x6613 keepA=0.69
[05:39:08] +60.9s warped DSCF0568.RAF nudged
[05:39:09] +62.4s field n=0 const=[1.0000 1.0000 1.0000] peak=0.0000 gain=-0.0983 (rejected)
[05:39:10] +62.6s seam grid 165x195 nodes=32165
[05:39:10] +62.8s cut_energy opt=305107 shipped=305107 excess=+0.000%
[05:39:10] +62.9s seam grid 1294x1537 nodes=131522
[05:39:11] +64.1s cut_energy opt=2918632 shipped=2918632 excess=+0.000%
[05:39:11] +64.1s seam refine nodes=131522
[05:39:11] +64.1s painted
[05:39:11] +64.2s mask blurred
[05:39:12] +65.4s blended
[05:39:12] +65.4s seam 6 window=8832x5833 keepA=0.48
[05:39:12] +65.4s warped DSCF0574.RAF nudged
[05:39:15] +67.8s field n=0 const=[1.0000 1.0000 1.0000] peak=0.0000 gain=-0.1027 (rejected)
[05:39:15] +68.2s seam grid 191x246 nodes=44955
[05:39:16] +68.5s cut_energy opt=316515 shipped=316515 excess=+0.000%
[05:39:16] +68.6s seam grid 1513x1944 nodes=217180
[05:39:18] +71.3s cut_energy opt=3267380 shipped=3267380 excess=+0.000%
[05:39:18] +71.3s seam refine nodes=217180
[05:39:18] +71.3s painted
[05:39:19] +71.5s mask blurred
[05:39:20] +73.0s blended
[05:39:20] +73.0s seam 7 window=10773x6742 keepA=0.74
[05:39:20] +73.0s warped DSCF0567.RAF nudged
[05:39:22] +74.5s field n=0 const=[1.0000 1.0000 1.0000] peak=0.0000 gain=-0.0962 (rejected)
[05:39:22] +74.8s seam grid 168x203 nodes=33975
[05:39:22] +75.0s cut_energy opt=316125 shipped=316125 excess=+0.000%
[05:39:22] +75.1s seam grid 1318x1596 nodes=145364
[05:39:24] +76.6s cut_energy opt=3018958 shipped=3018958 excess=+0.000%
[05:39:24] +76.6s seam refine nodes=145364
[05:39:24] +76.7s painted
[05:39:24] +76.8s mask blurred
[05:39:25] +77.9s blended
[05:39:25] +77.9s seam 8 window=8366x5827 keepA=0.51
[05:39:25] +77.9s warped DSCF0575.RAF nudged
[05:39:28] +80.5s field n=0 const=[1.0000 1.0000 1.0000] peak=0.0000 gain=-0.1031 (rejected)
[05:39:28] +80.9s seam grid 198x236 nodes=45329
[05:39:28] +81.2s cut_energy opt=308251 shipped=308251 excess=+0.000%
[05:39:28] +81.3s seam grid 1560x1860 nodes=185302
[05:39:31] +83.4s cut_energy opt=3083197 shipped=3083197 excess=+0.000%
[05:39:31] +83.4s seam refine nodes=185302
[05:39:31] +83.5s painted
[05:39:31] +83.6s mask blurred
[05:39:32] +85.2s blended
[05:39:32] +85.2s seam 9 window=11356x6742 keepA=0.63
[05:39:32] +85.2s warped DSCF0566.RAF nudged
[05:39:32] +85.2s refined shifts seams=0 mean_abs_shift=0.000px max_abs_shift=0.000px
[05:39:32] +85.2s exposure gains applied 8
[05:39:32] +85.4s save encode 25270x4975
[05:39:42] +94.9s seam dump /home/dalibor/Projects/RapidRAW/lean_pano_proto/out/v50/DSCF0566/seams.txt
[05:39:42] +94.9s blend_stage extract=0.00s
[05:39:42] +94.9s blend_stage graphcut=36.87s
[05:39:42] +94.9s blend_stage hard_blend=4.15s
[05:39:42] +94.9s blend_stage mask_blur=2.58s
[05:39:42] +94.9s boundary_step final: n=10788 median_step=2.59% p90=30.63%
[05:39:42] +94.9s blinds_flat  final: n=19430 median_step=1.68% p90=25.34%
[05:39:42] +94.9s woodline    final: n=9511 median_step=6.98% p90=41.38%
[05:39:42] +94.9s ghost_band   final: mean=0.650 keepA=0.59 cut_px=110213 swallowed=0
[05:39:42] +94.9s sharpness_lapvar final: 4.8524098587267055
[05:39:42] +94.9s pano_mean_lum 0.05326913900775648 shadow_median 0.03700535371899605 canvas 25270x4975 levels=6 window_px=512
[05:39:42] +94.9s time  final blend=41.81s encode_tiff=1.36s metrics=6.93s photometry=4.13s step_metrics=0.12s warp=4.35s
[05:39:42] +94.9s time  total=94.94s
[05:39:42] +94.9s saved /home/dalibor/Projects/RapidRAW/lean_pano_proto/out/v50/DSCF0566/DSCF0566_Pano.tiff
