[11:15:08] +0.0s log /home/dalibor/Projects/RapidRAW/lean_pano_proto/out/v52/IMGP9237/IMGP9237_Pano.pano.log
[11:15:08] +0.0s merge started files=22
[11:15:08] +0.1s focal native unavailable or disabled, using exif 35eq=150.0mm (crop=1.534)
[11:15:08] +0.6s jpeg IMGP9237.DNG native 4000x6016 declared 4000x6016
[11:15:08] +1.0s jpeg IMGP9238.DNG native 4000x6016 declared 4000x6016
[11:15:09] +1.3s jpeg IMGP9239.DNG native 4000x6016 declared 4000x6016
[11:15:09] +1.7s jpeg IMGP9240.DNG native 4000x6016 declared 4000x6016
[11:15:10] +2.2s jpeg IMGP9241.DNG native 4000x6016 declared 4000x6016
[11:15:10] +2.6s jpeg IMGP9242.DNG native 4000x6016 declared 4000x6016
[11:15:11] +3.0s jpeg IMGP9243.DNG native 4000x6016 declared 4000x6016
[11:15:11] +3.4s jpeg IMGP9244.DNG native 4000x6016 declared 4000x6016
[11:15:11] +3.7s jpeg IMGP9245.DNG native 4000x6016 declared 4000x6016
[11:15:12] +4.1s jpeg IMGP9246.DNG native 4000x6016 declared 4000x6016
[11:15:12] +4.5s jpeg IMGP9247.DNG native 4000x6016 declared 4000x6016
[11:15:12] +4.9s jpeg IMGP9248.DNG native 4000x6016 declared 4000x6016
[11:15:13] +5.3s jpeg IMGP9249.DNG native 4000x6016 declared 4000x6016
[11:15:13] +5.6s jpeg IMGP9250.DNG native 4000x6016 declared 4000x6016
[11:15:14] +6.0s jpeg IMGP9251.DNG native 4000x6016 declared 4000x6016
[11:15:14] +6.4s jpeg IMGP9252.DNG native 4000x6016 declared 4000x6016
[11:15:14] +6.8s jpeg IMGP9253.DNG native 4000x6016 declared 4000x6016
[11:15:15] +7.1s jpeg IMGP9254.DNG native 4000x6016 declared 4000x6016
[11:15:15] +7.5s jpeg IMGP9255.DNG native 4000x6016 declared 4000x6016
[11:15:15] +7.9s jpeg IMGP9256.DNG native 4000x6016 declared 4000x6016
[11:15:16] +8.3s jpeg IMGP9257.DNG native 4000x6016 declared 4000x6016
[11:15:16] +8.6s jpeg IMGP9258.DNG native 4000x6016 declared 4000x6016
[11:15:21] +14.0s points IMGP9237.DNG 8232
[11:15:21] +14.0s points IMGP9238.DNG 7565
[11:15:21] +14.0s points IMGP9239.DNG 8740
[11:15:21] +14.0s points IMGP9240.DNG 8737
[11:15:21] +14.0s points IMGP9241.DNG 9119
[11:15:21] +14.0s points IMGP9242.DNG 9449
[11:15:21] +14.0s points IMGP9243.DNG 9148
[11:15:21] +14.0s points IMGP9244.DNG 10182
[11:15:21] +14.0s points IMGP9245.DNG 10459
[11:15:21] +14.0s points IMGP9246.DNG 10835
[11:15:21] +14.0s points IMGP9247.DNG 10630
[11:15:21] +14.0s points IMGP9248.DNG 11840
[11:15:21] +14.0s points IMGP9249.DNG 9390
[11:15:21] +14.0s points IMGP9250.DNG 10483
[11:15:21] +14.0s points IMGP9251.DNG 9844
[11:15:21] +14.0s points IMGP9252.DNG 9530
[11:15:21] +14.0s points IMGP9253.DNG 9267
[11:15:21] +14.0s points IMGP9254.DNG 7496
[11:15:21] +14.0s points IMGP9255.DNG 8237
[11:15:21] +14.0s points IMGP9256.DNG 9835
[11:15:21] +14.0s points IMGP9257.DNG 7771
[11:15:21] +14.0s points IMGP9258.DNG 7952
[11:15:21] +14.0s matching 41 neighbor pairs
[11:15:28] +20.8s match IMGP9237.DNG<->IMGP9238.DNG: 2185 good
[11:15:28] +20.8s match IMGP9237.DNG<->IMGP9239.DNG: 990 good
[11:15:28] +20.8s match IMGP9238.DNG<->IMGP9239.DNG: 2221 good
[11:15:28] +20.8s match IMGP9238.DNG<->IMGP9240.DNG: 670 good
[11:15:28] +20.8s match IMGP9239.DNG<->IMGP9240.DNG: 2411 good
[11:15:28] +20.8s match IMGP9239.DNG<->IMGP9241.DNG: 1013 good
[11:15:28] +20.8s match IMGP9240.DNG<->IMGP9241.DNG: 2255 good
[11:15:28] +20.8s match IMGP9240.DNG<->IMGP9242.DNG: 1205 good
[11:15:28] +20.8s match IMGP9241.DNG<->IMGP9242.DNG: 2022 good
[11:15:28] +20.8s match IMGP9241.DNG<->IMGP9243.DNG: 710 good
[11:15:28] +20.8s match IMGP9242.DNG<->IMGP9243.DNG: 2300 good
[11:15:28] +20.8s match IMGP9242.DNG<->IMGP9244.DNG: 864 good
[11:15:28] +20.8s match IMGP9243.DNG<->IMGP9244.DNG: 2521 good
[11:15:28] +20.8s match IMGP9243.DNG<->IMGP9245.DNG: 1306 good
[11:15:28] +20.8s match IMGP9244.DNG<->IMGP9245.DNG: 2977 good
[11:15:28] +20.8s match IMGP9244.DNG<->IMGP9246.DNG: 1361 good
[11:15:28] +20.8s match IMGP9245.DNG<->IMGP9246.DNG: 3041 good
[11:15:28] +20.8s match IMGP9245.DNG<->IMGP9247.DNG: 1138 good
[11:15:28] +20.8s match IMGP9246.DNG<->IMGP9247.DNG: 2783 good
[11:15:28] +20.8s match IMGP9246.DNG<->IMGP9248.DNG: 1507 good
[11:15:28] +20.8s match IMGP9247.DNG<->IMGP9248.DNG: 4117 good
[11:15:28] +20.8s match IMGP9247.DNG<->IMGP9249.DNG: 1349 good
[11:15:28] +20.8s match IMGP9248.DNG<->IMGP9249.DNG: 3067 good
[11:15:28] +20.8s match IMGP9248.DNG<->IMGP9250.DNG: 1587 good
[11:15:28] +20.8s match IMGP9249.DNG<->IMGP9250.DNG: 3283 good
[11:15:28] +20.8s match IMGP9249.DNG<->IMGP9251.DNG: 1441 good
[11:15:28] +20.8s match IMGP9250.DNG<->IMGP9251.DNG: 3035 good
[11:15:28] +20.8s match IMGP9250.DNG<->IMGP9252.DNG: 1169 good
[11:15:28] +20.8s match IMGP9251.DNG<->IMGP9252.DNG: 2655 good
[11:15:28] +20.8s match IMGP9251.DNG<->IMGP9253.DNG: 995 good
[11:15:28] +20.8s match IMGP9252.DNG<->IMGP9253.DNG: 2629 good
[11:15:28] +20.8s match IMGP9252.DNG<->IMGP9254.DNG: 123 good
[11:15:28] +20.8s match IMGP9253.DNG<->IMGP9254.DNG: 1714 good
[11:15:28] +20.8s match IMGP9253.DNG<->IMGP9255.DNG: 301 good
[11:15:28] +20.8s match IMGP9254.DNG<->IMGP9255.DNG: 1940 good
[11:15:28] +20.8s match IMGP9254.DNG<->IMGP9256.DNG: 801 good
[11:15:28] +20.8s match IMGP9255.DNG<->IMGP9256.DNG: 2727 good
[11:15:28] +20.8s match IMGP9255.DNG<->IMGP9257.DNG: 530 good
[11:15:28] +20.8s match IMGP9256.DNG<->IMGP9257.DNG: 1529 good
[11:15:28] +20.8s match IMGP9256.DNG<->IMGP9258.DNG: 948 good
[11:15:28] +20.8s match IMGP9257.DNG<->IMGP9258.DNG: 1781 good
[11:15:29] +21.3s aligned kept=22 focal35=150.0 jpeg=4000x6016 points=4000x6016
[11:15:29] +21.3s lens crop=1.534 focal35=150.0 calib=1.000
[11:15:33] +25.8s sky target 0.0054
[11:15:33] +25.8s sky scale IMGP9237.DNG 0.590 median 0.0092
[11:15:33] +25.8s sky scale IMGP9238.DNG 1.334 median 0.0041
[11:15:33] +25.8s sky scale IMGP9239.DNG 1.112 median 0.0049
[11:15:33] +25.8s sky scale IMGP9240.DNG 1.000 median 0.0054
[11:15:33] +25.8s sky scale IMGP9241.DNG 0.773 median 0.0070
[11:15:33] +25.8s sky scale IMGP9242.DNG 0.907 median 0.0060
[11:15:33] +25.8s sky scale IMGP9243.DNG 0.984 median 0.0055
[11:15:33] +25.8s sky scale IMGP9244.DNG 0.988 median 0.0055
[11:15:33] +25.8s sky scale IMGP9245.DNG 1.025 median 0.0053
[11:15:33] +25.8s sky scale IMGP9246.DNG 1.068 median 0.0051
[11:15:33] +25.8s sky scale IMGP9247.DNG 1.565 median 0.0035
[11:15:33] +25.8s sky scale IMGP9248.DNG 1.334 median 0.0041
[11:15:33] +25.8s sky scale IMGP9249.DNG 1.456 median 0.0037
[11:15:33] +25.8s sky scale IMGP9250.DNG 1.315 median 0.0041
[11:15:33] +25.8s sky scale IMGP9251.DNG 1.150 median 0.0047
[11:15:33] +25.8s sky scale IMGP9252.DNG 1.355 median 0.0040
[11:15:33] +25.8s sky scale IMGP9253.DNG 1.175 median 0.0046
[11:15:33] +25.8s sky scale IMGP9254.DNG 0.937 median 0.0058
[11:15:33] +25.8s sky scale IMGP9255.DNG 0.803 median 0.0068
[11:15:33] +25.8s sky scale IMGP9256.DNG 0.476 median 0.0114
[11:15:33] +25.8s sky scale IMGP9257.DNG 0.354 median 0.0153
[11:15:33] +25.8s sky scale IMGP9258.DNG 0.316 median 0.0172
[11:15:33] +25.8s Matching brightness...
[11:15:33] +25.8s canvas cylindrical 11122x2093
[11:15:33] +25.9s warp IMGP9258.DNG: bbox=(0,151,1299,2093) 1299x1942
[11:15:33] +25.9s warp IMGP9244.DNG: bbox=(6708,18,8001,1955) 1293x1937
[11:15:33] +26.0s warp IMGP9249.DNG: bbox=(4453,40,5766,1985) 1313x1945
[11:15:33] +26.0s warp IMGP9241.DNG: bbox=(8135,124,9427,2061) 1292x1937
[11:15:33] +26.0s warp IMGP9238.DNG: bbox=(9403,135,10695,2072) 1292x1937
[11:15:33] +26.0s warp IMGP9240.DNG: bbox=(8484,108,9778,2045) 1294x1937
[11:15:33] +26.0s warp IMGP9255.DNG: bbox=(1454,123,2750,2060) 1296x1937
[11:15:33] +26.0s warp IMGP9254.DNG: bbox=(1951,102,3249,2040) 1298x1938
[11:15:33] +26.0s warp IMGP9251.DNG: bbox=(3645,111,4943,2048) 1298x1937
[11:15:33] +26.0s warp IMGP9252.DNG: bbox=(3202,125,4494,2062) 1292x1937
[11:15:33] +26.0s warp IMGP9250.DNG: bbox=(4050,155,5364,2093) 1314x1938
[11:15:33] +26.0s warp IMGP9246.DNG: bbox=(5857,0,7159,1931) 1302x1931
[11:15:33] +26.0s warp IMGP9256.DNG: bbox=(950,134,2256,2076) 1306x1942
[11:15:34] +26.0s warp IMGP9248.DNG: bbox=(4963,21,6273,1964) 1310x1943
[11:15:34] +26.0s warp IMGP9245.DNG: bbox=(6284,54,7582,1992) 1298x1938
[11:15:34] +26.0s warp IMGP9239.DNG: bbox=(8887,80,10181,2017) 1294x1937
[11:15:34] +26.0s warp IMGP9237.DNG: bbox=(9834,156,11122,2093) 1288x1937
[11:15:34] +26.0s warp IMGP9253.DNG: bbox=(2637,54,3946,1997) 1309x1943
[11:15:34] +26.0s warp IMGP9243.DNG: bbox=(7178,59,8470,1996) 1292x1937
[11:15:34] +26.0s warp IMGP9247.DNG: bbox=(5323,10,6634,1954) 1311x1944
[11:15:34] +26.0s warp IMGP9257.DNG: bbox=(415,155,1713,2093) 1298x1938
[11:15:34] +26.0s warp IMGP9242.DNG: bbox=(7644,83,8943,2021) 1299x1938
[11:15:34] +26.6s brightness gains=22 corner=0.711
[11:15:34] +26.6s Blending photos...
[11:15:35] +27.2s blend 1: window=2334x2093 tiles=1085
[11:15:35] +27.4s local copied sparse
[11:15:35] +27.4s seam grid 64x35 nodes=2158
[11:15:35] +27.4s cut_energy opt=151861 shipped=151861 excess=+0.000%
[11:15:35] +27.4s seam grid 495x250 nodes=28199
[11:15:35] +27.5s cut_energy opt=1521461 shipped=1521461 excess=+0.000%
[11:15:35] +27.5s seam refine nodes=28199
[11:15:35] +27.5s painted
[11:15:35] +27.5s mask blurred
[11:15:35] +27.7s pyramid gauss
[11:15:35] +27.8s pyramid expand
[11:15:35] +27.8s pasted
[11:15:35] +27.8s blended 1 keepA=0.46
[11:15:35] +27.8s blend 2: window=2326x2093 tiles=1085
[11:15:35] +27.8s local copied sparse
[11:15:35] +27.8s seam grid 64x29 nodes=1798
[11:15:35] +27.8s cut_energy opt=99089 shipped=99089 excess=+0.000%
[11:15:35] +27.8s seam grid 490x207 nodes=21949
[11:15:35] +27.9s cut_energy opt=1566391 shipped=1566391 excess=+0.000%
[11:15:35] +27.9s seam refine nodes=21949
[11:15:35] +27.9s painted
[11:15:35] +27.9s mask blurred
[11:15:35] +27.9s pyramid gauss
[11:15:36] +28.0s pyramid expand
[11:15:36] +28.0s pasted
[11:15:36] +28.0s blended 2 keepA=0.50
[11:15:36] +28.0s blend 3: window=2337x2093 tiles=1085
[11:15:36] +28.0s local copied sparse
[11:15:36] +28.1s seam grid 65x30 nodes=1895
[11:15:36] +28.1s cut_energy opt=190573 shipped=190573 excess=+0.000%
[11:15:36] +28.1s seam grid 493x214 nodes=27482
[11:15:36] +28.1s cut_energy opt=1767435 shipped=1767435 excess=+0.000%
[11:15:36] +28.1s seam refine nodes=27482
[11:15:36] +28.1s painted
[11:15:36] +28.1s mask blurred
[11:15:36] +28.2s pyramid gauss
[11:15:36] +28.2s pyramid expand
[11:15:36] +28.3s pasted
[11:15:36] +28.3s blended 3 keepA=0.50
[11:15:36] +28.3s blend 4: window=2322x2093 tiles=1085
[11:15:36] +28.3s local copied sparse
[11:15:36] +28.3s seam grid 64x31 nodes=1978
[11:15:36] +28.3s cut_energy opt=192029 shipped=192029 excess=+0.000%
[11:15:36] +28.3s seam grid 488x232 nodes=30137
[11:15:36] +28.4s cut_energy opt=1768440 shipped=1768440 excess=+0.000%
[11:15:36] +28.4s seam refine nodes=30137
[11:15:36] +28.4s painted
[11:15:36] +28.4s mask blurred
[11:15:36] +28.6s pyramid gauss
[11:15:36] +28.6s pyramid expand
[11:15:36] +28.7s pasted
[11:15:36] +28.7s blended 4 keepA=0.39
[11:15:36] +28.7s blend 5: window=2317x2093 tiles=1085
[11:15:36] +28.7s local copied sparse
[11:15:36] +28.7s seam grid 65x32 nodes=2044
[11:15:36] +28.7s cut_energy opt=148453 shipped=148453 excess=+0.000%
[11:15:36] +28.7s seam grid 496x231 nodes=27911
[11:15:36] +28.8s cut_energy opt=1646329 shipped=1646329 excess=+0.000%
[11:15:36] +28.8s seam refine nodes=27911
[11:15:36] +28.8s painted
[11:15:36] +28.8s mask blurred
[11:15:36] +28.9s pyramid gauss
[11:15:36] +28.9s pyramid expand
[11:15:36] +28.9s pasted
[11:15:36] +28.9s blended 5 keepA=0.53
[11:15:36] +28.9s blend 6: window=2338x2093 tiles=1085
[11:15:36] +29.0s local copied sparse
[11:15:37] +29.0s seam grid 62x33 nodes=2040
[11:15:37] +29.0s cut_energy opt=191830 shipped=191830 excess=+0.000%
[11:15:37] +29.0s seam grid 469x241 nodes=27382
[11:15:37] +29.1s cut_energy opt=1745331 shipped=1745331 excess=+0.000%
[11:15:37] +29.1s seam refine nodes=27382
[11:15:37] +29.1s painted
[11:15:37] +29.1s mask blurred
[11:15:37] +29.1s pyramid gauss
[11:15:37] +29.2s pyramid expand
[11:15:37] +29.2s pasted
[11:15:37] +29.2s blended 6 keepA=0.41
[11:15:37] +29.2s blend 7: window=2322x2093 tiles=1085
[11:15:37] +29.3s local copied sparse
[11:15:37] +29.3s seam grid 65x33 nodes=2127
[11:15:37] +29.3s cut_energy opt=196736 shipped=196736 excess=+0.000%
[11:15:37] +29.3s seam grid 497x236 nodes=25690
[11:15:37] +29.3s cut_energy opt=1640159 shipped=1640159 excess=+0.000%
[11:15:37] +29.3s seam refine nodes=25690
[11:15:37] +29.3s painted
[11:15:37] +29.3s mask blurred
[11:15:37] +29.4s pyramid gauss
[11:15:37] +29.4s pyramid expand
[11:15:37] +29.5s pasted
[11:15:37] +29.5s blended 7 keepA=0.52
[11:15:37] +29.5s blend 8: window=2316x2093 tiles=1085
[11:15:37] +29.5s local copied sparse
[11:15:37] +29.5s seam grid 65x31 nodes=1951
[11:15:37] +29.5s cut_energy opt=140077 shipped=140077 excess=+0.000%
[11:15:37] +29.5s seam grid 496x219 nodes=23699
[11:15:37] +29.6s cut_energy opt=1723310 shipped=1723310 excess=+0.000%
[11:15:37] +29.6s seam refine nodes=23699
[11:15:37] +29.6s painted
[11:15:37] +29.6s mask blurred
[11:15:37] +29.7s pyramid gauss
[11:15:37] +29.8s pyramid expand
[11:15:37] +29.8s pasted
[11:15:37] +29.8s blended 8 keepA=0.52
[11:15:37] +29.8s blend 9: window=2316x2093 tiles=1085
[11:15:37] +29.9s local copied sparse
[11:15:37] +29.9s seam grid 64x31 nodes=1908
[11:15:37] +29.9s cut_energy opt=91595 shipped=91595 excess=+0.000%
[11:15:37] +29.9s seam grid 497x225 nodes=27012
[11:15:38] +30.0s cut_energy opt=1200571 shipped=1200571 excess=+0.000%
[11:15:38] +30.0s seam refine nodes=27012
[11:15:38] +30.0s painted
[11:15:38] +30.0s mask blurred
[11:15:38] +30.1s pyramid gauss
[11:15:38] +30.1s pyramid expand
[11:15:38] +30.1s pasted
[11:15:38] +30.1s blended 9 keepA=0.51
[11:15:38] +30.1s blend 10: window=2323x2093 tiles=1085
[11:15:38] +30.2s local copied sparse
[11:15:38] +30.2s seam grid 64x31 nodes=1926
[11:15:38] +30.2s cut_energy opt=147111 shipped=147111 excess=+0.000%
[11:15:38] +30.2s seam grid 491x219 nodes=26753
[11:15:38] +30.2s cut_energy opt=1681188 shipped=1681188 excess=+0.000%
[11:15:38] +30.2s seam refine nodes=26753
[11:15:38] +30.3s painted
[11:15:38] +30.3s mask blurred
[11:15:38] +30.3s pyramid gauss
[11:15:38] +30.4s pyramid expand
[11:15:38] +30.4s pasted
[11:15:38] +30.4s blended 10 keepA=0.50
[11:15:38] +30.4s blend 11: window=2333x2093 tiles=1085
[11:15:38] +30.4s local copied sparse
[11:15:38] +30.4s seam grid 64x28 nodes=1788
[11:15:38] +30.4s cut_energy opt=186897 shipped=186897 excess=+0.000%
[11:15:38] +30.4s seam grid 484x199 nodes=26176
[11:15:38] +30.5s cut_energy opt=1717457 shipped=1717457 excess=+0.000%
[11:15:38] +30.5s seam refine nodes=26176
[11:15:38] +30.5s painted
[11:15:38] +30.5s mask blurred
[11:15:38] +30.6s pyramid gauss
[11:15:38] +30.6s pyramid expand
[11:15:38] +30.6s pasted
[11:15:38] +30.6s blended 11 keepA=0.49
[11:15:38] +30.6s blend 12: window=2316x2093 tiles=1085
[11:15:38] +30.7s local copied sparse
[11:15:38] +30.7s seam grid 64x30 nodes=1916
[11:15:38] +30.7s cut_energy opt=187968 shipped=187968 excess=+0.000%
[11:15:38] +30.7s seam grid 487x215 nodes=25452
[11:15:38] +30.8s cut_energy opt=1751701 shipped=1751701 excess=+0.000%
[11:15:38] +30.8s seam refine nodes=25452
[11:15:38] +30.8s painted
[11:15:38] +30.8s mask blurred
[11:15:38] +30.9s pyramid gauss
[11:15:39] +31.0s pyramid expand
[11:15:39] +31.0s pasted
[11:15:39] +31.0s blended 12 keepA=0.51
[11:15:39] +31.0s blend 13: window=2318x2093 tiles=1085
[11:15:39] +31.1s local copied sparse
[11:15:39] +31.1s seam grid 65x34 nodes=2141
[11:15:39] +31.1s cut_energy opt=146209 shipped=146209 excess=+0.000%
[11:15:39] +31.1s seam grid 497x249 nodes=33147
[11:15:39] +31.2s cut_energy opt=1628247 shipped=1628247 excess=+0.000%
[11:15:39] +31.2s seam refine nodes=33147
[11:15:39] +31.2s painted
[11:15:39] +31.2s mask blurred
[11:15:39] +31.3s pyramid gauss
[11:15:39] +31.4s pyramid expand
[11:15:39] +31.4s pasted
[11:15:39] +31.4s blended 13 keepA=0.62
[11:15:39] +31.4s blend 14: window=2322x2093 tiles=1085
[11:15:39] +31.4s local copied sparse
[11:15:39] +31.4s seam grid 484x154 nodes=74244
[11:15:39] +31.7s cut_energy opt=1708181 shipped=1708181 excess=+0.000%
[11:15:39] +31.7s painted
[11:15:39] +31.7s mask blurred
[11:15:39] +31.8s pyramid gauss
[11:15:39] +31.9s pyramid expand
[11:15:39] +31.9s pasted
[11:15:39] +31.9s blended 14 keepA=0.50
[11:15:39] +31.9s blend 15: window=2318x2093 tiles=1085
[11:15:39] +31.9s local copied sparse
[11:15:39] +31.9s seam grid 65x33 nodes=2097
[11:15:39] +31.9s cut_energy opt=191484 shipped=191484 excess=+0.000%
[11:15:39] +31.9s seam grid 496x236 nodes=26464
[11:15:40] +32.0s cut_energy opt=1695342 shipped=1695342 excess=+0.000%
[11:15:40] +32.0s seam refine nodes=26464
[11:15:40] +32.0s painted
[11:15:40] +32.0s mask blurred
[11:15:40] +32.1s pyramid gauss
[11:15:40] +32.2s pyramid expand
[11:15:40] +32.2s pasted
[11:15:40] +32.2s blended 15 keepA=0.50
[11:15:40] +32.2s blend 16: window=2320x2093 tiles=1085
[11:15:40] +32.2s local copied sparse
[11:15:40] +32.2s seam grid 65x30 nodes=1864
[11:15:40] +32.2s cut_energy opt=86194 shipped=86194 excess=+0.000%
[11:15:40] +32.2s seam grid 492x213 nodes=21448
[11:15:40] +32.3s cut_energy opt=1366599 shipped=1366599 excess=+0.000%
[11:15:40] +32.3s seam refine nodes=21448
[11:15:40] +32.3s painted
[11:15:40] +32.3s mask blurred
[11:15:40] +32.3s pyramid gauss
[11:15:40] +32.4s pyramid expand
[11:15:40] +32.4s pasted
[11:15:40] +32.4s blended 16 keepA=0.49
[11:15:40] +32.4s blend 17: window=2231x2093 tiles=1023
[11:15:40] +32.5s local copied sparse
[11:15:40] +32.5s seam grid 64x29 nodes=1794
[11:15:40] +32.5s cut_energy opt=121455 shipped=121455 excess=+0.000%
[11:15:40] +32.5s seam grid 494x207 nodes=24815
[11:15:40] +32.6s cut_energy opt=1744784 shipped=1744784 excess=+0.000%
[11:15:40] +32.6s seam refine nodes=24815
[11:15:40] +32.6s painted
[11:15:40] +32.6s mask blurred
[11:15:40] +32.6s pyramid gauss
[11:15:40] +32.7s pyramid expand
[11:15:40] +32.7s pasted
[11:15:40] +32.7s blended 17 keepA=0.53
[11:15:40] +32.7s blend 18: window=2330x2093 tiles=1085
[11:15:40] +32.7s local copied sparse
[11:15:40] +32.8s seam grid 65x30 nodes=1886
[11:15:40] +32.8s cut_energy opt=188803 shipped=188803 excess=+0.000%
[11:15:40] +32.8s seam grid 494x213 nodes=28098
[11:15:40] +32.8s cut_energy opt=1703865 shipped=1703865 excess=+0.000%
[11:15:40] +32.8s seam refine nodes=28098
[11:15:40] +32.8s painted
[11:15:40] +32.9s mask blurred
[11:15:41] +33.0s pyramid gauss
[11:15:41] +33.1s pyramid expand
[11:15:41] +33.1s pasted
[11:15:41] +33.1s blended 18 keepA=0.50
[11:15:41] +33.1s blend 19: window=1800x2093 tiles=837
[11:15:41] +33.1s local copied sparse
[11:15:41] +33.1s seam grid 65x32 nodes=1996
[11:15:41] +33.1s cut_energy opt=91646 shipped=91646 excess=+0.000%
[11:15:41] +33.1s seam grid 491x228 nodes=21608
[11:15:41] +33.2s cut_energy opt=1421586 shipped=1421586 excess=+0.000%
[11:15:41] +33.2s seam refine nodes=21608
[11:15:41] +33.2s painted
[11:15:41] +33.2s mask blurred
[11:15:41] +33.2s pyramid gauss
[11:15:41] +33.3s pyramid expand
[11:15:41] +33.3s pasted
[11:15:41] +33.3s blended 19 keepA=0.49
[11:15:41] +33.3s blend 20: window=2225x2093 tiles=1023
[11:15:41] +33.3s local copied sparse
[11:15:41] +33.3s seam grid 64x29 nodes=1776
[11:15:41] +33.3s cut_energy opt=97161 shipped=97161 excess=+0.000%
[11:15:41] +33.3s seam grid 491x204 nodes=24701
[11:15:41] +33.4s cut_energy opt=1413669 shipped=1413669 excess=+0.000%
[11:15:41] +33.4s seam refine nodes=24701
[11:15:41] +33.4s painted
[11:15:41] +33.4s mask blurred
[11:15:41] +33.5s pyramid gauss
[11:15:41] +33.5s pyramid expand
[11:15:41] +33.5s pasted
[11:15:41] +33.5s blended 20 keepA=0.50
[11:15:41] +33.5s blend 21: window=1811x2093 tiles=837
[11:15:41] +33.6s local copied sparse
[11:15:41] +33.6s seam grid 65x33 nodes=2061
[11:15:41] +33.6s cut_energy opt=98710 shipped=98710 excess=+0.000%
[11:15:41] +33.6s seam grid 491x234 nodes=30220
[11:15:41] +33.6s cut_energy opt=1036291 shipped=1036291 excess=+0.000%
[11:15:41] +33.6s seam refine nodes=30220
[11:15:41] +33.6s painted
[11:15:41] +33.6s mask blurred
[11:15:41] +33.7s pyramid gauss
[11:15:41] +33.7s pyramid expand
[11:15:41] +33.7s pasted
[11:15:41] +33.7s blended 21 keepA=0.49
[11:15:41] +33.8s preview canvas cylindrical 11122x2093 shifts=21
[11:15:41] +33.8s time  preview=12.49s (solve+match 21.29s)
[11:15:42] +34.0s preview ready /home/dalibor/Projects/RapidRAW/lean_pano_proto/out/v52/IMGP9237/IMGP9237_preview.jpg
[11:15:42] +34.0s save started
[11:15:42] +34.0s develop jobs=4
[11:15:51] +43.0s developed IMGP9237.DNG 4000x6016 -> 1277x1920
[11:15:51] +43.0s developed IMGP9238.DNG 4000x6016 -> 1277x1920
[11:15:51] +43.0s developed IMGP9239.DNG 4000x6016 -> 1277x1920
[11:15:51] +43.0s developed IMGP9240.DNG 4000x6016 -> 1277x1920
[11:15:51] +43.0s developed IMGP9241.DNG 4000x6016 -> 1277x1920
[11:15:51] +43.0s developed IMGP9242.DNG 4000x6016 -> 1277x1920
[11:15:51] +43.0s developed IMGP9243.DNG 4000x6016 -> 1277x1920
[11:15:51] +43.0s developed IMGP9244.DNG 4000x6016 -> 1277x1920
[11:15:51] +43.0s developed IMGP9245.DNG 4000x6016 -> 1277x1920
[11:15:51] +43.0s developed IMGP9246.DNG 4000x6016 -> 1277x1920
[11:15:51] +43.0s developed IMGP9247.DNG 4000x6016 -> 1277x1920
[11:15:51] +43.0s developed IMGP9248.DNG 4000x6016 -> 1277x1920
[11:15:51] +43.0s developed IMGP9249.DNG 4000x6016 -> 1277x1920
[11:15:51] +43.0s developed IMGP9250.DNG 4000x6016 -> 1277x1920
[11:15:51] +43.0s developed IMGP9251.DNG 4000x6016 -> 1277x1920
[11:15:51] +43.0s developed IMGP9252.DNG 4000x6016 -> 1277x1920
[11:15:51] +43.0s developed IMGP9253.DNG 4000x6016 -> 1277x1920
[11:15:51] +43.0s developed IMGP9254.DNG 4000x6016 -> 1277x1920
[11:15:51] +43.0s developed IMGP9255.DNG 4000x6016 -> 1277x1920
[11:15:51] +43.0s developed IMGP9256.DNG 4000x6016 -> 1277x1920
[11:15:51] +43.0s developed IMGP9257.DNG 4000x6016 -> 1277x1920
[11:15:51] +43.0s developed IMGP9258.DNG 4000x6016 -> 1277x1920
[11:15:51] +43.0s time  develop=9.03s
[11:15:51] +43.0s scale raw=4000x6016 jpeg=4000x6016 x=1.0000 y=1.0000
[11:15:51] +43.0s Matching brightness...
[11:15:51] +43.0s canvas cylindrical 11122x2093
[11:15:51] +43.2s warp IMGP9248.DNG: bbox=(4963,21,6273,1964) 1310x1943
[11:15:51] +43.2s warp IMGP9242.DNG: bbox=(7644,83,8943,2021) 1299x1938
[11:15:51] +43.2s warp IMGP9254.DNG: bbox=(1951,102,3249,2040) 1298x1938
[11:15:51] +43.2s warp IMGP9243.DNG: bbox=(7178,59,8470,1996) 1292x1937
[11:15:51] +43.2s warp IMGP9250.DNG: bbox=(4050,155,5364,2093) 1314x1938
[11:15:51] +43.2s warp IMGP9237.DNG: bbox=(9834,156,11122,2093) 1288x1937
[11:15:51] +43.2s warp IMGP9241.DNG: bbox=(8135,124,9427,2061) 1292x1937
[11:15:51] +43.2s warp IMGP9252.DNG: bbox=(3202,125,4494,2062) 1292x1937
[11:15:51] +43.2s warp IMGP9239.DNG: bbox=(8887,80,10181,2017) 1294x1937
[11:15:51] +43.2s warp IMGP9240.DNG: bbox=(8484,108,9778,2045) 1294x1937
[11:15:51] +43.2s warp IMGP9244.DNG: bbox=(6708,18,8001,1955) 1293x1937
[11:15:51] +43.2s warp IMGP9257.DNG: bbox=(415,155,1713,2093) 1298x1938
[11:15:51] +43.2s warp IMGP9253.DNG: bbox=(2637,54,3946,1997) 1309x1943
[11:15:51] +43.2s warp IMGP9238.DNG: bbox=(9403,135,10695,2072) 1292x1937
[11:15:51] +43.2s warp IMGP9251.DNG: bbox=(3645,111,4943,2048) 1298x1937
[11:15:51] +43.2s warp IMGP9256.DNG: bbox=(950,134,2256,2076) 1306x1942
[11:15:51] +43.2s warp IMGP9245.DNG: bbox=(6284,54,7582,1992) 1298x1938
[11:15:51] +43.3s warp IMGP9258.DNG: bbox=(0,151,1299,2093) 1299x1942
[11:15:51] +43.3s warp IMGP9246.DNG: bbox=(5857,0,7159,1931) 1302x1931
[11:15:51] +43.3s warp IMGP9255.DNG: bbox=(1454,123,2750,2060) 1296x1937
[11:15:51] +43.3s warp IMGP9249.DNG: bbox=(4453,40,5766,1985) 1313x1945
[11:15:51] +43.4s warp IMGP9247.DNG: bbox=(5323,10,6634,1954) 1311x1944
[11:15:52] +44.2s brightness gains=22 corner=1.072
[11:15:52] +44.2s Blending photos...
[11:15:52] +44.7s blend 1: window=2334x2093 tiles=1085
[11:15:53] +45.0s local moved kept=232 field=2.24 disagree 0.2683 -> 0.1140
[11:15:53] +45.1s seam grid 64x35 nodes=2158
[11:15:53] +45.1s cut_energy opt=144287 shipped=144287 excess=+0.000%
[11:15:53] +45.1s seam grid 495x250 nodes=29431
[11:15:53] +45.2s cut_energy opt=1507625 shipped=1507625 excess=+0.000%
[11:15:53] +45.2s seam refine nodes=29431
[11:15:53] +45.2s painted
[11:15:53] +45.2s mask blurred
[11:15:53] +45.3s pyramid gauss
[11:15:53] +45.4s pyramid expand
[11:15:53] +45.4s pasted
[11:15:53] +45.4s blended 1 keepA=0.47
[11:15:53] +45.4s blend 2: window=2326x2093 tiles=1085
[11:15:53] +45.6s local moved kept=180 field=3.29 disagree 0.3538 -> 0.1708
[11:15:53] +45.7s seam grid 64x29 nodes=1798
[11:15:53] +45.7s cut_energy opt=105405 shipped=105405 excess=+0.000%
[11:15:53] +45.7s seam grid 490x207 nodes=22994
[11:15:53] +45.7s cut_energy opt=1578021 shipped=1578021 excess=+0.000%
[11:15:53] +45.7s seam refine nodes=22994
[11:15:53] +45.7s painted
[11:15:53] +45.7s mask blurred
[11:15:53] +45.8s pyramid gauss
[11:15:53] +45.9s pyramid expand
[11:15:53] +45.9s pasted
[11:15:53] +45.9s blended 2 keepA=0.50
[11:15:53] +45.9s blend 3: window=2337x2093 tiles=1085
[11:15:54] +46.1s local moved kept=202 field=4.83 disagree 0.3455 -> 0.1548
[11:15:54] +46.1s seam grid 65x30 nodes=1895
[11:15:54] +46.1s cut_energy opt=194470 shipped=194470 excess=+0.000%
[11:15:54] +46.1s seam grid 493x214 nodes=27242
[11:15:54] +46.2s cut_energy opt=1733646 shipped=1733646 excess=+0.000%
[11:15:54] +46.2s seam refine nodes=27242
[11:15:54] +46.2s painted
[11:15:54] +46.2s mask blurred
[11:15:54] +46.3s pyramid gauss
[11:15:54] +46.3s pyramid expand
[11:15:54] +46.3s pasted
[11:15:54] +46.3s blended 3 keepA=0.48
[11:15:54] +46.3s blend 4: window=2322x2093 tiles=1085
[11:15:54] +46.6s local moved kept=205 field=5.21 disagree 0.3335 -> 0.1520
[11:15:54] +46.6s seam grid 64x31 nodes=1978
[11:15:54] +46.6s cut_energy opt=190839 shipped=190839 excess=+0.000%
[11:15:54] +46.6s seam grid 488x232 nodes=30514
[11:15:54] +46.7s cut_energy opt=1792195 shipped=1792195 excess=+0.000%
[11:15:54] +46.7s seam refine nodes=30514
[11:15:54] +46.8s painted
[11:15:54] +46.8s mask blurred
[11:15:54] +46.9s pyramid gauss
[11:15:54] +46.9s pyramid expand
[11:15:54] +46.9s pasted
[11:15:54] +46.9s blended 4 keepA=0.44
[11:15:54] +46.9s blend 5: window=2317x2093 tiles=1085
[11:15:55] +47.2s local moved kept=194 field=4.75 disagree 0.3076 -> 0.1503
[11:15:55] +47.2s seam grid 65x32 nodes=2044
[11:15:55] +47.2s cut_energy opt=147297 shipped=147297 excess=+0.000%
[11:15:55] +47.2s seam grid 496x231 nodes=27953
[11:15:55] +47.3s cut_energy opt=1679976 shipped=1679976 excess=+0.000%
[11:15:55] +47.3s seam refine nodes=27953
[11:15:55] +47.3s painted
[11:15:55] +47.3s mask blurred
[11:15:55] +47.4s pyramid gauss
[11:15:55] +47.5s pyramid expand
[11:15:55] +47.5s pasted
[11:15:55] +47.5s blended 5 keepA=0.53
[11:15:55] +47.5s blend 6: window=2338x2093 tiles=1085
[11:15:55] +47.7s local moved kept=227 field=5.20 disagree 0.3534 -> 0.1477
[11:15:55] +47.7s seam grid 62x33 nodes=2040
[11:15:55] +47.7s cut_energy opt=194822 shipped=194822 excess=+0.000%
[11:15:55] +47.7s seam grid 469x241 nodes=30619
[11:15:55] +47.8s cut_energy opt=1735659 shipped=1735659 excess=+0.000%
[11:15:55] +47.8s seam refine nodes=30619
[11:15:55] +47.8s painted
[11:15:55] +47.8s mask blurred
[11:15:55] +47.9s pyramid gauss
[11:15:56] +48.0s pyramid expand
[11:15:56] +48.0s pasted
[11:15:56] +48.0s blended 6 keepA=0.43
[11:15:56] +48.0s blend 7: window=2322x2093 tiles=1085
[11:15:56] +48.2s local moved kept=219 field=4.63 disagree 0.2839 -> 0.1308
[11:15:56] +48.3s seam grid 65x33 nodes=2127
[11:15:56] +48.3s cut_energy opt=199712 shipped=199712 excess=+0.000%
[11:15:56] +48.3s seam grid 497x236 nodes=25690
[11:15:56] +48.3s cut_energy opt=1664846 shipped=1664846 excess=+0.000%
[11:15:56] +48.3s seam refine nodes=25690
[11:15:56] +48.3s painted
[11:15:56] +48.3s mask blurred
[11:15:56] +48.5s pyramid gauss
[11:15:56] +48.6s pyramid expand
[11:15:56] +48.6s pasted
[11:15:56] +48.6s blended 7 keepA=0.52
[11:15:56] +48.6s blend 8: window=2316x2093 tiles=1085
[11:15:56] +48.8s local moved kept=156 field=5.43 disagree 0.3235 -> 0.1863
[11:15:56] +48.8s seam grid 65x31 nodes=1951
[11:15:56] +48.8s cut_energy opt=148033 shipped=148033 excess=+0.000%
[11:15:56] +48.8s seam grid 496x219 nodes=24152
[11:15:56] +49.0s cut_energy opt=1855981 shipped=1855981 excess=+0.000%
[11:15:56] +49.0s seam refine nodes=24152
[11:15:56] +49.0s painted
[11:15:57] +49.0s mask blurred
[11:15:57] +49.1s pyramid gauss
[11:15:57] +49.1s pyramid expand
[11:15:57] +49.1s pasted
[11:15:57] +49.1s blended 8 keepA=0.54
[11:15:57] +49.1s blend 9: window=2316x2093 tiles=1085
[11:15:57] +49.4s local moved kept=212 field=5.23 disagree 0.2747 -> 0.1250
[11:15:57] +49.4s seam grid 64x31 nodes=1908
[11:15:57] +49.4s cut_energy opt=98521 shipped=98521 excess=+0.000%
[11:15:57] +49.4s seam grid 497x225 nodes=28370
[11:15:57] +49.5s cut_energy opt=1228279 shipped=1228279 excess=+0.000%
[11:15:57] +49.5s seam refine nodes=28370
[11:15:57] +49.5s painted
[11:15:57] +49.5s mask blurred
[11:15:57] +49.6s pyramid gauss
[11:15:57] +49.7s pyramid expand
[11:15:57] +49.7s pasted
[11:15:57] +49.7s blended 9 keepA=0.51
[11:15:57] +49.7s blend 10: window=2323x2093 tiles=1085
[11:15:57] +49.9s local moved kept=161 field=5.28 disagree 0.3110 -> 0.1710
[11:15:57] +50.0s seam grid 64x31 nodes=1926
[11:15:57] +50.0s cut_energy opt=152408 shipped=152408 excess=+0.000%
[11:15:57] +50.0s seam grid 491x219 nodes=30622
[11:15:58] +50.1s cut_energy opt=1699900 shipped=1699900 excess=+0.000%
[11:15:58] +50.1s seam refine nodes=30622
[11:15:58] +50.1s painted
[11:15:58] +50.1s mask blurred
[11:15:58] +50.2s pyramid gauss
[11:15:58] +50.3s pyramid expand
[11:15:58] +50.3s pasted
[11:15:58] +50.3s blended 10 keepA=0.48
[11:15:58] +50.3s blend 11: window=2333x2093 tiles=1085
[11:15:58] +50.5s local moved kept=171 field=5.47 disagree 0.3346 -> 0.1561
[11:15:58] +50.5s seam grid 64x28 nodes=1788
[11:15:58] +50.5s cut_energy opt=186415 shipped=186415 excess=+0.000%
[11:15:58] +50.5s seam grid 484x199 nodes=25121
[11:15:58] +50.6s cut_energy opt=1766056 shipped=1766056 excess=+0.000%
[11:15:58] +50.6s seam refine nodes=25121
[11:15:58] +50.6s painted
[11:15:58] +50.6s mask blurred
[11:15:58] +50.7s pyramid gauss
[11:15:58] +50.8s pyramid expand
[11:15:58] +50.8s pasted
[11:15:58] +50.8s blended 11 keepA=0.49
[11:15:58] +50.8s blend 12: window=2316x2093 tiles=1085
[11:15:59] +51.1s local moved kept=174 field=5.30 disagree 0.3236 -> 0.1733
[11:15:59] +51.1s seam grid 64x30 nodes=1916
[11:15:59] +51.1s cut_energy opt=192357 shipped=192357 excess=+0.000%
[11:15:59] +51.1s seam grid 487x215 nodes=25960
[11:15:59] +51.2s cut_energy opt=1876781 shipped=1876781 excess=+0.000%
[11:15:59] +51.2s seam refine nodes=25960
[11:15:59] +51.2s painted
[11:15:59] +51.2s mask blurred
[11:15:59] +51.3s pyramid gauss
[11:15:59] +51.4s pyramid expand
[11:15:59] +51.4s pasted
[11:15:59] +51.4s blended 12 keepA=0.51
[11:15:59] +51.4s blend 13: window=2318x2093 tiles=1085
[11:15:59] +51.7s local moved kept=206 field=5.11 disagree 0.3044 -> 0.1633
[11:15:59] +51.7s seam grid 65x34 nodes=2141
[11:15:59] +51.7s cut_energy opt=144131 shipped=144131 excess=+0.000%
[11:15:59] +51.7s seam grid 497x249 nodes=30782
[11:15:59] +51.8s cut_energy opt=1620709 shipped=1620709 excess=+0.000%
[11:15:59] +51.8s seam refine nodes=30782
[11:15:59] +51.8s painted
[11:15:59] +51.8s mask blurred
[11:15:59] +51.9s pyramid gauss
[11:16:00] +52.0s pyramid expand
[11:16:00] +52.0s pasted
[11:16:00] +52.0s blended 13 keepA=0.52
[11:16:00] +52.0s blend 14: window=2322x2093 tiles=1085
[11:16:00] +52.2s local moved kept=118 field=5.21 disagree 0.2741 -> 0.1399
[11:16:00] +52.2s seam grid 484x154 nodes=74244
[11:16:00] +52.6s cut_energy opt=1703108 shipped=1703108 excess=+0.000%
[11:16:00] +52.6s painted
[11:16:00] +52.6s mask blurred
[11:16:00] +52.7s pyramid gauss
[11:16:00] +52.8s pyramid expand
[11:16:00] +52.8s pasted
[11:16:00] +52.8s blended 14 keepA=0.50
[11:16:00] +52.8s blend 15: window=2318x2093 tiles=1085
[11:16:01] +53.0s local moved kept=186 field=5.38 disagree 0.3347 -> 0.1816
[11:16:01] +53.1s seam grid 65x33 nodes=2097
[11:16:01] +53.1s cut_energy opt=192782 shipped=192782 excess=+0.000%
[11:16:01] +53.1s seam grid 496x236 nodes=29925
[11:16:01] +53.2s cut_energy opt=1766660 shipped=1766660 excess=+0.000%
[11:16:01] +53.2s seam refine nodes=29925
[11:16:01] +53.2s painted
[11:16:01] +53.2s mask blurred
[11:16:01] +53.3s pyramid gauss
[11:16:01] +53.4s pyramid expand
[11:16:01] +53.4s pasted
[11:16:01] +53.4s blended 15 keepA=0.58
[11:16:01] +53.4s blend 16: window=2320x2093 tiles=1085
[11:16:01] +53.6s local moved kept=159 field=5.78 disagree 0.2322 -> 0.1118
[11:16:01] +53.7s seam grid 65x30 nodes=1864
[11:16:01] +53.7s cut_energy opt=89866 shipped=89866 excess=+0.000%
[11:16:01] +53.7s seam grid 492x213 nodes=21796
[11:16:01] +53.7s cut_energy opt=1405909 shipped=1405909 excess=+0.000%
[11:16:01] +53.7s seam refine nodes=21796
[11:16:01] +53.7s painted
[11:16:01] +53.7s mask blurred
[11:16:01] +53.8s pyramid gauss
[11:16:01] +53.9s pyramid expand
[11:16:01] +53.9s pasted
[11:16:01] +53.9s blended 16 keepA=0.49
[11:16:01] +53.9s blend 17: window=2231x2093 tiles=1023
[11:16:02] +54.2s local moved kept=154 field=5.40 disagree 0.3305 -> 0.1846
[11:16:02] +54.2s seam grid 64x29 nodes=1794
[11:16:02] +54.2s cut_energy opt=125495 shipped=125495 excess=+0.000%
[11:16:02] +54.2s seam grid 494x207 nodes=24873
[11:16:02] +54.3s cut_energy opt=1844615 shipped=1844615 excess=+0.000%
[11:16:02] +54.3s seam refine nodes=24873
[11:16:02] +54.3s painted
[11:16:02] +54.3s mask blurred
[11:16:02] +54.4s pyramid gauss
[11:16:02] +54.5s pyramid expand
[11:16:02] +54.5s pasted
[11:16:02] +54.5s blended 17 keepA=0.54
[11:16:02] +54.5s blend 18: window=2330x2093 tiles=1085
[11:16:02] +54.8s local moved kept=163 field=5.36 disagree 0.2685 -> 0.1321
[11:16:02] +54.8s seam grid 65x30 nodes=1886
[11:16:02] +54.8s cut_energy opt=189031 shipped=189031 excess=+0.000%
[11:16:02] +54.8s seam grid 494x213 nodes=27588
[11:16:02] +54.9s cut_energy opt=1690217 shipped=1690217 excess=+0.000%
[11:16:02] +54.9s seam refine nodes=27588
[11:16:02] +54.9s painted
[11:16:02] +54.9s mask blurred
[11:16:03] +55.0s pyramid gauss
[11:16:03] +55.1s pyramid expand
[11:16:03] +55.1s pasted
[11:16:03] +55.1s blended 18 keepA=0.52
[11:16:03] +55.1s blend 19: window=1800x2093 tiles=837
[11:16:03] +55.3s local moved kept=168 field=5.43 disagree 0.2829 -> 0.1554
[11:16:03] +55.3s seam grid 65x32 nodes=1996
[11:16:03] +55.3s cut_energy opt=94812 shipped=94812 excess=+0.000%
[11:16:03] +55.3s seam grid 491x228 nodes=21242
[11:16:03] +55.4s cut_energy opt=1454546 shipped=1454546 excess=+0.000%
[11:16:03] +55.4s seam refine nodes=21242
[11:16:03] +55.4s painted
[11:16:03] +55.4s mask blurred
[11:16:03] +55.5s pyramid gauss
[11:16:03] +55.6s pyramid expand
[11:16:03] +55.6s pasted
[11:16:03] +55.6s blended 19 keepA=0.50
[11:16:03] +55.6s blend 20: window=2225x2093 tiles=1023
[11:16:03] +55.8s local moved kept=112 field=5.55 disagree 0.2331 -> 0.1212
[11:16:03] +55.8s seam grid 64x29 nodes=1776
[11:16:03] +55.8s cut_energy opt=97416 shipped=97416 excess=+0.000%
[11:16:03] +55.8s seam grid 491x204 nodes=24829
[11:16:03] +55.9s cut_energy opt=1430450 shipped=1430450 excess=+0.000%
[11:16:03] +55.9s seam refine nodes=24829
[11:16:03] +55.9s painted
[11:16:03] +55.9s mask blurred
[11:16:03] +55.9s pyramid gauss
[11:16:04] +56.0s pyramid expand
[11:16:04] +56.0s pasted
[11:16:04] +56.0s blended 20 keepA=0.50
[11:16:04] +56.0s blend 21: window=1811x2093 tiles=837
[11:16:04] +56.2s local moved kept=131 field=5.28 disagree 0.2036 -> 0.1093
[11:16:04] +56.2s seam grid 65x33 nodes=2061
[11:16:04] +56.2s cut_energy opt=99564 shipped=99564 excess=+0.000%
[11:16:04] +56.3s seam grid 491x234 nodes=30220
[11:16:04] +56.3s cut_energy opt=1072248 shipped=1072248 excess=+0.000%
[11:16:04] +56.3s seam refine nodes=30220
[11:16:04] +56.3s painted
[11:16:04] +56.3s mask blurred
[11:16:04] +56.4s pyramid gauss
[11:16:04] +56.5s pyramid expand
[11:16:04] +56.5s pasted
[11:16:04] +56.5s blended 21 keepA=0.50
[11:16:04] +56.5s time  linear_photometry=13.50s
[11:16:04] +56.5s photometry source=second compose
[11:16:04] +56.5s save seam preview
[11:16:04] +56.5s save cut fullres
[11:16:04] +56.5s photometry gains=22
[11:16:04] +56.5s photo pedestal=0.001170 field_norm=0.951102 gains=[1.0063 1.1152 1.1017 0.8645 1.1379 1.1651 0.8926 0.8808 1.2042 0.9125 1.1387 0.8688 1.1977 1.2997 0.8081 1.4375 0.8358 1.2005 0.7685 1.2871 0.6868 0.6698]
[11:16:04] +56.5s save seam developed
[11:16:04] +56.5s canvas cylindrical 34844x6555
[11:16:04] +56.7s local align resolution 1/1
[11:16:04] +56.7s composite levels=7 pad=1024
[11:16:04] +56.7s local alignment refine=false
[11:16:05] +57.2s warped IMGP9247.DNG straight
[11:16:06] +58.2s field n=0 const=[1.0000 1.0000 1.0000] peak=0.0000 gain=0.0023 (rejected)
[11:16:06] +58.4s seam grid 193x96 nodes=18398
[11:16:06] +58.5s cut_energy opt=267810 shipped=267810 excess=+0.000%
[11:16:06] +58.5s seam grid 1517x747 nodes=113626
[11:16:07] +59.4s cut_energy opt=2409906 shipped=2409906 excess=+0.000%
[11:16:07] +59.4s seam refine nodes=113626
[11:16:07] +59.4s painted
[11:16:07] +59.5s mask blurred
[11:16:08] +60.8s pyramid gauss
[11:16:09] +61.6s pyramid expand
[11:16:09] +61.7s blended
[11:16:09] +61.7s seam 1 window=6112x6555 keepA=0.34
[11:16:09] +61.7s warped IMGP9248.DNG nudged
[11:16:10] +62.5s field n=0 const=[1.0000 1.0000 1.0000] peak=0.0000 gain=0.0025 (rejected)
[11:16:10] +62.7s seam grid 192x80 nodes=15350
[11:16:10] +62.8s cut_energy opt=271885 shipped=271885 excess=+0.000%
[11:16:10] +62.8s seam grid 1506x613 nodes=86552
[11:16:11] +63.2s cut_energy opt=2472065 shipped=2472065 excess=+0.000%
[11:16:11] +63.2s seam refine nodes=86552
[11:16:11] +63.2s painted
[11:16:11] +63.3s mask blurred
[11:16:12] +64.5s pyramid gauss
[11:16:13] +65.2s pyramid expand
[11:16:13] +65.3s blended
[11:16:13] +65.3s seam 2 window=6088x6555 keepA=0.59
[11:16:13] +65.3s warped IMGP9246.DNG nudged
[11:16:14] +66.3s field n=0 const=[1.0000 1.0000 1.0000] peak=0.0000 gain=0.0034 (rejected)
[11:16:14] +66.5s seam grid 192x82 nodes=15733
[11:16:14] +66.5s cut_energy opt=289842 shipped=289842 excess=+0.000%
[11:16:14] +66.6s seam grid 1507x632 nodes=84201
[11:16:14] +66.9s cut_energy opt=2403121 shipped=2403121 excess=+0.000%
[11:16:14] +66.9s seam refine nodes=84201
[11:16:14] +66.9s painted
[11:16:14] +67.0s mask blurred
[11:16:16] +68.3s pyramid gauss
[11:16:16] +69.0s pyramid expand
[11:16:17] +69.1s blended
[11:16:17] +69.1s seam 3 window=6125x6555 keepA=0.50
[11:16:17] +69.1s warped IMGP9249.DNG nudged
[11:16:18] +70.2s field n=0 const=[1.0000 1.0000 1.0000] peak=0.0000 gain=0.0034 (rejected)
[11:16:18] +70.4s seam grid 190x89 nodes=16904
[11:16:18] +70.4s cut_energy opt=263473 shipped=263473 excess=+0.000%
[11:16:18] +70.5s seam grid 1492x688 nodes=91526
[11:16:19] +71.9s cut_energy opt=2587154 shipped=2587154 excess=+0.000%
[11:16:19] +71.9s seam refine nodes=91526
[11:16:19] +71.9s painted
[11:16:20] +72.0s mask blurred
[11:16:21] +73.2s pyramid gauss
[11:16:22] +74.0s pyramid expand
[11:16:22] +74.1s blended
[11:16:22] +74.1s seam 4 window=6077x6555 keepA=0.36
[11:16:22] +74.1s warped IMGP9245.DNG nudged
[11:16:23] +75.3s field n=0 const=[1.0000 1.0000 1.0000] peak=0.0000 gain=0.0040 (rejected)
[11:16:23] +75.5s seam grid 192x89 nodes=17028
[11:16:23] +75.5s cut_energy opt=228003 shipped=228003 excess=+0.000%
[11:16:23] +75.6s seam grid 1521x689 nodes=87852
[11:16:24] +76.4s cut_energy opt=2551172 shipped=2551172 excess=+0.000%
[11:16:24] +76.4s seam refine nodes=87852
[11:16:24] +76.5s painted
[11:16:24] +76.5s mask blurred
[11:16:25] +77.7s pyramid gauss
[11:16:26] +78.5s pyramid expand
[11:16:26] +78.6s blended
[11:16:26] +78.6s seam 5 window=6063x6555 keepA=0.70
[11:16:26] +78.6s warped IMGP9244.DNG nudged
[11:16:27] +79.7s field n=0 const=[1.0000 1.0000 1.0000] peak=0.0000 gain=0.0016 (rejected)
[11:16:27] +79.9s seam grid 183x93 nodes=17008
[11:16:27] +79.9s cut_energy opt=281437 shipped=281437 excess=+0.000%
[11:16:27] +80.0s seam grid 1434x717 nodes=86618
[11:16:28] +80.4s cut_energy opt=2218198 shipped=2218198 excess=+0.000%
[11:16:28] +80.4s seam refine nodes=86618
[11:16:28] +80.4s painted
[11:16:28] +80.5s mask blurred
[11:16:29] +81.8s pyramid gauss
[11:16:30] +82.5s pyramid expand
[11:16:30] +82.6s blended
[11:16:30] +82.6s seam 6 window=6126x6555 keepA=0.41
[11:16:30] +82.6s warped IMGP9250.DNG nudged
[11:16:31] +83.7s field n=0 const=[1.0000 1.0000 1.0000] peak=0.0000 gain=0.0034 (rejected)
[11:16:31] +83.9s seam grid 193x91 nodes=17517
[11:16:31] +83.9s cut_energy opt=246115 shipped=246115 excess=+0.000%
[11:16:31] +84.0s seam grid 1521x702 nodes=86164
[11:16:32] +84.4s cut_energy opt=1965335 shipped=1965335 excess=+0.000%
[11:16:32] +84.4s seam refine nodes=86164
[11:16:32] +84.4s painted
[11:16:32] +84.5s mask blurred
[11:16:33] +85.7s pyramid gauss
[11:16:34] +86.5s pyramid expand
[11:16:34] +86.6s blended
[11:16:34] +86.6s seam 7 window=6075x6555 keepA=0.51
[11:16:34] +86.6s warped IMGP9251.DNG nudged
[11:16:35] +87.7s field n=0 const=[1.0000 1.0000 1.0000] peak=0.0000 gain=0.0036 (rejected)
[11:16:35] +87.9s seam grid 192x83 nodes=15766
[11:16:35] +88.0s cut_energy opt=209655 shipped=209655 excess=+0.000%
[11:16:36] +88.0s seam grid 1517x649 nodes=89037
[11:16:37] +89.3s cut_energy opt=2556709 shipped=2556709 excess=+0.000%
[11:16:37] +89.3s seam refine nodes=89037
[11:16:37] +89.4s painted
[11:16:37] +89.4s mask blurred
[11:16:38] +90.6s pyramid gauss
[11:16:39] +91.3s pyramid expand
[11:16:39] +91.4s blended
[11:16:39] +91.4s seam 8 window=6058x6555 keepA=0.51
[11:16:39] +91.4s warped IMGP9243.DNG nudged
[11:16:40] +92.5s field n=0 const=[1.0000 1.0000 1.0000] peak=0.0000 gain=0.0025 (rejected)
[11:16:40] +92.7s seam grid 192x87 nodes=16616
[11:16:40] +92.7s cut_energy opt=208645 shipped=208645 excess=+0.000%
[11:16:40] +92.8s seam grid 1521x669 nodes=81428
[11:16:41] +93.2s cut_energy opt=2144173 shipped=2144173 excess=+0.000%
[11:16:41] +93.2s seam refine nodes=81428
[11:16:41] +93.2s painted
[11:16:41] +93.3s mask blurred
[11:16:42] +94.4s pyramid gauss
[11:16:43] +95.1s pyramid expand
[11:16:43] +95.2s blended
[11:16:43] +95.2s seam 9 window=6058x6555 keepA=0.51
[11:16:43] +95.2s warped IMGP9252.DNG nudged
[11:16:44] +96.3s field n=0 const=[1.0000 1.0000 1.0000] peak=0.0000 gain=0.0055 (rejected)
[11:16:44] +96.5s seam grid 191x85 nodes=16229
[11:16:44] +96.5s cut_energy opt=285384 shipped=285384 excess=+0.000%
[11:16:44] +96.6s seam grid 1502x650 nodes=82222
[11:16:45] +97.4s cut_energy opt=2425328 shipped=2425328 excess=+0.000%
[11:16:45] +97.4s seam refine nodes=82222
[11:16:45] +97.4s painted
[11:16:45] +97.5s mask blurred
[11:16:46] +98.7s pyramid gauss
[11:16:47] +99.4s pyramid expand
[11:16:47] +99.5s blended
[11:16:47] +99.5s seam 10 window=6080x6555 keepA=0.51
[11:16:47] +99.5s warped IMGP9242.DNG nudged
[11:16:48] +100.6s field n=0 const=[1.0000 1.0000 1.0000] peak=0.0000 gain=0.0033 (rejected)
[11:16:48] +100.8s seam grid 188x77 nodes=14470
[11:16:48] +100.8s cut_energy opt=253204 shipped=253204 excess=+0.000%
[11:16:48] +100.8s seam grid 1479x586 nodes=84375
[11:16:49] +101.7s cut_energy opt=2512230 shipped=2512230 excess=+0.000%
[11:16:49] +101.7s seam refine nodes=84375
[11:16:49] +101.7s painted
[11:16:49] +101.8s mask blurred
[11:16:50] +102.9s pyramid gauss
[11:16:51] +103.7s pyramid expand
[11:16:51] +103.8s blended
[11:16:51] +103.8s seam 11 window=6113x6555 keepA=0.49
[11:16:51] +103.8s warped IMGP9253.DNG nudged
[11:16:52] +104.9s field n=0 const=[1.0000 1.0000 1.0000] peak=0.0000 gain=0.0037 (rejected)
[11:16:53] +105.1s seam grid 190x83 nodes=15760
[11:16:53] +105.1s cut_energy opt=248502 shipped=248502 excess=+0.000%
[11:16:53] +105.2s seam grid 1490x637 nodes=82257
[11:16:54] +106.2s cut_energy opt=2810492 shipped=2810492 excess=+0.000%
[11:16:54] +106.2s seam refine nodes=82257
[11:16:54] +106.2s painted
[11:16:54] +106.3s mask blurred
[11:16:55] +107.5s pyramid gauss
[11:16:56] +108.2s pyramid expand
[11:16:56] +108.3s blended
[11:16:56] +108.3s seam 12 window=6061x6555 keepA=0.51
[11:16:56] +108.3s warped IMGP9241.DNG nudged
[11:16:57] +109.4s field n=0 const=[1.0000 1.0000 1.0000] peak=0.0000 gain=0.0037 (rejected)
[11:16:57] +109.6s seam grid 193x96 nodes=18472
[11:16:57] +109.7s cut_energy opt=250086 shipped=250086 excess=+0.000%
[11:16:57] +109.7s seam grid 1521x743 nodes=86411
[11:16:58] +110.4s cut_energy opt=2379010 shipped=2379010 excess=+0.000%
[11:16:58] +110.4s seam refine nodes=86411
[11:16:58] +110.4s painted
[11:16:58] +110.5s mask blurred
[11:16:59] +111.7s pyramid gauss
[11:17:00] +112.6s pyramid expand
[11:17:00] +112.8s blended
[11:17:00] +112.8s seam 13 window=6067x6555 keepA=0.74
[11:17:00] +112.8s warped IMGP9240.DNG nudged
[11:17:01] +113.6s field n=0 const=[1.0000 1.0000 1.0000] peak=0.0000 gain=-0.0022 (rejected)
[11:17:01] +113.8s seam grid 192x64 nodes=12173
[11:17:01] +113.8s cut_energy opt=297113 shipped=297113 excess=+0.000%
[11:17:01] +113.9s seam grid 1518x483 nodes=80249
[11:17:02] +114.1s cut_energy opt=2347934 shipped=2347934 excess=+0.000%
[11:17:02] +114.1s seam refine nodes=80249
[11:17:02] +114.1s painted
[11:17:02] +114.2s mask blurred
[11:17:03] +115.3s pyramid gauss
[11:17:03] +115.9s pyramid expand
[11:17:04] +116.1s blended
[11:17:04] +116.1s seam 14 window=6077x6555 keepA=0.50
[11:17:04] +116.1s warped IMGP9254.DNG nudged
[11:17:05] +117.1s field n=0 const=[1.0000 1.0000 1.0000] peak=0.0000 gain=0.0041 (rejected)
[11:17:05] +117.3s seam grid 193x91 nodes=17468
[11:17:05] +117.3s cut_energy opt=213998 shipped=213998 excess=+0.000%
[11:17:05] +117.4s seam grid 1518x702 nodes=85907
[11:17:06] +118.2s cut_energy opt=2419016 shipped=2419016 excess=+0.000%
[11:17:06] +118.2s seam refine nodes=85907
[11:17:06] +118.2s painted
[11:17:06] +118.3s mask blurred
[11:17:07] +119.5s pyramid gauss
[11:17:08] +120.2s pyramid expand
[11:17:08] +120.3s blended
[11:17:08] +120.3s seam 15 window=6066x6555 keepA=0.49
[11:17:08] +120.3s warped IMGP9239.DNG nudged
[11:17:09] +121.4s field n=0 const=[1.0000 1.0000 1.0000] peak=0.0000 gain=0.0016 (rejected)
[11:17:09] +121.6s seam grid 192x82 nodes=15736
[11:17:09] +121.6s cut_energy opt=262324 shipped=262324 excess=+0.000%
[11:17:09] +121.7s seam grid 1506x629 nodes=81161
[11:17:09] +121.9s cut_energy opt=2198009 shipped=2198009 excess=+0.000%
[11:17:09] +121.9s seam refine nodes=81161
[11:17:09] +121.9s painted
[11:17:10] +122.0s mask blurred
[11:17:11] +123.2s pyramid gauss
[11:17:11] +124.0s pyramid expand
[11:17:12] +124.1s blended
[11:17:12] +124.1s seam 16 window=6070x6555 keepA=0.50
[11:17:12] +124.1s warped IMGP9255.DNG nudged
[11:17:13] +125.2s field n=0 const=[1.0000 1.0000 1.0000] peak=0.0000 gain=0.0057 (rejected)
[11:17:13] +125.4s seam grid 192x80 nodes=15353
[11:17:13] +125.4s cut_energy opt=280890 shipped=280890 excess=+0.000%
[11:17:13] +125.5s seam grid 1510x613 nodes=84540
[11:17:14] +126.4s cut_energy opt=2619250 shipped=2619250 excess=+0.000%
[11:17:14] +126.4s seam refine nodes=84540
[11:17:14] +126.4s painted
[11:17:14] +126.5s mask blurred
[11:17:15] +127.6s pyramid gauss
[11:17:16] +128.3s pyramid expand
[11:17:16] +128.4s blended
[11:17:16] +128.4s seam 17 window=6060x6555 keepA=0.50
[11:17:16] +128.4s warped IMGP9238.DNG nudged
[11:17:17] +129.5s field n=0 const=[1.0000 1.0000 1.0000] peak=0.0000 gain=0.0024 (rejected)
[11:17:17] +129.7s seam grid 192x82 nodes=15716
[11:17:17] +129.7s cut_energy opt=280552 shipped=280552 excess=+0.000%
[11:17:17] +129.8s seam grid 1512x632 nodes=89195
[11:17:18] +130.1s cut_energy opt=2185286 shipped=2185286 excess=+0.000%
[11:17:18] +130.1s seam refine nodes=89195
[11:17:18] +130.1s painted
[11:17:18] +130.2s mask blurred
[11:17:19] +131.5s pyramid gauss
[11:17:20] +132.2s pyramid expand
[11:17:20] +132.3s blended
[11:17:20] +132.3s seam 18 window=6104x6555 keepA=0.49
[11:17:20] +132.3s warped IMGP9256.DNG nudged
[11:17:21] +133.4s field n=0 const=[1.0000 1.0000 1.0000] peak=0.0000 gain=0.0019 (rejected)
[11:17:21] +133.6s seam grid 191x88 nodes=16802
[11:17:21] +133.6s cut_energy opt=272140 shipped=272140 excess=+0.000%
[11:17:21] +133.6s seam grid 1505x678 nodes=98732
[11:17:22] +134.9s cut_energy opt=2556641 shipped=2556641 excess=+0.000%
[11:17:22] +135.0s seam refine nodes=98732
[11:17:22] +135.0s painted
[11:17:23] +135.1s mask blurred
[11:17:24] +136.3s pyramid gauss
[11:17:25] +137.3s pyramid expand
[11:17:25] +137.4s blended
[11:17:25] +137.4s seam 19 window=5039x6555 keepA=0.29
[11:17:25] +137.4s warped IMGP9237.DNG nudged
[11:17:26] +138.6s field n=0 const=[1.0000 1.0000 1.0000] peak=0.0000 gain=0.0003 (rejected)
[11:17:26] +138.8s seam grid 192x79 nodes=15159
[11:17:26] +138.8s cut_energy opt=250800 shipped=250800 excess=+0.000%
[11:17:26] +138.8s seam grid 1507x602 nodes=80510
[11:17:27] +139.1s cut_energy opt=2052354 shipped=2052354 excess=+0.000%
[11:17:27] +139.1s seam refine nodes=80510
[11:17:27] +139.1s painted
[11:17:27] +139.2s mask blurred
[11:17:28] +140.3s pyramid gauss
[11:17:29] +141.1s pyramid expand
[11:17:29] +141.2s blended
[11:17:29] +141.2s seam 20 window=6080x6555 keepA=0.50
[11:17:29] +141.2s warped IMGP9257.DNG nudged
[11:17:30] +142.3s field n=0 const=[1.0000 1.0000 1.0000] peak=0.0000 gain=0.0010 (rejected)
[11:17:30] +142.5s seam grid 193x90 nodes=17174
[11:17:30] +142.5s cut_energy opt=132202 shipped=132202 excess=+0.000%
[11:17:30] +142.6s seam grid 1519x697 nodes=88404
[11:17:31] +143.4s cut_energy opt=1334949 shipped=1334949 excess=+0.000%
[11:17:31] +143.4s seam refine nodes=88404
[11:17:31] +143.4s painted
[11:17:31] +143.5s mask blurred
[11:17:32] +144.8s pyramid gauss
[11:17:33] +145.6s pyramid expand
[11:17:33] +145.7s blended
[11:17:33] +145.7s seam 21 window=5076x6555 keepA=0.50
[11:17:33] +145.7s warped IMGP9258.DNG nudged
[11:17:33] +145.7s refined shifts seams=0 mean_abs_shift=0.000px max_abs_shift=0.000px
[11:17:33] +145.7s exposure gains applied 8
[11:17:34] +146.3s SAVECROP canvas=34844x6555 crop=(0.00647,0.08743) size=0.98831x0.83612 -> tiff 34436x5481
[11:17:34] +146.4s save encode 34436x5481
[11:17:49] +161.5s seam dump /home/dalibor/Projects/RapidRAW/lean_pano_proto/out/v52/IMGP9237/seams.txt
[11:17:49] +161.5s blend_stage extract=0.00s
[11:17:49] +161.5s blend_stage graphcut=132.23s
[11:17:49] +161.5s blend_stage mask_blur=8.11s
[11:17:49] +161.5s blend_stage pyr_blend=128.91s
[11:17:49] +161.5s boundary_step final: n=20822 median_step=18.69% p90=61.76%
[11:17:49] +161.5s blinds_flat  final: n=21199 median_step=13.97% p90=41.37%
[11:17:49] +161.5s woodline    final: n=15638 median_step=24.53% p90=72.09%
[11:17:49] +161.5s ghost_band   final: mean=0.703 keepA=0.50 cut_px=177957 swallowed=0
[11:17:49] +161.5s sharpness_lapvar final: 120.0811757935636
[11:17:49] +161.5s pano_mean_lum 0.020344261521433347 shadow_median 0.008139602839946747 canvas 34436x5481 levels=7 window_px=1024
[11:17:49] +161.5s time  final blend=79.60s encode_tiff=1.88s metrics=10.64s photometry=4.52s step_metrics=0.09s warp=2.62s
[11:17:49] +161.6s time  total=161.61s
[11:17:49] +161.6s saved /home/dalibor/Projects/RapidRAW/lean_pano_proto/out/v52/IMGP9237/IMGP9237_Pano.tiff
