[12:46:17] +0.0s log /home/dalibor/Projects/RapidRAW/lean_pano_proto/out/v34/DSCF0140/DSCF0140_Pano.pano.log
[12:46:17] +0.0s merge started files=4
[12:46:17] +0.2s jpeg DSCF0140.RAF native 4416x2944 declared 4416x2944
[12:46:17] +0.4s jpeg DSCF0141.RAF native 4416x2944 declared 4416x2944
[12:46:17] +0.6s jpeg DSCF0142.RAF native 4416x2944 declared 4416x2944
[12:46:17] +0.8s jpeg DSCF0143.RAF native 4416x2944 declared 4416x2944
[12:46:19] +2.2s points DSCF0140.RAF 11408
[12:46:19] +2.2s points DSCF0141.RAF 11474
[12:46:19] +2.2s points DSCF0142.RAF 11423
[12:46:19] +2.2s points DSCF0143.RAF 11376
[12:46:21] +4.4s match DSCF0140.RAF<->DSCF0141.RAF: 2777 good
[12:46:21] +4.4s match DSCF0140.RAF<->DSCF0142.RAF: 1895 good
[12:46:21] +4.4s match DSCF0140.RAF<->DSCF0143.RAF: 1053 good
[12:46:21] +4.4s match DSCF0141.RAF<->DSCF0142.RAF: 3813 good
[12:46:21] +4.4s match DSCF0141.RAF<->DSCF0143.RAF: 2320 good
[12:46:21] +4.4s match DSCF0142.RAF<->DSCF0143.RAF: 4231 good
[12:46:21] +4.5s aligned kept=4 focal35=27.0 jpeg=4416x2944 points=4416x2944
[12:46:21] +4.5s lens crop=1.534 focal35=27.0 calib=1.529
[12:46:22] +5.0s sky target 0.8816
[12:46:22] +5.0s sky scale DSCF0140.RAF 0.984 median 0.8962
[12:46:22] +5.0s sky scale DSCF0141.RAF 1.000 median 0.8816
[12:46:22] +5.0s sky scale DSCF0142.RAF 1.004 median 0.8784
[12:46:22] +5.0s sky scale DSCF0143.RAF 1.015 median 0.8686
[12:46:22] +5.0s Matching brightness...
[12:46:22] +5.0s canvas cylindrical 2790x1260
[12:46:22] +5.1s warp DSCF0142.RAF: bbox=(749,0,2465,1260) 1716x1260
[12:46:22] +5.1s warp DSCF0141.RAF: bbox=(369,0,2088,1260) 1719x1260
[12:46:22] +5.1s warp DSCF0140.RAF: bbox=(0,0,1724,1260) 1724x1260
[12:46:22] +5.1s warp DSCF0143.RAF: bbox=(1067,0,2790,1260) 1723x1260
[12:46:22] +5.2s brightness gains=4 corner=1.096
[12:46:22] +5.2s Blending photos...
[12:46:22] +5.3s blend 1: window=2235x1260 tiles=594
[12:46:22] +5.5s local moved kept=242 field=10.72 disagree 0.2970 -> 0.1947
[12:46:22] +5.5s seam grid 43x48 nodes=1942
[12:46:22] +5.5s seam grid 316x360 nodes=27401
[12:46:22] +5.7s seam refine nodes=27401
[12:46:22] +5.7s painted
[12:46:22] +5.7s mask blurred
[12:46:22] +5.8s pyramid gauss
[12:46:22] +5.8s pyramid expand
[12:46:22] +5.8s pasted
[12:46:22] +5.8s blended 1 keepA=0.26
[12:46:22] +5.8s blend 2: window=2600x1260 tiles=702
[12:46:23] +6.0s local moved kept=215 field=10.26 disagree 0.3528 -> 0.2503
[12:46:23] +6.1s seam grid 43x47 nodes=1919
[12:46:23] +6.1s seam grid 316x346 nodes=27947
[12:46:23] +6.1s seam refine nodes=27947
[12:46:23] +6.1s painted
[12:46:23] +6.1s mask blurred
[12:46:23] +6.2s pyramid gauss
[12:46:23] +6.3s pyramid expand
[12:46:23] +6.3s pasted
[12:46:23] +6.3s blended 2 keepA=0.50
[12:46:23] +6.3s blend 3: window=2236x1260 tiles=594
[12:46:23] +6.5s local moved kept=234 field=20.62 disagree 0.3603 -> 0.2517
[12:46:23] +6.5s seam grid 43x47 nodes=1917
[12:46:23] +6.5s seam grid 316x349 nodes=26918
[12:46:23] +6.6s seam refine nodes=26918
[12:46:23] +6.6s painted
[12:46:23] +6.6s mask blurred
[12:46:23] +6.7s pyramid gauss
[12:46:23] +6.8s pyramid expand
[12:46:23] +6.8s pasted
[12:46:23] +6.8s blended 3 keepA=0.40
[12:46:23] +6.8s preview canvas cylindrical 2790x1260 shifts=3
[12:46:23] +6.8s time  preview=2.29s (solve+match 4.49s)
[12:46:23] +6.9s preview ready /home/dalibor/Projects/RapidRAW/lean_pano_proto/out/v34/DSCF0140/DSCF0140_preview.jpg
[12:46:23] +6.9s save started
[12:46:23] +6.9s develop jobs=4
[12:46:27] +10.1s developed DSCF0140.RAF 7728x5152 -> 1920x1280
[12:46:27] +10.1s developed DSCF0141.RAF 7728x5152 -> 1920x1280
[12:46:27] +10.1s developed DSCF0142.RAF 7728x5152 -> 1920x1280
[12:46:27] +10.1s developed DSCF0143.RAF 7728x5152 -> 1920x1280
[12:46:27] +10.1s time  develop=3.21s
[12:46:27] +10.1s scale raw=7728x5152 jpeg=4416x2944 x=1.7500 y=1.7500
[12:46:27] +10.1s Matching brightness...
[12:46:27] +10.1s canvas cylindrical 2790x1260
[12:46:27] +10.2s warp DSCF0143.RAF: bbox=(1067,0,2790,1260) 1723x1260
[12:46:27] +10.2s warp DSCF0140.RAF: bbox=(0,0,1724,1260) 1724x1260
[12:46:27] +10.2s warp DSCF0141.RAF: bbox=(369,0,2088,1260) 1719x1260
[12:46:27] +10.2s warp DSCF0142.RAF: bbox=(749,0,2465,1260) 1716x1260
[12:46:27] +10.4s brightness gains=4 corner=0.990
[12:46:27] +10.4s Blending photos...
[12:46:27] +10.5s blend 1: window=2235x1260 tiles=594
[12:46:27] +10.7s local moved kept=287 field=10.82 disagree 0.3253 -> 0.2048
[12:46:27] +10.7s seam grid 43x49 nodes=1977
[12:46:27] +10.8s seam grid 316x362 nodes=26215
[12:46:27] +10.8s seam refine nodes=26215
[12:46:27] +10.8s painted
[12:46:27] +10.8s mask blurred
[12:46:27] +10.9s pyramid gauss
[12:46:27] +10.9s pyramid expand
[12:46:27] +10.9s pasted
[12:46:27] +10.9s blended 1 keepA=0.50
[12:46:27] +10.9s blend 2: window=2600x1260 tiles=702
[12:46:28] +11.2s local moved kept=270 field=11.60 disagree 0.3576 -> 0.2530
[12:46:28] +11.2s seam grid 43x47 nodes=1914
[12:46:28] +11.2s seam grid 316x348 nodes=23954
[12:46:28] +11.3s seam refine nodes=23954
[12:46:28] +11.3s painted
[12:46:28] +11.3s mask blurred
[12:46:28] +11.3s pyramid gauss
[12:46:28] +11.4s pyramid expand
[12:46:28] +11.4s pasted
[12:46:28] +11.4s blended 2 keepA=0.50
[12:46:28] +11.4s blend 3: window=2236x1260 tiles=594
[12:46:28] +11.6s local moved kept=289 field=17.93 disagree 0.3309 -> 0.2235
[12:46:28] +11.6s seam grid 43x47 nodes=1902
[12:46:28] +11.6s seam grid 316x351 nodes=24200
[12:46:28] +11.7s seam refine nodes=24200
[12:46:28] +11.7s painted
[12:46:28] +11.7s mask blurred
[12:46:28] +11.7s pyramid gauss
[12:46:28] +11.8s pyramid expand
[12:46:28] +11.8s pasted
[12:46:28] +11.8s blended 3 keepA=0.48
[12:46:28] +11.8s time  linear_photometry=1.71s
[12:46:28] +11.8s photometry source=second compose
[12:46:28] +11.8s save seam preview
[12:46:28] +11.8s save cut fullres
[12:46:28] +11.8s photometry gains=4
[12:46:28] +11.8s photo pedestal=0.006100 field_norm=0.534969 gains=[1.0804 1.0306 0.8797 1.0210]
[12:46:28] +11.8s save seam developed
[12:46:28] +11.8s canvas cylindrical 11230x5069
[12:46:29] +12.0s local align resolution 1/1
[12:46:29] +12.0s composite levels=6 pad=512
[12:46:29] +12.0s local alignment refine=false
[12:46:29] +12.9s warped DSCF0142.RAF straight
[12:46:31] +14.2s field n=0 const=[1.0000 1.0000 1.0000] peak=0.0000 gain=-0.0048 (rejected)
[12:46:31] +14.4s seam grid 162x179 nodes=28091
[12:46:31] +14.6s seam grid 1268x1407 nodes=106125
[12:46:32] +15.1s seam refine nodes=106125
[12:46:32] +15.1s painted
[12:46:32] +15.2s mask blurred
[12:46:33] +16.4s pyramid gauss
[12:46:34] +17.3s pyramid expand
[12:46:34] +17.4s blended
[12:46:34] +17.4s seam 1 window=7422x5069 keepA=0.50
[12:46:34] +17.4s warped DSCF0143.RAF nudged
[12:46:35] +18.8s field n=0 const=[1.0000 1.0000 1.0000] peak=0.0000 gain=-0.0195 (rejected)
[12:46:36] +19.0s seam grid 162x172 nodes=27250
[12:46:36] +19.2s seam grid 1267x1348 nodes=95899
[12:46:36] +19.5s seam refine nodes=95899
[12:46:36] +19.5s painted
[12:46:36] +19.6s mask blurred
[12:46:37] +20.8s pyramid gauss
[12:46:38] +21.6s pyramid expand
[12:46:38] +21.7s blended
[12:46:38] +21.7s seam 2 window=7893x5069 keepA=0.50
[12:46:38] +21.7s warped DSCF0141.RAF nudged
[12:46:40] +23.0s field n=0 const=[1.0000 1.0000 1.0000] peak=0.0000 gain=-0.0236 (rejected)
[12:46:40] +23.3s seam grid 162x174 nodes=27537
[12:46:40] +23.5s seam grid 1267x1363 nodes=103836
[12:46:41] +24.5s seam refine nodes=103836
[12:46:41] +24.5s painted
[12:46:41] +24.6s mask blurred
[12:46:42] +25.8s pyramid gauss
[12:46:43] +26.6s pyramid expand
[12:46:43] +26.7s blended
[12:46:43] +26.7s seam 3 window=7424x5069 keepA=0.48
[12:46:43] +26.7s warped DSCF0140.RAF nudged
[12:46:43] +26.7s refined shifts seams=0 mean_abs_shift=0.000px max_abs_shift=0.000px
[12:46:43] +26.7s exposure gains applied 1
[12:46:43] +26.8s save encode 10916x4248
[12:46:47] +30.3s seam dump /home/dalibor/Projects/RapidRAW/lean_pano_proto/out/v34/DSCF0140/seams.txt
[12:46:47] +30.3s blend_stage extract=0.00s
[12:46:47] +30.3s blend_stage graphcut=2.96s
[12:46:47] +30.3s blend_stage mask_blur=0.27s
[12:46:47] +30.3s blend_stage pyr_blend=4.45s
[12:46:47] +30.3s boundary_step final: n=2224 median_step=7.23% p90=47.52%
[12:46:47] +30.3s blinds_flat  final: n=0 median_step=0.00% p90=0.00%
[12:46:47] +30.3s woodline    final: n=1616 median_step=3.85% p90=36.66%
[12:46:47] +30.3s ghost_band   final: mean=0.706 keepA=0.49 cut_px=18745 swallowed=0
[12:46:47] +30.3s sharpness_lapvar final: 48.02520457433887
[12:46:47] +30.3s pano_mean_lum 0.13827464802030737 shadow_median 0.04658694937825203 canvas 10916x4248 levels=6 window_px=512
[12:46:47] +30.3s time  final blend=11.43s encode_tiff=0.45s metrics=2.52s photometry=1.15s step_metrics=0.13s warp=1.39s
[12:46:47] +30.3s time  total=30.30s
[12:46:47] +30.3s saved /home/dalibor/Projects/RapidRAW/lean_pano_proto/out/v34/DSCF0140/DSCF0140_Pano.tiff
