[00:42:02] +0.0s log /home/dalibor/Projects/RapidRAW/lean_pano_proto/out/v30/IMGP9237/IMGP9237_Pano.pano.log
[00:42:02] +0.0s merge started files=22
[00:42:03] +0.6s jpeg IMGP9237.DNG native 4000x6016 declared 4000x6016
[00:42:03] +1.0s jpeg IMGP9238.DNG native 4000x6016 declared 4000x6016
[00:42:04] +1.3s jpeg IMGP9239.DNG native 4000x6016 declared 4000x6016
[00:42:04] +1.8s jpeg IMGP9240.DNG native 4000x6016 declared 4000x6016
[00:42:05] +2.2s jpeg IMGP9241.DNG native 4000x6016 declared 4000x6016
[00:42:05] +2.6s jpeg IMGP9242.DNG native 4000x6016 declared 4000x6016
[00:42:05] +3.0s jpeg IMGP9243.DNG native 4000x6016 declared 4000x6016
[00:42:06] +3.4s jpeg IMGP9244.DNG native 4000x6016 declared 4000x6016
[00:42:06] +3.7s jpeg IMGP9245.DNG native 4000x6016 declared 4000x6016
[00:42:06] +4.1s jpeg IMGP9246.DNG native 4000x6016 declared 4000x6016
[00:42:07] +4.5s jpeg IMGP9247.DNG native 4000x6016 declared 4000x6016
[00:42:07] +4.9s jpeg IMGP9248.DNG native 4000x6016 declared 4000x6016
[00:42:08] +5.2s jpeg IMGP9249.DNG native 4000x6016 declared 4000x6016
[00:42:08] +5.6s jpeg IMGP9250.DNG native 4000x6016 declared 4000x6016
[00:42:08] +6.0s jpeg IMGP9251.DNG native 4000x6016 declared 4000x6016
[00:42:09] +6.4s jpeg IMGP9252.DNG native 4000x6016 declared 4000x6016
[00:42:09] +6.7s jpeg IMGP9253.DNG native 4000x6016 declared 4000x6016
[00:42:09] +7.1s jpeg IMGP9254.DNG native 4000x6016 declared 4000x6016
[00:42:10] +7.5s jpeg IMGP9255.DNG native 4000x6016 declared 4000x6016
[00:42:10] +7.9s jpeg IMGP9256.DNG native 4000x6016 declared 4000x6016
[00:42:11] +8.2s jpeg IMGP9257.DNG native 4000x6016 declared 4000x6016
[00:42:11] +8.6s jpeg IMGP9258.DNG native 4000x6016 declared 4000x6016
[00:42:16] +13.3s points IMGP9237.DNG 8232
[00:42:16] +13.3s points IMGP9238.DNG 7565
[00:42:16] +13.3s points IMGP9239.DNG 8740
[00:42:16] +13.3s points IMGP9240.DNG 8737
[00:42:16] +13.3s points IMGP9241.DNG 9119
[00:42:16] +13.3s points IMGP9242.DNG 9449
[00:42:16] +13.3s points IMGP9243.DNG 9148
[00:42:16] +13.3s points IMGP9244.DNG 10182
[00:42:16] +13.3s points IMGP9245.DNG 10459
[00:42:16] +13.3s points IMGP9246.DNG 10835
[00:42:16] +13.3s points IMGP9247.DNG 10630
[00:42:16] +13.3s points IMGP9248.DNG 11840
[00:42:16] +13.3s points IMGP9249.DNG 9390
[00:42:16] +13.3s points IMGP9250.DNG 10483
[00:42:16] +13.3s points IMGP9251.DNG 9844
[00:42:16] +13.3s points IMGP9252.DNG 9530
[00:42:16] +13.3s points IMGP9253.DNG 9267
[00:42:16] +13.3s points IMGP9254.DNG 7496
[00:42:16] +13.3s points IMGP9255.DNG 8237
[00:42:16] +13.3s points IMGP9256.DNG 9835
[00:42:16] +13.3s points IMGP9257.DNG 7771
[00:42:16] +13.3s points IMGP9258.DNG 7952
[00:42:16] +13.3s matching 41 neighbor pairs
[00:42:22] +20.0s match IMGP9237.DNG<->IMGP9238.DNG: 2185 good
[00:42:22] +20.0s match IMGP9237.DNG<->IMGP9239.DNG: 990 good
[00:42:22] +20.0s match IMGP9238.DNG<->IMGP9239.DNG: 2221 good
[00:42:22] +20.0s match IMGP9238.DNG<->IMGP9240.DNG: 670 good
[00:42:22] +20.0s match IMGP9239.DNG<->IMGP9240.DNG: 2411 good
[00:42:22] +20.0s match IMGP9239.DNG<->IMGP9241.DNG: 1013 good
[00:42:22] +20.0s match IMGP9240.DNG<->IMGP9241.DNG: 2255 good
[00:42:22] +20.0s match IMGP9240.DNG<->IMGP9242.DNG: 1205 good
[00:42:22] +20.0s match IMGP9241.DNG<->IMGP9242.DNG: 2022 good
[00:42:22] +20.0s match IMGP9241.DNG<->IMGP9243.DNG: 710 good
[00:42:22] +20.0s match IMGP9242.DNG<->IMGP9243.DNG: 2300 good
[00:42:22] +20.0s match IMGP9242.DNG<->IMGP9244.DNG: 864 good
[00:42:22] +20.0s match IMGP9243.DNG<->IMGP9244.DNG: 2521 good
[00:42:22] +20.0s match IMGP9243.DNG<->IMGP9245.DNG: 1306 good
[00:42:22] +20.0s match IMGP9244.DNG<->IMGP9245.DNG: 2977 good
[00:42:22] +20.0s match IMGP9244.DNG<->IMGP9246.DNG: 1361 good
[00:42:22] +20.0s match IMGP9245.DNG<->IMGP9246.DNG: 3041 good
[00:42:22] +20.0s match IMGP9245.DNG<->IMGP9247.DNG: 1138 good
[00:42:22] +20.0s match IMGP9246.DNG<->IMGP9247.DNG: 2783 good
[00:42:22] +20.0s match IMGP9246.DNG<->IMGP9248.DNG: 1507 good
[00:42:22] +20.0s match IMGP9247.DNG<->IMGP9248.DNG: 4117 good
[00:42:22] +20.0s match IMGP9247.DNG<->IMGP9249.DNG: 1349 good
[00:42:22] +20.0s match IMGP9248.DNG<->IMGP9249.DNG: 3067 good
[00:42:22] +20.0s match IMGP9248.DNG<->IMGP9250.DNG: 1587 good
[00:42:22] +20.0s match IMGP9249.DNG<->IMGP9250.DNG: 3283 good
[00:42:22] +20.0s match IMGP9249.DNG<->IMGP9251.DNG: 1441 good
[00:42:22] +20.0s match IMGP9250.DNG<->IMGP9251.DNG: 3035 good
[00:42:22] +20.0s match IMGP9250.DNG<->IMGP9252.DNG: 1169 good
[00:42:22] +20.0s match IMGP9251.DNG<->IMGP9252.DNG: 2655 good
[00:42:22] +20.0s match IMGP9251.DNG<->IMGP9253.DNG: 995 good
[00:42:22] +20.0s match IMGP9252.DNG<->IMGP9253.DNG: 2629 good
[00:42:22] +20.0s match IMGP9252.DNG<->IMGP9254.DNG: 123 good
[00:42:22] +20.0s match IMGP9253.DNG<->IMGP9254.DNG: 1714 good
[00:42:22] +20.0s match IMGP9253.DNG<->IMGP9255.DNG: 301 good
[00:42:22] +20.0s match IMGP9254.DNG<->IMGP9255.DNG: 1940 good
[00:42:22] +20.0s match IMGP9254.DNG<->IMGP9256.DNG: 801 good
[00:42:22] +20.0s match IMGP9255.DNG<->IMGP9256.DNG: 2727 good
[00:42:22] +20.0s match IMGP9255.DNG<->IMGP9257.DNG: 530 good
[00:42:22] +20.0s match IMGP9256.DNG<->IMGP9257.DNG: 1529 good
[00:42:22] +20.0s match IMGP9256.DNG<->IMGP9258.DNG: 948 good
[00:42:22] +20.0s match IMGP9257.DNG<->IMGP9258.DNG: 1781 good
[00:42:23] +20.5s aligned kept=22 focal35=150.0 jpeg=4000x6016 points=4000x6016
[00:42:23] +20.5s lens crop=1.000 focal35=150.0 calib=1.000
[00:42:27] +24.7s sky target 0.0054
[00:42:27] +24.7s sky scale IMGP9237.DNG 0.590 median 0.0092
[00:42:27] +24.7s sky scale IMGP9238.DNG 1.334 median 0.0041
[00:42:27] +24.7s sky scale IMGP9239.DNG 1.112 median 0.0049
[00:42:27] +24.7s sky scale IMGP9240.DNG 1.000 median 0.0054
[00:42:27] +24.7s sky scale IMGP9241.DNG 0.773 median 0.0070
[00:42:27] +24.7s sky scale IMGP9242.DNG 0.907 median 0.0060
[00:42:27] +24.7s sky scale IMGP9243.DNG 0.984 median 0.0055
[00:42:27] +24.7s sky scale IMGP9244.DNG 0.988 median 0.0055
[00:42:27] +24.7s sky scale IMGP9245.DNG 1.025 median 0.0053
[00:42:27] +24.7s sky scale IMGP9246.DNG 1.068 median 0.0051
[00:42:27] +24.7s sky scale IMGP9247.DNG 1.565 median 0.0035
[00:42:27] +24.7s sky scale IMGP9248.DNG 1.334 median 0.0041
[00:42:27] +24.7s sky scale IMGP9249.DNG 1.456 median 0.0037
[00:42:27] +24.7s sky scale IMGP9250.DNG 1.315 median 0.0041
[00:42:27] +24.7s sky scale IMGP9251.DNG 1.150 median 0.0047
[00:42:27] +24.7s sky scale IMGP9252.DNG 1.355 median 0.0040
[00:42:27] +24.7s sky scale IMGP9253.DNG 1.175 median 0.0046
[00:42:27] +24.7s sky scale IMGP9254.DNG 0.937 median 0.0058
[00:42:27] +24.7s sky scale IMGP9255.DNG 0.803 median 0.0068
[00:42:27] +24.7s sky scale IMGP9256.DNG 0.476 median 0.0114
[00:42:27] +24.7s sky scale IMGP9257.DNG 0.354 median 0.0153
[00:42:27] +24.7s sky scale IMGP9258.DNG 0.316 median 0.0172
[00:42:27] +24.7s Matching brightness...
[00:42:27] +24.7s canvas cylindrical 11122x2093
[00:42:27] +24.8s warp IMGP9239.DNG: bbox=(8887,80,10181,2017) 1294x1937
[00:42:27] +24.9s warp IMGP9243.DNG: bbox=(7178,59,8470,1996) 1292x1937
[00:42:27] +24.9s warp IMGP9249.DNG: bbox=(4453,40,5766,1985) 1313x1945
[00:42:27] +24.9s warp IMGP9251.DNG: bbox=(3645,111,4943,2048) 1298x1937
[00:42:27] +24.9s warp IMGP9254.DNG: bbox=(1951,102,3249,2040) 1298x1938
[00:42:27] +24.9s warp IMGP9238.DNG: bbox=(9403,135,10695,2072) 1292x1937
[00:42:27] +24.9s warp IMGP9241.DNG: bbox=(8135,124,9427,2061) 1292x1937
[00:42:27] +24.9s warp IMGP9247.DNG: bbox=(5323,10,6634,1954) 1311x1944
[00:42:27] +24.9s warp IMGP9253.DNG: bbox=(2637,54,3946,1997) 1309x1943
[00:42:27] +24.9s warp IMGP9246.DNG: bbox=(5857,0,7159,1931) 1302x1931
[00:42:27] +24.9s warp IMGP9255.DNG: bbox=(1454,123,2750,2060) 1296x1937
[00:42:27] +24.9s warp IMGP9257.DNG: bbox=(415,155,1713,2093) 1298x1938
[00:42:27] +24.9s warp IMGP9242.DNG: bbox=(7644,83,8943,2021) 1299x1938
[00:42:27] +24.9s warp IMGP9240.DNG: bbox=(8484,108,9778,2045) 1294x1937
[00:42:27] +24.9s warp IMGP9252.DNG: bbox=(3202,125,4494,2062) 1292x1937
[00:42:27] +24.9s warp IMGP9258.DNG: bbox=(0,151,1299,2093) 1299x1942
[00:42:27] +24.9s warp IMGP9237.DNG: bbox=(9834,156,11122,2093) 1288x1937
[00:42:27] +24.9s warp IMGP9245.DNG: bbox=(6284,54,7582,1992) 1298x1938
[00:42:27] +24.9s warp IMGP9248.DNG: bbox=(4963,21,6273,1964) 1310x1943
[00:42:27] +24.9s warp IMGP9256.DNG: bbox=(950,134,2256,2076) 1306x1942
[00:42:27] +24.9s warp IMGP9250.DNG: bbox=(4050,155,5364,2093) 1314x1938
[00:42:27] +24.9s warp IMGP9244.DNG: bbox=(6708,18,8001,1955) 1293x1937
[00:42:28] +25.6s brightness gains=22 corner=0.711
[00:42:28] +25.6s Blending photos...
[00:42:28] +26.1s blend 1: window=2334x2093 tiles=1085
[00:42:29] +26.3s local copied sparse
[00:42:29] +26.3s seam grid 64x35 nodes=2158
[00:42:29] +26.3s seam grid 495x250 nodes=29003
[00:42:29] +26.4s seam refine nodes=29003
[00:42:29] +26.4s painted
[00:42:29] +26.4s mask blurred
[00:42:29] +26.6s pyramid gauss
[00:42:29] +26.6s pyramid expand
[00:42:29] +26.7s pasted
[00:42:29] +26.7s blended 1 keepA=0.49
[00:42:29] +26.7s blend 2: window=2326x2093 tiles=1085
[00:42:29] +26.7s local copied sparse
[00:42:29] +26.7s seam grid 64x29 nodes=1798
[00:42:29] +26.7s seam grid 490x207 nodes=23641
[00:42:29] +26.8s seam refine nodes=23641
[00:42:29] +26.8s painted
[00:42:29] +26.8s mask blurred
[00:42:29] +26.8s pyramid gauss
[00:42:29] +26.9s pyramid expand
[00:42:29] +26.9s pasted
[00:42:29] +26.9s blended 2 keepA=0.50
[00:42:29] +26.9s blend 3: window=2337x2093 tiles=1085
[00:42:29] +26.9s local copied sparse
[00:42:29] +26.9s seam grid 65x30 nodes=1895
[00:42:29] +26.9s seam grid 493x214 nodes=28358
[00:42:29] +27.0s seam refine nodes=28358
[00:42:29] +27.0s painted
[00:42:29] +27.0s mask blurred
[00:42:29] +27.1s pyramid gauss
[00:42:30] +27.2s pyramid expand
[00:42:30] +27.2s pasted
[00:42:30] +27.2s blended 3 keepA=0.50
[00:42:30] +27.2s blend 4: window=2322x2093 tiles=1085
[00:42:30] +27.2s local copied sparse
[00:42:30] +27.3s seam grid 64x31 nodes=1978
[00:42:30] +27.3s seam grid 488x232 nodes=29741
[00:42:30] +27.3s seam refine nodes=29741
[00:42:30] +27.3s painted
[00:42:30] +27.4s mask blurred
[00:42:30] +27.4s pyramid gauss
[00:42:30] +27.5s pyramid expand
[00:42:30] +27.5s pasted
[00:42:30] +27.5s blended 4 keepA=0.41
[00:42:30] +27.5s blend 5: window=2317x2093 tiles=1085
[00:42:30] +27.5s local copied sparse
[00:42:30] +27.5s seam grid 65x32 nodes=2044
[00:42:30] +27.5s seam grid 496x231 nodes=28873
[00:42:30] +27.6s seam refine nodes=28873
[00:42:30] +27.6s painted
[00:42:30] +27.6s mask blurred
[00:42:30] +27.7s pyramid gauss
[00:42:30] +27.7s pyramid expand
[00:42:30] +27.7s pasted
[00:42:30] +27.7s blended 5 keepA=0.52
[00:42:30] +27.7s blend 6: window=2338x2093 tiles=1085
[00:42:30] +27.8s local copied sparse
[00:42:30] +27.8s seam grid 62x33 nodes=2040
[00:42:30] +27.8s seam grid 469x241 nodes=28122
[00:42:30] +27.9s seam refine nodes=28122
[00:42:30] +27.9s painted
[00:42:30] +27.9s mask blurred
[00:42:30] +27.9s pyramid gauss
[00:42:30] +28.0s pyramid expand
[00:42:30] +28.0s pasted
[00:42:30] +28.0s blended 6 keepA=0.41
[00:42:30] +28.0s blend 7: window=2322x2093 tiles=1085
[00:42:30] +28.0s local copied sparse
[00:42:30] +28.0s seam grid 65x33 nodes=2127
[00:42:30] +28.1s seam grid 497x236 nodes=25656
[00:42:30] +28.1s seam refine nodes=25656
[00:42:30] +28.1s painted
[00:42:30] +28.1s mask blurred
[00:42:31] +28.2s pyramid gauss
[00:42:31] +28.3s pyramid expand
[00:42:31] +28.3s pasted
[00:42:31] +28.3s blended 7 keepA=0.52
[00:42:31] +28.3s blend 8: window=2316x2093 tiles=1085
[00:42:31] +28.4s local copied sparse
[00:42:31] +28.4s seam grid 65x31 nodes=1951
[00:42:31] +28.4s seam grid 496x219 nodes=23428
[00:42:31] +28.4s seam refine nodes=23428
[00:42:31] +28.4s painted
[00:42:31] +28.4s mask blurred
[00:42:31] +28.5s pyramid gauss
[00:42:31] +28.5s pyramid expand
[00:42:31] +28.5s pasted
[00:42:31] +28.5s blended 8 keepA=0.50
[00:42:31] +28.5s blend 9: window=2316x2093 tiles=1085
[00:42:31] +28.6s local copied sparse
[00:42:31] +28.6s seam grid 64x31 nodes=1908
[00:42:31] +28.6s seam grid 497x225 nodes=27346
[00:42:31] +28.6s seam refine nodes=27346
[00:42:31] +28.6s painted
[00:42:31] +28.7s mask blurred
[00:42:31] +28.7s pyramid gauss
[00:42:31] +28.8s pyramid expand
[00:42:31] +28.8s pasted
[00:42:31] +28.8s blended 9 keepA=0.51
[00:42:31] +28.8s blend 10: window=2323x2093 tiles=1085
[00:42:31] +28.9s local copied sparse
[00:42:31] +28.9s seam grid 64x31 nodes=1926
[00:42:31] +28.9s seam grid 491x219 nodes=27271
[00:42:31] +28.9s seam refine nodes=27271
[00:42:31] +29.0s painted
[00:42:31] +29.0s mask blurred
[00:42:31] +29.0s pyramid gauss
[00:42:31] +29.1s pyramid expand
[00:42:31] +29.1s pasted
[00:42:31] +29.1s blended 10 keepA=0.50
[00:42:31] +29.1s blend 11: window=2333x2093 tiles=1085
[00:42:31] +29.1s local copied sparse
[00:42:31] +29.1s seam grid 64x28 nodes=1788
[00:42:32] +29.1s seam grid 484x199 nodes=24128
[00:42:32] +29.2s seam refine nodes=24128
[00:42:32] +29.2s painted
[00:42:32] +29.2s mask blurred
[00:42:32] +29.3s pyramid gauss
[00:42:32] +29.4s pyramid expand
[00:42:32] +29.4s pasted
[00:42:32] +29.4s blended 11 keepA=0.49
[00:42:32] +29.4s blend 12: window=2316x2093 tiles=1085
[00:42:32] +29.4s local copied sparse
[00:42:32] +29.4s seam grid 64x30 nodes=1916
[00:42:32] +29.4s seam grid 487x215 nodes=27179
[00:42:32] +29.5s seam refine nodes=27179
[00:42:32] +29.5s painted
[00:42:32] +29.5s mask blurred
[00:42:32] +29.6s pyramid gauss
[00:42:32] +29.6s pyramid expand
[00:42:32] +29.6s pasted
[00:42:32] +29.6s blended 12 keepA=0.50
[00:42:32] +29.6s blend 13: window=2318x2093 tiles=1085
[00:42:32] +29.7s local copied sparse
[00:42:32] +29.7s seam grid 65x34 nodes=2141
[00:42:32] +29.7s seam grid 497x249 nodes=31180
[00:42:32] +29.8s seam refine nodes=31180
[00:42:32] +29.8s painted
[00:42:32] +29.8s mask blurred
[00:42:32] +29.9s pyramid gauss
[00:42:32] +29.9s pyramid expand
[00:42:32] +30.0s pasted
[00:42:32] +30.0s blended 13 keepA=0.51
[00:42:32] +30.0s blend 14: window=2322x2093 tiles=1085
[00:42:32] +30.0s local copied sparse
[00:42:32] +30.0s seam grid 484x154 nodes=74244
[00:42:33] +30.3s painted
[00:42:33] +30.3s mask blurred
[00:42:33] +30.4s pyramid gauss
[00:42:33] +30.4s pyramid expand
[00:42:33] +30.5s pasted
[00:42:33] +30.5s blended 14 keepA=0.50
[00:42:33] +30.5s blend 15: window=2318x2093 tiles=1085
[00:42:33] +30.5s local copied sparse
[00:42:33] +30.5s seam grid 65x33 nodes=2097
[00:42:33] +30.5s seam grid 496x236 nodes=26528
[00:42:33] +30.6s seam refine nodes=26528
[00:42:33] +30.6s painted
[00:42:33] +30.6s mask blurred
[00:42:33] +30.6s pyramid gauss
[00:42:33] +30.7s pyramid expand
[00:42:33] +30.7s pasted
[00:42:33] +30.7s blended 15 keepA=0.50
[00:42:33] +30.7s blend 16: window=2320x2093 tiles=1085
[00:42:33] +30.7s local copied sparse
[00:42:33] +30.8s seam grid 65x30 nodes=1864
[00:42:33] +30.8s seam grid 492x213 nodes=22560
[00:42:33] +30.8s seam refine nodes=22560
[00:42:33] +30.8s painted
[00:42:33] +30.8s mask blurred
[00:42:33] +30.9s pyramid gauss
[00:42:33] +30.9s pyramid expand
[00:42:33] +30.9s pasted
[00:42:33] +30.9s blended 16 keepA=0.49
[00:42:33] +30.9s blend 17: window=2231x2093 tiles=1023
[00:42:33] +31.0s local copied sparse
[00:42:33] +31.0s seam grid 64x29 nodes=1794
[00:42:33] +31.0s seam grid 494x207 nodes=23807
[00:42:33] +31.0s seam refine nodes=23807
[00:42:33] +31.0s painted
[00:42:33] +31.0s mask blurred
[00:42:33] +31.1s pyramid gauss
[00:42:34] +31.1s pyramid expand
[00:42:34] +31.1s pasted
[00:42:34] +31.1s blended 17 keepA=0.51
[00:42:34] +31.1s blend 18: window=2330x2093 tiles=1085
[00:42:34] +31.2s local copied sparse
[00:42:34] +31.2s seam grid 65x30 nodes=1886
[00:42:34] +31.2s seam grid 494x213 nodes=28484
[00:42:34] +31.3s seam refine nodes=28484
[00:42:34] +31.3s painted
[00:42:34] +31.3s mask blurred
[00:42:34] +31.3s pyramid gauss
[00:42:34] +31.4s pyramid expand
[00:42:34] +31.4s pasted
[00:42:34] +31.4s blended 18 keepA=0.49
[00:42:34] +31.4s blend 19: window=1800x2093 tiles=837
[00:42:34] +31.5s local copied sparse
[00:42:34] +31.5s seam grid 65x32 nodes=1996
[00:42:34] +31.5s seam grid 491x228 nodes=21590
[00:42:34] +31.5s seam refine nodes=21590
[00:42:34] +31.5s painted
[00:42:34] +31.5s mask blurred
[00:42:34] +31.6s pyramid gauss
[00:42:34] +31.6s pyramid expand
[00:42:34] +31.6s pasted
[00:42:34] +31.6s blended 19 keepA=0.49
[00:42:34] +31.6s blend 20: window=2225x2093 tiles=1023
[00:42:34] +31.7s local copied sparse
[00:42:34] +31.7s seam grid 64x29 nodes=1776
[00:42:34] +31.7s seam grid 491x204 nodes=25035
[00:42:34] +31.7s seam refine nodes=25035
[00:42:34] +31.7s painted
[00:42:34] +31.7s mask blurred
[00:42:34] +31.8s pyramid gauss
[00:42:34] +31.9s pyramid expand
[00:42:34] +31.9s pasted
[00:42:34] +31.9s blended 20 keepA=0.50
[00:42:34] +31.9s blend 21: window=1811x2093 tiles=837
[00:42:34] +31.9s local copied sparse
[00:42:34] +31.9s seam grid 65x33 nodes=2061
[00:42:34] +31.9s seam grid 491x234 nodes=30554
[00:42:34] +32.0s seam refine nodes=30554
[00:42:34] +32.0s painted
[00:42:34] +32.0s mask blurred
[00:42:34] +32.0s pyramid gauss
[00:42:34] +32.1s pyramid expand
[00:42:34] +32.1s pasted
[00:42:34] +32.1s blended 21 keepA=0.49
[00:42:35] +32.1s preview canvas cylindrical 11122x2093 shifts=21
[00:42:35] +32.1s time  preview=11.62s (solve+match 20.52s)
[00:42:35] +32.3s preview ready /home/dalibor/Projects/RapidRAW/lean_pano_proto/out/v30/IMGP9237/IMGP9237_preview.jpg
[00:42:35] +32.3s save started
[00:42:35] +32.3s develop jobs=4
[00:42:43] +40.8s developed IMGP9237.DNG 4000x6016 -> 1277x1920
[00:42:43] +40.8s developed IMGP9238.DNG 4000x6016 -> 1277x1920
[00:42:43] +40.8s developed IMGP9239.DNG 4000x6016 -> 1277x1920
[00:42:43] +40.8s developed IMGP9240.DNG 4000x6016 -> 1277x1920
[00:42:43] +40.8s developed IMGP9241.DNG 4000x6016 -> 1277x1920
[00:42:43] +40.8s developed IMGP9242.DNG 4000x6016 -> 1277x1920
[00:42:43] +40.8s developed IMGP9243.DNG 4000x6016 -> 1277x1920
[00:42:43] +40.8s developed IMGP9244.DNG 4000x6016 -> 1277x1920
[00:42:43] +40.8s developed IMGP9245.DNG 4000x6016 -> 1277x1920
[00:42:43] +40.8s developed IMGP9246.DNG 4000x6016 -> 1277x1920
[00:42:43] +40.8s developed IMGP9247.DNG 4000x6016 -> 1277x1920
[00:42:43] +40.8s developed IMGP9248.DNG 4000x6016 -> 1277x1920
[00:42:43] +40.8s developed IMGP9249.DNG 4000x6016 -> 1277x1920
[00:42:43] +40.8s developed IMGP9250.DNG 4000x6016 -> 1277x1920
[00:42:43] +40.8s developed IMGP9251.DNG 4000x6016 -> 1277x1920
[00:42:43] +40.8s developed IMGP9252.DNG 4000x6016 -> 1277x1920
[00:42:43] +40.8s developed IMGP9253.DNG 4000x6016 -> 1277x1920
[00:42:43] +40.8s developed IMGP9254.DNG 4000x6016 -> 1277x1920
[00:42:43] +40.8s developed IMGP9255.DNG 4000x6016 -> 1277x1920
[00:42:43] +40.8s developed IMGP9256.DNG 4000x6016 -> 1277x1920
[00:42:43] +40.8s developed IMGP9257.DNG 4000x6016 -> 1277x1920
[00:42:43] +40.8s developed IMGP9258.DNG 4000x6016 -> 1277x1920
[00:42:43] +40.8s time  develop=8.46s
[00:42:43] +40.8s scale raw=4000x6016 jpeg=4000x6016 x=1.0000 y=1.0000
[00:42:43] +40.8s Matching brightness...
[00:42:43] +40.8s canvas cylindrical 11122x2093
[00:42:43] +40.9s warp IMGP9256.DNG: bbox=(950,134,2256,2076) 1306x1942
[00:42:43] +40.9s warp IMGP9244.DNG: bbox=(6708,18,8001,1955) 1293x1937
[00:42:43] +41.0s warp IMGP9238.DNG: bbox=(9403,135,10695,2072) 1292x1937
[00:42:43] +41.0s warp IMGP9250.DNG: bbox=(4050,155,5364,2093) 1314x1938
[00:42:43] +41.0s warp IMGP9249.DNG: bbox=(4453,40,5766,1985) 1313x1945
[00:42:43] +41.0s warp IMGP9241.DNG: bbox=(8135,124,9427,2061) 1292x1937
[00:42:43] +41.0s warp IMGP9246.DNG: bbox=(5857,0,7159,1931) 1302x1931
[00:42:43] +41.0s warp IMGP9253.DNG: bbox=(2637,54,3946,1997) 1309x1943
[00:42:43] +41.0s warp IMGP9247.DNG: bbox=(5323,10,6634,1954) 1311x1944
[00:42:43] +41.0s warp IMGP9243.DNG: bbox=(7178,59,8470,1996) 1292x1937
[00:42:43] +41.0s warp IMGP9257.DNG: bbox=(415,155,1713,2093) 1298x1938
[00:42:43] +41.0s warp IMGP9258.DNG: bbox=(0,151,1299,2093) 1299x1942
[00:42:43] +41.0s warp IMGP9248.DNG: bbox=(4963,21,6273,1964) 1310x1943
[00:42:43] +41.0s warp IMGP9239.DNG: bbox=(8887,80,10181,2017) 1294x1937
[00:42:43] +41.0s warp IMGP9240.DNG: bbox=(8484,108,9778,2045) 1294x1937
[00:42:43] +41.0s warp IMGP9255.DNG: bbox=(1454,123,2750,2060) 1296x1937
[00:42:43] +41.0s warp IMGP9254.DNG: bbox=(1951,102,3249,2040) 1298x1938
[00:42:43] +41.0s warp IMGP9252.DNG: bbox=(3202,125,4494,2062) 1292x1937
[00:42:43] +41.0s warp IMGP9237.DNG: bbox=(9834,156,11122,2093) 1288x1937
[00:42:43] +41.0s warp IMGP9242.DNG: bbox=(7644,83,8943,2021) 1299x1938
[00:42:43] +41.0s warp IMGP9251.DNG: bbox=(3645,111,4943,2048) 1298x1937
[00:42:43] +41.0s warp IMGP9245.DNG: bbox=(6284,54,7582,1992) 1298x1938
[00:42:44] +41.9s brightness gains=22 corner=1.072
[00:42:44] +41.9s Blending photos...
[00:42:45] +42.4s blend 1: window=2334x2093 tiles=1085
[00:42:45] +42.7s local moved kept=232 field=2.24 disagree 0.2683 -> 0.1140
[00:42:45] +42.8s seam grid 64x35 nodes=2158
[00:42:45] +42.8s seam grid 495x250 nodes=29904
[00:42:45] +42.9s seam refine nodes=29904
[00:42:45] +42.9s painted
[00:42:45] +42.9s mask blurred
[00:42:45] +43.0s pyramid gauss
[00:42:45] +43.1s pyramid expand
[00:42:45] +43.1s pasted
[00:42:45] +43.1s blended 1 keepA=0.35
[00:42:45] +43.1s blend 2: window=2326x2093 tiles=1085
[00:42:46] +43.4s local moved kept=180 field=3.52 disagree 0.3583 -> 0.1734
[00:42:46] +43.4s seam grid 64x29 nodes=1798
[00:42:46] +43.4s seam grid 490x207 nodes=26474
[00:42:46] +43.5s seam refine nodes=26474
[00:42:46] +43.5s painted
[00:42:46] +43.5s mask blurred
[00:42:46] +43.6s pyramid gauss
[00:42:46] +43.7s pyramid expand
[00:42:46] +43.7s pasted
[00:42:46] +43.7s blended 2 keepA=0.53
[00:42:46] +43.7s blend 3: window=2337x2093 tiles=1085
[00:42:46] +43.9s local moved kept=202 field=4.83 disagree 0.3455 -> 0.1548
[00:42:46] +43.9s seam grid 65x30 nodes=1895
[00:42:46] +44.0s seam grid 493x214 nodes=27674
[00:42:46] +44.0s seam refine nodes=27674
[00:42:46] +44.0s painted
[00:42:46] +44.0s mask blurred
[00:42:46] +44.1s pyramid gauss
[00:42:47] +44.1s pyramid expand
[00:42:47] +44.2s pasted
[00:42:47] +44.2s blended 3 keepA=0.50
[00:42:47] +44.2s blend 4: window=2322x2093 tiles=1085
[00:42:47] +44.4s local moved kept=206 field=5.21 disagree 0.3338 -> 0.1521
[00:42:47] +44.4s seam grid 64x31 nodes=1978
[00:42:47] +44.4s seam grid 488x232 nodes=30480
[00:42:47] +44.5s seam refine nodes=30480
[00:42:47] +44.5s painted
[00:42:47] +44.5s mask blurred
[00:42:47] +44.6s pyramid gauss
[00:42:47] +44.8s pyramid expand
[00:42:47] +44.8s pasted
[00:42:47] +44.8s blended 4 keepA=0.46
[00:42:47] +44.8s blend 5: window=2317x2093 tiles=1085
[00:42:47] +45.0s local moved kept=194 field=4.75 disagree 0.3078 -> 0.1504
[00:42:47] +45.0s seam grid 65x32 nodes=2044
[00:42:47] +45.0s seam grid 496x231 nodes=28245
[00:42:47] +45.1s seam refine nodes=28245
[00:42:47] +45.1s painted
[00:42:47] +45.1s mask blurred
[00:42:48] +45.1s pyramid gauss
[00:42:48] +45.2s pyramid expand
[00:42:48] +45.2s pasted
[00:42:48] +45.2s blended 5 keepA=0.52
[00:42:48] +45.2s blend 6: window=2338x2093 tiles=1085
[00:42:48] +45.5s local moved kept=227 field=5.20 disagree 0.3531 -> 0.1471
[00:42:48] +45.5s seam grid 62x33 nodes=2040
[00:42:48] +45.5s seam grid 469x241 nodes=28162
[00:42:48] +45.6s seam refine nodes=28162
[00:42:48] +45.6s painted
[00:42:48] +45.6s mask blurred
[00:42:48] +45.7s pyramid gauss
[00:42:48] +45.8s pyramid expand
[00:42:48] +45.8s pasted
[00:42:48] +45.8s blended 6 keepA=0.42
[00:42:48] +45.8s blend 7: window=2322x2093 tiles=1085
[00:42:48] +46.1s local moved kept=219 field=4.63 disagree 0.2836 -> 0.1299
[00:42:48] +46.1s seam grid 65x33 nodes=2127
[00:42:48] +46.1s seam grid 497x236 nodes=25656
[00:42:49] +46.2s seam refine nodes=25656
[00:42:49] +46.2s painted
[00:42:49] +46.2s mask blurred
[00:42:49] +46.2s pyramid gauss
[00:42:49] +46.3s pyramid expand
[00:42:49] +46.3s pasted
[00:42:49] +46.3s blended 7 keepA=0.52
[00:42:49] +46.3s blend 8: window=2316x2093 tiles=1085
[00:42:49] +46.6s local moved kept=156 field=5.43 disagree 0.3231 -> 0.1857
[00:42:49] +46.6s seam grid 65x31 nodes=1951
[00:42:49] +46.6s seam grid 496x219 nodes=24149
[00:42:49] +46.6s seam refine nodes=24149
[00:42:49] +46.6s painted
[00:42:49] +46.6s mask blurred
[00:42:49] +46.7s pyramid gauss
[00:42:49] +46.8s pyramid expand
[00:42:49] +46.8s pasted
[00:42:49] +46.8s blended 8 keepA=0.51
[00:42:49] +46.8s blend 9: window=2316x2093 tiles=1085
[00:42:49] +47.1s local moved kept=212 field=5.23 disagree 0.2745 -> 0.1247
[00:42:49] +47.1s seam grid 64x31 nodes=1908
[00:42:49] +47.1s seam grid 497x225 nodes=28184
[00:42:49] +47.1s seam refine nodes=28184
[00:42:49] +47.1s painted
[00:42:49] +47.1s mask blurred
[00:42:50] +47.2s pyramid gauss
[00:42:50] +47.2s pyramid expand
[00:42:50] +47.3s pasted
[00:42:50] +47.3s blended 9 keepA=0.51
[00:42:50] +47.3s blend 10: window=2323x2093 tiles=1085
[00:42:50] +47.5s local moved kept=161 field=5.28 disagree 0.3111 -> 0.1711
[00:42:50] +47.5s seam grid 64x31 nodes=1926
[00:42:50] +47.5s seam grid 491x219 nodes=26887
[00:42:50] +47.6s seam refine nodes=26887
[00:42:50] +47.6s painted
[00:42:50] +47.6s mask blurred
[00:42:50] +47.6s pyramid gauss
[00:42:50] +47.7s pyramid expand
[00:42:50] +47.7s pasted
[00:42:50] +47.7s blended 10 keepA=0.50
[00:42:50] +47.7s blend 11: window=2333x2093 tiles=1085
[00:42:50] +48.0s local moved kept=171 field=5.47 disagree 0.3346 -> 0.1561
[00:42:50] +48.0s seam grid 64x28 nodes=1788
[00:42:50] +48.0s seam grid 484x199 nodes=25872
[00:42:50] +48.0s seam refine nodes=25872
[00:42:50] +48.0s painted
[00:42:50] +48.0s mask blurred
[00:42:51] +48.1s pyramid gauss
[00:42:51] +48.2s pyramid expand
[00:42:51] +48.2s pasted
[00:42:51] +48.2s blended 11 keepA=0.50
[00:42:51] +48.2s blend 12: window=2316x2093 tiles=1085
[00:42:51] +48.5s local moved kept=174 field=5.30 disagree 0.3236 -> 0.1734
[00:42:51] +48.5s seam grid 64x30 nodes=1916
[00:42:51] +48.5s seam grid 487x215 nodes=25686
[00:42:51] +48.5s seam refine nodes=25686
[00:42:51] +48.5s painted
[00:42:51] +48.6s mask blurred
[00:42:51] +48.6s pyramid gauss
[00:42:51] +48.7s pyramid expand
[00:42:51] +48.7s pasted
[00:42:51] +48.7s blended 12 keepA=0.50
[00:42:51] +48.7s blend 13: window=2318x2093 tiles=1085
[00:42:51] +48.9s local moved kept=207 field=5.29 disagree 0.3038 -> 0.1623
[00:42:51] +49.0s seam grid 65x34 nodes=2141
[00:42:51] +49.0s seam grid 497x249 nodes=30782
[00:42:51] +49.0s seam refine nodes=30782
[00:42:51] +49.0s painted
[00:42:51] +49.0s mask blurred
[00:42:52] +49.2s pyramid gauss
[00:42:52] +49.3s pyramid expand
[00:42:52] +49.3s pasted
[00:42:52] +49.3s blended 13 keepA=0.51
[00:42:52] +49.3s blend 14: window=2322x2093 tiles=1085
[00:42:52] +49.5s local moved kept=118 field=5.21 disagree 0.2741 -> 0.1399
[00:42:52] +49.5s seam grid 484x154 nodes=74244
[00:42:52] +50.0s painted
[00:42:52] +50.0s mask blurred
[00:42:52] +50.1s pyramid gauss
[00:42:53] +50.1s pyramid expand
[00:42:53] +50.1s pasted
[00:42:53] +50.1s blended 14 keepA=0.50
[00:42:53] +50.1s blend 15: window=2318x2093 tiles=1085
[00:42:53] +50.4s local moved kept=186 field=5.32 disagree 0.3340 -> 0.1810
[00:42:53] +50.4s seam grid 65x33 nodes=2097
[00:42:53] +50.4s seam grid 496x236 nodes=27676
[00:42:53] +50.5s seam refine nodes=27676
[00:42:53] +50.5s painted
[00:42:53] +50.5s mask blurred
[00:42:53] +50.6s pyramid gauss
[00:42:53] +50.7s pyramid expand
[00:42:53] +50.7s pasted
[00:42:53] +50.7s blended 15 keepA=0.50
[00:42:53] +50.7s blend 16: window=2320x2093 tiles=1085
[00:42:53] +51.0s local moved kept=159 field=5.78 disagree 0.2322 -> 0.1118
[00:42:53] +51.0s seam grid 65x30 nodes=1864
[00:42:53] +51.0s seam grid 492x213 nodes=22162
[00:42:53] +51.0s seam refine nodes=22162
[00:42:53] +51.0s painted
[00:42:53] +51.0s mask blurred
[00:42:53] +51.1s pyramid gauss
[00:42:54] +51.2s pyramid expand
[00:42:54] +51.2s pasted
[00:42:54] +51.2s blended 16 keepA=0.49
[00:42:54] +51.2s blend 17: window=2231x2093 tiles=1023
[00:42:54] +51.4s local moved kept=154 field=5.40 disagree 0.3296 -> 0.1823
[00:42:54] +51.4s seam grid 64x29 nodes=1794
[00:42:54] +51.4s seam grid 494x207 nodes=24725
[00:42:54] +51.5s seam refine nodes=24725
[00:42:54] +51.5s painted
[00:42:54] +51.5s mask blurred
[00:42:54] +51.5s pyramid gauss
[00:42:54] +51.6s pyramid expand
[00:42:54] +51.6s pasted
[00:42:54] +51.6s blended 17 keepA=0.51
[00:42:54] +51.6s blend 18: window=2330x2093 tiles=1085
[00:42:54] +51.8s local moved kept=163 field=5.36 disagree 0.2685 -> 0.1321
[00:42:54] +51.8s seam grid 65x30 nodes=1886
[00:42:54] +51.8s seam grid 494x213 nodes=28618
[00:42:54] +51.9s seam refine nodes=28618
[00:42:54] +51.9s painted
[00:42:54] +51.9s mask blurred
[00:42:54] +52.0s pyramid gauss
[00:42:54] +52.0s pyramid expand
[00:42:54] +52.1s pasted
[00:42:54] +52.1s blended 18 keepA=0.49
[00:42:54] +52.1s blend 19: window=1800x2093 tiles=837
[00:42:55] +52.3s local moved kept=167 field=5.43 disagree 0.2829 -> 0.1554
[00:42:55] +52.3s seam grid 65x32 nodes=1996
[00:42:55] +52.3s seam grid 491x228 nodes=22170
[00:42:55] +52.3s seam refine nodes=22170
[00:42:55] +52.3s painted
[00:42:55] +52.3s mask blurred
[00:42:55] +52.4s pyramid gauss
[00:42:55] +52.4s pyramid expand
[00:42:55] +52.4s pasted
[00:42:55] +52.4s blended 19 keepA=0.49
[00:42:55] +52.4s blend 20: window=2225x2093 tiles=1023
[00:42:55] +52.7s local moved kept=112 field=5.55 disagree 0.2332 -> 0.1213
[00:42:55] +52.7s seam grid 64x29 nodes=1776
[00:42:55] +52.7s seam grid 491x204 nodes=25479
[00:42:55] +52.7s seam refine nodes=25479
[00:42:55] +52.7s painted
[00:42:55] +52.7s mask blurred
[00:42:55] +52.9s pyramid gauss
[00:42:55] +53.0s pyramid expand
[00:42:55] +53.0s pasted
[00:42:55] +53.0s blended 20 keepA=0.50
[00:42:55] +53.0s blend 21: window=1811x2093 tiles=837
[00:42:56] +53.2s local moved kept=131 field=5.28 disagree 0.2036 -> 0.1093
[00:42:56] +53.2s seam grid 65x33 nodes=2061
[00:42:56] +53.2s seam grid 491x234 nodes=30618
[00:42:56] +53.3s seam refine nodes=30618
[00:42:56] +53.3s painted
[00:42:56] +53.3s mask blurred
[00:42:56] +53.3s pyramid gauss
[00:42:56] +53.4s pyramid expand
[00:42:56] +53.4s pasted
[00:42:56] +53.4s blended 21 keepA=0.49
[00:42:56] +53.4s time  linear_photometry=12.65s
[00:42:56] +53.4s photometry source=second compose
[00:42:56] +53.4s save seam preview
[00:42:56] +53.4s save cut fullres
[00:42:56] +53.4s photometry gains=22
[00:42:56] +53.4s photo pedestal=0.001170 field_norm=0.951102 gains=[1.0063 1.1152 1.1017 0.8645 1.1379 1.1651 0.8926 0.8808 1.2042 0.9125 1.1387 0.8688 1.1977 1.2997 0.8081 1.4375 0.8358 1.2005 0.7685 1.2871 0.6868 0.6698]
[00:42:56] +53.4s canvas cylindrical 34844x6555
[00:42:56] +53.6s local align resolution 1/2
[00:42:56] +53.6s composite levels=7 pad=1024
[00:42:56] +53.6s local alignment refine=true
[00:42:56] +54.1s warped IMGP9247.DNG straight
[00:42:58] +55.7s local moved kept=519 field=3.76 disagree 0.3107 -> 0.1675
[00:42:58] +55.9s field n=0 const=[1.0000 1.0000 1.0000] peak=0.0000 gain=0.0014 (rejected)
[00:42:58] +56.1s seam grid 193x96 nodes=18398
[00:42:59] +56.2s seam grid 1517x747 nodes=111719
[00:43:00] +57.3s seam refine nodes=111719
[00:43:00] +57.3s painted
[00:43:00] +57.4s mask blurred
[00:43:01] +58.7s pyramid gauss
[00:43:02] +59.4s pyramid expand
[00:43:02] +59.5s blended
[00:43:02] +59.5s seam 1 window=6112x6555 keepA=0.35
[00:43:02] +59.5s warped IMGP9248.DNG straight
[00:43:03] +61.0s local moved kept=435 field=5.75 disagree 0.3715 -> 0.2135
[00:43:04] +61.3s field n=0 const=[1.0000 1.0000 1.0000] peak=0.0000 gain=0.0020 (rejected)
[00:43:04] +61.4s seam grid 192x80 nodes=15350
[00:43:04] +61.5s seam grid 1506x612 nodes=87067
[00:43:05] +62.2s seam refine nodes=87067
[00:43:05] +62.2s painted
[00:43:05] +62.3s mask blurred
[00:43:06] +63.5s pyramid gauss
[00:43:07] +64.2s pyramid expand
[00:43:07] +64.3s blended
[00:43:07] +64.3s seam 2 window=6088x6555 keepA=0.58
[00:43:07] +64.3s warped IMGP9246.DNG straight
[00:43:08] +65.6s local moved kept=469 field=7.92 disagree 0.3560 -> 0.1971
[00:43:08] +65.9s field n=0 const=[1.0000 1.0000 1.0000] peak=0.0000 gain=0.0047 (rejected)
[00:43:08] +66.1s seam grid 192x82 nodes=15733
[00:43:09] +66.1s seam grid 1507x632 nodes=83211
[00:43:09] +66.8s seam refine nodes=83211
[00:43:09] +66.8s painted
[00:43:09] +66.9s mask blurred
[00:43:10] +68.0s pyramid gauss
[00:43:11] +68.8s pyramid expand
[00:43:11] +68.9s blended
[00:43:11] +68.9s seam 3 window=6125x6555 keepA=0.50
[00:43:11] +68.9s warped IMGP9249.DNG straight
[00:43:13] +70.4s local moved kept=456 field=8.61 disagree 0.3477 -> 0.1922
[00:43:13] +70.7s field n=0 const=[1.0000 1.0000 1.0000] peak=0.0000 gain=0.0040 (rejected)
[00:43:13] +70.8s seam grid 190x89 nodes=16904
[00:43:13] +70.9s seam grid 1492x688 nodes=91433
[00:43:14] +71.8s seam refine nodes=91433
[00:43:14] +71.8s painted
[00:43:14] +71.9s mask blurred
[00:43:15] +73.1s pyramid gauss
[00:43:16] +73.9s pyramid expand
[00:43:16] +74.0s blended
[00:43:16] +74.0s seam 4 window=6077x6555 keepA=0.45
[00:43:16] +74.0s warped IMGP9245.DNG straight
[00:43:18] +75.5s local moved kept=433 field=7.67 disagree 0.3273 -> 0.1956
[00:43:18] +75.8s field n=0 const=[1.0000 1.0000 1.0000] peak=0.0000 gain=0.0045 (rejected)
[00:43:18] +76.0s seam grid 192x89 nodes=17028
[00:43:18] +76.1s seam grid 1521x688 nodes=82401
[00:43:19] +76.4s seam refine nodes=82401
[00:43:19] +76.4s painted
[00:43:19] +76.5s mask blurred
[00:43:20] +77.6s pyramid gauss
[00:43:21] +78.4s pyramid expand
[00:43:21] +78.5s blended
[00:43:21] +78.5s seam 5 window=6063x6555 keepA=0.51
[00:43:21] +78.5s warped IMGP9244.DNG straight
[00:43:22] +80.0s local moved kept=542 field=8.73 disagree 0.3737 -> 0.1916
[00:43:23] +80.2s field n=0 const=[1.0000 1.0000 1.0000] peak=0.0000 gain=-0.0003 (rejected)
[00:43:23] +80.4s seam grid 183x93 nodes=17008
[00:43:23] +80.5s seam grid 1434x717 nodes=87160
[00:43:24] +81.2s seam refine nodes=87160
[00:43:24] +81.2s painted
[00:43:24] +81.3s mask blurred
[00:43:25] +82.5s pyramid gauss
[00:43:26] +83.2s pyramid expand
[00:43:26] +83.3s blended
[00:43:26] +83.3s seam 6 window=6126x6555 keepA=0.40
[00:43:26] +83.3s warped IMGP9250.DNG straight
[00:43:27] +84.7s local moved kept=538 field=7.51 disagree 0.2971 -> 0.1585
[00:43:27] +85.0s field n=0 const=[1.0000 1.0000 1.0000] peak=0.0000 gain=0.0018 (rejected)
[00:43:28] +85.2s seam grid 193x91 nodes=17517
[00:43:28] +85.3s seam grid 1521x702 nodes=82181
[00:43:28] +85.5s seam refine nodes=82181
[00:43:28] +85.5s painted
[00:43:28] +85.6s mask blurred
[00:43:29] +86.7s pyramid gauss
[00:43:30] +87.5s pyramid expand
[00:43:30] +87.6s blended
[00:43:30] +87.6s seam 7 window=6075x6555 keepA=0.51
[00:43:30] +87.6s warped IMGP9251.DNG straight
[00:43:31] +89.0s local moved kept=347 field=8.53 disagree 0.3461 -> 0.2400
[00:43:32] +89.3s field n=0 const=[1.0000 1.0000 1.0000] peak=0.0000 gain=0.0034 (rejected)
[00:43:32] +89.4s seam grid 192x84 nodes=15956
[00:43:32] +89.5s seam grid 1517x649 nodes=80772
[00:43:33] +90.2s seam refine nodes=80772
[00:43:33] +90.3s painted
[00:43:33] +90.4s mask blurred
[00:43:34] +91.5s pyramid gauss
[00:43:35] +92.2s pyramid expand
[00:43:35] +92.3s blended
[00:43:35] +92.3s seam 8 window=6058x6555 keepA=0.51
[00:43:35] +92.3s warped IMGP9243.DNG straight
[00:43:36] +93.7s local moved kept=482 field=8.45 disagree 0.2962 -> 0.1730
[00:43:36] +94.0s field n=0 const=[1.0000 1.0000 1.0000] peak=0.0000 gain=0.0014 (rejected)
[00:43:37] +94.2s seam grid 192x87 nodes=16616
[00:43:37] +94.2s seam grid 1521x669 nodes=81268
[00:43:37] +94.7s seam refine nodes=81268
[00:43:37] +94.8s painted
[00:43:37] +94.9s mask blurred
[00:43:38] +95.9s pyramid gauss
[00:43:39] +96.6s pyramid expand
[00:43:39] +96.7s blended
[00:43:39] +96.7s seam 9 window=6058x6555 keepA=0.51
[00:43:39] +96.7s warped IMGP9252.DNG straight
[00:43:40] +98.1s local moved kept=383 field=8.62 disagree 0.3357 -> 0.2203
[00:43:41] +98.4s field n=0 const=[1.0000 1.0000 1.0000] peak=0.0000 gain=0.0049 (rejected)
[00:43:41] +98.6s seam grid 191x85 nodes=16229
[00:43:41] +98.6s seam grid 1502x650 nodes=84940
[00:43:42] +99.3s seam refine nodes=84940
[00:43:42] +99.3s painted
[00:43:42] +99.4s mask blurred
[00:43:43] +100.6s pyramid gauss
[00:43:44] +101.3s pyramid expand
[00:43:44] +101.4s blended
[00:43:44] +101.4s seam 10 window=6080x6555 keepA=0.51
[00:43:44] +101.4s warped IMGP9242.DNG straight
[00:43:45] +102.7s local moved kept=402 field=8.97 disagree 0.3467 -> 0.1835
[00:43:45] +103.0s field n=0 const=[1.0000 1.0000 1.0000] peak=0.0000 gain=0.0036 (rejected)
[00:43:46] +103.2s seam grid 188x77 nodes=14470
[00:43:46] +103.2s seam grid 1479x586 nodes=83188
[00:43:46] +103.9s seam refine nodes=83188
[00:43:46] +103.9s painted
[00:43:46] +104.0s mask blurred
[00:43:47] +105.1s pyramid gauss
[00:43:48] +105.8s pyramid expand
[00:43:48] +105.9s blended
[00:43:48] +105.9s seam 11 window=6113x6555 keepA=0.49
[00:43:48] +105.9s warped IMGP9253.DNG straight
[00:43:50] +107.2s local moved kept=391 field=9.03 disagree 0.3386 -> 0.2043
[00:43:50] +107.5s field n=0 const=[1.0000 1.0000 1.0000] peak=0.0000 gain=0.0034 (rejected)
[00:43:50] +107.7s seam grid 190x83 nodes=15762
[00:43:50] +107.7s seam grid 1490x637 nodes=83744
[00:43:51] +108.3s seam refine nodes=83744
[00:43:51] +108.3s painted
[00:43:51] +108.4s mask blurred
[00:43:52] +109.4s pyramid gauss
[00:43:53] +110.1s pyramid expand
[00:43:53] +110.2s blended
[00:43:53] +110.2s seam 12 window=6061x6555 keepA=0.50
[00:43:53] +110.2s warped IMGP9241.DNG straight
[00:43:54] +111.7s local moved kept=448 field=8.61 disagree 0.3231 -> 0.2052
[00:43:54] +112.0s field n=0 const=[1.0000 1.0000 1.0000] peak=0.0000 gain=0.0041 (rejected)
[00:43:55] +112.2s seam grid 193x96 nodes=18472
[00:43:55] +112.3s seam grid 1521x743 nodes=84981
[00:43:55] +112.8s seam refine nodes=84981
[00:43:55] +112.9s painted
[00:43:55] +113.0s mask blurred
[00:43:57] +114.2s pyramid gauss
[00:43:57] +115.0s pyramid expand
[00:43:57] +115.1s blended
[00:43:57] +115.1s seam 13 window=6067x6555 keepA=0.51
[00:43:57] +115.1s warped IMGP9240.DNG straight
[00:43:59] +116.3s local moved kept=266 field=8.62 disagree 0.2859 -> 0.1734
[00:43:59] +116.6s field n=0 const=[1.0000 1.0000 1.0000] peak=0.0000 gain=-0.0011 (rejected)
[00:43:59] +116.7s seam grid 192x64 nodes=12173
[00:43:59] +116.8s seam grid 1518x483 nodes=80399
[00:44:00] +117.3s seam refine nodes=80399
[00:44:00] +117.3s painted
[00:44:00] +117.3s mask blurred
[00:44:01] +118.3s pyramid gauss
[00:44:01] +118.9s pyramid expand
[00:44:01] +119.0s blended
[00:44:01] +119.0s seam 14 window=6077x6555 keepA=0.51
[00:44:01] +119.0s warped IMGP9254.DNG straight
[00:44:03] +120.4s local moved kept=437 field=8.96 disagree 0.3590 -> 0.2363
[00:44:03] +120.7s field n=0 const=[1.0000 1.0000 1.0000] peak=0.0000 gain=0.0030 (rejected)
[00:44:03] +120.8s seam grid 193x91 nodes=17468
[00:44:03] +120.9s seam grid 1518x702 nodes=89179
[00:44:04] +121.8s seam refine nodes=89179
[00:44:04] +121.8s painted
[00:44:04] +121.9s mask blurred
[00:44:06] +123.1s pyramid gauss
[00:44:06] +123.9s pyramid expand
[00:44:06] +124.0s blended
[00:44:06] +124.0s seam 15 window=6066x6555 keepA=0.50
[00:44:06] +124.0s warped IMGP9239.DNG straight
[00:44:08] +125.4s local moved kept=363 field=9.91 disagree 0.2590 -> 0.1546
[00:44:08] +125.7s field n=0 const=[1.0000 1.0000 1.0000] peak=0.0000 gain=0.0007 (rejected)
[00:44:08] +125.9s seam grid 192x82 nodes=15736
[00:44:08] +125.9s seam grid 1506x629 nodes=83791
[00:44:09] +126.6s seam refine nodes=83791
[00:44:09] +126.6s painted
[00:44:09] +126.7s mask blurred
[00:44:10] +127.7s pyramid gauss
[00:44:11] +128.4s pyramid expand
[00:44:11] +128.5s blended
[00:44:11] +128.5s seam 16 window=6070x6555 keepA=0.50
[00:44:11] +128.5s warped IMGP9255.DNG straight
[00:44:12] +129.9s local moved kept=395 field=8.96 disagree 0.3551 -> 0.2445
[00:44:13] +130.2s field n=0 const=[1.0000 1.0000 1.0000] peak=0.0000 gain=0.0066 (rejected)
[00:44:13] +130.4s seam grid 192x80 nodes=15354
[00:44:13] +130.4s seam grid 1510x613 nodes=83549
[00:44:14] +131.3s seam refine nodes=83549
[00:44:14] +131.3s painted
[00:44:14] +131.4s mask blurred
[00:44:15] +132.5s pyramid gauss
[00:44:16] +133.2s pyramid expand
[00:44:16] +133.3s blended
[00:44:16] +133.3s seam 17 window=6060x6555 keepA=0.50
[00:44:16] +133.3s warped IMGP9238.DNG straight
[00:44:17] +134.6s local moved kept=386 field=9.03 disagree 0.2899 -> 0.1788
[00:44:17] +134.9s field n=0 const=[1.0000 1.0000 1.0000] peak=0.0000 gain=0.0016 (rejected)
[00:44:17] +135.1s seam grid 192x82 nodes=15716
[00:44:18] +135.1s seam grid 1512x632 nodes=84164
[00:44:18] +135.8s seam refine nodes=84164
[00:44:18] +135.8s painted
[00:44:18] +135.9s mask blurred
[00:44:19] +137.1s pyramid gauss
[00:44:20] +137.8s pyramid expand
[00:44:20] +137.9s blended
[00:44:20] +137.9s seam 18 window=6104x6555 keepA=0.50
[00:44:20] +137.9s warped IMGP9256.DNG straight
[00:44:22] +139.4s local moved kept=380 field=8.65 disagree 0.3044 -> 0.2027
[00:44:22] +139.6s field n=0 const=[1.0000 1.0000 1.0000] peak=0.0000 gain=0.0017 (rejected)
[00:44:22] +139.8s seam grid 191x88 nodes=16802
[00:44:22] +139.8s seam grid 1505x678 nodes=86507
[00:44:23] +140.5s seam refine nodes=86507
[00:44:23] +140.6s painted
[00:44:23] +140.7s mask blurred
[00:44:24] +141.9s pyramid gauss
[00:44:25] +142.7s pyramid expand
[00:44:25] +142.8s blended
[00:44:25] +142.8s seam 19 window=5039x6555 keepA=0.50
[00:44:25] +142.8s warped IMGP9237.DNG straight
[00:44:27] +144.3s local moved kept=278 field=9.05 disagree 0.2534 -> 0.1763
[00:44:27] +144.6s field n=0 const=[1.0000 1.0000 1.0000] peak=0.0000 gain=-0.0004 (rejected)
[00:44:27] +144.8s seam grid 192x79 nodes=15159
[00:44:27] +144.8s seam grid 1507x602 nodes=80275
[00:44:28] +145.4s seam refine nodes=80275
[00:44:28] +145.4s painted
[00:44:28] +145.5s mask blurred
[00:44:29] +146.5s pyramid gauss
[00:44:30] +147.2s pyramid expand
[00:44:30] +147.3s blended
[00:44:30] +147.3s seam 20 window=6080x6555 keepA=0.50
[00:44:30] +147.3s warped IMGP9257.DNG straight
[00:44:31] +148.6s local moved kept=300 field=8.32 disagree 0.2282 -> 0.1453
[00:44:31] +148.8s field n=0 const=[1.0000 1.0000 1.0000] peak=0.0000 gain=0.0024 (rejected)
[00:44:31] +149.0s seam grid 193x90 nodes=17174
[00:44:31] +149.0s seam grid 1519x697 nodes=89740
[00:44:32] +149.9s seam refine nodes=89740
[00:44:32] +149.9s painted
[00:44:32] +150.0s mask blurred
[00:44:34] +151.2s pyramid gauss
[00:44:34] +152.0s pyramid expand
[00:44:34] +152.1s blended
[00:44:34] +152.1s seam 21 window=5076x6555 keepA=0.50
[00:44:34] +152.1s warped IMGP9258.DNG straight
[00:44:34] +152.1s refined shifts seams=0 mean_abs_shift=0.000px max_abs_shift=0.000px
[00:44:34] +152.1s exposure gains applied 8
[00:44:35] +152.7s save encode 34436x5481
[00:44:50] +167.7s seam dump /home/dalibor/Projects/RapidRAW/lean_pano_proto/out/v30/IMGP9237/seams.txt
[00:44:50] +167.7s blend_stage extract=0.00s
[00:44:50] +167.7s blend_stage graphcut=98.47s
[00:44:50] +167.7s blend_stage local_align_half=76.38s
[00:44:50] +167.7s blend_stage mask_blur=8.00s
[00:44:50] +167.7s blend_stage pyr_blend=123.58s
[00:44:50] +167.7s boundary_step final: n=22753 median_step=17.73% p90=58.67%
[00:44:50] +167.7s blinds_flat  final: n=24808 median_step=14.09% p90=40.47%
[00:44:50] +167.7s woodline    final: n=16591 median_step=23.47% p90=68.99%
[00:44:50] +167.7s ghost_band   final: mean=0.660 keepA=0.49 cut_px=195335 swallowed=0
[00:44:50] +167.7s sharpness_lapvar final: 79.8519068835888
[00:44:50] +167.7s pano_mean_lum 0.020385163748442903 shadow_median 0.008123768493533134 canvas 34436x5481 levels=7 window_px=1024
[00:44:50] +167.7s time  final blend=89.10s encode_tiff=2.02s metrics=10.53s photometry=4.51s step_metrics=0.12s warp=2.54s
[00:44:50] +167.8s time  total=167.78s
[00:44:50] +167.8s saved /home/dalibor/Projects/RapidRAW/lean_pano_proto/out/v30/IMGP9237/IMGP9237_Pano.tiff
