[23:23:32] +0.0s log /home/dalibor/Projects/RapidRAW/lean_pano_proto/out/v30/DSCF8425/DSCF8425_Pano.pano.log
[23:23:32] +0.0s merge started files=5
[23:23:32] +0.2s jpeg DSCF8425.RAF native 4416x2944 declared 4416x2944
[23:23:33] +0.4s jpeg DSCF8426.RAF native 4416x2944 declared 4416x2944
[23:23:33] +0.6s jpeg DSCF8427.RAF native 4416x2944 declared 4416x2944
[23:23:33] +0.8s jpeg DSCF8428.RAF native 4416x2944 declared 4416x2944
[23:23:33] +0.9s jpeg DSCF8429.RAF native 4416x2944 declared 4416x2944
[23:23:35] +2.5s points DSCF8425.RAF 11967
[23:23:35] +2.5s points DSCF8426.RAF 11974
[23:23:35] +2.5s points DSCF8427.RAF 11522
[23:23:35] +2.5s points DSCF8428.RAF 11130
[23:23:35] +2.5s points DSCF8429.RAF 11611
[23:23:38] +6.0s match DSCF8425.RAF<->DSCF8426.RAF: 6136 good
[23:23:38] +6.0s match DSCF8425.RAF<->DSCF8427.RAF: 4485 good
[23:23:38] +6.0s match DSCF8425.RAF<->DSCF8428.RAF: 3355 good
[23:23:38] +6.0s match DSCF8425.RAF<->DSCF8429.RAF: 2456 good
[23:23:38] +6.0s match DSCF8426.RAF<->DSCF8427.RAF: 6017 good
[23:23:38] +6.0s match DSCF8426.RAF<->DSCF8428.RAF: 4547 good
[23:23:38] +6.0s match DSCF8426.RAF<->DSCF8429.RAF: 3540 good
[23:23:38] +6.0s match DSCF8427.RAF<->DSCF8428.RAF: 6026 good
[23:23:38] +6.0s match DSCF8427.RAF<->DSCF8429.RAF: 4763 good
[23:23:38] +6.0s match DSCF8428.RAF<->DSCF8429.RAF: 6136 good
[23:23:39] +6.4s aligned kept=5 focal35=79.0 jpeg=4416x2944 points=4416x2944
[23:23:39] +6.4s lens crop=1.534 focal35=79.0 calib=1.529
[23:23:39] +7.0s sky target 0.3677
[23:23:39] +7.0s sky scale DSCF8425.RAF 1.000 median 0.3677
[23:23:39] +7.0s sky scale DSCF8426.RAF 1.022 median 0.3598
[23:23:39] +7.0s sky scale DSCF8427.RAF 1.001 median 0.3674
[23:23:39] +7.0s sky scale DSCF8428.RAF 0.976 median 0.3767
[23:23:39] +7.0s sky scale DSCF8429.RAF 0.891 median 0.4127
[23:23:39] +7.0s Matching brightness...
[23:23:39] +7.0s canvas perspective 3322x1389
[23:23:39] +7.2s warp DSCF8429.RAF: bbox=(1380,36,3322,1355) 1942x1319
[23:23:39] +7.2s warp DSCF8428.RAF: bbox=(1096,40,3037,1343) 1941x1303
[23:23:39] +7.2s warp DSCF8426.RAF: bbox=(456,21,2437,1372) 1981x1351
[23:23:39] +7.2s warp DSCF8425.RAF: bbox=(0,0,2044,1389) 2044x1389
[23:23:39] +7.2s warp DSCF8427.RAF: bbox=(806,36,2754,1354) 1948x1318
[23:23:40] +7.3s brightness gains=5 corner=0.875
[23:23:40] +7.3s Blending photos...
[23:23:40] +7.4s blend 1: window=2738x1389 tiles=820
[23:23:40] +7.7s local moved kept=290 field=1.86 disagree 0.0764 -> 0.0532
[23:23:40] +7.8s seam grid 46x57 nodes=2446
[23:23:40] +7.8s seam grid 338x427 nodes=26275
[23:23:40] +7.8s seam refine nodes=26275
[23:23:40] +7.8s painted
[23:23:40] +7.8s mask blurred
[23:23:40] +7.9s pyramid gauss
[23:23:40] +8.0s pyramid expand
[23:23:40] +8.0s pasted
[23:23:40] +8.0s blended 1 keepA=0.50
[23:23:40] +8.0s blend 2: window=2949x1389 tiles=900
[23:23:41] +8.3s local moved kept=285 field=2.35 disagree 0.1179 -> 0.0880
[23:23:41] +8.3s seam grid 46x56 nodes=2371
[23:23:41] +8.3s seam grid 342x421 nodes=28448
[23:23:41] +8.4s seam refine nodes=28448
[23:23:41] +8.4s painted
[23:23:41] +8.4s mask blurred
[23:23:41] +8.5s pyramid gauss
[23:23:41] +8.6s pyramid expand
[23:23:41] +8.6s pasted
[23:23:41] +8.6s blended 2 keepA=0.49
[23:23:41] +8.6s blend 3: window=2454x1389 tiles=740
[23:23:41] +8.9s local moved kept=273 field=2.87 disagree 0.1181 -> 0.0826
[23:23:41] +8.9s seam grid 46x57 nodes=2432
[23:23:41] +8.9s seam grid 340x427 nodes=36489
[23:23:41] +9.0s seam refine nodes=36489
[23:23:41] +9.0s painted
[23:23:41] +9.0s mask blurred
[23:23:41] +9.0s pyramid gauss
[23:23:41] +9.1s pyramid expand
[23:23:41] +9.1s pasted
[23:23:41] +9.1s blended 3 keepA=0.68
[23:23:41] +9.1s blend 4: window=2556x1389 tiles=760
[23:23:42] +9.4s local moved kept=290 field=3.16 disagree 0.1372 -> 0.0902
[23:23:42] +9.4s seam grid 47x55 nodes=2370
[23:23:42] +9.4s seam grid 348x410 nodes=32823
[23:23:42] +9.5s seam refine nodes=32823
[23:23:42] +9.5s painted
[23:23:42] +9.5s mask blurred
[23:23:42] +9.6s pyramid gauss
[23:23:42] +9.7s pyramid expand
[23:23:42] +9.7s pasted
[23:23:42] +9.7s blended 4 keepA=0.50
[23:23:42] +9.7s preview canvas perspective 3322x1389 shifts=4
[23:23:42] +9.7s time  preview=3.32s (solve+match 6.38s)
[23:23:42] +9.8s preview ready /home/dalibor/Projects/RapidRAW/lean_pano_proto/out/v30/DSCF8425/DSCF8425_preview.jpg
[23:23:42] +9.8s save started
[23:23:42] +9.8s develop jobs=4
[23:23:46] +13.5s developed DSCF8425.RAF 7728x5152 -> 1920x1280
[23:23:46] +13.5s developed DSCF8426.RAF 7728x5152 -> 1920x1280
[23:23:46] +13.5s developed DSCF8427.RAF 7728x5152 -> 1920x1280
[23:23:46] +13.5s developed DSCF8428.RAF 7728x5152 -> 1920x1280
[23:23:46] +13.5s developed DSCF8429.RAF 7728x5152 -> 1920x1280
[23:23:46] +13.5s time  develop=3.73s
[23:23:46] +13.6s scale raw=7728x5152 jpeg=4416x2944 x=1.7500 y=1.7500
[23:23:46] +13.6s Matching brightness...
[23:23:46] +13.6s canvas perspective 3322x1389
[23:23:46] +13.7s warp DSCF8426.RAF: bbox=(456,21,2437,1372) 1981x1351
[23:23:46] +13.7s warp DSCF8428.RAF: bbox=(1096,40,3037,1343) 1941x1303
[23:23:46] +13.7s warp DSCF8427.RAF: bbox=(806,36,2754,1354) 1948x1318
[23:23:46] +13.7s warp DSCF8429.RAF: bbox=(1380,36,3322,1355) 1942x1319
[23:23:46] +13.7s warp DSCF8425.RAF: bbox=(0,0,2044,1389) 2044x1389
[23:23:46] +14.0s brightness gains=5 corner=0.869
[23:23:46] +14.0s Blending photos...
[23:23:46] +14.1s blend 1: window=2738x1389 tiles=820
[23:23:47] +14.4s local moved kept=214 field=3.18 disagree 0.1063 -> 0.0463
[23:23:47] +14.4s seam grid 46x57 nodes=2446
[23:23:47] +14.4s seam grid 338x427 nodes=25654
[23:23:47] +14.5s seam refine nodes=25654
[23:23:47] +14.5s painted
[23:23:47] +14.5s mask blurred
[23:23:47] +14.5s pyramid gauss
[23:23:47] +14.6s pyramid expand
[23:23:47] +14.7s pasted
[23:23:47] +14.7s blended 1 keepA=0.50
[23:23:47] +14.7s blend 2: window=2949x1389 tiles=900
[23:23:47] +14.9s local moved kept=216 field=3.99 disagree 0.1383 -> 0.0739
[23:23:47] +15.0s seam grid 46x56 nodes=2371
[23:23:47] +15.0s seam grid 342x421 nodes=26337
[23:23:47] +15.0s seam refine nodes=26337
[23:23:47] +15.0s painted
[23:23:47] +15.0s mask blurred
[23:23:47] +15.2s pyramid gauss
[23:23:48] +15.3s pyramid expand
[23:23:48] +15.3s pasted
[23:23:48] +15.3s blended 2 keepA=0.48
[23:23:48] +15.3s blend 3: window=2454x1389 tiles=740
[23:23:48] +15.5s local moved kept=218 field=5.72 disagree 0.1420 -> 0.0776
[23:23:48] +15.5s seam grid 46x57 nodes=2433
[23:23:48] +15.5s seam grid 339x427 nodes=37858
[23:23:48] +15.6s seam refine nodes=37858
[23:23:48] +15.6s painted
[23:23:48] +15.6s mask blurred
[23:23:48] +15.7s pyramid gauss
[23:23:48] +15.7s pyramid expand
[23:23:48] +15.7s pasted
[23:23:48] +15.7s blended 3 keepA=0.51
[23:23:48] +15.7s blend 4: window=2556x1389 tiles=760
[23:23:48] +16.0s local moved kept=253 field=7.03 disagree 0.1623 -> 0.0828
[23:23:48] +16.0s seam grid 47x55 nodes=2370
[23:23:48] +16.0s seam grid 348x410 nodes=26034
[23:23:48] +16.1s seam refine nodes=26034
[23:23:48] +16.1s painted
[23:23:48] +16.1s mask blurred
[23:23:48] +16.1s pyramid gauss
[23:23:49] +16.2s pyramid expand
[23:23:49] +16.2s pasted
[23:23:49] +16.2s blended 4 keepA=0.49
[23:23:49] +16.2s time  linear_photometry=2.69s
[23:23:49] +16.2s photometry source=second compose
[23:23:49] +16.2s save seam preview
[23:23:49] +16.2s save cut fullres
[23:23:49] +16.2s photometry gains=5
[23:23:49] +16.2s photo pedestal=0.005473 field_norm=0.239439 gains=[1.0113 0.9997 0.9840 1.0077 0.9975]
[23:23:49] +16.2s canvas perspective 13371x5591
[23:23:49] +16.5s local align resolution 1/2
[23:23:49] +16.5s composite levels=6 pad=512
[23:23:49] +16.5s local alignment refine=true
[23:23:50] +17.5s warped DSCF8427.RAF straight
[23:23:51] +19.1s local copied sparse
[23:23:51] +19.1s align-half skip no staged field
[23:23:52] +19.3s field n=0 const=[1.0000 1.0000 1.0000] peak=0.0000 gain=-0.0967 (rejected)
[23:23:52] +19.6s seam grid 167x212 nodes=34869
[23:23:52] +19.7s seam grid 1309x1668 nodes=104053
[23:23:52] +20.1s seam refine nodes=104053
[23:23:52] +20.1s painted
[23:23:53] +20.3s mask blurred
[23:23:54] +21.9s pyramid gauss
[23:23:55] +22.8s pyramid expand
[23:23:55] +23.0s blended
[23:23:55] +23.0s seam 1 window=8786x5591 keepA=0.50
[23:23:55] +23.0s warped DSCF8428.RAF nudged
[23:23:57] +24.8s local copied sparse
[23:23:57] +24.8s align-half skip no staged field
[23:23:57] +24.9s field n=0 const=[1.0000 1.0000 1.0000] peak=0.0000 gain=-0.0422 (rejected)
[23:23:58] +25.2s seam grid 169x208 nodes=34424
[23:23:58] +25.4s seam grid 1327x1641 nodes=116139
[23:23:59] +26.5s seam refine nodes=116139
[23:23:59] +26.5s painted
[23:23:59] +26.6s mask blurred
[23:24:01] +28.3s pyramid gauss
[23:24:02] +29.3s pyramid expand
[23:24:02] +29.4s blended
[23:24:02] +29.4s seam 2 window=8944x5591 keepA=0.49
[23:24:02] +29.4s warped DSCF8426.RAF nudged
[23:24:03] +31.1s local copied sparse
[23:24:03] +31.1s align-half skip no staged field
[23:24:04] +31.3s field n=0 const=[1.0000 1.0000 1.0000] peak=0.0000 gain=-0.1241 (rejected)
[23:24:04] +31.6s seam grid 168x212 nodes=34951
[23:24:04] +31.8s seam grid 1316x1667 nodes=147328
[23:24:05] +32.7s seam refine nodes=147328
[23:24:05] +32.8s painted
[23:24:05] +32.9s mask blurred
[23:24:07] +34.6s pyramid gauss
[23:24:08] +35.7s pyramid expand
[23:24:08] +35.9s blended
[23:24:08] +35.9s seam 3 window=8301x5591 keepA=0.50
[23:24:08] +35.9s warped DSCF8429.RAF nudged
[23:24:10] +37.8s local copied sparse
[23:24:10] +37.8s align-half skip no staged field
[23:24:10] +37.9s field n=0 const=[1.0000 1.0000 1.0000] peak=0.0000 gain=-0.0260 (rejected)
[23:24:10] +38.2s seam grid 173x203 nodes=33987
[23:24:11] +38.4s seam grid 1360x1598 nodes=106022
[23:24:11] +38.7s seam refine nodes=106022
[23:24:11] +38.7s painted
[23:24:11] +38.8s mask blurred
[23:24:13] +40.5s pyramid gauss
[23:24:14] +41.4s pyramid expand
[23:24:14] +41.5s blended
[23:24:14] +41.5s seam 4 window=8715x5591 keepA=0.49
[23:24:14] +41.5s warped DSCF8425.RAF nudged
[23:24:14] +41.5s refined shifts seams=0 mean_abs_shift=0.000px max_abs_shift=0.000px
[23:24:14] +41.5s exposure gains applied 2
[23:24:14] +41.7s save encode 13194x5112
[23:24:19] +46.6s seam dump /home/dalibor/Projects/RapidRAW/lean_pano_proto/out/v30/DSCF8425/seams.txt
[23:24:19] +46.6s blend_stage extract=0.00s
[23:24:19] +46.6s blend_stage graphcut=70.11s
[23:24:19] +46.6s blend_stage local_align_half=7.04s
[23:24:19] +46.6s blend_stage mask_blur=5.44s
[23:24:19] +46.6s blend_stage pyr_blend=86.85s
[23:24:19] +46.6s boundary_step final: n=3791 median_step=2.34% p90=19.68%
[23:24:19] +46.6s blinds_flat  final: n=8604 median_step=2.30% p90=18.07%
[23:24:19] +46.6s woodline    final: n=2669 median_step=6.72% p90=46.75%
[23:24:19] +46.6s ghost_band   final: mean=0.649 keepA=0.50 cut_px=31252 swallowed=0
[23:24:19] +46.6s sharpness_lapvar final: 9.468450661196435
[23:24:19] +46.6s pano_mean_lum 0.05558695398299618 shadow_median 0.05022340267896652 canvas 13194x5112 levels=6 window_px=512
[23:24:19] +46.6s time  final blend=20.03s encode_tiff=0.59s metrics=3.56s photometry=1.76s step_metrics=0.17s warp=2.03s
[23:24:19] +46.6s time  total=46.59s
[23:24:19] +46.6s saved /home/dalibor/Projects/RapidRAW/lean_pano_proto/out/v30/DSCF8425/DSCF8425_Pano.tiff
