[14:57:33] +0.0s log /home/dalibor/Projects/RapidRAW/lean_pano_proto/out/v52/DSCF6645/DSCF6645_Pano.pano.log
[14:57:33] +0.0s merge started files=5
[14:57:33] +0.1s focal native unavailable or disabled, using exif 35eq=105.0mm (crop=1.534)
[14:57:33] +0.2s jpeg DSCF6645.RAF native 4416x2944 declared 4416x2944
[14:57:33] +0.4s jpeg DSCF6646.RAF native 4416x2944 declared 4416x2944
[14:57:33] +0.6s jpeg DSCF6647.RAF native 4416x2944 declared 4416x2944
[14:57:34] +0.9s jpeg DSCF6648.RAF native 4416x2944 declared 4416x2944
[14:57:34] +1.1s jpeg DSCF6649.RAF native 4416x2944 declared 4416x2944
[14:57:36] +2.9s points DSCF6645.RAF 10967
[14:57:36] +2.9s points DSCF6646.RAF 10958
[14:57:36] +2.9s points DSCF6647.RAF 11105
[14:57:36] +2.9s points DSCF6648.RAF 11300
[14:57:36] +2.9s points DSCF6649.RAF 11451
[14:57:39] +6.0s match DSCF6645.RAF<->DSCF6646.RAF: 2823 good
[14:57:39] +6.0s match DSCF6645.RAF<->DSCF6647.RAF: 1191 good
[14:57:39] +6.0s match DSCF6645.RAF<->DSCF6648.RAF: 625 good
[14:57:39] +6.0s match DSCF6645.RAF<->DSCF6649.RAF: 278 good
[14:57:39] +6.0s match DSCF6646.RAF<->DSCF6647.RAF: 2302 good
[14:57:39] +6.0s match DSCF6646.RAF<->DSCF6648.RAF: 1452 good
[14:57:39] +6.0s match DSCF6646.RAF<->DSCF6649.RAF: 888 good
[14:57:39] +6.0s match DSCF6647.RAF<->DSCF6648.RAF: 3282 good
[14:57:39] +6.0s match DSCF6647.RAF<->DSCF6649.RAF: 1750 good
[14:57:39] +6.0s match DSCF6648.RAF<->DSCF6649.RAF: 2903 good
[14:57:39] +6.1s aligned kept=5 focal35=105.0 jpeg=4416x2944 points=4416x2944
[14:57:39] +6.1s lens crop=1.534 focal35=105.0 calib=1.534
[14:57:39] +6.7s sky target 0.0671
[14:57:39] +6.7s sky scale DSCF6645.RAF 1.316 median 0.0510
[14:57:39] +6.7s sky scale DSCF6646.RAF 1.023 median 0.0656
[14:57:39] +6.7s sky scale DSCF6647.RAF 0.779 median 0.0862
[14:57:39] +6.7s sky scale DSCF6648.RAF 1.000 median 0.0671
[14:57:39] +6.7s sky scale DSCF6649.RAF 0.738 median 0.0909
[14:57:39] +6.7s Matching brightness...
[14:57:39] +6.7s canvas perspective 3552x1413
[14:57:40] +6.8s warp DSCF6646.RAF: bbox=(1124,81,3110,1413) 1986x1332
[14:57:40] +6.9s warp DSCF6648.RAF: bbox=(379,60,2333,1383) 1954x1323
[14:57:40] +6.9s warp DSCF6647.RAF: bbox=(663,69,2614,1384) 1951x1315
[14:57:40] +6.9s warp DSCF6649.RAF: bbox=(0,29,1979,1392) 1979x1363
[14:57:40] +6.9s warp DSCF6645.RAF: bbox=(1493,0,3552,1394) 2059x1394
[14:57:40] +7.0s brightness gains=5 corner=0.890
[14:57:40] +7.0s Blending photos...
[14:57:40] +7.1s blend 1: window=2845x1413 tiles=903
[14:57:40] +7.4s local moved kept=388 field=3.90 disagree 0.3553 -> 0.2337
[14:57:40] +7.5s seam grid 46x57 nodes=2432
[14:57:40] +7.5s cut_energy opt=82993 shipped=82993 excess=+0.000%
[14:57:40] +7.5s seam grid 341x430 nodes=29689
[14:57:40] +7.6s cut_energy opt=1110813 shipped=1110813 excess=+0.000%
[14:57:40] +7.6s seam refine nodes=29689
[14:57:40] +7.6s painted
[14:57:40] +7.6s mask blurred
[14:57:40] +7.7s pyramid gauss
[14:57:40] +7.8s pyramid expand
[14:57:40] +7.8s pasted
[14:57:40] +7.8s blended 1 keepA=0.64
[14:57:40] +7.8s blend 2: window=2940x1413 tiles=924
[14:57:41] +8.1s local moved kept=354 field=9.19 disagree 0.5945 -> 0.4157
[14:57:41] +8.1s seam grid 45x51 nodes=2234
[14:57:41] +8.1s cut_energy opt=181441 shipped=181441 excess=+0.000%
[14:57:41] +8.1s seam grid 335x385 nodes=41073
[14:57:41] +8.3s cut_energy opt=2031783 shipped=2031783 excess=+0.000%
[14:57:41] +8.3s seam refine nodes=41073
[14:57:41] +8.3s painted
[14:57:41] +8.3s mask blurred
[14:57:41] +8.4s pyramid gauss
[14:57:41] +8.5s pyramid expand
[14:57:41] +8.5s pasted
[14:57:41] +8.5s blended 2 keepA=0.57
[14:57:41] +8.5s blend 3: window=2491x1413 tiles=777
[14:57:41] +8.8s local moved kept=338 field=7.62 disagree 0.4541 -> 0.3342
[14:57:41] +8.8s seam grid 46x55 nodes=2357
[14:57:41] +8.8s cut_energy opt=132976 shipped=132976 excess=+0.000%
[14:57:41] +8.8s seam grid 345x413 nodes=42297
[14:57:42] +9.1s cut_energy opt=2468620 shipped=2468620 excess=+0.000%
[14:57:42] +9.1s seam refine nodes=42297
[14:57:42] +9.1s painted
[14:57:42] +9.1s mask blurred
[14:57:42] +9.1s pyramid gauss
[14:57:42] +9.2s pyramid expand
[14:57:42] +9.2s pasted
[14:57:42] +9.2s blended 3 keepA=0.54
[14:57:42] +9.2s blend 4: window=2571x1413 tiles=819
[14:57:42] +9.6s local moved kept=366 field=7.71 disagree 0.6166 -> 0.4388
[14:57:42] +9.6s seam grid 46x55 nodes=2454
[14:57:42] +9.6s cut_energy opt=157706 shipped=157706 excess=+0.000%
[14:57:42] +9.6s seam grid 342x417 nodes=36404
[14:57:42] +9.7s cut_energy opt=1373885 shipped=1373885 excess=+0.000%
[14:57:42] +9.7s seam refine nodes=36404
[14:57:42] +9.7s painted
[14:57:42] +9.7s mask blurred
[14:57:42] +9.8s pyramid gauss
[14:57:43] +9.9s pyramid expand
[14:57:43] +9.9s pasted
[14:57:43] +9.9s blended 4 keepA=0.83
[14:57:43] +9.9s preview canvas perspective 3552x1413 shifts=4
[14:57:43] +9.9s time  preview=3.83s (solve+match 6.08s)
[14:57:43] +10.0s preview ready /home/dalibor/Projects/RapidRAW/lean_pano_proto/out/v52/DSCF6645/DSCF6645_preview.jpg
[14:57:43] +10.0s save started
[14:57:43] +10.0s develop jobs=4
[14:57:46] +13.7s developed DSCF6645.RAF 7728x5152 -> 1920x1280
[14:57:46] +13.7s developed DSCF6646.RAF 7728x5152 -> 1920x1280
[14:57:46] +13.7s developed DSCF6647.RAF 7728x5152 -> 1920x1280
[14:57:46] +13.7s developed DSCF6648.RAF 7728x5152 -> 1920x1280
[14:57:46] +13.7s developed DSCF6649.RAF 7728x5152 -> 1920x1280
[14:57:46] +13.7s time  develop=3.73s
[14:57:46] +13.7s scale raw=7728x5152 jpeg=4416x2944 x=1.7500 y=1.7500
[14:57:46] +13.7s Matching brightness...
[14:57:46] +13.7s canvas perspective 3552x1413
[14:57:47] +13.9s warp DSCF6647.RAF: bbox=(663,69,2614,1384) 1951x1315
[14:57:47] +13.9s warp DSCF6648.RAF: bbox=(379,60,2333,1383) 1954x1323
[14:57:47] +13.9s warp DSCF6646.RAF: bbox=(1124,81,3110,1413) 1986x1332
[14:57:47] +13.9s warp DSCF6649.RAF: bbox=(0,29,1979,1392) 1979x1363
[14:57:47] +13.9s warp DSCF6645.RAF: bbox=(1493,0,3552,1394) 2059x1394
[14:57:47] +14.2s brightness gains=5 corner=0.815
[14:57:47] +14.2s Blending photos...
[14:57:47] +14.3s blend 1: window=2845x1413 tiles=903
[14:57:47] +14.7s local moved kept=424 field=8.54 disagree 0.5260 -> 0.3200
[14:57:47] +14.7s seam grid 46x57 nodes=2434
[14:57:47] +14.7s cut_energy opt=85247 shipped=85247 excess=+0.000%
[14:57:47] +14.7s seam grid 341x430 nodes=28436
[14:57:48] +14.9s cut_energy opt=1095153 shipped=1095153 excess=+0.000%
[14:57:48] +14.9s seam refine nodes=28436
[14:57:48] +14.9s painted
[14:57:48] +14.9s mask blurred
[14:57:48] +14.9s pyramid gauss
[14:57:48] +15.0s pyramid expand
[14:57:48] +15.1s pasted
[14:57:48] +15.1s blended 1 keepA=0.48
[14:57:48] +15.1s blend 2: window=2940x1413 tiles=924
[14:57:48] +15.4s local moved kept=331 field=9.90 disagree 0.5567 -> 0.3996
[14:57:48] +15.4s seam grid 45x51 nodes=2226
[14:57:48] +15.4s cut_energy opt=191484 shipped=191484 excess=+0.000%
[14:57:48] +15.4s seam grid 337x385 nodes=36135
[14:57:48] +15.5s cut_energy opt=2085958 shipped=2085958 excess=+0.000%
[14:57:48] +15.5s seam refine nodes=36135
[14:57:48] +15.5s painted
[14:57:48] +15.5s mask blurred
[14:57:48] +15.6s pyramid gauss
[14:57:48] +15.6s pyramid expand
[14:57:48] +15.7s pasted
[14:57:48] +15.7s blended 2 keepA=0.23
[14:57:48] +15.7s blend 3: window=2491x1413 tiles=777
[14:57:49] +16.0s local moved kept=407 field=19.06 disagree 0.6114 -> 0.4915
[14:57:49] +16.0s seam grid 46x54 nodes=2318
[14:57:49] +16.0s cut_energy opt=87340 shipped=87340 excess=+0.000%
[14:57:49] +16.0s seam grid 345x413 nodes=29079
[14:57:49] +16.1s cut_energy opt=1075806 shipped=1075806 excess=+0.000%
[14:57:49] +16.1s seam refine nodes=29079
[14:57:49] +16.1s painted
[14:57:49] +16.1s mask blurred
[14:57:49] +16.1s pyramid gauss
[14:57:49] +16.2s pyramid expand
[14:57:49] +16.2s pasted
[14:57:49] +16.2s blended 3 keepA=0.57
[14:57:49] +16.2s blend 4: window=2571x1413 tiles=819
[14:57:49] +16.5s local moved kept=410 field=18.12 disagree 0.6435 -> 0.5581
[14:57:49] +16.5s seam grid 46x55 nodes=2456
[14:57:49] +16.6s cut_energy opt=157215 shipped=157215 excess=+0.000%
[14:57:49] +16.6s seam grid 342x417 nodes=40759
[14:57:49] +16.7s cut_energy opt=1374115 shipped=1374115 excess=+0.000%
[14:57:49] +16.7s seam refine nodes=40759
[14:57:49] +16.7s painted
[14:57:49] +16.7s mask blurred
[14:57:49] +16.8s pyramid gauss
[14:57:49] +16.8s pyramid expand
[14:57:49] +16.8s pasted
[14:57:49] +16.8s blended 4 keepA=0.85
[14:57:49] +16.8s time  linear_photometry=3.10s
[14:57:49] +16.8s photometry source=second compose
[14:57:49] +16.8s save seam preview
[14:57:49] +16.8s save cut fullres
[14:57:49] +16.8s photometry gains=5
[14:57:49] +16.8s photo pedestal=0.016244 field_norm=0.622307 gains=[1.0244 0.9946 1.0128 0.9581 1.0114]
[14:57:49] +16.8s save seam developed
[14:57:49] +16.8s canvas perspective 14293x5687
[14:57:50] +17.1s local align resolution 1/1
[14:57:50] +17.1s composite levels=6 pad=512
[14:57:50] +17.1s local alignment refine=false
[14:57:51] +18.1s warped DSCF6647.RAF straight
[14:57:52] +19.6s field n=0 const=[1.0000 1.0000 1.0000] peak=0.0000 gain=0.0126 (rejected)
[14:57:53] +20.0s seam grid 169x213 nodes=35085
[14:57:53] +20.2s cut_energy opt=122322 shipped=122322 excess=+0.000%
[14:57:53] +20.3s seam grid 1323x1680 nodes=130274
[14:57:54] +21.4s cut_energy opt=1301764 shipped=1301764 excess=+0.000%
[14:57:54] +21.4s seam refine nodes=130274
[14:57:54] +21.4s painted
[14:57:54] +21.5s mask blurred
[14:57:54] +21.6s flat-average thr=0.0060 pull=0.400 pixels=1401512
[14:57:56] +23.2s pyramid gauss
[14:57:57] +24.2s pyramid expand
[14:57:57] +24.4s blended
[14:57:57] +24.4s seam 1 window=8839x5687 keepA=0.43
[14:57:57] +24.4s warped DSCF6648.RAF nudged
[14:57:59] +26.1s field n=0 const=[1.0000 1.0000 1.0000] peak=0.0000 gain=0.0012 (rejected)
[14:57:59] +26.4s seam grid 166x190 nodes=31529
[14:57:59] +26.7s cut_energy opt=335931 shipped=335931 excess=+0.000%
[14:57:59] +26.8s seam grid 1303x1498 nodes=143283
[14:58:01] +28.3s cut_energy opt=3949761 shipped=3949761 excess=+0.000%
[14:58:01] +28.3s seam refine nodes=143283
[14:58:01] +28.3s painted
[14:58:01] +28.4s mask blurred
[14:58:01] +28.4s flat-average thr=0.0060 pull=0.400 pixels=1052274
[14:58:03] +30.0s pyramid gauss
[14:58:04] +31.0s pyramid expand
[14:58:04] +31.1s blended
[14:58:04] +31.1s seam 2 window=8964x5687 keepA=0.67
[14:58:04] +31.1s warped DSCF6646.RAF nudged
[14:58:05] +32.7s field n=0 const=[1.0000 1.0000 1.0000] peak=0.0000 gain=0.0056 (rejected)
[14:58:06] +33.0s seam grid 171x205 nodes=34203
[14:58:06] +33.2s cut_energy opt=104607 shipped=104607 excess=+0.000%
[14:58:06] +33.3s seam grid 1340x1611 nodes=108743
[14:58:07] +34.4s cut_energy opt=1327477 shipped=1327477 excess=+0.000%
[14:58:07] +34.4s seam refine nodes=108743
[14:58:07] +34.5s painted
[14:58:07] +34.6s mask blurred
[14:58:07] +34.6s flat-average thr=0.0060 pull=0.400 pixels=936668
[14:58:09] +36.2s pyramid gauss
[14:58:10] +37.2s pyramid expand
[14:58:10] +37.3s blended
[14:58:10] +37.3s seam 3 window=8453x5687 keepA=0.56
[14:58:10] +37.3s warped DSCF6649.RAF nudged
[14:58:12] +39.2s field n=0 const=[1.0000 1.0000 1.0000] peak=0.0000 gain=0.0027 (rejected)
[14:58:12] +39.5s seam grid 170x207 nodes=35084
[14:58:12] +39.7s cut_energy opt=174845 shipped=174845 excess=+0.000%
[14:58:12] +39.8s seam grid 1331x1627 nodes=130324
[14:58:14] +41.1s cut_energy opt=1768317 shipped=1768317 excess=+0.000%
[14:58:14] +41.1s seam refine nodes=130324
[14:58:14] +41.1s painted
[14:58:14] +41.2s mask blurred
[14:58:14] +41.2s flat-average thr=0.0060 pull=0.400 pixels=975032
[14:58:16] +42.9s pyramid gauss
[14:58:17] +43.8s pyramid expand
[14:58:17] +44.0s blended
[14:58:17] +44.0s seam 4 window=8770x5687 keepA=0.77
[14:58:17] +44.0s warped DSCF6645.RAF nudged
[14:58:17] +44.0s refined shifts seams=0 mean_abs_shift=0.000px max_abs_shift=0.000px
[14:58:17] +44.0s exposure gains applied 3
[14:58:17] +44.1s SAVECROP canvas=14293x5687 crop=(0.01717,0.06299) size=0.96340x0.87898 -> tiff 13770x4999
[14:58:17] +44.1s save encode 13770x4999
[14:58:22] +49.3s seam dump /home/dalibor/Projects/RapidRAW/lean_pano_proto/out/v52/DSCF6645/seams.txt
[14:58:22] +49.3s blend_stage extract=0.00s
[14:58:22] +49.3s blend_stage graphcut=86.14s
[14:58:22] +49.3s blend_stage mask_blur=4.94s
[14:58:22] +49.3s blend_stage pyr_blend=80.64s
[14:58:22] +49.3s boundary_step final: n=5226 median_step=24.90% p90=79.48%
[14:58:22] +49.3s blinds_flat  final: n=0 median_step=0.00% p90=0.00%
[14:58:22] +49.3s woodline    final: n=5463 median_step=23.56% p90=78.78%
[14:58:22] +49.3s ghost_band   final: mean=0.714 keepA=0.61 cut_px=40672 swallowed=0
[14:58:22] +49.3s sharpness_lapvar final: 427.8379031281924
[14:58:22] +49.3s pano_mean_lum 0.10135334644175023 shadow_median 0.06381890922784805 canvas 13770x4999 levels=6 window_px=512
[14:58:22] +49.3s time  final blend=22.13s encode_tiff=0.71s metrics=3.68s photometry=1.78s step_metrics=0.22s warp=1.86s
[14:58:22] +49.3s time  total=49.32s
[14:58:22] +49.3s saved /home/dalibor/Projects/RapidRAW/lean_pano_proto/out/v52/DSCF6645/DSCF6645_Pano.tiff
