[11:09:04] +0.0s log /home/dalibor/Projects/RapidRAW/lean_pano_proto/out/v52/DSCF0578/DSCF0578_Pano.pano.log
[11:09:04] +0.0s merge started files=11
[11:09:05] +0.1s focal native unavailable or disabled, using exif 35eq=40.0mm (crop=1.534)
[11:09:05] +0.2s jpeg DSCF0578.RAF native 4416x2944 declared 4416x2944
[11:09:05] +0.4s jpeg DSCF0579.RAF native 4416x2944 declared 4416x2944
[11:09:05] +0.6s jpeg DSCF0580.RAF native 4416x2944 declared 4416x2944
[11:09:05] +0.8s jpeg DSCF0581.RAF native 4416x2944 declared 4416x2944
[11:09:05] +1.0s jpeg DSCF0582.RAF native 4416x2944 declared 4416x2944
[11:09:06] +1.3s jpeg DSCF0583.RAF native 4416x2944 declared 4416x2944
[11:09:06] +1.5s jpeg DSCF0584.RAF native 4416x2944 declared 4416x2944
[11:09:06] +1.7s jpeg DSCF0585.RAF native 4416x2944 declared 4416x2944
[11:09:06] +2.0s jpeg DSCF0586.RAF native 4416x2944 declared 4416x2944
[11:09:07] +2.2s jpeg DSCF0587.RAF native 4416x2944 declared 4416x2944
[11:09:07] +2.4s jpeg DSCF0588.RAF native 4416x2944 declared 4416x2944
[11:09:09] +4.2s points DSCF0578.RAF 1360
[11:09:09] +4.2s points DSCF0579.RAF 1604
[11:09:09] +4.2s points DSCF0580.RAF 1581
[11:09:09] +4.2s points DSCF0581.RAF 1419
[11:09:09] +4.2s points DSCF0582.RAF 1523
[11:09:09] +4.2s points DSCF0583.RAF 1208
[11:09:09] +4.2s points DSCF0584.RAF 1328
[11:09:09] +4.2s points DSCF0585.RAF 2429
[11:09:09] +4.2s points DSCF0586.RAF 3089
[11:09:09] +4.2s points DSCF0587.RAF 3582
[11:09:09] +4.2s points DSCF0588.RAF 3330
[11:09:09] +4.2s matching 19 neighbor pairs
[11:09:09] +4.4s match DSCF0578.RAF<->DSCF0579.RAF: 752 good
[11:09:09] +4.4s match DSCF0578.RAF<->DSCF0580.RAF: 529 good
[11:09:09] +4.4s match DSCF0579.RAF<->DSCF0580.RAF: 781 good
[11:09:09] +4.4s match DSCF0579.RAF<->DSCF0581.RAF: 499 good
[11:09:09] +4.4s match DSCF0580.RAF<->DSCF0581.RAF: 672 good
[11:09:09] +4.4s match DSCF0580.RAF<->DSCF0582.RAF: 472 good
[11:09:09] +4.4s match DSCF0581.RAF<->DSCF0582.RAF: 657 good
[11:09:09] +4.4s match DSCF0581.RAF<->DSCF0583.RAF: 427 good
[11:09:09] +4.4s match DSCF0582.RAF<->DSCF0583.RAF: 633 good
[11:09:09] +4.4s match DSCF0582.RAF<->DSCF0584.RAF: 478 good
[11:09:09] +4.4s match DSCF0583.RAF<->DSCF0584.RAF: 581 good
[11:09:09] +4.4s match DSCF0583.RAF<->DSCF0585.RAF: 431 good
[11:09:09] +4.4s match DSCF0584.RAF<->DSCF0585.RAF: 665 good
[11:09:09] +4.4s match DSCF0584.RAF<->DSCF0586.RAF: 454 good
[11:09:09] +4.4s match DSCF0585.RAF<->DSCF0586.RAF: 1050 good
[11:09:09] +4.4s match DSCF0585.RAF<->DSCF0587.RAF: 794 good
[11:09:09] +4.4s match DSCF0586.RAF<->DSCF0587.RAF: 1449 good
[11:09:09] +4.4s match DSCF0586.RAF<->DSCF0588.RAF: 1007 good
[11:09:09] +4.4s match DSCF0587.RAF<->DSCF0588.RAF: 1471 good
[11:09:09] +4.6s aligned kept=11 focal35=40.0 jpeg=4416x2944 points=4416x2944
[11:09:09] +4.6s lens crop=1.534 focal35=40.0 calib=1.529
[11:09:10] +6.0s sky target 0.1021
[11:09:10] +6.0s sky scale DSCF0578.RAF 4.313 median 0.0237
[11:09:10] +6.0s sky scale DSCF0579.RAF 1.948 median 0.0524
[11:09:11] +6.0s sky scale DSCF0580.RAF 1.321 median 0.0773
[11:09:11] +6.0s sky scale DSCF0581.RAF 1.024 median 0.0997
[11:09:11] +6.0s sky scale DSCF0582.RAF 0.857 median 0.1191
[11:09:11] +6.0s sky scale DSCF0583.RAF 0.927 median 0.1101
[11:09:11] +6.0s sky scale DSCF0584.RAF 0.846 median 0.1207
[11:09:11] +6.0s sky scale DSCF0585.RAF 0.705 median 0.1448
[11:09:11] +6.0s sky scale DSCF0586.RAF 0.719 median 0.1421
[11:09:11] +6.0s sky scale DSCF0587.RAF 1.000 median 0.1021
[11:09:11] +6.0s sky scale DSCF0588.RAF 1.161 median 0.0879
[11:09:11] +6.1s Matching brightness...
[11:09:11] +6.1s canvas cylindrical 5083x1340
[11:09:11] +6.2s warp DSCF0583.RAF: bbox=(1498,54,3323,1340) 1825x1286
[11:09:11] +6.2s warp DSCF0578.RAF: bbox=(0,13,1866,1327) 1866x1314
[11:09:11] +6.2s warp DSCF0580.RAF: bbox=(525,22,2394,1332) 1869x1310
[11:09:11] +6.2s warp DSCF0586.RAF: bbox=(2497,15,4348,1313) 1851x1298
[11:09:11] +6.2s warp DSCF0581.RAF: bbox=(790,33,2645,1333) 1855x1300
[11:09:11] +6.2s warp DSCF0587.RAF: bbox=(2835,0,4706,1306) 1871x1306
[11:09:11] +6.2s warp DSCF0579.RAF: bbox=(253,15,2125,1326) 1872x1311
[11:09:11] +6.2s warp DSCF0585.RAF: bbox=(2167,39,4002,1333) 1835x1294
[11:09:11] +6.3s warp DSCF0582.RAF: bbox=(1120,53,2960,1340) 1840x1287
[11:09:11] +6.3s warp DSCF0584.RAF: bbox=(1799,49,3622,1340) 1823x1291
[11:09:11] +6.3s warp DSCF0588.RAF: bbox=(3209,0,5083,1313) 1874x1313
[11:09:11] +6.5s brightness gains=11 corner=0.805
[11:09:11] +6.5s Blending photos...
[11:09:11] +6.8s blend 1: window=2847x1340 tiles=817
[11:09:12] +7.1s local moved kept=151 field=4.63 disagree 0.0472 -> 0.0338
[11:09:12] +7.1s seam grid 44x53 nodes=2190
[11:09:12] +7.1s cut_energy opt=119912 shipped=119912 excess=+0.000%
[11:09:12] +7.1s seam grid 328x394 nodes=26045
[11:09:12] +7.2s cut_energy opt=1230444 shipped=1230444 excess=+0.000%
[11:09:12] +7.2s seam refine nodes=26045
[11:09:12] +7.2s painted
[11:09:12] +7.2s mask blurred
[11:09:12] +7.3s pyramid gauss
[11:09:12] +7.4s pyramid expand
[11:09:12] +7.4s pasted
[11:09:12] +7.4s blended 1 keepA=0.45
[11:09:12] +7.4s blend 2: window=2864x1340 tiles=817
[11:09:12] +7.7s local moved kept=140 field=4.57 disagree 0.0856 -> 0.0707
[11:09:12] +7.7s seam grid 44x51 nodes=2135
[11:09:12] +7.7s cut_energy opt=109957 shipped=109957 excess=+0.000%
[11:09:12] +7.7s seam grid 328x378 nodes=30643
[11:09:12] +7.8s cut_energy opt=1270333 shipped=1270333 excess=+0.000%
[11:09:12] +7.8s seam refine nodes=30643
[11:09:12] +7.8s painted
[11:09:12] +7.8s mask blurred
[11:09:12] +7.8s pyramid gauss
[11:09:12] +7.9s pyramid expand
[11:09:12] +7.9s pasted
[11:09:12] +7.9s blended 2 keepA=0.49
[11:09:12] +7.9s blend 3: window=2859x1340 tiles=817
[11:09:12] +7.9s local copied sparse
[11:09:12] +7.9s seam grid 44x50 nodes=2080
[11:09:12] +7.9s cut_energy opt=118390 shipped=118390 excess=+0.000%
[11:09:12] +7.9s seam grid 329x377 nodes=25643
[11:09:12] +8.0s cut_energy opt=1261453 shipped=1261453 excess=+0.000%
[11:09:12] +8.0s seam refine nodes=25643
[11:09:12] +8.0s painted
[11:09:12] +8.0s mask blurred
[11:09:13] +8.1s pyramid gauss
[11:09:13] +8.1s pyramid expand
[11:09:13] +8.1s pasted
[11:09:13] +8.1s blended 3 keepA=0.41
[11:09:13] +8.1s blend 4: window=2879x1340 tiles=817
[11:09:13] +8.4s local moved kept=144 field=6.58 disagree 0.0912 -> 0.0735
[11:09:13] +8.4s seam grid 44x53 nodes=2199
[11:09:13] +8.4s cut_energy opt=103966 shipped=103966 excess=+0.000%
[11:09:13] +8.4s seam grid 329x394 nodes=28771
[11:09:13] +8.5s cut_energy opt=1597586 shipped=1597586 excess=+0.000%
[11:09:13] +8.5s seam refine nodes=28771
[11:09:13] +8.5s painted
[11:09:13] +8.5s mask blurred
[11:09:13] +8.6s pyramid gauss
[11:09:13] +8.7s pyramid expand
[11:09:13] +8.7s pasted
[11:09:13] +8.7s blended 4 keepA=0.48
[11:09:13] +8.7s blend 5: window=2893x1340 tiles=836
[11:09:13] +9.0s local moved kept=198 field=8.07 disagree 0.0843 -> 0.0533
[11:09:13] +9.0s seam grid 45x55 nodes=2297
[11:09:13] +9.0s cut_energy opt=147566 shipped=147566 excess=+0.000%
[11:09:13] +9.0s seam grid 334x414 nodes=26675
[11:09:14] +9.1s cut_energy opt=1325999 shipped=1325999 excess=+0.000%
[11:09:14] +9.1s seam refine nodes=26675
[11:09:14] +9.1s painted
[11:09:14] +9.1s mask blurred
[11:09:14] +9.1s pyramid gauss
[11:09:14] +9.2s pyramid expand
[11:09:14] +9.2s pasted
[11:09:14] +9.2s blended 5 keepA=0.46
[11:09:14] +9.2s blend 6: window=2875x1340 tiles=817
[11:09:14] +9.5s local moved kept=119 field=2.17 disagree 0.0744 -> 0.0603
[11:09:14] +9.5s seam grid 45x52 nodes=2171
[11:09:14] +9.5s cut_energy opt=99416 shipped=99416 excess=+0.000%
[11:09:14] +9.5s seam grid 331x389 nodes=32135
[11:09:14] +9.6s cut_energy opt=1446030 shipped=1446030 excess=+0.000%
[11:09:14] +9.6s seam refine nodes=32135
[11:09:14] +9.6s painted
[11:09:14] +9.6s mask blurred
[11:09:14] +9.7s pyramid gauss
[11:09:14] +9.8s pyramid expand
[11:09:14] +9.8s pasted
[11:09:14] +9.8s blended 6 keepA=0.64
[11:09:14] +9.8s blend 7: window=2637x1340 tiles=760
[11:09:15] +10.1s local moved kept=218 field=7.95 disagree 0.1070 -> 0.0698
[11:09:15] +10.1s seam grid 45x55 nodes=2297
[11:09:15] +10.1s cut_energy opt=119853 shipped=119853 excess=+0.000%
[11:09:15] +10.1s seam grid 336x413 nodes=33855
[11:09:15] +10.2s cut_energy opt=1120503 shipped=1120503 excess=+0.000%
[11:09:15] +10.2s seam refine nodes=33855
[11:09:15] +10.2s painted
[11:09:15] +10.2s mask blurred
[11:09:15] +10.3s pyramid gauss
[11:09:15] +10.3s pyramid expand
[11:09:15] +10.3s pasted
[11:09:15] +10.3s blended 7 keepA=0.58
[11:09:15] +10.3s blend 8: window=2760x1340 tiles=798
[11:09:15] +10.6s local moved kept=134 field=4.74 disagree 0.0840 -> 0.0591
[11:09:15] +10.6s seam grid 45x52 nodes=2171
[11:09:15] +10.6s cut_energy opt=91680 shipped=91680 excess=+0.000%
[11:09:15] +10.6s seam grid 334x390 nodes=24946
[11:09:15] +10.7s cut_energy opt=1249726 shipped=1249726 excess=+0.000%
[11:09:15] +10.7s seam refine nodes=24946
[11:09:15] +10.7s painted
[11:09:15] +10.7s mask blurred
[11:09:15] +10.7s pyramid gauss
[11:09:15] +10.8s pyramid expand
[11:09:15] +10.9s pasted
[11:09:15] +10.9s blended 8 keepA=0.48
[11:09:15] +10.9s blend 9: window=2378x1340 tiles=684
[11:09:16] +11.1s local moved kept=180 field=9.20 disagree 0.1459 -> 0.1048
[11:09:16] +11.1s seam grid 45x55 nodes=2305
[11:09:16] +11.1s cut_energy opt=134203 shipped=134203 excess=+0.000%
[11:09:16] +11.1s seam grid 336x415 nodes=25104
[11:09:16] +11.2s cut_energy opt=1192200 shipped=1192200 excess=+0.000%
[11:09:16] +11.2s seam refine nodes=25104
[11:09:16] +11.2s painted
[11:09:16] +11.2s mask blurred
[11:09:16] +11.2s pyramid gauss
[11:09:16] +11.3s pyramid expand
[11:09:16] +11.3s pasted
[11:09:16] +11.3s blended 9 keepA=0.33
[11:09:16] +11.3s blend 10: window=2386x1340 tiles=684
[11:09:16] +11.5s local moved kept=123 field=2.88 disagree 0.0911 -> 0.0720
[11:09:16] +11.5s seam grid 45x52 nodes=2168
[11:09:16] +11.5s cut_energy opt=91034 shipped=91034 excess=+0.000%
[11:09:16] +11.5s seam grid 335x387 nodes=25700
[11:09:16] +11.7s cut_energy opt=1432910 shipped=1432910 excess=+0.000%
[11:09:16] +11.7s seam refine nodes=25700
[11:09:16] +11.7s painted
[11:09:16] +11.7s mask blurred
[11:09:16] +11.8s pyramid gauss
[11:09:16] +11.9s pyramid expand
[11:09:16] +11.9s pasted
[11:09:16] +11.9s blended 10 keepA=0.48
[11:09:16] +11.9s preview canvas cylindrical 5083x1340 shifts=10
[11:09:16] +11.9s time  preview=7.37s (solve+match 4.55s)
[11:09:16] +12.0s preview ready /home/dalibor/Projects/RapidRAW/lean_pano_proto/out/v52/DSCF0578/DSCF0578_preview.jpg
[11:09:16] +12.0s save started
[11:09:16] +12.0s develop jobs=4
[11:09:23] +18.7s developed DSCF0578.RAF 7728x5152 -> 1920x1280
[11:09:23] +18.7s developed DSCF0579.RAF 7728x5152 -> 1920x1280
[11:09:23] +18.7s developed DSCF0580.RAF 7728x5152 -> 1920x1280
[11:09:23] +18.7s developed DSCF0581.RAF 7728x5152 -> 1920x1280
[11:09:23] +18.7s developed DSCF0582.RAF 7728x5152 -> 1920x1280
[11:09:23] +18.7s developed DSCF0583.RAF 7728x5152 -> 1920x1280
[11:09:23] +18.7s developed DSCF0584.RAF 7728x5152 -> 1920x1280
[11:09:23] +18.7s developed DSCF0585.RAF 7728x5152 -> 1920x1280
[11:09:23] +18.7s developed DSCF0586.RAF 7728x5152 -> 1920x1280
[11:09:23] +18.7s developed DSCF0587.RAF 7728x5152 -> 1920x1280
[11:09:23] +18.7s developed DSCF0588.RAF 7728x5152 -> 1920x1280
[11:09:23] +18.7s time  develop=6.72s
[11:09:23] +18.8s scale raw=7728x5152 jpeg=4416x2944 x=1.7500 y=1.7500
[11:09:23] +18.8s Matching brightness...
[11:09:23] +18.8s canvas cylindrical 5083x1340
[11:09:23] +19.0s warp DSCF0580.RAF: bbox=(525,22,2394,1332) 1869x1310
[11:09:23] +19.0s warp DSCF0583.RAF: bbox=(1498,54,3323,1340) 1825x1286
[11:09:23] +19.0s warp DSCF0586.RAF: bbox=(2497,15,4348,1313) 1851x1298
[11:09:23] +19.0s warp DSCF0578.RAF: bbox=(0,13,1866,1327) 1866x1314
[11:09:23] +19.0s warp DSCF0587.RAF: bbox=(2835,0,4706,1306) 1871x1306
[11:09:23] +19.0s warp DSCF0582.RAF: bbox=(1120,53,2960,1340) 1840x1287
[11:09:23] +19.0s warp DSCF0584.RAF: bbox=(1799,49,3622,1340) 1823x1291
[11:09:23] +19.0s warp DSCF0579.RAF: bbox=(253,15,2125,1326) 1872x1311
[11:09:23] +19.0s warp DSCF0588.RAF: bbox=(3209,0,5083,1313) 1874x1313
[11:09:23] +19.0s warp DSCF0581.RAF: bbox=(790,33,2645,1333) 1855x1300
[11:09:24] +19.0s warp DSCF0585.RAF: bbox=(2167,39,4002,1333) 1835x1294
[11:09:24] +19.4s brightness gains=11 corner=0.865
[11:09:24] +19.4s Blending photos...
[11:09:24] +19.6s blend 1: window=2847x1340 tiles=817
[11:09:24] +20.0s local moved kept=170 field=3.16 disagree 0.0459 -> 0.0271
[11:09:24] +20.0s seam grid 44x53 nodes=2189
[11:09:24] +20.0s cut_energy opt=113168 shipped=113168 excess=+0.000%
[11:09:24] +20.0s seam grid 328x394 nodes=25164
[11:09:25] +20.1s cut_energy opt=1222709 shipped=1222709 excess=+0.000%
[11:09:25] +20.1s seam refine nodes=25164
[11:09:25] +20.1s painted
[11:09:25] +20.1s mask blurred
[11:09:25] +20.2s pyramid gauss
[11:09:25] +20.3s pyramid expand
[11:09:25] +20.3s pasted
[11:09:25] +20.3s blended 1 keepA=0.39
[11:09:25] +20.3s blend 2: window=2864x1340 tiles=817
[11:09:25] +20.5s local moved kept=166 field=4.57 disagree 0.0847 -> 0.0599
[11:09:25] +20.6s seam grid 44x51 nodes=2135
[11:09:25] +20.6s cut_energy opt=97753 shipped=97753 excess=+0.000%
[11:09:25] +20.6s seam grid 328x378 nodes=27961
[11:09:25] +20.6s cut_energy opt=1208184 shipped=1208184 excess=+0.000%
[11:09:25] +20.6s seam refine nodes=27961
[11:09:25] +20.6s painted
[11:09:25] +20.6s mask blurred
[11:09:25] +20.7s pyramid gauss
[11:09:25] +20.8s pyramid expand
[11:09:25] +20.8s pasted
[11:09:25] +20.8s blended 2 keepA=0.51
[11:09:25] +20.8s blend 3: window=2859x1340 tiles=817
[11:09:26] +21.0s local moved kept=154 field=5.06 disagree 0.0701 -> 0.0466
[11:09:26] +21.1s seam grid 44x50 nodes=2079
[11:09:26] +21.1s cut_energy opt=94099 shipped=94099 excess=+0.000%
[11:09:26] +21.1s seam grid 329x377 nodes=25624
[11:09:26] +21.1s cut_energy opt=1150099 shipped=1150099 excess=+0.000%
[11:09:26] +21.1s seam refine nodes=25624
[11:09:26] +21.1s painted
[11:09:26] +21.2s mask blurred
[11:09:26] +21.3s pyramid gauss
[11:09:26] +21.3s pyramid expand
[11:09:26] +21.3s pasted
[11:09:26] +21.3s blended 3 keepA=0.46
[11:09:26] +21.3s blend 4: window=2879x1340 tiles=817
[11:09:26] +21.6s local moved kept=198 field=4.62 disagree 0.0751 -> 0.0442
[11:09:26] +21.6s seam grid 44x53 nodes=2199
[11:09:26] +21.6s cut_energy opt=94032 shipped=94032 excess=+0.000%
[11:09:26] +21.6s seam grid 329x394 nodes=25430
[11:09:26] +21.7s cut_energy opt=1246410 shipped=1246410 excess=+0.000%
[11:09:26] +21.7s seam refine nodes=25430
[11:09:26] +21.7s painted
[11:09:26] +21.7s mask blurred
[11:09:26] +21.8s pyramid gauss
[11:09:26] +21.8s pyramid expand
[11:09:26] +21.8s pasted
[11:09:26] +21.8s blended 4 keepA=0.48
[11:09:26] +21.8s blend 5: window=2893x1340 tiles=836
[11:09:27] +22.1s local moved kept=245 field=5.18 disagree 0.0637 -> 0.0319
[11:09:27] +22.1s seam grid 45x55 nodes=2295
[11:09:27] +22.1s cut_energy opt=111534 shipped=111534 excess=+0.000%
[11:09:27] +22.1s seam grid 334x414 nodes=24250
[11:09:27] +22.2s cut_energy opt=1286810 shipped=1286810 excess=+0.000%
[11:09:27] +22.2s seam refine nodes=24250
[11:09:27] +22.2s painted
[11:09:27] +22.2s mask blurred
[11:09:27] +22.3s pyramid gauss
[11:09:27] +22.4s pyramid expand
[11:09:27] +22.4s pasted
[11:09:27] +22.4s blended 5 keepA=0.47
[11:09:27] +22.4s blend 6: window=2875x1340 tiles=817
[11:09:27] +22.7s local moved kept=157 field=4.15 disagree 0.0826 -> 0.0483
[11:09:27] +22.7s seam grid 45x52 nodes=2171
[11:09:27] +22.7s cut_energy opt=100311 shipped=100311 excess=+0.000%
[11:09:27] +22.7s seam grid 331x389 nodes=32277
[11:09:27] +22.9s cut_energy opt=1268039 shipped=1268039 excess=+0.000%
[11:09:27] +22.9s seam refine nodes=32277
[11:09:27] +22.9s painted
[11:09:27] +22.9s mask blurred
[11:09:27] +22.9s pyramid gauss
[11:09:27] +23.0s pyramid expand
[11:09:27] +23.0s pasted
[11:09:27] +23.0s blended 6 keepA=0.55
[11:09:27] +23.0s blend 7: window=2637x1340 tiles=760
[11:09:28] +23.3s local moved kept=256 field=5.04 disagree 0.0741 -> 0.0358
[11:09:28] +23.3s seam grid 45x55 nodes=2297
[11:09:28] +23.3s cut_energy opt=103059 shipped=103059 excess=+0.000%
[11:09:28] +23.3s seam grid 336x413 nodes=29436
[11:09:28] +23.4s cut_energy opt=1145711 shipped=1145711 excess=+0.000%
[11:09:28] +23.4s seam refine nodes=29436
[11:09:28] +23.4s painted
[11:09:28] +23.4s mask blurred
[11:09:28] +23.5s pyramid gauss
[11:09:28] +23.6s pyramid expand
[11:09:28] +23.6s pasted
[11:09:28] +23.6s blended 7 keepA=0.56
[11:09:28] +23.6s blend 8: window=2760x1340 tiles=798
[11:09:28] +23.8s local moved kept=157 field=5.11 disagree 0.0719 -> 0.0329
[11:09:28] +23.8s seam grid 45x52 nodes=2171
[11:09:28] +23.8s cut_energy opt=88510 shipped=88510 excess=+0.000%
[11:09:28] +23.9s seam grid 334x390 nodes=25057
[11:09:28] +23.9s cut_energy opt=1140821 shipped=1140821 excess=+0.000%
[11:09:28] +23.9s seam refine nodes=25057
[11:09:28] +23.9s painted
[11:09:28] +23.9s mask blurred
[11:09:28] +24.0s pyramid gauss
[11:09:29] +24.1s pyramid expand
[11:09:29] +24.1s pasted
[11:09:29] +24.1s blended 8 keepA=0.48
[11:09:29] +24.1s blend 9: window=2378x1340 tiles=684
[11:09:29] +24.1s local copied sparse
[11:09:29] +24.1s seam grid 45x55 nodes=2305
[11:09:29] +24.2s cut_energy opt=105302 shipped=105302 excess=+0.000%
[11:09:29] +24.2s seam grid 336x416 nodes=27791
[11:09:29] +24.3s cut_energy opt=1184167 shipped=1184167 excess=+0.000%
[11:09:29] +24.3s seam refine nodes=27791
[11:09:29] +24.3s painted
[11:09:29] +24.3s mask blurred
[11:09:29] +24.4s pyramid gauss
[11:09:29] +24.4s pyramid expand
[11:09:29] +24.4s pasted
[11:09:29] +24.4s blended 9 keepA=0.38
[11:09:29] +24.4s blend 10: window=2386x1340 tiles=684
[11:09:29] +24.6s local moved kept=148 field=4.77 disagree 0.0588 -> 0.0325
[11:09:29] +24.7s seam grid 45x52 nodes=2167
[11:09:29] +24.7s cut_energy opt=91654 shipped=91654 excess=+0.000%
[11:09:29] +24.7s seam grid 335x387 nodes=25577
[11:09:29] +24.8s cut_energy opt=1348812 shipped=1348812 excess=+0.000%
[11:09:29] +24.8s seam refine nodes=25577
[11:09:29] +24.8s painted
[11:09:29] +24.8s mask blurred
[11:09:29] +24.9s pyramid gauss
[11:09:29] +24.9s pyramid expand
[11:09:29] +24.9s pasted
[11:09:29] +24.9s blended 10 keepA=0.52
[11:09:29] +25.0s time  linear_photometry=6.15s
[11:09:29] +25.0s photometry source=second compose
[11:09:29] +25.0s save seam preview
[11:09:29] +25.0s save cut fullres
[11:09:29] +25.0s photometry gains=11
[11:09:29] +25.0s photo pedestal=0.000509 field_norm=0.742733 gains=[1.0221 0.9665 1.0071 0.9815 0.9486 0.9864 0.9980 1.0020 1.0738 0.9958 1.0236]
[11:09:29] +25.0s save seam developed
[11:09:29] +25.0s canvas cylindrical 20458x5390
[11:09:30] +25.4s local align resolution 1/1
[11:09:30] +25.4s composite levels=6 pad=512
[11:09:30] +25.4s local alignment refine=false
[11:09:31] +26.3s warped DSCF0583.RAF straight
[11:09:32] +28.0s field n=0 const=[1.0000 1.0000 1.0000] peak=0.0000 gain=-0.1104 (rejected)
[11:09:33] +28.3s seam grid 165x195 nodes=31336
[11:09:33] +28.5s cut_energy opt=169051 shipped=169051 excess=+0.000%
[11:09:33] +28.5s seam grid 1293x1533 nodes=111937
[11:09:35] +30.3s cut_energy opt=2073359 shipped=2073359 excess=+0.000%
[11:09:35] +30.3s seam refine nodes=111937
[11:09:35] +30.3s painted
[11:09:35] +30.4s mask blurred
[11:09:36] +31.9s pyramid gauss
[11:09:37] +32.7s pyramid expand
[11:09:37] +32.9s blended
[11:09:37] +32.9s seam 1 window=8308x5390 keepA=0.47
[11:09:37] +32.9s warped DSCF0584.RAF nudged
[11:09:39] +34.6s field n=0 const=[1.0000 1.0000 1.0000] peak=0.0000 gain=-0.0872 (rejected)
[11:09:39] +34.9s seam grid 165x187 nodes=30241
[11:09:40] +35.1s cut_energy opt=185964 shipped=185964 excess=+0.000%
[11:09:40] +35.1s seam grid 1290x1471 nodes=128150
[11:09:41] +36.6s cut_energy opt=2673523 shipped=2673523 excess=+0.000%
[11:09:41] +36.6s seam refine nodes=128150
[11:09:41] +36.7s painted
[11:09:41] +36.8s mask blurred
[11:09:43] +38.2s pyramid gauss
[11:09:43] +39.0s pyramid expand
[11:09:44] +39.1s blended
[11:09:44] +39.1s seam 2 window=8379x5390 keepA=0.60
[11:09:44] +39.1s warped DSCF0582.RAF nudged
[11:09:45] +40.9s field n=0 const=[1.0000 1.0000 1.0000] peak=0.0000 gain=-0.0597 (rejected)
[11:09:46] +41.2s seam grid 164x186 nodes=29980
[11:09:46] +41.3s cut_energy opt=190396 shipped=190396 excess=+0.000%
[11:09:46] +41.4s seam grid 1290x1464 nodes=101877
[11:09:47] +42.4s cut_energy opt=2198684 shipped=2198684 excess=+0.000%
[11:09:47] +42.4s seam refine nodes=101877
[11:09:47] +42.5s painted
[11:09:47] +42.6s mask blurred
[11:09:48] +44.0s pyramid gauss
[11:09:49] +44.8s pyramid expand
[11:09:49] +44.9s blended
[11:09:49] +44.9s seam 3 window=8358x5390 keepA=0.37
[11:09:49] +44.9s warped DSCF0585.RAF nudged
[11:09:51] +46.7s field n=0 const=[1.0000 1.0000 1.0000] peak=0.0000 gain=-0.1080 (rejected)
[11:09:51] +47.0s seam grid 164x195 nodes=31477
[11:09:52] +47.1s cut_energy opt=171048 shipped=171048 excess=+0.000%
[11:09:52] +47.2s seam grid 1288x1534 nodes=111313
[11:09:53] +48.5s cut_energy opt=2250583 shipped=2250583 excess=+0.000%
[11:09:53] +48.5s seam refine nodes=111313
[11:09:53] +48.5s painted
[11:09:53] +48.6s mask blurred
[11:09:55] +50.1s pyramid gauss
[11:09:55] +51.0s pyramid expand
[11:09:56] +51.1s blended
[11:09:56] +51.1s seam 4 window=8438x5390 keepA=0.62
[11:09:56] +51.1s warped DSCF0581.RAF nudged
[11:09:57] +52.9s field n=0 const=[1.0000 1.0000 1.0000] peak=0.0000 gain=-0.1049 (rejected)
[11:09:58] +53.2s seam grid 167x205 nodes=33166
[11:09:58] +53.4s cut_energy opt=299717 shipped=299717 excess=+0.000%
[11:09:58] +53.5s seam grid 1308x1614 nodes=102048
[11:09:59] +54.4s cut_energy opt=2215962 shipped=2215962 excess=+0.000%
[11:09:59] +54.4s seam refine nodes=102048
[11:09:59] +54.5s painted
[11:09:59] +54.6s mask blurred
[11:10:01] +56.2s pyramid gauss
[11:10:02] +57.1s pyramid expand
[11:10:02] +57.2s blended
[11:10:02] +57.2s seam 5 window=8499x5390 keepA=0.51
[11:10:02] +57.2s warped DSCF0580.RAF nudged
[11:10:03] +59.0s field n=0 const=[1.0000 1.0000 1.0000] peak=0.0000 gain=-0.0920 (rejected)
[11:10:04] +59.2s seam grid 164x193 nodes=31118
[11:10:04] +59.4s cut_energy opt=173288 shipped=173288 excess=+0.000%
[11:10:04] +59.5s seam grid 1282x1514 nodes=104097
[11:10:05] +61.0s cut_energy opt=2015327 shipped=2015327 excess=+0.000%
[11:10:05] +61.0s seam refine nodes=104097
[11:10:05] +61.0s painted
[11:10:06] +61.1s mask blurred
[11:10:07] +62.6s pyramid gauss
[11:10:08] +63.4s pyramid expand
[11:10:08] +63.5s blended
[11:10:08] +63.5s seam 6 window=8420x5390 keepA=0.57
[11:10:08] +63.5s warped DSCF0586.RAF nudged
[11:10:10] +65.3s field n=0 const=[1.0000 1.0000 1.0000] peak=0.0000 gain=-0.0764 (rejected)
[11:10:10] +65.6s seam grid 167x205 nodes=33108
[11:10:10] +65.9s cut_energy opt=250919 shipped=250919 excess=+0.000%
[11:10:10] +66.0s seam grid 1313x1610 nodes=120574
[11:10:11] +66.8s cut_energy opt=1970869 shipped=1970869 excess=+0.000%
[11:10:11] +66.8s seam refine nodes=120574
[11:10:11] +66.9s painted
[11:10:11] +67.0s mask blurred
[11:10:13] +68.5s pyramid gauss
[11:10:14] +69.4s pyramid expand
[11:10:14] +69.5s blended
[11:10:14] +69.5s seam 7 window=8506x5390 keepA=0.68
[11:10:14] +69.5s warped DSCF0579.RAF nudged
[11:10:16] +71.4s field n=0 const=[1.0000 1.0000 1.0000] peak=0.0000 gain=-0.0755 (rejected)
[11:10:16] +71.6s seam grid 166x193 nodes=31177
[11:10:16] +71.8s cut_energy opt=178092 shipped=178092 excess=+0.000%
[11:10:16] +71.9s seam grid 1299x1519 nodes=88038
[11:10:17] +72.5s cut_energy opt=1703176 shipped=1703176 excess=+0.000%
[11:10:17] +72.5s seam refine nodes=88038
[11:10:17] +72.5s painted
[11:10:17] +72.6s mask blurred
[11:10:19] +74.1s pyramid gauss
[11:10:19] +74.9s pyramid expand
[11:10:20] +75.1s blended
[11:10:20] +75.1s seam 8 window=8500x5390 keepA=0.49
[11:10:20] +75.1s warped DSCF0587.RAF nudged
[11:10:21] +76.8s field n=0 const=[1.0000 1.0000 1.0000] peak=0.0000 gain=-0.0082 (rejected)
[11:10:22] +77.1s seam grid 168x206 nodes=33381
[11:10:22] +77.2s cut_energy opt=215111 shipped=215111 excess=+0.000%
[11:10:22] +77.3s seam grid 1318x1623 nodes=153260
[11:10:24] +79.1s cut_energy opt=2087628 shipped=2087628 excess=+0.000%
[11:10:24] +79.1s seam refine nodes=153260
[11:10:24] +79.1s painted
[11:10:24] +79.2s mask blurred
[11:10:25] +80.9s pyramid gauss
[11:10:26] +81.9s pyramid expand
[11:10:26] +82.0s blended
[11:10:26] +82.0s seam 9 window=7998x5390 keepA=0.34
[11:10:26] +82.0s warped DSCF0578.RAF straight
[11:10:28] +83.8s field n=0 const=[1.0000 1.0000 1.0000] peak=0.0000 gain=-0.1410 (rejected)
[11:10:29] +84.1s seam grid 168x191 nodes=31089
[11:10:29] +84.2s cut_energy opt=196226 shipped=196226 excess=+0.000%
[11:10:29] +84.3s seam grid 1321x1506 nodes=137476
[11:10:30] +85.9s cut_energy opt=2583744 shipped=2583744 excess=+0.000%
[11:10:30] +85.9s seam refine nodes=137476
[11:10:30] +86.0s painted
[11:10:31] +86.1s mask blurred
[11:10:32] +87.5s pyramid gauss
[11:10:33] +88.4s pyramid expand
[11:10:33] +88.5s blended
[11:10:33] +88.5s seam 10 window=8029x5390 keepA=0.66
[11:10:33] +88.5s warped DSCF0588.RAF nudged
[11:10:33] +88.5s refined shifts seams=0 mean_abs_shift=0.000px max_abs_shift=0.000px
[11:10:33] +88.5s exposure gains applied 10
[11:10:33] +88.6s SAVECROP canvas=20458x5390 crop=(0.01476,0.05672) size=0.96990x0.82985 -> tiff 19842x4473
[11:10:33] +88.6s save encode 19842x4473
[11:10:40] +95.3s seam dump /home/dalibor/Projects/RapidRAW/lean_pano_proto/out/v52/DSCF0578/seams.txt
[11:10:40] +95.3s blend_stage extract=0.00s
[11:10:40] +95.3s blend_stage graphcut=70.79s
[11:10:40] +95.3s blend_stage mask_blur=3.62s
[11:10:40] +95.3s blend_stage pyr_blend=58.75s
[11:10:40] +95.3s boundary_step final: n=8334 median_step=2.54% p90=29.83%
[11:10:40] +95.3s blinds_flat  final: n=14553 median_step=3.57% p90=35.93%
[11:10:40] +95.3s woodline    final: n=5366 median_step=16.21% p90=47.31%
[11:10:40] +95.3s ghost_band   final: mean=0.567 keepA=0.53 cut_px=74961 swallowed=0
[11:10:40] +95.3s sharpness_lapvar final: 9.544042348882934
[11:10:40] +95.3s pano_mean_lum 0.0455766657957197 shadow_median 0.027644872665405273 canvas 19842x4473 levels=6 window_px=512
[11:10:40] +95.3s time  final blend=53.70s encode_tiff=0.89s metrics=4.82s photometry=3.50s step_metrics=0.17s warp=3.94s
[11:10:40] +95.3s time  total=95.34s
[11:10:40] +95.3s saved /home/dalibor/Projects/RapidRAW/lean_pano_proto/out/v52/DSCF0578/DSCF0578_Pano.tiff
