[12:53:08] +0.0s log /home/dalibor/Projects/RapidRAW/lean_pano_proto/out/v34/DSCF6645/DSCF6645_Pano.pano.log
[12:53:08] +0.0s merge started files=5
[12:53:08] +0.2s jpeg DSCF6645.RAF native 4416x2944 declared 4416x2944
[12:53:09] +0.4s jpeg DSCF6646.RAF native 4416x2944 declared 4416x2944
[12:53:09] +0.6s jpeg DSCF6647.RAF native 4416x2944 declared 4416x2944
[12:53:09] +0.9s jpeg DSCF6648.RAF native 4416x2944 declared 4416x2944
[12:53:09] +1.1s jpeg DSCF6649.RAF native 4416x2944 declared 4416x2944
[12:53:11] +2.9s points DSCF6645.RAF 10967
[12:53:11] +2.9s points DSCF6646.RAF 10958
[12:53:11] +2.9s points DSCF6647.RAF 11105
[12:53:11] +2.9s points DSCF6648.RAF 11300
[12:53:11] +2.9s points DSCF6649.RAF 11451
[12:53:14] +6.1s match DSCF6645.RAF<->DSCF6646.RAF: 2823 good
[12:53:14] +6.1s match DSCF6645.RAF<->DSCF6647.RAF: 1191 good
[12:53:14] +6.1s match DSCF6645.RAF<->DSCF6648.RAF: 625 good
[12:53:14] +6.1s match DSCF6645.RAF<->DSCF6649.RAF: 278 good
[12:53:14] +6.1s match DSCF6646.RAF<->DSCF6647.RAF: 2302 good
[12:53:14] +6.1s match DSCF6646.RAF<->DSCF6648.RAF: 1452 good
[12:53:14] +6.1s match DSCF6646.RAF<->DSCF6649.RAF: 888 good
[12:53:14] +6.1s match DSCF6647.RAF<->DSCF6648.RAF: 3282 good
[12:53:14] +6.1s match DSCF6647.RAF<->DSCF6649.RAF: 1750 good
[12:53:14] +6.1s match DSCF6648.RAF<->DSCF6649.RAF: 2903 good
[12:53:14] +6.2s aligned kept=5 focal35=105.0 jpeg=4416x2944 points=4416x2944
[12:53:14] +6.2s lens crop=1.534 focal35=105.0 calib=1.534
[12:53:15] +6.8s sky target 0.0671
[12:53:15] +6.8s sky scale DSCF6645.RAF 1.316 median 0.0510
[12:53:15] +6.8s sky scale DSCF6646.RAF 1.023 median 0.0656
[12:53:15] +6.8s sky scale DSCF6647.RAF 0.779 median 0.0862
[12:53:15] +6.8s sky scale DSCF6648.RAF 1.000 median 0.0671
[12:53:15] +6.8s sky scale DSCF6649.RAF 0.738 median 0.0909
[12:53:15] +6.8s Matching brightness...
[12:53:15] +6.8s canvas perspective 3552x1413
[12:53:15] +7.0s warp DSCF6649.RAF: bbox=(0,29,1979,1392) 1979x1363
[12:53:15] +7.0s warp DSCF6647.RAF: bbox=(663,69,2614,1384) 1951x1315
[12:53:15] +7.0s warp DSCF6648.RAF: bbox=(379,60,2333,1383) 1954x1323
[12:53:15] +7.0s warp DSCF6646.RAF: bbox=(1124,81,3110,1413) 1986x1332
[12:53:15] +7.0s warp DSCF6645.RAF: bbox=(1493,0,3552,1394) 2059x1394
[12:53:15] +7.1s brightness gains=5 corner=0.890
[12:53:15] +7.1s Blending photos...
[12:53:15] +7.2s blend 1: window=2845x1413 tiles=903
[12:53:16] +7.6s local moved kept=388 field=3.90 disagree 0.3553 -> 0.2337
[12:53:16] +7.6s seam grid 46x57 nodes=2432
[12:53:16] +7.6s seam grid 341x430 nodes=33884
[12:53:16] +7.8s seam refine nodes=33884
[12:53:16] +7.8s painted
[12:53:16] +7.8s mask blurred
[12:53:16] +7.9s pyramid gauss
[12:53:16] +8.0s pyramid expand
[12:53:16] +8.0s pasted
[12:53:16] +8.0s blended 1 keepA=0.68
[12:53:16] +8.0s blend 2: window=2940x1413 tiles=924
[12:53:16] +8.3s local moved kept=355 field=9.18 disagree 0.5947 -> 0.4149
[12:53:16] +8.3s seam grid 45x51 nodes=2234
[12:53:16] +8.3s seam grid 335x385 nodes=41006
[12:53:17] +8.6s seam refine nodes=41006
[12:53:17] +8.6s painted
[12:53:17] +8.6s mask blurred
[12:53:17] +8.7s pyramid gauss
[12:53:17] +8.8s pyramid expand
[12:53:17] +8.8s pasted
[12:53:17] +8.8s blended 2 keepA=0.50
[12:53:17] +8.8s blend 3: window=2491x1413 tiles=777
[12:53:17] +9.1s local moved kept=334 field=7.64 disagree 0.4541 -> 0.3345
[12:53:17] +9.1s seam grid 46x55 nodes=2357
[12:53:17] +9.1s seam grid 345x413 nodes=36243
[12:53:17] +9.4s seam refine nodes=36243
[12:53:17] +9.4s painted
[12:53:17] +9.4s mask blurred
[12:53:18] +9.4s pyramid gauss
[12:53:18] +9.5s pyramid expand
[12:53:18] +9.5s pasted
[12:53:18] +9.5s blended 3 keepA=0.72
[12:53:18] +9.5s blend 4: window=2571x1413 tiles=819
[12:53:18] +9.8s local moved kept=364 field=7.32 disagree 0.6125 -> 0.4323
[12:53:18] +9.8s seam grid 46x55 nodes=2454
[12:53:18] +9.8s seam grid 342x417 nodes=34009
[12:53:18] +10.0s seam refine nodes=34009
[12:53:18] +10.0s painted
[12:53:18] +10.0s mask blurred
[12:53:18] +10.1s pyramid gauss
[12:53:18] +10.1s pyramid expand
[12:53:18] +10.2s pasted
[12:53:18] +10.2s blended 4 keepA=0.76
[12:53:18] +10.2s preview canvas perspective 3552x1413 shifts=4
[12:53:18] +10.2s time  preview=3.95s (solve+match 6.21s)
[12:53:18] +10.2s preview ready /home/dalibor/Projects/RapidRAW/lean_pano_proto/out/v34/DSCF6645/DSCF6645_preview.jpg
[12:53:18] +10.2s save started
[12:53:18] +10.2s develop jobs=4
[12:53:22] +14.1s developed DSCF6645.RAF 7728x5152 -> 1920x1280
[12:53:22] +14.1s developed DSCF6646.RAF 7728x5152 -> 1920x1280
[12:53:22] +14.1s developed DSCF6647.RAF 7728x5152 -> 1920x1280
[12:53:22] +14.1s developed DSCF6648.RAF 7728x5152 -> 1920x1280
[12:53:22] +14.1s developed DSCF6649.RAF 7728x5152 -> 1920x1280
[12:53:22] +14.1s time  develop=3.82s
[12:53:22] +14.1s scale raw=7728x5152 jpeg=4416x2944 x=1.7500 y=1.7500
[12:53:22] +14.1s Matching brightness...
[12:53:22] +14.1s canvas perspective 3552x1413
[12:53:22] +14.2s warp DSCF6649.RAF: bbox=(0,29,1979,1392) 1979x1363
[12:53:22] +14.2s warp DSCF6646.RAF: bbox=(1124,81,3110,1413) 1986x1332
[12:53:22] +14.2s warp DSCF6648.RAF: bbox=(379,60,2333,1383) 1954x1323
[12:53:22] +14.2s warp DSCF6645.RAF: bbox=(1493,0,3552,1394) 2059x1394
[12:53:22] +14.3s warp DSCF6647.RAF: bbox=(663,69,2614,1384) 1951x1315
[12:53:23] +14.4s brightness gains=5 corner=0.815
[12:53:23] +14.4s Blending photos...
[12:53:23] +14.6s blend 1: window=2845x1413 tiles=903
[12:53:23] +14.9s local moved kept=424 field=8.54 disagree 0.5260 -> 0.3200
[12:53:23] +14.9s seam grid 46x57 nodes=2434
[12:53:23] +14.9s seam grid 341x430 nodes=31324
[12:53:23] +15.1s seam refine nodes=31324
[12:53:23] +15.1s painted
[12:53:23] +15.1s mask blurred
[12:53:23] +15.2s pyramid gauss
[12:53:23] +15.3s pyramid expand
[12:53:23] +15.3s pasted
[12:53:23] +15.3s blended 1 keepA=0.53
[12:53:23] +15.3s blend 2: window=2940x1413 tiles=924
[12:53:24] +15.6s local moved kept=331 field=9.43 disagree 0.5556 -> 0.3986
[12:53:24] +15.6s seam grid 45x51 nodes=2226
[12:53:24] +15.6s seam grid 337x385 nodes=37429
[12:53:24] +15.9s seam refine nodes=37429
[12:53:24] +15.9s painted
[12:53:24] +15.9s mask blurred
[12:53:24] +15.9s pyramid gauss
[12:53:24] +16.0s pyramid expand
[12:53:24] +16.0s pasted
[12:53:24] +16.0s blended 2 keepA=0.52
[12:53:24] +16.0s blend 3: window=2491x1413 tiles=777
[12:53:24] +16.3s local moved kept=414 field=18.95 disagree 0.6094 -> 0.4930
[12:53:24] +16.3s seam grid 46x54 nodes=2318
[12:53:24] +16.3s seam grid 345x413 nodes=30278
[12:53:25] +16.4s seam refine nodes=30278
[12:53:25] +16.4s painted
[12:53:25] +16.4s mask blurred
[12:53:25] +16.5s pyramid gauss
[12:53:25] +16.6s pyramid expand
[12:53:25] +16.6s pasted
[12:53:25] +16.6s blended 3 keepA=0.59
[12:53:25] +16.6s blend 4: window=2571x1413 tiles=819
[12:53:25] +16.9s local moved kept=394 field=18.31 disagree 0.6444 -> 0.5592
[12:53:25] +17.0s seam grid 46x55 nodes=2456
[12:53:25] +17.0s seam grid 342x417 nodes=35882
[12:53:25] +17.1s seam refine nodes=35882
[12:53:25] +17.1s painted
[12:53:25] +17.1s mask blurred
[12:53:25] +17.2s pyramid gauss
[12:53:25] +17.2s pyramid expand
[12:53:25] +17.2s pasted
[12:53:25] +17.2s blended 4 keepA=0.74
[12:53:25] +17.2s time  linear_photometry=3.17s
[12:53:25] +17.2s photometry source=second compose
[12:53:25] +17.2s save seam preview
[12:53:25] +17.2s save cut fullres
[12:53:25] +17.2s photometry gains=5
[12:53:25] +17.2s photo pedestal=0.016244 field_norm=0.622307 gains=[1.0244 0.9946 1.0128 0.9581 1.0114]
[12:53:25] +17.2s save seam developed
[12:53:25] +17.2s canvas perspective 14293x5687
[12:53:26] +17.5s local align resolution 1/1
[12:53:26] +17.5s composite levels=6 pad=512
[12:53:26] +17.5s local alignment refine=false
[12:53:27] +18.6s warped DSCF6647.RAF straight
[12:53:28] +20.1s field n=0 const=[1.0000 1.0000 1.0000] peak=0.0000 gain=0.0126 (rejected)
[12:53:29] +20.4s seam grid 169x213 nodes=35085
[12:53:29] +20.7s seam grid 1323x1680 nodes=120837
[12:53:30] +21.9s seam refine nodes=120837
[12:53:30] +21.9s painted
[12:53:30] +22.0s mask blurred
[12:53:32] +23.6s pyramid gauss
[12:53:33] +24.7s pyramid expand
[12:53:33] +24.8s blended
[12:53:33] +24.8s seam 1 window=8839x5687 keepA=0.45
[12:53:33] +24.8s warped DSCF6648.RAF nudged
[12:53:35] +26.5s field n=0 const=[1.0000 1.0000 1.0000] peak=0.0000 gain=-0.0041 (rejected)
[12:53:35] +26.8s seam grid 166x190 nodes=31529
[12:53:35] +27.1s seam grid 1303x1498 nodes=127815
[12:53:37] +28.5s seam refine nodes=127815
[12:53:37] +28.5s painted
[12:53:37] +28.7s mask blurred
[12:53:38] +30.1s pyramid gauss
[12:53:39] +31.0s pyramid expand
[12:53:39] +31.2s blended
[12:53:39] +31.2s seam 2 window=8964x5687 keepA=0.65
[12:53:39] +31.2s warped DSCF6646.RAF nudged
[12:53:41] +32.9s field n=0 const=[1.0000 1.0000 1.0000] peak=0.0000 gain=0.0048 (rejected)
[12:53:41] +33.2s seam grid 171x205 nodes=34203
[12:53:42] +33.5s seam grid 1340x1611 nodes=105359
[12:53:43] +34.5s seam refine nodes=105359
[12:53:43] +34.6s painted
[12:53:43] +34.7s mask blurred
[12:53:44] +36.3s pyramid gauss
[12:53:45] +37.2s pyramid expand
[12:53:45] +37.3s blended
[12:53:45] +37.3s seam 3 window=8453x5687 keepA=0.61
[12:53:45] +37.3s warped DSCF6649.RAF nudged
[12:53:47] +39.1s field n=0 const=[1.0000 1.0000 1.0000] peak=0.0000 gain=0.0051 (rejected)
[12:53:48] +39.4s seam grid 170x207 nodes=35085
[12:53:48] +39.7s seam grid 1331x1627 nodes=123284
[12:53:49] +41.1s seam refine nodes=123284
[12:53:49] +41.1s painted
[12:53:49] +41.2s mask blurred
[12:53:51] +42.8s pyramid gauss
[12:53:52] +43.8s pyramid expand
[12:53:52] +43.9s blended
[12:53:52] +43.9s seam 4 window=8770x5687 keepA=0.73
[12:53:52] +43.9s warped DSCF6645.RAF nudged
[12:53:52] +43.9s refined shifts seams=0 mean_abs_shift=0.000px max_abs_shift=0.000px
[12:53:52] +43.9s exposure gains applied 3
[12:53:52] +44.0s save encode 13770x4999
[12:53:57] +49.2s seam dump /home/dalibor/Projects/RapidRAW/lean_pano_proto/out/v34/DSCF6645/seams.txt
[12:53:57] +49.2s blend_stage extract=0.00s
[12:53:57] +49.2s blend_stage graphcut=60.83s
[12:53:57] +49.2s blend_stage mask_blur=4.95s
[12:53:57] +49.2s blend_stage pyr_blend=79.64s
[12:53:57] +49.2s boundary_step final: n=4313 median_step=24.31% p90=78.31%
[12:53:57] +49.2s blinds_flat  final: n=0 median_step=0.00% p90=0.00%
[12:53:57] +49.2s woodline    final: n=3757 median_step=23.62% p90=75.40%
[12:53:57] +49.2s ghost_band   final: mean=0.666 keepA=0.61 cut_px=35580 swallowed=0
[12:53:57] +49.2s sharpness_lapvar final: 425.58257773655447
[12:53:57] +49.2s pano_mean_lum 0.10117689002414237 shadow_median 0.06382454186677933 canvas 13770x4999 levels=6 window_px=512
[12:53:57] +49.2s time  final blend=21.92s encode_tiff=0.65s metrics=3.76s photometry=1.80s step_metrics=0.17s warp=1.80s
[12:53:57] +49.2s time  total=49.24s
[12:53:57] +49.2s saved /home/dalibor/Projects/RapidRAW/lean_pano_proto/out/v34/DSCF6645/DSCF6645_Pano.tiff
