[11:04:38] +0.0s log /home/dalibor/Projects/RapidRAW/lean_pano_proto/out/v52/DSCF0140/DSCF0140_Pano.pano.log
[11:04:38] +0.0s merge started files=4
[11:04:38] +0.1s focal native unavailable or disabled, using exif 35eq=27.0mm (crop=1.534)
[11:04:38] +0.2s jpeg DSCF0140.RAF native 4416x2944 declared 4416x2944
[11:04:39] +0.4s jpeg DSCF0141.RAF native 4416x2944 declared 4416x2944
[11:04:39] +0.6s jpeg DSCF0142.RAF native 4416x2944 declared 4416x2944
[11:04:39] +0.8s jpeg DSCF0143.RAF native 4416x2944 declared 4416x2944
[11:04:40] +2.2s points DSCF0140.RAF 11408
[11:04:40] +2.2s points DSCF0141.RAF 11474
[11:04:40] +2.2s points DSCF0142.RAF 11423
[11:04:40] +2.2s points DSCF0143.RAF 11376
[11:04:43] +4.4s match DSCF0140.RAF<->DSCF0141.RAF: 2777 good
[11:04:43] +4.4s match DSCF0140.RAF<->DSCF0142.RAF: 1895 good
[11:04:43] +4.4s match DSCF0140.RAF<->DSCF0143.RAF: 1053 good
[11:04:43] +4.4s match DSCF0141.RAF<->DSCF0142.RAF: 3813 good
[11:04:43] +4.4s match DSCF0141.RAF<->DSCF0143.RAF: 2320 good
[11:04:43] +4.4s match DSCF0142.RAF<->DSCF0143.RAF: 4231 good
[11:04:43] +4.5s aligned kept=4 focal35=27.0 jpeg=4416x2944 points=4416x2944
[11:04:43] +4.5s lens crop=1.534 focal35=27.0 calib=1.529
[11:04:43] +5.0s sky target 0.8816
[11:04:43] +5.0s sky scale DSCF0140.RAF 0.984 median 0.8962
[11:04:43] +5.0s sky scale DSCF0141.RAF 1.000 median 0.8816
[11:04:43] +5.0s sky scale DSCF0142.RAF 1.004 median 0.8784
[11:04:43] +5.0s sky scale DSCF0143.RAF 1.015 median 0.8686
[11:04:43] +5.0s Matching brightness...
[11:04:43] +5.0s canvas cylindrical 2790x1260
[11:04:43] +5.2s warp DSCF0143.RAF: bbox=(1067,0,2790,1260) 1723x1260
[11:04:43] +5.2s warp DSCF0140.RAF: bbox=(0,0,1724,1260) 1724x1260
[11:04:43] +5.2s warp DSCF0141.RAF: bbox=(369,0,2088,1260) 1719x1260
[11:04:43] +5.2s warp DSCF0142.RAF: bbox=(749,0,2465,1260) 1716x1260
[11:04:43] +5.2s brightness gains=4 corner=1.096
[11:04:43] +5.2s Blending photos...
[11:04:44] +5.3s blend 1: window=2235x1260 tiles=594
[11:04:44] +5.6s local moved kept=242 field=10.72 disagree 0.2970 -> 0.1947
[11:04:44] +5.6s seam grid 43x48 nodes=1942
[11:04:44] +5.6s cut_energy opt=112654 shipped=112654 excess=+0.000%
[11:04:44] +5.6s seam grid 316x360 nodes=26082
[11:04:44] +5.7s cut_energy opt=1445145 shipped=1445145 excess=+0.000%
[11:04:44] +5.7s seam refine nodes=26082
[11:04:44] +5.7s painted
[11:04:44] +5.7s mask blurred
[11:04:44] +5.7s pyramid gauss
[11:04:44] +5.8s pyramid expand
[11:04:44] +5.8s pasted
[11:04:44] +5.8s blended 1 keepA=0.19
[11:04:44] +5.8s blend 2: window=2600x1260 tiles=702
[11:04:44] +6.0s local moved kept=210 field=10.24 disagree 0.3535 -> 0.2524
[11:04:44] +6.1s seam grid 43x47 nodes=1919
[11:04:44] +6.1s cut_energy opt=140766 shipped=140766 excess=+0.000%
[11:04:44] +6.1s seam grid 316x346 nodes=27844
[11:04:44] +6.1s cut_energy opt=2678694 shipped=2678694 excess=+0.000%
[11:04:44] +6.1s seam refine nodes=27844
[11:04:44] +6.1s painted
[11:04:44] +6.1s mask blurred
[11:04:44] +6.2s pyramid gauss
[11:04:44] +6.2s pyramid expand
[11:04:44] +6.3s pasted
[11:04:44] +6.3s blended 2 keepA=0.71
[11:04:44] +6.3s blend 3: window=2236x1260 tiles=594
[11:04:45] +6.5s local moved kept=234 field=20.58 disagree 0.3663 -> 0.2630
[11:04:45] +6.5s seam grid 43x47 nodes=1917
[11:04:45] +6.5s cut_energy opt=141666 shipped=141666 excess=+0.000%
[11:04:45] +6.5s seam grid 316x349 nodes=28618
[11:04:45] +6.6s cut_energy opt=2678813 shipped=2678813 excess=+0.000%
[11:04:45] +6.6s seam refine nodes=28618
[11:04:45] +6.6s painted
[11:04:45] +6.6s mask blurred
[11:04:45] +6.7s pyramid gauss
[11:04:45] +6.7s pyramid expand
[11:04:45] +6.7s pasted
[11:04:45] +6.7s blended 3 keepA=0.76
[11:04:45] +6.7s preview canvas cylindrical 2790x1260 shifts=3
[11:04:45] +6.7s time  preview=2.23s (solve+match 4.51s)
[11:04:45] +6.8s preview ready /home/dalibor/Projects/RapidRAW/lean_pano_proto/out/v52/DSCF0140/DSCF0140_preview.jpg
[11:04:45] +6.8s save started
[11:04:45] +6.8s develop jobs=4
[11:04:48] +9.9s developed DSCF0140.RAF 7728x5152 -> 1920x1280
[11:04:48] +9.9s developed DSCF0141.RAF 7728x5152 -> 1920x1280
[11:04:48] +9.9s developed DSCF0142.RAF 7728x5152 -> 1920x1280
[11:04:48] +9.9s developed DSCF0143.RAF 7728x5152 -> 1920x1280
[11:04:48] +9.9s time  develop=3.13s
[11:04:48] +9.9s scale raw=7728x5152 jpeg=4416x2944 x=1.7500 y=1.7500
[11:04:48] +9.9s Matching brightness...
[11:04:48] +9.9s canvas cylindrical 2790x1260
[11:04:48] +10.1s warp DSCF0142.RAF: bbox=(749,0,2465,1260) 1716x1260
[11:04:48] +10.1s warp DSCF0143.RAF: bbox=(1067,0,2790,1260) 1723x1260
[11:04:48] +10.1s warp DSCF0140.RAF: bbox=(0,0,1724,1260) 1724x1260
[11:04:48] +10.1s warp DSCF0141.RAF: bbox=(369,0,2088,1260) 1719x1260
[11:04:48] +10.2s brightness gains=4 corner=0.990
[11:04:48] +10.2s Blending photos...
[11:04:48] +10.3s blend 1: window=2235x1260 tiles=594
[11:04:49] +10.6s local moved kept=287 field=10.82 disagree 0.3253 -> 0.2048
[11:04:49] +10.7s seam grid 43x49 nodes=1977
[11:04:49] +10.7s cut_energy opt=140268 shipped=140268 excess=+0.000%
[11:04:49] +10.7s seam grid 316x362 nodes=24849
[11:04:49] +10.7s cut_energy opt=1889634 shipped=1889634 excess=+0.000%
[11:04:49] +10.7s seam refine nodes=24849
[11:04:49] +10.7s painted
[11:04:49] +10.8s mask blurred
[11:04:49] +10.8s pyramid gauss
[11:04:49] +10.9s pyramid expand
[11:04:49] +10.9s pasted
[11:04:49] +10.9s blended 1 keepA=0.17
[11:04:49] +10.9s blend 2: window=2600x1260 tiles=702
[11:04:49] +11.1s local moved kept=268 field=11.67 disagree 0.3565 -> 0.2549
[11:04:49] +11.1s seam grid 43x47 nodes=1914
[11:04:49] +11.1s cut_energy opt=132240 shipped=132240 excess=+0.000%
[11:04:49] +11.1s seam grid 316x348 nodes=28309
[11:04:49] +11.2s cut_energy opt=2191875 shipped=2191875 excess=+0.000%
[11:04:49] +11.2s seam refine nodes=28309
[11:04:49] +11.2s painted
[11:04:49] +11.2s mask blurred
[11:04:50] +11.3s pyramid gauss
[11:04:50] +11.3s pyramid expand
[11:04:50] +11.3s pasted
[11:04:50] +11.3s blended 2 keepA=0.77
[11:04:50] +11.3s blend 3: window=2236x1260 tiles=594
[11:04:50] +11.6s local moved kept=282 field=17.65 disagree 0.3319 -> 0.2293
[11:04:50] +11.6s seam grid 43x47 nodes=1902
[11:04:50] +11.6s cut_energy opt=106083 shipped=106083 excess=+0.000%
[11:04:50] +11.6s seam grid 316x351 nodes=25393
[11:04:50] +11.7s cut_energy opt=3754776 shipped=3754776 excess=+0.000%
[11:04:50] +11.7s seam refine nodes=25393
[11:04:50] +11.7s painted
[11:04:50] +11.7s mask blurred
[11:04:50] +11.8s pyramid gauss
[11:04:50] +11.8s pyramid expand
[11:04:50] +11.9s pasted
[11:04:50] +11.9s blended 3 keepA=0.56
[11:04:50] +11.9s time  linear_photometry=1.91s
[11:04:50] +11.9s photometry source=second compose
[11:04:50] +11.9s save seam preview
[11:04:50] +11.9s save cut fullres
[11:04:50] +11.9s photometry gains=4
[11:04:50] +11.9s photo pedestal=0.006100 field_norm=0.534969 gains=[1.0804 1.0306 0.8797 1.0210]
[11:04:50] +11.9s save seam developed
[11:04:50] +11.9s canvas cylindrical 11230x5069
[11:04:50] +12.0s local align resolution 1/1
[11:04:50] +12.0s composite levels=6 pad=512
[11:04:50] +12.0s local alignment refine=false
[11:04:51] +13.0s warped DSCF0142.RAF straight
[11:04:53] +14.5s field n=0 const=[1.0000 1.0000 1.0000] peak=0.0000 gain=-0.0048 (rejected)
[11:04:53] +14.7s seam grid 162x179 nodes=28091
[11:04:53] +14.9s cut_energy opt=194423 shipped=194423 excess=+0.000%
[11:04:53] +14.9s seam grid 1268x1407 nodes=100382
[11:04:55] +16.6s cut_energy opt=1660888 shipped=1660888 excess=+0.000%
[11:04:55] +16.6s seam refine nodes=100382
[11:04:55] +16.6s painted
[11:04:55] +16.7s mask blurred
[11:04:56] +17.9s pyramid gauss
[11:04:57] +18.7s pyramid expand
[11:04:57] +18.8s blended
[11:04:57] +18.8s seam 1 window=7422x5069 keepA=0.48
[11:04:57] +18.8s warped DSCF0143.RAF nudged
[11:04:59] +20.3s field n=0 const=[1.0000 1.0000 1.0000] peak=0.0000 gain=-0.0177 (rejected)
[11:04:59] +20.6s seam grid 162x172 nodes=27250
[11:04:59] +20.7s cut_energy opt=233955 shipped=233955 excess=+0.000%
[11:04:59] +20.7s seam grid 1267x1348 nodes=117535
[11:05:00] +22.3s cut_energy opt=1970838 shipped=1970838 excess=+0.000%
[11:05:00] +22.3s seam refine nodes=117535
[11:05:01] +22.3s painted
[11:05:01] +22.4s mask blurred
[11:05:02] +23.7s pyramid gauss
[11:05:03] +24.5s pyramid expand
[11:05:03] +24.6s blended
[11:05:03] +24.6s seam 2 window=7893x5069 keepA=0.45
[11:05:03] +24.6s warped DSCF0141.RAF nudged
[11:05:04] +25.9s field n=0 const=[1.0000 1.0000 1.0000] peak=0.0000 gain=-0.0263 (rejected)
[11:05:04] +26.1s seam grid 162x174 nodes=27537
[11:05:04] +26.2s cut_energy opt=294598 shipped=294598 excess=+0.000%
[11:05:05] +26.3s seam grid 1267x1363 nodes=115223
[11:05:06] +27.4s cut_energy opt=2777790 shipped=2777790 excess=+0.000%
[11:05:06] +27.4s seam refine nodes=115223
[11:05:06] +27.5s painted
[11:05:06] +27.6s mask blurred
[11:05:07] +28.9s pyramid gauss
[11:05:08] +29.6s pyramid expand
[11:05:08] +29.7s blended
[11:05:08] +29.7s seam 3 window=7424x5069 keepA=0.37
[11:05:08] +29.7s warped DSCF0140.RAF nudged
[11:05:08] +29.7s refined shifts seams=0 mean_abs_shift=0.000px max_abs_shift=0.000px
[11:05:08] +29.7s exposure gains applied 1
[11:05:08] +29.8s SAVECROP canvas=11230x5069 crop=(0.01649,0.09841) size=0.97204x0.83810 -> tiff 10916x4248
[11:05:08] +29.8s save encode 10916x4248
[11:05:12] +33.3s seam dump /home/dalibor/Projects/RapidRAW/lean_pano_proto/out/v52/DSCF0140/seams.txt
[11:05:12] +33.3s blend_stage extract=0.00s
[11:05:12] +33.3s blend_stage graphcut=5.49s
[11:05:12] +33.3s blend_stage mask_blur=0.27s
[11:05:12] +33.3s blend_stage pyr_blend=4.49s
[11:05:12] +33.3s boundary_step final: n=2459 median_step=5.24% p90=44.18%
[11:05:12] +33.3s blinds_flat  final: n=0 median_step=0.00% p90=0.00%
[11:05:12] +33.3s woodline    final: n=1680 median_step=3.76% p90=36.26%
[11:05:12] +33.3s ghost_band   final: mean=0.722 keepA=0.43 cut_px=20925 swallowed=0
[11:05:12] +33.3s sharpness_lapvar final: 48.01691586183836
[11:05:12] +33.3s pano_mean_lum 0.1382997689369395 shadow_median 0.04659276083111763 canvas 10916x4248 levels=6 window_px=512
[11:05:12] +33.3s time  final blend=14.21s encode_tiff=0.47s metrics=2.50s photometry=1.17s step_metrics=0.13s warp=1.61s
[11:05:12] +33.3s time  total=33.35s
[11:05:12] +33.3s saved /home/dalibor/Projects/RapidRAW/lean_pano_proto/out/v52/DSCF0140/DSCF0140_Pano.tiff
