[17:01:36] +0.0s log /home/dalibor/Projects/RapidRAW/lean_pano_proto/out/v52/IMGP9237/IMGP9237_Pano.pano.log
[17:01:36] +0.0s merge started files=22
[17:01:36] +0.1s focal native unavailable or disabled, using exif 35eq=150.0mm (crop=1.534)
[17:01:36] +0.7s jpeg IMGP9237.DNG native 4000x6016 declared 4000x6016
[17:01:37] +1.1s jpeg IMGP9238.DNG native 4000x6016 declared 4000x6016
[17:01:37] +1.5s jpeg IMGP9239.DNG native 4000x6016 declared 4000x6016
[17:01:38] +1.9s jpeg IMGP9240.DNG native 4000x6016 declared 4000x6016
[17:01:38] +2.3s jpeg IMGP9241.DNG native 4000x6016 declared 4000x6016
[17:01:38] +2.7s jpeg IMGP9242.DNG native 4000x6016 declared 4000x6016
[17:01:39] +3.1s jpeg IMGP9243.DNG native 4000x6016 declared 4000x6016
[17:01:39] +3.5s jpeg IMGP9244.DNG native 4000x6016 declared 4000x6016
[17:01:40] +3.9s jpeg IMGP9245.DNG native 4000x6016 declared 4000x6016
[17:01:40] +4.3s jpeg IMGP9246.DNG native 4000x6016 declared 4000x6016
[17:01:40] +4.7s jpeg IMGP9247.DNG native 4000x6016 declared 4000x6016
[17:01:41] +5.1s jpeg IMGP9248.DNG native 4000x6016 declared 4000x6016
[17:01:41] +5.5s jpeg IMGP9249.DNG native 4000x6016 declared 4000x6016
[17:01:42] +5.8s jpeg IMGP9250.DNG native 4000x6016 declared 4000x6016
[17:01:42] +6.2s jpeg IMGP9251.DNG native 4000x6016 declared 4000x6016
[17:01:42] +6.6s jpeg IMGP9252.DNG native 4000x6016 declared 4000x6016
[17:01:43] +7.0s jpeg IMGP9253.DNG native 4000x6016 declared 4000x6016
[17:01:43] +7.4s jpeg IMGP9254.DNG native 4000x6016 declared 4000x6016
[17:01:43] +7.7s jpeg IMGP9255.DNG native 4000x6016 declared 4000x6016
[17:01:44] +8.1s jpeg IMGP9256.DNG native 4000x6016 declared 4000x6016
[17:01:44] +8.5s jpeg IMGP9257.DNG native 4000x6016 declared 4000x6016
[17:01:45] +8.9s jpeg IMGP9258.DNG native 4000x6016 declared 4000x6016
[17:01:50] +13.8s points IMGP9237.DNG 8232
[17:01:50] +13.8s points IMGP9238.DNG 7565
[17:01:50] +13.8s points IMGP9239.DNG 8740
[17:01:50] +13.8s points IMGP9240.DNG 8737
[17:01:50] +13.8s points IMGP9241.DNG 9119
[17:01:50] +13.8s points IMGP9242.DNG 9449
[17:01:50] +13.8s points IMGP9243.DNG 9148
[17:01:50] +13.8s points IMGP9244.DNG 10182
[17:01:50] +13.8s points IMGP9245.DNG 10459
[17:01:50] +13.8s points IMGP9246.DNG 10835
[17:01:50] +13.8s points IMGP9247.DNG 10630
[17:01:50] +13.8s points IMGP9248.DNG 11840
[17:01:50] +13.8s points IMGP9249.DNG 9390
[17:01:50] +13.8s points IMGP9250.DNG 10483
[17:01:50] +13.8s points IMGP9251.DNG 9844
[17:01:50] +13.8s points IMGP9252.DNG 9530
[17:01:50] +13.8s points IMGP9253.DNG 9267
[17:01:50] +13.8s points IMGP9254.DNG 7496
[17:01:50] +13.8s points IMGP9255.DNG 8237
[17:01:50] +13.8s points IMGP9256.DNG 9835
[17:01:50] +13.8s points IMGP9257.DNG 7771
[17:01:50] +13.8s points IMGP9258.DNG 7952
[17:01:50] +13.8s matching 41 neighbor pairs
[17:01:57] +21.2s match IMGP9237.DNG<->IMGP9238.DNG: 2185 good
[17:01:57] +21.2s match IMGP9237.DNG<->IMGP9239.DNG: 990 good
[17:01:57] +21.2s match IMGP9238.DNG<->IMGP9239.DNG: 2221 good
[17:01:57] +21.2s match IMGP9238.DNG<->IMGP9240.DNG: 670 good
[17:01:57] +21.2s match IMGP9239.DNG<->IMGP9240.DNG: 2411 good
[17:01:57] +21.2s match IMGP9239.DNG<->IMGP9241.DNG: 1013 good
[17:01:57] +21.2s match IMGP9240.DNG<->IMGP9241.DNG: 2255 good
[17:01:57] +21.2s match IMGP9240.DNG<->IMGP9242.DNG: 1205 good
[17:01:57] +21.2s match IMGP9241.DNG<->IMGP9242.DNG: 2022 good
[17:01:57] +21.2s match IMGP9241.DNG<->IMGP9243.DNG: 710 good
[17:01:57] +21.2s match IMGP9242.DNG<->IMGP9243.DNG: 2300 good
[17:01:57] +21.2s match IMGP9242.DNG<->IMGP9244.DNG: 864 good
[17:01:57] +21.2s match IMGP9243.DNG<->IMGP9244.DNG: 2521 good
[17:01:57] +21.2s match IMGP9243.DNG<->IMGP9245.DNG: 1306 good
[17:01:57] +21.2s match IMGP9244.DNG<->IMGP9245.DNG: 2977 good
[17:01:57] +21.2s match IMGP9244.DNG<->IMGP9246.DNG: 1361 good
[17:01:57] +21.2s match IMGP9245.DNG<->IMGP9246.DNG: 3041 good
[17:01:57] +21.2s match IMGP9245.DNG<->IMGP9247.DNG: 1138 good
[17:01:57] +21.2s match IMGP9246.DNG<->IMGP9247.DNG: 2783 good
[17:01:57] +21.2s match IMGP9246.DNG<->IMGP9248.DNG: 1507 good
[17:01:57] +21.2s match IMGP9247.DNG<->IMGP9248.DNG: 4117 good
[17:01:57] +21.2s match IMGP9247.DNG<->IMGP9249.DNG: 1349 good
[17:01:57] +21.2s match IMGP9248.DNG<->IMGP9249.DNG: 3067 good
[17:01:57] +21.2s match IMGP9248.DNG<->IMGP9250.DNG: 1587 good
[17:01:57] +21.2s match IMGP9249.DNG<->IMGP9250.DNG: 3283 good
[17:01:57] +21.2s match IMGP9249.DNG<->IMGP9251.DNG: 1441 good
[17:01:57] +21.2s match IMGP9250.DNG<->IMGP9251.DNG: 3035 good
[17:01:57] +21.2s match IMGP9250.DNG<->IMGP9252.DNG: 1169 good
[17:01:57] +21.2s match IMGP9251.DNG<->IMGP9252.DNG: 2655 good
[17:01:57] +21.2s match IMGP9251.DNG<->IMGP9253.DNG: 995 good
[17:01:57] +21.2s match IMGP9252.DNG<->IMGP9253.DNG: 2629 good
[17:01:57] +21.2s match IMGP9252.DNG<->IMGP9254.DNG: 123 good
[17:01:57] +21.2s match IMGP9253.DNG<->IMGP9254.DNG: 1714 good
[17:01:57] +21.2s match IMGP9253.DNG<->IMGP9255.DNG: 301 good
[17:01:57] +21.2s match IMGP9254.DNG<->IMGP9255.DNG: 1940 good
[17:01:57] +21.2s match IMGP9254.DNG<->IMGP9256.DNG: 801 good
[17:01:57] +21.2s match IMGP9255.DNG<->IMGP9256.DNG: 2727 good
[17:01:57] +21.2s match IMGP9255.DNG<->IMGP9257.DNG: 530 good
[17:01:57] +21.2s match IMGP9256.DNG<->IMGP9257.DNG: 1529 good
[17:01:57] +21.2s match IMGP9256.DNG<->IMGP9258.DNG: 948 good
[17:01:57] +21.2s match IMGP9257.DNG<->IMGP9258.DNG: 1781 good
[17:01:58] +21.7s aligned kept=22 focal35=150.0 jpeg=4000x6016 points=4000x6016
[17:01:58] +21.7s lens crop=1.534 focal35=150.0 calib=1.000
[17:02:02] +26.0s sky target 0.0054
[17:02:02] +26.0s sky scale IMGP9237.DNG 0.590 median 0.0092
[17:02:02] +26.0s sky scale IMGP9238.DNG 1.334 median 0.0041
[17:02:02] +26.0s sky scale IMGP9239.DNG 1.112 median 0.0049
[17:02:02] +26.0s sky scale IMGP9240.DNG 1.000 median 0.0054
[17:02:02] +26.0s sky scale IMGP9241.DNG 0.773 median 0.0070
[17:02:02] +26.0s sky scale IMGP9242.DNG 0.907 median 0.0060
[17:02:02] +26.0s sky scale IMGP9243.DNG 0.984 median 0.0055
[17:02:02] +26.0s sky scale IMGP9244.DNG 0.988 median 0.0055
[17:02:02] +26.0s sky scale IMGP9245.DNG 1.025 median 0.0053
[17:02:02] +26.0s sky scale IMGP9246.DNG 1.068 median 0.0051
[17:02:02] +26.0s sky scale IMGP9247.DNG 1.565 median 0.0035
[17:02:02] +26.0s sky scale IMGP9248.DNG 1.334 median 0.0041
[17:02:02] +26.0s sky scale IMGP9249.DNG 1.456 median 0.0037
[17:02:02] +26.0s sky scale IMGP9250.DNG 1.315 median 0.0041
[17:02:02] +26.0s sky scale IMGP9251.DNG 1.150 median 0.0047
[17:02:02] +26.0s sky scale IMGP9252.DNG 1.355 median 0.0040
[17:02:02] +26.0s sky scale IMGP9253.DNG 1.175 median 0.0046
[17:02:02] +26.0s sky scale IMGP9254.DNG 0.937 median 0.0058
[17:02:02] +26.0s sky scale IMGP9255.DNG 0.803 median 0.0068
[17:02:02] +26.0s sky scale IMGP9256.DNG 0.476 median 0.0114
[17:02:02] +26.1s sky scale IMGP9257.DNG 0.354 median 0.0153
[17:02:02] +26.1s sky scale IMGP9258.DNG 0.316 median 0.0172
[17:02:02] +26.1s Matching brightness...
[17:02:02] +26.1s canvas cylindrical 11122x2093
[17:02:02] +26.2s warp IMGP9250.DNG: bbox=(4050,155,5364,2093) 1314x1938
[17:02:02] +26.2s warp IMGP9252.DNG: bbox=(3202,125,4494,2062) 1292x1937
[17:02:02] +26.2s warp IMGP9248.DNG: bbox=(4963,21,6273,1964) 1310x1943
[17:02:02] +26.2s warp IMGP9239.DNG: bbox=(8887,80,10181,2017) 1294x1937
[17:02:02] +26.2s warp IMGP9246.DNG: bbox=(5857,0,7159,1931) 1302x1931
[17:02:02] +26.2s warp IMGP9242.DNG: bbox=(7644,83,8943,2021) 1299x1938
[17:02:02] +26.2s warp IMGP9237.DNG: bbox=(9834,156,11122,2093) 1288x1937
[17:02:02] +26.2s warp IMGP9257.DNG: bbox=(415,155,1713,2093) 1298x1938
[17:02:02] +26.2s warp IMGP9253.DNG: bbox=(2637,54,3946,1997) 1309x1943
[17:02:02] +26.2s warp IMGP9255.DNG: bbox=(1454,123,2750,2060) 1296x1937
[17:02:02] +26.2s warp IMGP9241.DNG: bbox=(8135,124,9427,2061) 1292x1937
[17:02:02] +26.2s warp IMGP9256.DNG: bbox=(950,134,2256,2076) 1306x1942
[17:02:02] +26.2s warp IMGP9244.DNG: bbox=(6708,18,8001,1955) 1293x1937
[17:02:02] +26.2s warp IMGP9247.DNG: bbox=(5323,10,6634,1954) 1311x1944
[17:02:02] +26.2s warp IMGP9243.DNG: bbox=(7178,59,8470,1996) 1292x1937
[17:02:02] +26.2s warp IMGP9245.DNG: bbox=(6284,54,7582,1992) 1298x1938
[17:02:02] +26.2s warp IMGP9249.DNG: bbox=(4453,40,5766,1985) 1313x1945
[17:02:02] +26.2s warp IMGP9240.DNG: bbox=(8484,108,9778,2045) 1294x1937
[17:02:02] +26.2s warp IMGP9258.DNG: bbox=(0,151,1299,2093) 1299x1942
[17:02:02] +26.3s warp IMGP9251.DNG: bbox=(3645,111,4943,2048) 1298x1937
[17:02:02] +26.3s warp IMGP9238.DNG: bbox=(9403,135,10695,2072) 1292x1937
[17:02:02] +26.3s warp IMGP9254.DNG: bbox=(1951,102,3249,2040) 1298x1938
[17:02:03] +26.8s brightness gains=22 corner=0.711
[17:02:03] +26.8s Blending photos...
[17:02:03] +27.4s blend 1: window=2334x2093 tiles=1085
[17:02:03] +27.6s local copied sparse
[17:02:03] +27.6s seam grid 64x35 nodes=2158
[17:02:03] +27.6s cut_energy opt=146678 shipped=146678 excess=+0.000%
[17:02:03] +27.6s seam grid 495x250 nodes=29003
[17:02:03] +27.7s cut_energy opt=1421258 shipped=1421258 excess=+0.000%
[17:02:03] +27.7s seam refine nodes=29003
[17:02:03] +27.7s painted
[17:02:03] +27.7s mask blurred
[17:02:04] +27.9s pyramid gauss
[17:02:04] +28.0s pyramid expand
[17:02:04] +28.0s pasted
[17:02:04] +28.0s blended 1 keepA=0.49
[17:02:04] +28.0s blend 2: window=2326x2093 tiles=1085
[17:02:04] +28.0s local copied sparse
[17:02:04] +28.0s seam grid 64x29 nodes=1798
[17:02:04] +28.0s cut_energy opt=95345 shipped=95345 excess=+0.000%
[17:02:04] +28.1s seam grid 490x207 nodes=23641
[17:02:04] +28.1s cut_energy opt=1366911 shipped=1366911 excess=+0.000%
[17:02:04] +28.1s seam refine nodes=23641
[17:02:04] +28.1s painted
[17:02:04] +28.1s mask blurred
[17:02:04] +28.2s pyramid gauss
[17:02:04] +28.2s pyramid expand
[17:02:04] +28.2s pasted
[17:02:04] +28.2s blended 2 keepA=0.50
[17:02:04] +28.2s blend 3: window=2337x2093 tiles=1085
[17:02:04] +28.3s local copied sparse
[17:02:04] +28.3s seam grid 65x30 nodes=1895
[17:02:04] +28.3s cut_energy opt=186707 shipped=186707 excess=+0.000%
[17:02:04] +28.3s seam grid 493x214 nodes=28358
[17:02:04] +28.3s cut_energy opt=1621303 shipped=1621303 excess=+0.000%
[17:02:04] +28.3s seam refine nodes=28358
[17:02:04] +28.3s painted
[17:02:04] +28.3s mask blurred
[17:02:04] +28.4s pyramid gauss
[17:02:04] +28.4s pyramid expand
[17:02:04] +28.5s pasted
[17:02:04] +28.5s blended 3 keepA=0.50
[17:02:04] +28.5s blend 4: window=2322x2093 tiles=1085
[17:02:04] +28.5s local copied sparse
[17:02:04] +28.5s seam grid 64x31 nodes=1978
[17:02:04] +28.5s cut_energy opt=186564 shipped=186564 excess=+0.000%
[17:02:04] +28.5s seam grid 488x232 nodes=29741
[17:02:04] +28.6s cut_energy opt=1674515 shipped=1674515 excess=+0.000%
[17:02:04] +28.6s seam refine nodes=29741
[17:02:04] +28.6s painted
[17:02:04] +28.6s mask blurred
[17:02:04] +28.7s pyramid gauss
[17:02:04] +28.7s pyramid expand
[17:02:04] +28.7s pasted
[17:02:04] +28.7s blended 4 keepA=0.41
[17:02:04] +28.7s blend 5: window=2317x2093 tiles=1085
[17:02:05] +28.8s local copied sparse
[17:02:05] +28.8s seam grid 65x32 nodes=2044
[17:02:05] +28.8s cut_energy opt=139527 shipped=139527 excess=+0.000%
[17:02:05] +28.8s seam grid 496x231 nodes=28873
[17:02:05] +28.9s cut_energy opt=1490892 shipped=1490892 excess=+0.000%
[17:02:05] +28.9s seam refine nodes=28873
[17:02:05] +28.9s painted
[17:02:05] +28.9s mask blurred
[17:02:05] +29.0s pyramid gauss
[17:02:05] +29.1s pyramid expand
[17:02:05] +29.1s pasted
[17:02:05] +29.1s blended 5 keepA=0.52
[17:02:05] +29.1s blend 6: window=2338x2093 tiles=1085
[17:02:05] +29.2s local copied sparse
[17:02:05] +29.2s seam grid 62x33 nodes=2040
[17:02:05] +29.2s cut_energy opt=189347 shipped=189347 excess=+0.000%
[17:02:05] +29.2s seam grid 469x241 nodes=28122
[17:02:05] +29.3s cut_energy opt=1635230 shipped=1635230 excess=+0.000%
[17:02:05] +29.3s seam refine nodes=28122
[17:02:05] +29.3s painted
[17:02:05] +29.3s mask blurred
[17:02:05] +29.4s pyramid gauss
[17:02:05] +29.4s pyramid expand
[17:02:05] +29.4s pasted
[17:02:05] +29.4s blended 6 keepA=0.41
[17:02:05] +29.4s blend 7: window=2322x2093 tiles=1085
[17:02:05] +29.5s local copied sparse
[17:02:05] +29.5s seam grid 65x33 nodes=2127
[17:02:05] +29.5s cut_energy opt=196811 shipped=196811 excess=+0.000%
[17:02:05] +29.5s seam grid 497x236 nodes=25656
[17:02:05] +29.5s cut_energy opt=1549579 shipped=1549579 excess=+0.000%
[17:02:05] +29.5s seam refine nodes=25656
[17:02:05] +29.5s painted
[17:02:05] +29.5s mask blurred
[17:02:05] +29.6s pyramid gauss
[17:02:05] +29.7s pyramid expand
[17:02:05] +29.7s pasted
[17:02:05] +29.7s blended 7 keepA=0.52
[17:02:05] +29.7s blend 8: window=2316x2093 tiles=1085
[17:02:05] +29.7s local copied sparse
[17:02:05] +29.7s seam grid 65x31 nodes=1951
[17:02:05] +29.7s cut_energy opt=138914 shipped=138914 excess=+0.000%
[17:02:05] +29.7s seam grid 496x219 nodes=23428
[17:02:06] +29.8s cut_energy opt=1637076 shipped=1637076 excess=+0.000%
[17:02:06] +29.8s seam refine nodes=23428
[17:02:06] +29.8s painted
[17:02:06] +29.8s mask blurred
[17:02:06] +29.8s pyramid gauss
[17:02:06] +29.9s pyramid expand
[17:02:06] +29.9s pasted
[17:02:06] +29.9s blended 8 keepA=0.50
[17:02:06] +29.9s blend 9: window=2316x2093 tiles=1085
[17:02:06] +29.9s local copied sparse
[17:02:06] +29.9s seam grid 64x31 nodes=1908
[17:02:06] +29.9s cut_energy opt=90121 shipped=90121 excess=+0.000%
[17:02:06] +29.9s seam grid 497x225 nodes=27346
[17:02:06] +30.0s cut_energy opt=1085415 shipped=1085415 excess=+0.000%
[17:02:06] +30.0s seam refine nodes=27346
[17:02:06] +30.0s painted
[17:02:06] +30.0s mask blurred
[17:02:06] +30.2s pyramid gauss
[17:02:06] +30.3s pyramid expand
[17:02:06] +30.3s pasted
[17:02:06] +30.3s blended 9 keepA=0.51
[17:02:06] +30.3s blend 10: window=2323x2093 tiles=1085
[17:02:06] +30.3s local copied sparse
[17:02:06] +30.3s seam grid 64x31 nodes=1926
[17:02:06] +30.3s cut_energy opt=145774 shipped=145774 excess=+0.000%
[17:02:06] +30.3s seam grid 491x219 nodes=27271
[17:02:06] +30.4s cut_energy opt=1632083 shipped=1632083 excess=+0.000%
[17:02:06] +30.4s seam refine nodes=27271
[17:02:06] +30.4s painted
[17:02:06] +30.4s mask blurred
[17:02:06] +30.5s pyramid gauss
[17:02:06] +30.5s pyramid expand
[17:02:06] +30.5s pasted
[17:02:06] +30.5s blended 10 keepA=0.50
[17:02:06] +30.5s blend 11: window=2333x2093 tiles=1085
[17:02:06] +30.5s local copied sparse
[17:02:06] +30.6s seam grid 64x28 nodes=1788
[17:02:06] +30.6s cut_energy opt=184523 shipped=184523 excess=+0.000%
[17:02:06] +30.6s seam grid 484x199 nodes=24128
[17:02:06] +30.6s cut_energy opt=1616966 shipped=1616966 excess=+0.000%
[17:02:06] +30.6s seam refine nodes=24128
[17:02:06] +30.6s painted
[17:02:06] +30.6s mask blurred
[17:02:06] +30.7s pyramid gauss
[17:02:06] +30.7s pyramid expand
[17:02:06] +30.7s pasted
[17:02:06] +30.7s blended 11 keepA=0.49
[17:02:06] +30.7s blend 12: window=2316x2093 tiles=1085
[17:02:07] +30.8s local copied sparse
[17:02:07] +30.8s seam grid 64x30 nodes=1916
[17:02:07] +30.8s cut_energy opt=186907 shipped=186907 excess=+0.000%
[17:02:07] +30.8s seam grid 487x215 nodes=27179
[17:02:07] +30.9s cut_energy opt=1633664 shipped=1633664 excess=+0.000%
[17:02:07] +30.9s seam refine nodes=27179
[17:02:07] +30.9s painted
[17:02:07] +30.9s mask blurred
[17:02:07] +30.9s pyramid gauss
[17:02:07] +31.0s pyramid expand
[17:02:07] +31.0s pasted
[17:02:07] +31.0s blended 12 keepA=0.50
[17:02:07] +31.0s blend 13: window=2318x2093 tiles=1085
[17:02:07] +31.0s local copied sparse
[17:02:07] +31.1s seam grid 65x34 nodes=2141
[17:02:07] +31.1s cut_energy opt=139936 shipped=139936 excess=+0.000%
[17:02:07] +31.1s seam grid 497x249 nodes=31180
[17:02:07] +31.1s cut_energy opt=1395119 shipped=1395119 excess=+0.000%
[17:02:07] +31.1s seam refine nodes=31180
[17:02:07] +31.1s painted
[17:02:07] +31.2s mask blurred
[17:02:07] +31.3s pyramid gauss
[17:02:07] +31.4s pyramid expand
[17:02:07] +31.4s pasted
[17:02:07] +31.4s blended 13 keepA=0.51
[17:02:07] +31.4s blend 14: window=2322x2093 tiles=1085
[17:02:07] +31.5s local copied sparse
[17:02:07] +31.5s seam grid 484x154 nodes=74244
[17:02:07] +31.7s cut_energy opt=1662507 shipped=1662507 excess=+0.000%
[17:02:07] +31.7s painted
[17:02:07] +31.7s mask blurred
[17:02:08] +31.8s pyramid gauss
[17:02:08] +31.8s pyramid expand
[17:02:08] +31.9s pasted
[17:02:08] +31.9s blended 14 keepA=0.50
[17:02:08] +31.9s blend 15: window=2318x2093 tiles=1085
[17:02:08] +31.9s local copied sparse
[17:02:08] +31.9s seam grid 65x33 nodes=2097
[17:02:08] +31.9s cut_energy opt=189405 shipped=189405 excess=+0.000%
[17:02:08] +31.9s seam grid 496x236 nodes=26528
[17:02:08] +32.0s cut_energy opt=1607940 shipped=1607940 excess=+0.000%
[17:02:08] +32.0s seam refine nodes=26528
[17:02:08] +32.0s painted
[17:02:08] +32.0s mask blurred
[17:02:08] +32.0s pyramid gauss
[17:02:08] +32.1s pyramid expand
[17:02:08] +32.1s pasted
[17:02:08] +32.1s blended 15 keepA=0.50
[17:02:08] +32.1s blend 16: window=2320x2093 tiles=1085
[17:02:08] +32.1s local copied sparse
[17:02:08] +32.2s seam grid 65x30 nodes=1864
[17:02:08] +32.2s cut_energy opt=86800 shipped=86800 excess=+0.000%
[17:02:08] +32.2s seam grid 492x213 nodes=22560
[17:02:08] +32.2s cut_energy opt=1325349 shipped=1325349 excess=+0.000%
[17:02:08] +32.2s seam refine nodes=22560
[17:02:08] +32.2s painted
[17:02:08] +32.2s mask blurred
[17:02:08] +32.4s pyramid gauss
[17:02:08] +32.4s pyramid expand
[17:02:08] +32.5s pasted
[17:02:08] +32.5s blended 16 keepA=0.49
[17:02:08] +32.5s blend 17: window=2231x2093 tiles=1023
[17:02:08] +32.5s local copied sparse
[17:02:08] +32.5s seam grid 64x29 nodes=1794
[17:02:08] +32.5s cut_energy opt=117565 shipped=117565 excess=+0.000%
[17:02:08] +32.5s seam grid 494x207 nodes=23807
[17:02:08] +32.6s cut_energy opt=1688099 shipped=1688099 excess=+0.000%
[17:02:08] +32.6s seam refine nodes=23807
[17:02:08] +32.6s painted
[17:02:08] +32.6s mask blurred
[17:02:08] +32.6s pyramid gauss
[17:02:08] +32.7s pyramid expand
[17:02:08] +32.7s pasted
[17:02:08] +32.7s blended 17 keepA=0.51
[17:02:08] +32.7s blend 18: window=2330x2093 tiles=1085
[17:02:08] +32.7s local copied sparse
[17:02:08] +32.7s seam grid 65x30 nodes=1886
[17:02:08] +32.7s cut_energy opt=185259 shipped=185259 excess=+0.000%
[17:02:08] +32.7s seam grid 494x213 nodes=28484
[17:02:09] +32.8s cut_energy opt=1645793 shipped=1645793 excess=+0.000%
[17:02:09] +32.8s seam refine nodes=28484
[17:02:09] +32.8s painted
[17:02:09] +32.8s mask blurred
[17:02:09] +32.9s pyramid gauss
[17:02:09] +32.9s pyramid expand
[17:02:09] +32.9s pasted
[17:02:09] +32.9s blended 18 keepA=0.49
[17:02:09] +32.9s blend 19: window=1800x2093 tiles=837
[17:02:09] +33.0s local copied sparse
[17:02:09] +33.0s seam grid 65x32 nodes=1996
[17:02:09] +33.0s cut_energy opt=88545 shipped=88545 excess=+0.000%
[17:02:09] +33.0s seam grid 491x228 nodes=21590
[17:02:09] +33.0s cut_energy opt=1351887 shipped=1351887 excess=+0.000%
[17:02:09] +33.0s seam refine nodes=21590
[17:02:09] +33.0s painted
[17:02:09] +33.0s mask blurred
[17:02:09] +33.1s pyramid gauss
[17:02:09] +33.1s pyramid expand
[17:02:09] +33.1s pasted
[17:02:09] +33.1s blended 19 keepA=0.49
[17:02:09] +33.1s blend 20: window=2225x2093 tiles=1023
[17:02:09] +33.2s local copied sparse
[17:02:09] +33.2s seam grid 64x29 nodes=1776
[17:02:09] +33.2s cut_energy opt=97127 shipped=97127 excess=+0.000%
[17:02:09] +33.2s seam grid 491x204 nodes=25035
[17:02:09] +33.3s cut_energy opt=1371460 shipped=1371460 excess=+0.000%
[17:02:09] +33.3s seam refine nodes=25035
[17:02:09] +33.3s painted
[17:02:09] +33.3s mask blurred
[17:02:09] +33.4s pyramid gauss
[17:02:09] +33.5s pyramid expand
[17:02:09] +33.5s pasted
[17:02:09] +33.5s blended 20 keepA=0.50
[17:02:09] +33.5s blend 21: window=1811x2093 tiles=837
[17:02:09] +33.5s local copied sparse
[17:02:09] +33.5s seam grid 65x33 nodes=2061
[17:02:09] +33.5s cut_energy opt=97351 shipped=97351 excess=+0.000%
[17:02:09] +33.5s seam grid 491x234 nodes=30554
[17:02:09] +33.6s cut_energy opt=994780 shipped=994780 excess=+0.000%
[17:02:09] +33.6s seam refine nodes=30554
[17:02:09] +33.6s painted
[17:02:09] +33.6s mask blurred
[17:02:09] +33.6s pyramid gauss
[17:02:09] +33.7s pyramid expand
[17:02:09] +33.7s pasted
[17:02:09] +33.7s blended 21 keepA=0.49
[17:02:10] +33.8s preview canvas cylindrical 11122x2093 shifts=21
[17:02:10] +33.8s time  preview=12.00s (solve+match 21.75s)
[17:02:10] +33.9s preview ready /home/dalibor/Projects/RapidRAW/lean_pano_proto/out/v52/IMGP9237/IMGP9237_preview.jpg
[17:02:10] +33.9s save started
[17:02:10] +33.9s develop jobs=4
[17:02:18] +41.9s developed IMGP9237.DNG 4000x6016 -> 1277x1920
[17:02:18] +41.9s developed IMGP9238.DNG 4000x6016 -> 1277x1920
[17:02:18] +41.9s developed IMGP9239.DNG 4000x6016 -> 1277x1920
[17:02:18] +41.9s developed IMGP9240.DNG 4000x6016 -> 1277x1920
[17:02:18] +41.9s developed IMGP9241.DNG 4000x6016 -> 1277x1920
[17:02:18] +41.9s developed IMGP9242.DNG 4000x6016 -> 1277x1920
[17:02:18] +41.9s developed IMGP9243.DNG 4000x6016 -> 1277x1920
[17:02:18] +41.9s developed IMGP9244.DNG 4000x6016 -> 1277x1920
[17:02:18] +41.9s developed IMGP9245.DNG 4000x6016 -> 1277x1920
[17:02:18] +41.9s developed IMGP9246.DNG 4000x6016 -> 1277x1920
[17:02:18] +41.9s developed IMGP9247.DNG 4000x6016 -> 1277x1920
[17:02:18] +41.9s developed IMGP9248.DNG 4000x6016 -> 1277x1920
[17:02:18] +41.9s developed IMGP9249.DNG 4000x6016 -> 1277x1920
[17:02:18] +41.9s developed IMGP9250.DNG 4000x6016 -> 1277x1920
[17:02:18] +41.9s developed IMGP9251.DNG 4000x6016 -> 1277x1920
[17:02:18] +41.9s developed IMGP9252.DNG 4000x6016 -> 1277x1920
[17:02:18] +41.9s developed IMGP9253.DNG 4000x6016 -> 1277x1920
[17:02:18] +41.9s developed IMGP9254.DNG 4000x6016 -> 1277x1920
[17:02:18] +41.9s developed IMGP9255.DNG 4000x6016 -> 1277x1920
[17:02:18] +41.9s developed IMGP9256.DNG 4000x6016 -> 1277x1920
[17:02:18] +41.9s developed IMGP9257.DNG 4000x6016 -> 1277x1920
[17:02:18] +41.9s developed IMGP9258.DNG 4000x6016 -> 1277x1920
[17:02:18] +41.9s time  develop=8.00s
[17:02:18] +41.9s scale raw=4000x6016 jpeg=4000x6016 x=1.0000 y=1.0000
[17:02:18] +41.9s Matching brightness...
[17:02:18] +41.9s canvas cylindrical 11122x2093
[17:02:18] +42.1s warp IMGP9248.DNG: bbox=(4963,21,6273,1964) 1310x1943
[17:02:18] +42.1s warp IMGP9246.DNG: bbox=(5857,0,7159,1931) 1302x1931
[17:02:18] +42.1s warp IMGP9254.DNG: bbox=(1951,102,3249,2040) 1298x1938
[17:02:18] +42.1s warp IMGP9253.DNG: bbox=(2637,54,3946,1997) 1309x1943
[17:02:18] +42.1s warp IMGP9242.DNG: bbox=(7644,83,8943,2021) 1299x1938
[17:02:18] +42.1s warp IMGP9252.DNG: bbox=(3202,125,4494,2062) 1292x1937
[17:02:18] +42.1s warp IMGP9241.DNG: bbox=(8135,124,9427,2061) 1292x1937
[17:02:18] +42.1s warp IMGP9238.DNG: bbox=(9403,135,10695,2072) 1292x1937
[17:02:18] +42.1s warp IMGP9258.DNG: bbox=(0,151,1299,2093) 1299x1942
[17:02:18] +42.1s warp IMGP9244.DNG: bbox=(6708,18,8001,1955) 1293x1937
[17:02:18] +42.1s warp IMGP9256.DNG: bbox=(950,134,2256,2076) 1306x1942
[17:02:18] +42.1s warp IMGP9251.DNG: bbox=(3645,111,4943,2048) 1298x1937
[17:02:18] +42.1s warp IMGP9250.DNG: bbox=(4050,155,5364,2093) 1314x1938
[17:02:18] +42.1s warp IMGP9243.DNG: bbox=(7178,59,8470,1996) 1292x1937
[17:02:18] +42.1s warp IMGP9239.DNG: bbox=(8887,80,10181,2017) 1294x1937
[17:02:18] +42.1s warp IMGP9249.DNG: bbox=(4453,40,5766,1985) 1313x1945
[17:02:18] +42.1s warp IMGP9240.DNG: bbox=(8484,108,9778,2045) 1294x1937
[17:02:18] +42.1s warp IMGP9257.DNG: bbox=(415,155,1713,2093) 1298x1938
[17:02:18] +42.1s warp IMGP9255.DNG: bbox=(1454,123,2750,2060) 1296x1937
[17:02:18] +42.1s warp IMGP9247.DNG: bbox=(5323,10,6634,1954) 1311x1944
[17:02:18] +42.2s warp IMGP9245.DNG: bbox=(6284,54,7582,1992) 1298x1938
[17:02:18] +42.2s warp IMGP9237.DNG: bbox=(9834,156,11122,2093) 1288x1937
[17:02:19] +42.8s brightness gains=22 corner=1.072
[17:02:19] +42.8s Blending photos...
[17:02:19] +43.3s blend 1: window=2334x2093 tiles=1085
[17:02:19] +43.7s local moved kept=232 field=2.24 disagree 0.2683 -> 0.1140
[17:02:19] +43.7s seam grid 64x35 nodes=2158
[17:02:19] +43.7s cut_energy opt=147141 shipped=147141 excess=+0.000%
[17:02:19] +43.7s seam grid 495x250 nodes=29904
[17:02:20] +43.8s cut_energy opt=1470648 shipped=1470648 excess=+0.000%
[17:02:20] +43.8s seam refine nodes=29904
[17:02:20] +43.8s painted
[17:02:20] +43.8s mask blurred
[17:02:20] +43.9s pyramid gauss
[17:02:20] +44.1s pyramid expand
[17:02:20] +44.1s pasted
[17:02:20] +44.1s blended 1 keepA=0.35
[17:02:20] +44.1s blend 2: window=2326x2093 tiles=1085
[17:02:20] +44.3s local moved kept=180 field=3.52 disagree 0.3583 -> 0.1734
[17:02:20] +44.3s seam grid 64x29 nodes=1798
[17:02:20] +44.3s cut_energy opt=96885 shipped=96885 excess=+0.000%
[17:02:20] +44.3s seam grid 490x207 nodes=26474
[17:02:20] +44.4s cut_energy opt=1380773 shipped=1380773 excess=+0.000%
[17:02:20] +44.4s seam refine nodes=26474
[17:02:20] +44.4s painted
[17:02:20] +44.4s mask blurred
[17:02:20] +44.5s pyramid gauss
[17:02:20] +44.6s pyramid expand
[17:02:20] +44.6s pasted
[17:02:20] +44.6s blended 2 keepA=0.53
[17:02:20] +44.6s blend 3: window=2337x2093 tiles=1085
[17:02:21] +44.8s local moved kept=202 field=4.83 disagree 0.3455 -> 0.1548
[17:02:21] +44.8s seam grid 65x30 nodes=1895
[17:02:21] +44.8s cut_energy opt=189014 shipped=189014 excess=+0.000%
[17:02:21] +44.8s seam grid 493x214 nodes=27674
[17:02:21] +44.9s cut_energy opt=1633036 shipped=1633036 excess=+0.000%
[17:02:21] +44.9s seam refine nodes=27674
[17:02:21] +44.9s painted
[17:02:21] +44.9s mask blurred
[17:02:21] +45.0s pyramid gauss
[17:02:21] +45.1s pyramid expand
[17:02:21] +45.1s pasted
[17:02:21] +45.1s blended 3 keepA=0.50
[17:02:21] +45.1s blend 4: window=2322x2093 tiles=1085
[17:02:21] +45.3s local moved kept=206 field=5.21 disagree 0.3338 -> 0.1521
[17:02:21] +45.3s seam grid 64x31 nodes=1978
[17:02:21] +45.3s cut_energy opt=184697 shipped=184697 excess=+0.000%
[17:02:21] +45.3s seam grid 488x232 nodes=30480
[17:02:21] +45.4s cut_energy opt=1657118 shipped=1657118 excess=+0.000%
[17:02:21] +45.4s seam refine nodes=30480
[17:02:21] +45.4s painted
[17:02:21] +45.4s mask blurred
[17:02:21] +45.5s pyramid gauss
[17:02:21] +45.6s pyramid expand
[17:02:21] +45.6s pasted
[17:02:21] +45.6s blended 4 keepA=0.46
[17:02:21] +45.6s blend 5: window=2317x2093 tiles=1085
[17:02:22] +45.9s local moved kept=194 field=4.75 disagree 0.3078 -> 0.1504
[17:02:22] +45.9s seam grid 65x32 nodes=2044
[17:02:22] +45.9s cut_energy opt=139817 shipped=139817 excess=+0.000%
[17:02:22] +45.9s seam grid 496x231 nodes=28245
[17:02:22] +46.0s cut_energy opt=1501854 shipped=1501854 excess=+0.000%
[17:02:22] +46.0s seam refine nodes=28245
[17:02:22] +46.0s painted
[17:02:22] +46.0s mask blurred
[17:02:22] +46.1s pyramid gauss
[17:02:22] +46.1s pyramid expand
[17:02:22] +46.1s pasted
[17:02:22] +46.1s blended 5 keepA=0.52
[17:02:22] +46.1s blend 6: window=2338x2093 tiles=1085
[17:02:22] +46.4s local moved kept=227 field=5.20 disagree 0.3531 -> 0.1471
[17:02:22] +46.4s seam grid 62x33 nodes=2040
[17:02:22] +46.4s cut_energy opt=189345 shipped=189345 excess=+0.000%
[17:02:22] +46.4s seam grid 469x241 nodes=28162
[17:02:22] +46.5s cut_energy opt=1652686 shipped=1652686 excess=+0.000%
[17:02:22] +46.5s seam refine nodes=28162
[17:02:22] +46.5s painted
[17:02:22] +46.5s mask blurred
[17:02:22] +46.6s pyramid gauss
[17:02:22] +46.7s pyramid expand
[17:02:22] +46.7s pasted
[17:02:22] +46.7s blended 6 keepA=0.42
[17:02:22] +46.7s blend 7: window=2322x2093 tiles=1085
[17:02:23] +46.9s local moved kept=219 field=4.63 disagree 0.2836 -> 0.1299
[17:02:23] +47.0s seam grid 65x33 nodes=2127
[17:02:23] +47.0s cut_energy opt=197735 shipped=197735 excess=+0.000%
[17:02:23] +47.0s seam grid 497x236 nodes=25656
[17:02:23] +47.0s cut_energy opt=1555510 shipped=1555510 excess=+0.000%
[17:02:23] +47.0s seam refine nodes=25656
[17:02:23] +47.0s painted
[17:02:23] +47.0s mask blurred
[17:02:23] +47.1s pyramid gauss
[17:02:23] +47.2s pyramid expand
[17:02:23] +47.2s pasted
[17:02:23] +47.2s blended 7 keepA=0.52
[17:02:23] +47.2s blend 8: window=2316x2093 tiles=1085
[17:02:23] +47.4s local moved kept=156 field=5.43 disagree 0.3231 -> 0.1857
[17:02:23] +47.4s seam grid 65x31 nodes=1951
[17:02:23] +47.4s cut_energy opt=139507 shipped=139507 excess=+0.000%
[17:02:23] +47.4s seam grid 496x219 nodes=24149
[17:02:23] +47.5s cut_energy opt=1644389 shipped=1644389 excess=+0.000%
[17:02:23] +47.5s seam refine nodes=24149
[17:02:23] +47.5s painted
[17:02:23] +47.5s mask blurred
[17:02:23] +47.6s pyramid gauss
[17:02:23] +47.7s pyramid expand
[17:02:23] +47.7s pasted
[17:02:23] +47.7s blended 8 keepA=0.51
[17:02:23] +47.7s blend 9: window=2316x2093 tiles=1085
[17:02:24] +47.9s local moved kept=212 field=5.23 disagree 0.2745 -> 0.1247
[17:02:24] +48.0s seam grid 64x31 nodes=1908
[17:02:24] +48.0s cut_energy opt=91097 shipped=91097 excess=+0.000%
[17:02:24] +48.0s seam grid 497x225 nodes=28184
[17:02:24] +48.0s cut_energy opt=1090322 shipped=1090322 excess=+0.000%
[17:02:24] +48.0s seam refine nodes=28184
[17:02:24] +48.0s painted
[17:02:24] +48.0s mask blurred
[17:02:24] +48.1s pyramid gauss
[17:02:24] +48.2s pyramid expand
[17:02:24] +48.2s pasted
[17:02:24] +48.2s blended 9 keepA=0.51
[17:02:24] +48.2s blend 10: window=2323x2093 tiles=1085
[17:02:24] +48.4s local moved kept=161 field=5.28 disagree 0.3111 -> 0.1711
[17:02:24] +48.4s seam grid 64x31 nodes=1926
[17:02:24] +48.4s cut_energy opt=147606 shipped=147606 excess=+0.000%
[17:02:24] +48.4s seam grid 491x219 nodes=26887
[17:02:24] +48.5s cut_energy opt=1639257 shipped=1639257 excess=+0.000%
[17:02:24] +48.5s seam refine nodes=26887
[17:02:24] +48.5s painted
[17:02:24] +48.5s mask blurred
[17:02:24] +48.6s pyramid gauss
[17:02:24] +48.6s pyramid expand
[17:02:24] +48.7s pasted
[17:02:24] +48.7s blended 10 keepA=0.50
[17:02:24] +48.7s blend 11: window=2333x2093 tiles=1085
[17:02:25] +48.9s local moved kept=171 field=5.47 disagree 0.3346 -> 0.1561
[17:02:25] +48.9s seam grid 64x28 nodes=1788
[17:02:25] +48.9s cut_energy opt=187103 shipped=187103 excess=+0.000%
[17:02:25] +48.9s seam grid 484x199 nodes=25872
[17:02:25] +49.0s cut_energy opt=1641176 shipped=1641176 excess=+0.000%
[17:02:25] +49.0s seam refine nodes=25872
[17:02:25] +49.0s painted
[17:02:25] +49.0s mask blurred
[17:02:25] +49.0s pyramid gauss
[17:02:25] +49.1s pyramid expand
[17:02:25] +49.1s pasted
[17:02:25] +49.1s blended 11 keepA=0.50
[17:02:25] +49.1s blend 12: window=2316x2093 tiles=1085
[17:02:25] +49.4s local moved kept=174 field=5.30 disagree 0.3236 -> 0.1734
[17:02:25] +49.4s seam grid 64x30 nodes=1916
[17:02:25] +49.4s cut_energy opt=186492 shipped=186492 excess=+0.000%
[17:02:25] +49.4s seam grid 487x215 nodes=25686
[17:02:25] +49.4s cut_energy opt=1637886 shipped=1637886 excess=+0.000%
[17:02:25] +49.4s seam refine nodes=25686
[17:02:25] +49.4s painted
[17:02:25] +49.4s mask blurred
[17:02:25] +49.5s pyramid gauss
[17:02:25] +49.6s pyramid expand
[17:02:25] +49.6s pasted
[17:02:25] +49.6s blended 12 keepA=0.50
[17:02:25] +49.6s blend 13: window=2318x2093 tiles=1085
[17:02:26] +49.8s local moved kept=207 field=5.29 disagree 0.3038 -> 0.1623
[17:02:26] +49.9s seam grid 65x34 nodes=2141
[17:02:26] +49.9s cut_energy opt=140285 shipped=140285 excess=+0.000%
[17:02:26] +49.9s seam grid 497x249 nodes=30782
[17:02:26] +49.9s cut_energy opt=1400108 shipped=1400108 excess=+0.000%
[17:02:26] +49.9s seam refine nodes=30782
[17:02:26] +49.9s painted
[17:02:26] +49.9s mask blurred
[17:02:26] +50.1s pyramid gauss
[17:02:26] +50.2s pyramid expand
[17:02:26] +50.2s pasted
[17:02:26] +50.2s blended 13 keepA=0.51
[17:02:26] +50.2s blend 14: window=2322x2093 tiles=1085
[17:02:26] +50.4s local moved kept=118 field=5.21 disagree 0.2741 -> 0.1399
[17:02:26] +50.4s seam grid 484x154 nodes=74244
[17:02:26] +50.6s cut_energy opt=1667144 shipped=1667144 excess=+0.000%
[17:02:26] +50.6s painted
[17:02:26] +50.6s mask blurred
[17:02:26] +50.7s pyramid gauss
[17:02:27] +50.8s pyramid expand
[17:02:27] +50.8s pasted
[17:02:27] +50.8s blended 14 keepA=0.50
[17:02:27] +50.8s blend 15: window=2318x2093 tiles=1085
[17:02:27] +51.0s local moved kept=186 field=5.32 disagree 0.3340 -> 0.1810
[17:02:27] +51.0s seam grid 65x33 nodes=2097
[17:02:27] +51.1s cut_energy opt=190363 shipped=190363 excess=+0.000%
[17:02:27] +51.1s seam grid 496x236 nodes=27676
[17:02:27] +51.1s cut_energy opt=1621805 shipped=1621805 excess=+0.000%
[17:02:27] +51.1s seam refine nodes=27676
[17:02:27] +51.1s painted
[17:02:27] +51.1s mask blurred
[17:02:27] +51.2s pyramid gauss
[17:02:27] +51.3s pyramid expand
[17:02:27] +51.4s pasted
[17:02:27] +51.4s blended 15 keepA=0.50
[17:02:27] +51.4s blend 16: window=2320x2093 tiles=1085
[17:02:27] +51.6s local moved kept=159 field=5.78 disagree 0.2322 -> 0.1118
[17:02:27] +51.6s seam grid 65x30 nodes=1864
[17:02:27] +51.6s cut_energy opt=87917 shipped=87917 excess=+0.000%
[17:02:27] +51.6s seam grid 492x213 nodes=22162
[17:02:27] +51.6s cut_energy opt=1328136 shipped=1328136 excess=+0.000%
[17:02:27] +51.6s seam refine nodes=22162
[17:02:27] +51.6s painted
[17:02:27] +51.6s mask blurred
[17:02:27] +51.7s pyramid gauss
[17:02:27] +51.7s pyramid expand
[17:02:28] +51.8s pasted
[17:02:28] +51.8s blended 16 keepA=0.49
[17:02:28] +51.8s blend 17: window=2231x2093 tiles=1023
[17:02:28] +52.0s local moved kept=154 field=5.40 disagree 0.3296 -> 0.1823
[17:02:28] +52.0s seam grid 64x29 nodes=1794
[17:02:28] +52.0s cut_energy opt=120074 shipped=120074 excess=+0.000%
[17:02:28] +52.0s seam grid 494x207 nodes=24725
[17:02:28] +52.1s cut_energy opt=1699387 shipped=1699387 excess=+0.000%
[17:02:28] +52.1s seam refine nodes=24725
[17:02:28] +52.1s painted
[17:02:28] +52.1s mask blurred
[17:02:28] +52.1s pyramid gauss
[17:02:28] +52.2s pyramid expand
[17:02:28] +52.3s pasted
[17:02:28] +52.3s blended 17 keepA=0.51
[17:02:28] +52.3s blend 18: window=2330x2093 tiles=1085
[17:02:28] +52.5s local moved kept=163 field=5.36 disagree 0.2685 -> 0.1321
[17:02:28] +52.5s seam grid 65x30 nodes=1886
[17:02:28] +52.5s cut_energy opt=187171 shipped=187171 excess=+0.000%
[17:02:28] +52.5s seam grid 494x213 nodes=28618
[17:02:28] +52.6s cut_energy opt=1651425 shipped=1651425 excess=+0.000%
[17:02:28] +52.6s seam refine nodes=28618
[17:02:28] +52.6s painted
[17:02:28] +52.6s mask blurred
[17:02:28] +52.6s pyramid gauss
[17:02:28] +52.7s pyramid expand
[17:02:28] +52.7s pasted
[17:02:28] +52.7s blended 18 keepA=0.49
[17:02:28] +52.7s blend 19: window=1800x2093 tiles=837
[17:02:29] +53.0s local moved kept=167 field=5.43 disagree 0.2829 -> 0.1554
[17:02:29] +53.0s seam grid 65x32 nodes=1996
[17:02:29] +53.0s cut_energy opt=89308 shipped=89308 excess=+0.000%
[17:02:29] +53.0s seam grid 491x228 nodes=22170
[17:02:29] +53.0s cut_energy opt=1352875 shipped=1352875 excess=+0.000%
[17:02:29] +53.0s seam refine nodes=22170
[17:02:29] +53.0s painted
[17:02:29] +53.0s mask blurred
[17:02:29] +53.1s pyramid gauss
[17:02:29] +53.1s pyramid expand
[17:02:29] +53.1s pasted
[17:02:29] +53.1s blended 19 keepA=0.49
[17:02:29] +53.1s blend 20: window=2225x2093 tiles=1023
[17:02:29] +53.4s local moved kept=112 field=5.55 disagree 0.2332 -> 0.1213
[17:02:29] +53.4s seam grid 64x29 nodes=1776
[17:02:29] +53.4s cut_energy opt=97983 shipped=97983 excess=+0.000%
[17:02:29] +53.4s seam grid 491x204 nodes=25479
[17:02:29] +53.4s cut_energy opt=1372731 shipped=1372731 excess=+0.000%
[17:02:29] +53.4s seam refine nodes=25479
[17:02:29] +53.5s painted
[17:02:29] +53.5s mask blurred
[17:02:29] +53.6s pyramid gauss
[17:02:29] +53.7s pyramid expand
[17:02:29] +53.7s pasted
[17:02:29] +53.7s blended 20 keepA=0.50
[17:02:29] +53.7s blend 21: window=1811x2093 tiles=837
[17:02:30] +53.9s local moved kept=131 field=5.28 disagree 0.2036 -> 0.1093
[17:02:30] +53.9s seam grid 65x33 nodes=2061
[17:02:30] +53.9s cut_energy opt=99727 shipped=99727 excess=+0.000%
[17:02:30] +53.9s seam grid 491x234 nodes=30618
[17:02:30] +54.0s cut_energy opt=995592 shipped=995592 excess=+0.000%
[17:02:30] +54.0s seam refine nodes=30618
[17:02:30] +54.0s painted
[17:02:30] +54.0s mask blurred
[17:02:30] +54.1s pyramid gauss
[17:02:30] +54.1s pyramid expand
[17:02:30] +54.1s pasted
[17:02:30] +54.1s blended 21 keepA=0.49
[17:02:30] +54.2s time  linear_photometry=12.23s
[17:02:30] +54.2s photometry source=second compose
[17:02:30] +54.2s save seam preview
[17:02:30] +54.2s save cut fullres
[17:02:30] +54.2s photometry gains=22
[17:02:30] +54.2s photo pedestal=0.001170 field_norm=0.951102 gains=[1.0063 1.1152 1.1017 0.8645 1.1379 1.1651 0.8926 0.8808 1.2042 0.9125 1.1387 0.8688 1.1977 1.2997 0.8081 1.4375 0.8358 1.2005 0.7685 1.2871 0.6868 0.6698]
[17:02:30] +54.2s save seam developed
[17:02:30] +54.2s canvas cylindrical 34844x6555
[17:02:30] +54.3s local align resolution 1/1
[17:02:30] +54.3s composite levels=7 pad=1024
[17:02:30] +54.3s local alignment refine=false
[17:02:31] +54.8s warped IMGP9247.DNG straight
[17:02:32] +55.9s field n=0 const=[1.0000 1.0000 1.0000] peak=0.0000 gain=0.0023 (rejected)
[17:02:32] +56.1s seam grid 193x96 nodes=18398
[17:02:32] +56.2s cut_energy opt=270726 shipped=270726 excess=+0.000%
[17:02:32] +56.2s seam grid 1517x747 nodes=110116
[17:02:33] +57.4s cut_energy opt=2255792 shipped=2255792 excess=+0.000%
[17:02:33] +57.4s seam refine nodes=110116
[17:02:33] +57.4s painted
[17:02:33] +57.5s mask blurred
[17:02:34] +58.7s pyramid gauss
[17:02:35] +59.6s pyramid expand
[17:02:35] +59.7s blended
[17:02:35] +59.7s seam 1 window=6112x6555 keepA=0.36
[17:02:35] +59.7s warped IMGP9248.DNG nudged
[17:02:36] +60.5s field n=0 const=[1.0000 1.0000 1.0000] peak=0.0000 gain=0.0027 (rejected)
[17:02:36] +60.7s seam grid 192x80 nodes=15350
[17:02:37] +60.8s cut_energy opt=255818 shipped=255818 excess=+0.000%
[17:02:37] +60.8s seam grid 1506x613 nodes=86341
[17:02:37] +61.6s cut_energy opt=2062493 shipped=2062493 excess=+0.000%
[17:02:37] +61.6s seam refine nodes=86341
[17:02:37] +61.6s painted
[17:02:37] +61.7s mask blurred
[17:02:39] +62.8s pyramid gauss
[17:02:39] +63.4s pyramid expand
[17:02:39] +63.6s blended
[17:02:39] +63.6s seam 2 window=6088x6555 keepA=0.58
[17:02:39] +63.6s warped IMGP9246.DNG nudged
[17:02:40] +64.3s field n=0 const=[1.0000 1.0000 1.0000] peak=0.0000 gain=0.0033 (rejected)
[17:02:40] +64.5s seam grid 192x82 nodes=15733
[17:02:40] +64.6s cut_energy opt=279756 shipped=279756 excess=+0.000%
[17:02:40] +64.7s seam grid 1507x632 nodes=84853
[17:02:41] +65.3s cut_energy opt=2050434 shipped=2050434 excess=+0.000%
[17:02:41] +65.3s seam refine nodes=84853
[17:02:41] +65.4s painted
[17:02:41] +65.5s mask blurred
[17:02:42] +66.6s pyramid gauss
[17:02:43] +67.3s pyramid expand
[17:02:43] +67.4s blended
[17:02:43] +67.4s seam 3 window=6125x6555 keepA=0.50
[17:02:43] +67.4s warped IMGP9249.DNG nudged
[17:02:44] +68.2s field n=0 const=[1.0000 1.0000 1.0000] peak=0.0000 gain=0.0032 (rejected)
[17:02:44] +68.4s seam grid 190x89 nodes=16904
[17:02:44] +68.5s cut_energy opt=258080 shipped=258080 excess=+0.000%
[17:02:44] +68.5s seam grid 1492x688 nodes=89093
[17:02:45] +69.5s cut_energy opt=2080551 shipped=2080551 excess=+0.000%
[17:02:45] +69.5s seam refine nodes=89093
[17:02:45] +69.5s painted
[17:02:45] +69.6s mask blurred
[17:02:47] +70.8s pyramid gauss
[17:02:48] +71.8s pyramid expand
[17:02:48] +71.9s blended
[17:02:48] +71.9s seam 4 window=6077x6555 keepA=0.50
[17:02:48] +71.9s warped IMGP9245.DNG nudged
[17:02:49] +72.8s field n=0 const=[1.0000 1.0000 1.0000] peak=0.0000 gain=0.0041 (rejected)
[17:02:49] +73.1s seam grid 192x89 nodes=17028
[17:02:49] +73.1s cut_energy opt=239148 shipped=239148 excess=+0.000%
[17:02:49] +73.2s seam grid 1521x689 nodes=83453
[17:02:49] +73.5s cut_energy opt=1924118 shipped=1924118 excess=+0.000%
[17:02:49] +73.5s seam refine nodes=83453
[17:02:49] +73.5s painted
[17:02:49] +73.6s mask blurred
[17:02:51] +74.8s pyramid gauss
[17:02:52] +75.9s pyramid expand
[17:02:52] +76.0s blended
[17:02:52] +76.0s seam 5 window=6063x6555 keepA=0.51
[17:02:52] +76.0s warped IMGP9244.DNG nudged
[17:02:53] +77.0s field n=0 const=[1.0000 1.0000 1.0000] peak=0.0000 gain=0.0016 (rejected)
[17:02:53] +77.2s seam grid 183x93 nodes=17008
[17:02:53] +77.2s cut_energy opt=287018 shipped=287018 excess=+0.000%
[17:02:53] +77.3s seam grid 1434x717 nodes=87539
[17:02:54] +78.0s cut_energy opt=2129610 shipped=2129610 excess=+0.000%
[17:02:54] +78.0s seam refine nodes=87539
[17:02:54] +78.0s painted
[17:02:54] +78.1s mask blurred
[17:02:55] +79.3s pyramid gauss
[17:02:56] +80.4s pyramid expand
[17:02:56] +80.5s blended
[17:02:56] +80.5s seam 6 window=6126x6555 keepA=0.41
[17:02:56] +80.5s warped IMGP9250.DNG nudged
[17:02:57] +81.3s field n=0 const=[1.0000 1.0000 1.0000] peak=0.0000 gain=0.0034 (rejected)
[17:02:57] +81.6s seam grid 193x91 nodes=17517
[17:02:57] +81.7s cut_energy opt=248190 shipped=248190 excess=+0.000%
[17:02:57] +81.7s seam grid 1521x702 nodes=82899
[17:02:58] +81.9s cut_energy opt=1848492 shipped=1848492 excess=+0.000%
[17:02:58] +81.9s seam refine nodes=82899
[17:02:58] +81.9s painted
[17:02:58] +82.0s mask blurred
[17:02:59] +83.2s pyramid gauss
[17:03:00] +84.3s pyramid expand
[17:03:00] +84.4s blended
[17:03:00] +84.4s seam 7 window=6075x6555 keepA=0.51
[17:03:00] +84.4s warped IMGP9251.DNG nudged
[17:03:01] +85.2s field n=0 const=[1.0000 1.0000 1.0000] peak=0.0000 gain=0.0039 (rejected)
[17:03:01] +85.5s seam grid 192x83 nodes=15766
[17:03:01] +85.5s cut_energy opt=198229 shipped=198229 excess=+0.000%
[17:03:01] +85.6s seam grid 1517x649 nodes=91157
[17:03:02] +86.4s cut_energy opt=2081394 shipped=2081394 excess=+0.000%
[17:03:02] +86.4s seam refine nodes=91157
[17:03:02] +86.4s painted
[17:03:02] +86.5s mask blurred
[17:03:03] +87.6s pyramid gauss
[17:03:04] +88.3s pyramid expand
[17:03:04] +88.4s blended
[17:03:04] +88.4s seam 8 window=6058x6555 keepA=0.51
[17:03:04] +88.4s warped IMGP9243.DNG nudged
[17:03:05] +89.2s field n=0 const=[1.0000 1.0000 1.0000] peak=0.0000 gain=0.0023 (rejected)
[17:03:05] +89.5s seam grid 192x87 nodes=16616
[17:03:05] +89.5s cut_energy opt=194597 shipped=194597 excess=+0.000%
[17:03:05] +89.6s seam grid 1521x669 nodes=80728
[17:03:06] +90.0s cut_energy opt=1772777 shipped=1772777 excess=+0.000%
[17:03:06] +90.0s seam refine nodes=80728
[17:03:06] +90.1s painted
[17:03:06] +90.1s mask blurred
[17:03:07] +91.3s pyramid gauss
[17:03:08] +92.3s pyramid expand
[17:03:08] +92.4s blended
[17:03:08] +92.4s seam 9 window=6058x6555 keepA=0.51
[17:03:08] +92.4s warped IMGP9252.DNG nudged
[17:03:09] +93.1s field n=0 const=[1.0000 1.0000 1.0000] peak=0.0000 gain=0.0053 (rejected)
[17:03:09] +93.3s seam grid 191x85 nodes=16229
[17:03:09] +93.4s cut_energy opt=283209 shipped=283209 excess=+0.000%
[17:03:09] +93.4s seam grid 1502x650 nodes=85099
[17:03:10] +94.1s cut_energy opt=2054496 shipped=2054496 excess=+0.000%
[17:03:10] +94.1s seam refine nodes=85099
[17:03:10] +94.1s painted
[17:03:10] +94.2s mask blurred
[17:03:11] +95.3s pyramid gauss
[17:03:12] +96.0s pyramid expand
[17:03:12] +96.2s blended
[17:03:12] +96.2s seam 10 window=6080x6555 keepA=0.51
[17:03:12] +96.2s warped IMGP9242.DNG nudged
[17:03:13] +96.9s field n=0 const=[1.0000 1.0000 1.0000] peak=0.0000 gain=0.0033 (rejected)
[17:03:13] +97.1s seam grid 188x77 nodes=14470
[17:03:13] +97.2s cut_energy opt=250893 shipped=250893 excess=+0.000%
[17:03:13] +97.2s seam grid 1479x586 nodes=83077
[17:03:13] +97.7s cut_energy opt=2003333 shipped=2003333 excess=+0.000%
[17:03:13] +97.7s seam refine nodes=83077
[17:03:14] +97.8s painted
[17:03:14] +97.9s mask blurred
[17:03:15] +98.9s pyramid gauss
[17:03:15] +99.6s pyramid expand
[17:03:15] +99.7s blended
[17:03:15] +99.7s seam 11 window=6113x6555 keepA=0.49
[17:03:15] +99.7s warped IMGP9253.DNG nudged
[17:03:16] +100.5s field n=0 const=[1.0000 1.0000 1.0000] peak=0.0000 gain=0.0038 (rejected)
[17:03:16] +100.7s seam grid 190x83 nodes=15760
[17:03:17] +100.8s cut_energy opt=236051 shipped=236051 excess=+0.000%
[17:03:17] +100.8s seam grid 1490x637 nodes=82921
[17:03:17] +101.3s cut_energy opt=2032661 shipped=2032661 excess=+0.000%
[17:03:17] +101.3s seam refine nodes=82921
[17:03:17] +101.3s painted
[17:03:17] +101.4s mask blurred
[17:03:18] +102.5s pyramid gauss
[17:03:19] +103.2s pyramid expand
[17:03:19] +103.3s blended
[17:03:19] +103.3s seam 12 window=6061x6555 keepA=0.50
[17:03:19] +103.3s warped IMGP9241.DNG nudged
[17:03:20] +104.2s field n=0 const=[1.0000 1.0000 1.0000] peak=0.0000 gain=0.0043 (rejected)
[17:03:20] +104.4s seam grid 193x96 nodes=18472
[17:03:20] +104.5s cut_energy opt=242125 shipped=242125 excess=+0.000%
[17:03:20] +104.5s seam grid 1521x743 nodes=87017
[17:03:21] +105.0s cut_energy opt=1893632 shipped=1893632 excess=+0.000%
[17:03:21] +105.0s seam refine nodes=87017
[17:03:21] +105.0s painted
[17:03:21] +105.1s mask blurred
[17:03:22] +106.3s pyramid gauss
[17:03:23] +107.2s pyramid expand
[17:03:23] +107.3s blended
[17:03:23] +107.3s seam 13 window=6067x6555 keepA=0.51
[17:03:23] +107.3s warped IMGP9240.DNG nudged
[17:03:24] +108.1s field n=0 const=[1.0000 1.0000 1.0000] peak=0.0000 gain=-0.0022 (rejected)
[17:03:24] +108.2s seam grid 192x64 nodes=12173
[17:03:24] +108.3s cut_energy opt=290788 shipped=290788 excess=+0.000%
[17:03:24] +108.3s seam grid 1518x483 nodes=81173
[17:03:25] +108.8s cut_energy opt=2270443 shipped=2270443 excess=+0.000%
[17:03:25] +108.8s seam refine nodes=81173
[17:03:25] +108.8s painted
[17:03:25] +108.9s mask blurred
[17:03:26] +109.9s pyramid gauss
[17:03:26] +110.5s pyramid expand
[17:03:26] +110.6s blended
[17:03:26] +110.6s seam 14 window=6077x6555 keepA=0.51
[17:03:26] +110.6s warped IMGP9254.DNG nudged
[17:03:27] +111.4s field n=0 const=[1.0000 1.0000 1.0000] peak=0.0000 gain=0.0040 (rejected)
[17:03:27] +111.7s seam grid 193x91 nodes=17468
[17:03:27] +111.7s cut_energy opt=229507 shipped=229507 excess=+0.000%
[17:03:28] +111.8s seam grid 1518x702 nodes=90425
[17:03:28] +112.5s cut_energy opt=2070912 shipped=2070912 excess=+0.000%
[17:03:28] +112.5s seam refine nodes=90425
[17:03:28] +112.6s painted
[17:03:28] +112.7s mask blurred
[17:03:30] +113.9s pyramid gauss
[17:03:31] +114.9s pyramid expand
[17:03:31] +115.0s blended
[17:03:31] +115.0s seam 15 window=6066x6555 keepA=0.50
[17:03:31] +115.0s warped IMGP9239.DNG nudged
[17:03:32] +115.9s field n=0 const=[1.0000 1.0000 1.0000] peak=0.0000 gain=0.0016 (rejected)
[17:03:32] +116.1s seam grid 192x82 nodes=15736
[17:03:32] +116.2s cut_energy opt=265890 shipped=265890 excess=+0.000%
[17:03:32] +116.2s seam grid 1506x629 nodes=83873
[17:03:32] +116.7s cut_energy opt=2032519 shipped=2032519 excess=+0.000%
[17:03:32] +116.7s seam refine nodes=83873
[17:03:32] +116.7s painted
[17:03:33] +116.8s mask blurred
[17:03:34] +117.9s pyramid gauss
[17:03:34] +118.6s pyramid expand
[17:03:34] +118.7s blended
[17:03:34] +118.7s seam 16 window=6070x6555 keepA=0.50
[17:03:34] +118.7s warped IMGP9255.DNG nudged
[17:03:35] +119.5s field n=0 const=[1.0000 1.0000 1.0000] peak=0.0000 gain=0.0058 (rejected)
[17:03:35] +119.7s seam grid 192x80 nodes=15352
[17:03:35] +119.7s cut_energy opt=259887 shipped=259887 excess=+0.000%
[17:03:36] +119.8s seam grid 1510x613 nodes=85120
[17:03:36] +120.5s cut_energy opt=2317392 shipped=2317392 excess=+0.000%
[17:03:36] +120.5s seam refine nodes=85120
[17:03:36] +120.5s painted
[17:03:36] +120.6s mask blurred
[17:03:37] +121.7s pyramid gauss
[17:03:38] +122.4s pyramid expand
[17:03:38] +122.5s blended
[17:03:38] +122.5s seam 17 window=6060x6555 keepA=0.50
[17:03:38] +122.5s warped IMGP9238.DNG nudged
[17:03:39] +123.3s field n=0 const=[1.0000 1.0000 1.0000] peak=0.0000 gain=0.0024 (rejected)
[17:03:39] +123.5s seam grid 192x82 nodes=15716
[17:03:39] +123.6s cut_energy opt=275764 shipped=275764 excess=+0.000%
[17:03:39] +123.6s seam grid 1512x632 nodes=84356
[17:03:40] +124.2s cut_energy opt=2058703 shipped=2058703 excess=+0.000%
[17:03:40] +124.2s seam refine nodes=84356
[17:03:40] +124.2s painted
[17:03:40] +124.3s mask blurred
[17:03:41] +125.4s pyramid gauss
[17:03:42] +126.1s pyramid expand
[17:03:42] +126.2s blended
[17:03:42] +126.2s seam 18 window=6104x6555 keepA=0.50
[17:03:42] +126.2s warped IMGP9256.DNG nudged
[17:03:43] +127.0s field n=0 const=[1.0000 1.0000 1.0000] peak=0.0000 gain=0.0019 (rejected)
[17:03:43] +127.2s seam grid 191x88 nodes=16802
[17:03:43] +127.2s cut_energy opt=260408 shipped=260408 excess=+0.000%
[17:03:43] +127.3s seam grid 1505x678 nodes=86236
[17:03:44] +127.8s cut_energy opt=2084999 shipped=2084999 excess=+0.000%
[17:03:44] +127.8s seam refine nodes=86236
[17:03:44] +127.9s painted
[17:03:44] +127.9s mask blurred
[17:03:45] +129.2s pyramid gauss
[17:03:46] +130.2s pyramid expand
[17:03:46] +130.3s blended
[17:03:46] +130.3s seam 19 window=5039x6555 keepA=0.50
[17:03:46] +130.3s warped IMGP9237.DNG nudged
[17:03:47] +131.1s field n=0 const=[1.0000 1.0000 1.0000] peak=0.0000 gain=0.0003 (rejected)
[17:03:47] +131.2s seam grid 192x79 nodes=15159
[17:03:47] +131.3s cut_energy opt=253410 shipped=253410 excess=+0.000%
[17:03:47] +131.4s seam grid 1507x602 nodes=79741
[17:03:48] +131.9s cut_energy opt=1980575 shipped=1980575 excess=+0.000%
[17:03:48] +131.9s seam refine nodes=79741
[17:03:48] +131.9s painted
[17:03:48] +132.0s mask blurred
[17:03:49] +133.0s pyramid gauss
[17:03:49] +133.7s pyramid expand
[17:03:50] +133.8s blended
[17:03:50] +133.8s seam 20 window=6080x6555 keepA=0.50
[17:03:50] +133.8s warped IMGP9257.DNG nudged
[17:03:50] +134.7s field n=0 const=[1.0000 1.0000 1.0000] peak=0.0000 gain=0.0011 (rejected)
[17:03:51] +134.9s seam grid 193x90 nodes=17174
[17:03:51] +134.9s cut_energy opt=133531 shipped=133531 excess=+0.000%
[17:03:51] +134.9s seam grid 1519x697 nodes=88404
[17:03:51] +135.5s cut_energy opt=1106309 shipped=1106309 excess=+0.000%
[17:03:51] +135.5s seam refine nodes=88404
[17:03:51] +135.5s painted
[17:03:51] +135.6s mask blurred
[17:03:53] +136.8s pyramid gauss
[17:03:53] +137.6s pyramid expand
[17:03:53] +137.7s blended
[17:03:53] +137.7s seam 21 window=5076x6555 keepA=0.50
[17:03:53] +137.7s warped IMGP9258.DNG nudged
[17:03:53] +137.7s refined shifts seams=0 mean_abs_shift=0.000px max_abs_shift=0.000px
[17:03:53] +137.7s exposure gains applied 8
[17:03:54] +138.3s SAVECROP canvas=34844x6555 crop=(0.00647,0.08743) size=0.98831x0.83612 -> tiff 34436x5481
[17:03:54] +138.3s save encode 34436x5481
[17:04:09] +153.3s seam dump /home/dalibor/Projects/RapidRAW/lean_pano_proto/out/v52/IMGP9237/seams.txt
[17:04:09] +153.3s blend_stage extract=0.00s
[17:04:09] +153.3s blend_stage graphcut=95.12s
[17:04:09] +153.3s blend_stage mask_blur=8.11s
[17:04:09] +153.3s blend_stage pyr_blend=130.25s
[17:04:09] +153.3s boundary_step final: n=22811 median_step=18.38% p90=61.47%
[17:04:09] +153.3s blinds_flat  final: n=24168 median_step=14.04% p90=41.71%
[17:04:09] +153.3s woodline    final: n=16409 median_step=25.23% p90=73.71%
[17:04:09] +153.3s ghost_band   final: mean=0.695 keepA=0.49 cut_px=197145 swallowed=0
[17:04:09] +153.3s sharpness_lapvar final: 121.39944396935375
[17:04:09] +153.3s pano_mean_lum 0.020397183034063463 shadow_median 0.008137133903801441 canvas 34436x5481 levels=7 window_px=1024
[17:04:09] +153.3s time  final blend=74.43s encode_tiff=1.97s metrics=10.67s photometry=4.55s step_metrics=0.09s warp=2.62s
[17:04:09] +153.4s time  total=153.44s
[17:04:09] +153.4s saved /home/dalibor/Projects/RapidRAW/lean_pano_proto/out/v52/IMGP9237/IMGP9237_Pano.tiff
