[12:50:21] +0.0s log /home/dalibor/Projects/RapidRAW/lean_pano_proto/out/v34/DSCF0578/DSCF0578_Pano.pano.log
[12:50:21] +0.0s merge started files=11
[12:50:22] +0.2s jpeg DSCF0578.RAF native 4416x2944 declared 4416x2944
[12:50:22] +0.4s jpeg DSCF0579.RAF native 4416x2944 declared 4416x2944
[12:50:22] +0.6s jpeg DSCF0580.RAF native 4416x2944 declared 4416x2944
[12:50:22] +0.8s jpeg DSCF0581.RAF native 4416x2944 declared 4416x2944
[12:50:22] +1.0s jpeg DSCF0582.RAF native 4416x2944 declared 4416x2944
[12:50:23] +1.3s jpeg DSCF0583.RAF native 4416x2944 declared 4416x2944
[12:50:23] +1.5s jpeg DSCF0584.RAF native 4416x2944 declared 4416x2944
[12:50:23] +1.7s jpeg DSCF0585.RAF native 4416x2944 declared 4416x2944
[12:50:23] +1.9s jpeg DSCF0586.RAF native 4416x2944 declared 4416x2944
[12:50:23] +2.1s jpeg DSCF0587.RAF native 4416x2944 declared 4416x2944
[12:50:24] +2.3s jpeg DSCF0588.RAF native 4416x2944 declared 4416x2944
[12:50:26] +4.2s points DSCF0578.RAF 1360
[12:50:26] +4.2s points DSCF0579.RAF 1604
[12:50:26] +4.2s points DSCF0580.RAF 1581
[12:50:26] +4.2s points DSCF0581.RAF 1419
[12:50:26] +4.2s points DSCF0582.RAF 1523
[12:50:26] +4.2s points DSCF0583.RAF 1208
[12:50:26] +4.2s points DSCF0584.RAF 1328
[12:50:26] +4.2s points DSCF0585.RAF 2429
[12:50:26] +4.2s points DSCF0586.RAF 3089
[12:50:26] +4.2s points DSCF0587.RAF 3582
[12:50:26] +4.2s points DSCF0588.RAF 3330
[12:50:26] +4.2s matching 19 neighbor pairs
[12:50:26] +4.4s match DSCF0578.RAF<->DSCF0579.RAF: 752 good
[12:50:26] +4.4s match DSCF0578.RAF<->DSCF0580.RAF: 529 good
[12:50:26] +4.4s match DSCF0579.RAF<->DSCF0580.RAF: 781 good
[12:50:26] +4.4s match DSCF0579.RAF<->DSCF0581.RAF: 499 good
[12:50:26] +4.4s match DSCF0580.RAF<->DSCF0581.RAF: 672 good
[12:50:26] +4.4s match DSCF0580.RAF<->DSCF0582.RAF: 472 good
[12:50:26] +4.4s match DSCF0581.RAF<->DSCF0582.RAF: 657 good
[12:50:26] +4.4s match DSCF0581.RAF<->DSCF0583.RAF: 427 good
[12:50:26] +4.4s match DSCF0582.RAF<->DSCF0583.RAF: 633 good
[12:50:26] +4.4s match DSCF0582.RAF<->DSCF0584.RAF: 478 good
[12:50:26] +4.4s match DSCF0583.RAF<->DSCF0584.RAF: 581 good
[12:50:26] +4.4s match DSCF0583.RAF<->DSCF0585.RAF: 431 good
[12:50:26] +4.4s match DSCF0584.RAF<->DSCF0585.RAF: 665 good
[12:50:26] +4.4s match DSCF0584.RAF<->DSCF0586.RAF: 454 good
[12:50:26] +4.4s match DSCF0585.RAF<->DSCF0586.RAF: 1050 good
[12:50:26] +4.4s match DSCF0585.RAF<->DSCF0587.RAF: 794 good
[12:50:26] +4.4s match DSCF0586.RAF<->DSCF0587.RAF: 1449 good
[12:50:26] +4.4s match DSCF0586.RAF<->DSCF0588.RAF: 1007 good
[12:50:26] +4.4s match DSCF0587.RAF<->DSCF0588.RAF: 1471 good
[12:50:26] +4.5s aligned kept=11 focal35=40.0 jpeg=4416x2944 points=4416x2944
[12:50:26] +4.5s lens crop=1.534 focal35=40.0 calib=1.529
[12:50:27] +6.0s sky target 0.1021
[12:50:27] +6.0s sky scale DSCF0578.RAF 4.313 median 0.0237
[12:50:27] +6.0s sky scale DSCF0579.RAF 1.948 median 0.0524
[12:50:27] +6.0s sky scale DSCF0580.RAF 1.321 median 0.0773
[12:50:27] +6.0s sky scale DSCF0581.RAF 1.024 median 0.0997
[12:50:27] +6.0s sky scale DSCF0582.RAF 0.857 median 0.1191
[12:50:27] +6.0s sky scale DSCF0583.RAF 0.927 median 0.1101
[12:50:27] +6.0s sky scale DSCF0584.RAF 0.846 median 0.1207
[12:50:27] +6.0s sky scale DSCF0585.RAF 0.705 median 0.1448
[12:50:27] +6.0s sky scale DSCF0586.RAF 0.719 median 0.1421
[12:50:27] +6.0s sky scale DSCF0587.RAF 1.000 median 0.1021
[12:50:27] +6.0s sky scale DSCF0588.RAF 1.161 median 0.0879
[12:50:27] +6.0s Matching brightness...
[12:50:27] +6.0s canvas cylindrical 5083x1340
[12:50:28] +6.2s warp DSCF0583.RAF: bbox=(1498,54,3323,1340) 1825x1286
[12:50:28] +6.2s warp DSCF0582.RAF: bbox=(1120,53,2960,1340) 1840x1287
[12:50:28] +6.2s warp DSCF0584.RAF: bbox=(1799,49,3622,1340) 1823x1291
[12:50:28] +6.2s warp DSCF0586.RAF: bbox=(2497,15,4348,1313) 1851x1298
[12:50:28] +6.2s warp DSCF0578.RAF: bbox=(0,13,1866,1327) 1866x1314
[12:50:28] +6.2s warp DSCF0587.RAF: bbox=(2835,0,4706,1306) 1871x1306
[12:50:28] +6.2s warp DSCF0585.RAF: bbox=(2167,39,4002,1333) 1835x1294
[12:50:28] +6.3s warp DSCF0579.RAF: bbox=(253,15,2125,1326) 1872x1311
[12:50:28] +6.3s warp DSCF0588.RAF: bbox=(3209,0,5083,1313) 1874x1313
[12:50:28] +6.3s warp DSCF0580.RAF: bbox=(525,22,2394,1332) 1869x1310
[12:50:28] +6.3s warp DSCF0581.RAF: bbox=(790,33,2645,1333) 1855x1300
[12:50:28] +6.5s brightness gains=11 corner=0.805
[12:50:28] +6.5s Blending photos...
[12:50:28] +6.8s blend 1: window=2847x1340 tiles=817
[12:50:28] +7.1s local moved kept=151 field=4.63 disagree 0.0472 -> 0.0338
[12:50:28] +7.1s seam grid 44x53 nodes=2190
[12:50:28] +7.1s seam grid 328x394 nodes=25339
[12:50:29] +7.2s seam refine nodes=25339
[12:50:29] +7.2s painted
[12:50:29] +7.2s mask blurred
[12:50:29] +7.3s pyramid gauss
[12:50:29] +7.4s pyramid expand
[12:50:29] +7.4s pasted
[12:50:29] +7.4s blended 1 keepA=0.50
[12:50:29] +7.4s blend 2: window=2864x1340 tiles=817
[12:50:29] +7.6s local moved kept=139 field=4.57 disagree 0.0856 -> 0.0704
[12:50:29] +7.6s seam grid 44x51 nodes=2135
[12:50:29] +7.6s seam grid 328x378 nodes=24938
[12:50:29] +7.7s seam refine nodes=24938
[12:50:29] +7.7s painted
[12:50:29] +7.7s mask blurred
[12:50:29] +7.7s pyramid gauss
[12:50:29] +7.8s pyramid expand
[12:50:29] +7.8s pasted
[12:50:29] +7.8s blended 2 keepA=0.50
[12:50:29] +7.8s blend 3: window=2859x1340 tiles=817
[12:50:29] +7.8s local copied sparse
[12:50:29] +7.8s seam grid 44x50 nodes=2080
[12:50:29] +7.8s seam grid 329x377 nodes=25153
[12:50:29] +7.9s seam refine nodes=25153
[12:50:29] +7.9s painted
[12:50:29] +7.9s mask blurred
[12:50:29] +7.9s pyramid gauss
[12:50:29] +8.0s pyramid expand
[12:50:29] +8.0s pasted
[12:50:29] +8.0s blended 3 keepA=0.50
[12:50:29] +8.0s blend 4: window=2879x1340 tiles=817
[12:50:30] +8.2s local moved kept=145 field=6.61 disagree 0.0921 -> 0.0742
[12:50:30] +8.2s seam grid 44x53 nodes=2199
[12:50:30] +8.2s seam grid 329x394 nodes=27715
[12:50:30] +8.3s seam refine nodes=27715
[12:50:30] +8.3s painted
[12:50:30] +8.3s mask blurred
[12:50:30] +8.4s pyramid gauss
[12:50:30] +8.5s pyramid expand
[12:50:30] +8.5s pasted
[12:50:30] +8.5s blended 4 keepA=0.49
[12:50:30] +8.5s blend 5: window=2893x1340 tiles=836
[12:50:30] +8.8s local moved kept=195 field=8.11 disagree 0.0877 -> 0.0569
[12:50:30] +8.8s seam grid 45x55 nodes=2297
[12:50:30] +8.8s seam grid 334x414 nodes=28482
[12:50:30] +8.8s seam refine nodes=28482
[12:50:30] +8.8s painted
[12:50:30] +8.8s mask blurred
[12:50:30] +8.9s pyramid gauss
[12:50:30] +8.9s pyramid expand
[12:50:30] +9.0s pasted
[12:50:30] +9.0s blended 5 keepA=0.50
[12:50:30] +9.0s blend 6: window=2875x1340 tiles=817
[12:50:31] +9.2s local moved kept=117 field=2.14 disagree 0.0754 -> 0.0614
[12:50:31] +9.2s seam grid 45x52 nodes=2171
[12:50:31] +9.2s seam grid 331x389 nodes=31900
[12:50:31] +9.3s seam refine nodes=31900
[12:50:31] +9.3s painted
[12:50:31] +9.3s mask blurred
[12:50:31] +9.4s pyramid gauss
[12:50:31] +9.5s pyramid expand
[12:50:31] +9.5s pasted
[12:50:31] +9.5s blended 6 keepA=0.60
[12:50:31] +9.5s blend 7: window=2637x1340 tiles=760
[12:50:31] +9.8s local moved kept=214 field=7.85 disagree 0.1091 -> 0.0713
[12:50:31] +9.8s seam grid 45x55 nodes=2297
[12:50:31] +9.8s seam grid 336x412 nodes=29775
[12:50:31] +9.8s seam refine nodes=29775
[12:50:31] +9.8s painted
[12:50:31] +9.8s mask blurred
[12:50:31] +9.9s pyramid gauss
[12:50:31] +9.9s pyramid expand
[12:50:31] +10.0s pasted
[12:50:31] +10.0s blended 7 keepA=0.51
[12:50:31] +10.0s blend 8: window=2760x1340 tiles=798
[12:50:32] +10.2s local moved kept=135 field=4.57 disagree 0.0831 -> 0.0581
[12:50:32] +10.2s seam grid 45x52 nodes=2171
[12:50:32] +10.2s seam grid 334x390 nodes=25956
[12:50:32] +10.2s seam refine nodes=25956
[12:50:32] +10.2s painted
[12:50:32] +10.3s mask blurred
[12:50:32] +10.3s pyramid gauss
[12:50:32] +10.3s pyramid expand
[12:50:32] +10.4s pasted
[12:50:32] +10.4s blended 8 keepA=0.50
[12:50:32] +10.4s blend 9: window=2378x1340 tiles=684
[12:50:32] +10.7s local moved kept=185 field=9.26 disagree 0.1377 -> 0.0953
[12:50:32] +10.7s seam grid 45x55 nodes=2305
[12:50:32] +10.7s seam grid 336x415 nodes=28987
[12:50:32] +10.8s seam refine nodes=28987
[12:50:32] +10.8s painted
[12:50:32] +10.8s mask blurred
[12:50:32] +10.8s pyramid gauss
[12:50:32] +10.9s pyramid expand
[12:50:32] +10.9s pasted
[12:50:32] +10.9s blended 9 keepA=0.51
[12:50:32] +10.9s blend 10: window=2386x1340 tiles=684
[12:50:33] +11.1s local moved kept=123 field=2.90 disagree 0.0904 -> 0.0715
[12:50:33] +11.2s seam grid 45x52 nodes=2168
[12:50:33] +11.2s seam grid 335x387 nodes=25985
[12:50:33] +11.2s seam refine nodes=25985
[12:50:33] +11.2s painted
[12:50:33] +11.2s mask blurred
[12:50:33] +11.3s pyramid gauss
[12:50:33] +11.3s pyramid expand
[12:50:33] +11.3s pasted
[12:50:33] +11.3s blended 10 keepA=0.49
[12:50:33] +11.3s preview canvas cylindrical 5083x1340 shifts=10
[12:50:33] +11.3s time  preview=6.81s (solve+match 4.51s)
[12:50:33] +11.4s preview ready /home/dalibor/Projects/RapidRAW/lean_pano_proto/out/v34/DSCF0578/DSCF0578_preview.jpg
[12:50:33] +11.4s save started
[12:50:33] +11.4s develop jobs=4
[12:50:40] +18.1s developed DSCF0578.RAF 7728x5152 -> 1920x1280
[12:50:40] +18.2s developed DSCF0579.RAF 7728x5152 -> 1920x1280
[12:50:40] +18.2s developed DSCF0580.RAF 7728x5152 -> 1920x1280
[12:50:40] +18.2s developed DSCF0581.RAF 7728x5152 -> 1920x1280
[12:50:40] +18.2s developed DSCF0582.RAF 7728x5152 -> 1920x1280
[12:50:40] +18.2s developed DSCF0583.RAF 7728x5152 -> 1920x1280
[12:50:40] +18.2s developed DSCF0584.RAF 7728x5152 -> 1920x1280
[12:50:40] +18.2s developed DSCF0585.RAF 7728x5152 -> 1920x1280
[12:50:40] +18.2s developed DSCF0586.RAF 7728x5152 -> 1920x1280
[12:50:40] +18.2s developed DSCF0587.RAF 7728x5152 -> 1920x1280
[12:50:40] +18.2s developed DSCF0588.RAF 7728x5152 -> 1920x1280
[12:50:40] +18.2s time  develop=6.75s
[12:50:40] +18.3s scale raw=7728x5152 jpeg=4416x2944 x=1.7500 y=1.7500
[12:50:40] +18.3s Matching brightness...
[12:50:40] +18.3s canvas cylindrical 5083x1340
[12:50:40] +18.5s warp DSCF0581.RAF: bbox=(790,33,2645,1333) 1855x1300
[12:50:40] +18.5s warp DSCF0580.RAF: bbox=(525,22,2394,1332) 1869x1310
[12:50:40] +18.5s warp DSCF0584.RAF: bbox=(1799,49,3622,1340) 1823x1291
[12:50:40] +18.5s warp DSCF0583.RAF: bbox=(1498,54,3323,1340) 1825x1286
[12:50:40] +18.5s warp DSCF0587.RAF: bbox=(2835,0,4706,1306) 1871x1306
[12:50:40] +18.5s warp DSCF0579.RAF: bbox=(253,15,2125,1326) 1872x1311
[12:50:40] +18.5s warp DSCF0588.RAF: bbox=(3209,0,5083,1313) 1874x1313
[12:50:40] +18.5s warp DSCF0585.RAF: bbox=(2167,39,4002,1333) 1835x1294
[12:50:40] +18.5s warp DSCF0582.RAF: bbox=(1120,53,2960,1340) 1840x1287
[12:50:40] +18.5s warp DSCF0586.RAF: bbox=(2497,15,4348,1313) 1851x1298
[12:50:40] +18.5s warp DSCF0578.RAF: bbox=(0,13,1866,1327) 1866x1314
[12:50:40] +18.8s brightness gains=11 corner=0.865
[12:50:40] +18.8s Blending photos...
[12:50:40] +19.1s blend 1: window=2847x1340 tiles=817
[12:50:41] +19.4s local moved kept=170 field=3.16 disagree 0.0459 -> 0.0271
[12:50:41] +19.4s seam grid 44x53 nodes=2189
[12:50:41] +19.4s seam grid 328x394 nodes=26333
[12:50:41] +19.5s seam refine nodes=26333
[12:50:41] +19.5s painted
[12:50:41] +19.5s mask blurred
[12:50:41] +19.6s pyramid gauss
[12:50:41] +19.7s pyramid expand
[12:50:41] +19.7s pasted
[12:50:41] +19.7s blended 1 keepA=0.50
[12:50:41] +19.7s blend 2: window=2864x1340 tiles=817
[12:50:41] +19.9s local moved kept=165 field=4.57 disagree 0.0851 -> 0.0599
[12:50:41] +20.0s seam grid 44x51 nodes=2135
[12:50:41] +20.0s seam grid 328x378 nodes=25199
[12:50:41] +20.0s seam refine nodes=25199
[12:50:41] +20.0s painted
[12:50:41] +20.0s mask blurred
[12:50:41] +20.1s pyramid gauss
[12:50:41] +20.1s pyramid expand
[12:50:41] +20.1s pasted
[12:50:41] +20.1s blended 2 keepA=0.50
[12:50:41] +20.1s blend 3: window=2859x1340 tiles=817
[12:50:42] +20.4s local moved kept=154 field=5.06 disagree 0.0708 -> 0.0469
[12:50:42] +20.4s seam grid 44x50 nodes=2079
[12:50:42] +20.4s seam grid 329x377 nodes=25437
[12:50:42] +20.4s seam refine nodes=25437
[12:50:42] +20.4s painted
[12:50:42] +20.5s mask blurred
[12:50:42] +20.5s pyramid gauss
[12:50:42] +20.6s pyramid expand
[12:50:42] +20.6s pasted
[12:50:42] +20.6s blended 3 keepA=0.50
[12:50:42] +20.6s blend 4: window=2879x1340 tiles=817
[12:50:42] +20.8s local moved kept=197 field=5.13 disagree 0.0757 -> 0.0443
[12:50:42] +20.9s seam grid 44x53 nodes=2199
[12:50:42] +20.9s seam grid 329x394 nodes=25914
[12:50:42] +20.9s seam refine nodes=25914
[12:50:42] +20.9s painted
[12:50:42] +20.9s mask blurred
[12:50:42] +21.0s pyramid gauss
[12:50:42] +21.1s pyramid expand
[12:50:42] +21.1s pasted
[12:50:42] +21.1s blended 4 keepA=0.48
[12:50:42] +21.1s blend 5: window=2893x1340 tiles=836
[12:50:43] +21.4s local moved kept=245 field=5.20 disagree 0.0637 -> 0.0319
[12:50:43] +21.4s seam grid 45x55 nodes=2295
[12:50:43] +21.4s seam grid 334x414 nodes=26891
[12:50:43] +21.5s seam refine nodes=26891
[12:50:43] +21.5s painted
[12:50:43] +21.5s mask blurred
[12:50:43] +21.5s pyramid gauss
[12:50:43] +21.6s pyramid expand
[12:50:43] +21.6s pasted
[12:50:43] +21.6s blended 5 keepA=0.49
[12:50:43] +21.6s blend 6: window=2875x1340 tiles=817
[12:50:43] +21.9s local moved kept=157 field=4.16 disagree 0.0831 -> 0.0484
[12:50:43] +21.9s seam grid 45x52 nodes=2171
[12:50:43] +21.9s seam grid 331x389 nodes=29976
[12:50:43] +22.0s seam refine nodes=29976
[12:50:43] +22.0s painted
[12:50:43] +22.0s mask blurred
[12:50:43] +22.1s pyramid gauss
[12:50:43] +22.1s pyramid expand
[12:50:43] +22.1s pasted
[12:50:43] +22.1s blended 6 keepA=0.50
[12:50:43] +22.1s blend 7: window=2637x1340 tiles=760
[12:50:44] +22.4s local moved kept=255 field=5.03 disagree 0.0742 -> 0.0360
[12:50:44] +22.4s seam grid 45x55 nodes=2297
[12:50:44] +22.4s seam grid 336x413 nodes=30159
[12:50:44] +22.5s seam refine nodes=30159
[12:50:44] +22.5s painted
[12:50:44] +22.5s mask blurred
[12:50:44] +22.6s pyramid gauss
[12:50:44] +22.6s pyramid expand
[12:50:44] +22.6s pasted
[12:50:44] +22.6s blended 7 keepA=0.56
[12:50:44] +22.6s blend 8: window=2760x1340 tiles=798
[12:50:44] +22.9s local moved kept=154 field=4.90 disagree 0.0723 -> 0.0333
[12:50:44] +22.9s seam grid 45x52 nodes=2171
[12:50:44] +22.9s seam grid 334x390 nodes=25743
[12:50:44] +22.9s seam refine nodes=25743
[12:50:44] +22.9s painted
[12:50:44] +22.9s mask blurred
[12:50:44] +23.0s pyramid gauss
[12:50:44] +23.1s pyramid expand
[12:50:44] +23.1s pasted
[12:50:44] +23.1s blended 8 keepA=0.50
[12:50:44] +23.1s blend 9: window=2378x1340 tiles=684
[12:50:44] +23.1s local copied sparse
[12:50:44] +23.1s seam grid 45x55 nodes=2305
[12:50:44] +23.1s seam grid 336x416 nodes=32559
[12:50:45] +23.2s seam refine nodes=32559
[12:50:45] +23.2s painted
[12:50:45] +23.2s mask blurred
[12:50:45] +23.3s pyramid gauss
[12:50:45] +23.4s pyramid expand
[12:50:45] +23.4s pasted
[12:50:45] +23.4s blended 9 keepA=0.57
[12:50:45] +23.4s blend 10: window=2386x1340 tiles=684
[12:50:45] +23.6s local moved kept=151 field=4.77 disagree 0.0591 -> 0.0328
[12:50:45] +23.6s seam grid 45x52 nodes=2167
[12:50:45] +23.6s seam grid 335x387 nodes=25576
[12:50:45] +23.7s seam refine nodes=25576
[12:50:45] +23.7s painted
[12:50:45] +23.7s mask blurred
[12:50:45] +23.7s pyramid gauss
[12:50:45] +23.8s pyramid expand
[12:50:45] +23.8s pasted
[12:50:45] +23.8s blended 10 keepA=0.49
[12:50:45] +23.8s time  linear_photometry=5.46s
[12:50:45] +23.8s photometry source=second compose
[12:50:45] +23.8s save seam preview
[12:50:45] +23.8s save cut fullres
[12:50:45] +23.8s photometry gains=11
[12:50:45] +23.8s photo pedestal=0.000509 field_norm=0.742733 gains=[1.0221 0.9665 1.0071 0.9815 0.9486 0.9864 0.9980 1.0020 1.0738 0.9958 1.0236]
[12:50:45] +23.8s save seam developed
[12:50:45] +23.8s canvas cylindrical 20458x5390
[12:50:46] +24.2s local align resolution 1/1
[12:50:46] +24.2s composite levels=6 pad=512
[12:50:46] +24.2s local alignment refine=false
[12:50:47] +25.2s warped DSCF0583.RAF straight
[12:50:48] +26.8s field n=0 const=[1.0000 1.0000 1.0000] peak=0.0000 gain=-0.1104 (rejected)
[12:50:48] +27.1s seam grid 165x195 nodes=31336
[12:50:49] +27.3s seam grid 1293x1533 nodes=106523
[12:50:49] +27.8s seam refine nodes=106523
[12:50:49] +27.8s painted
[12:50:49] +27.9s mask blurred
[12:50:51] +29.4s pyramid gauss
[12:50:52] +30.3s pyramid expand
[12:50:52] +30.4s blended
[12:50:52] +30.4s seam 1 window=8308x5390 keepA=0.50
[12:50:52] +30.4s warped DSCF0584.RAF nudged
[12:50:53] +32.1s field n=0 const=[1.0000 1.0000 1.0000] peak=0.0000 gain=-0.0878 (rejected)
[12:50:54] +32.4s seam grid 165x187 nodes=30241
[12:50:54] +32.5s seam grid 1290x1471 nodes=107793
[12:50:54] +32.9s seam refine nodes=107793
[12:50:54] +33.0s painted
[12:50:54] +33.1s mask blurred
[12:50:56] +34.5s pyramid gauss
[12:50:57] +35.4s pyramid expand
[12:50:57] +35.5s blended
[12:50:57] +35.5s seam 2 window=8379x5390 keepA=0.50
[12:50:57] +35.5s warped DSCF0582.RAF nudged
[12:50:59] +37.2s field n=0 const=[1.0000 1.0000 1.0000] peak=0.0000 gain=-0.0583 (rejected)
[12:50:59] +37.4s seam grid 164x186 nodes=29980
[12:50:59] +37.6s seam grid 1290x1464 nodes=85981
[12:50:59] +37.8s seam refine nodes=85981
[12:50:59] +37.8s painted
[12:50:59] +37.9s mask blurred
[12:51:01] +39.4s pyramid gauss
[12:51:02] +40.2s pyramid expand
[12:51:02] +40.3s blended
[12:51:02] +40.3s seam 3 window=8358x5390 keepA=0.50
[12:51:02] +40.3s warped DSCF0585.RAF nudged
[12:51:03] +42.1s field n=0 const=[1.0000 1.0000 1.0000] peak=0.0000 gain=-0.1046 (rejected)
[12:51:04] +42.3s seam grid 164x195 nodes=31477
[12:51:04] +42.5s seam grid 1288x1534 nodes=101294
[12:51:04] +42.9s seam refine nodes=101294
[12:51:04] +42.9s painted
[12:51:04] +43.0s mask blurred
[12:51:06] +44.4s pyramid gauss
[12:51:07] +45.3s pyramid expand
[12:51:07] +45.4s blended
[12:51:07] +45.4s seam 4 window=8438x5390 keepA=0.50
[12:51:07] +45.4s warped DSCF0581.RAF nudged
[12:51:09] +47.2s field n=0 const=[1.0000 1.0000 1.0000] peak=0.0000 gain=-0.0812 (rejected)
[12:51:09] +47.5s seam grid 167x205 nodes=33166
[12:51:09] +47.6s seam grid 1308x1614 nodes=102089
[12:51:09] +48.0s seam refine nodes=102089
[12:51:09] +48.1s painted
[12:51:10] +48.2s mask blurred
[12:51:11] +49.7s pyramid gauss
[12:51:12] +50.6s pyramid expand
[12:51:12] +50.7s blended
[12:51:12] +50.7s seam 5 window=8499x5390 keepA=0.50
[12:51:12] +50.7s warped DSCF0580.RAF nudged
[12:51:14] +52.5s field n=0 const=[1.0000 1.0000 1.0000] peak=0.0000 gain=-0.0893 (rejected)
[12:51:14] +52.8s seam grid 164x193 nodes=31117
[12:51:14] +52.9s seam grid 1282x1514 nodes=107091
[12:51:15] +53.3s seam refine nodes=107091
[12:51:15] +53.3s painted
[12:51:15] +53.4s mask blurred
[12:51:16] +54.9s pyramid gauss
[12:51:17] +55.7s pyramid expand
[12:51:17] +55.8s blended
[12:51:17] +55.8s seam 6 window=8420x5390 keepA=0.50
[12:51:17] +55.8s warped DSCF0586.RAF nudged
[12:51:19] +57.6s field n=0 const=[1.0000 1.0000 1.0000] peak=0.0000 gain=-0.0586 (rejected)
[12:51:19] +57.8s seam grid 167x205 nodes=33108
[12:51:19] +58.0s seam grid 1313x1610 nodes=113888
[12:51:20] +58.6s seam refine nodes=113888
[12:51:20] +58.6s painted
[12:51:20] +58.7s mask blurred
[12:51:22] +60.3s pyramid gauss
[12:51:23] +61.2s pyramid expand
[12:51:23] +61.3s blended
[12:51:23] +61.3s seam 7 window=8506x5390 keepA=0.52
[12:51:23] +61.3s warped DSCF0579.RAF nudged
[12:51:24] +63.1s field n=0 const=[1.0000 1.0000 1.0000] peak=0.0000 gain=-0.0751 (rejected)
[12:51:25] +63.4s seam grid 166x193 nodes=31176
[12:51:25] +63.5s seam grid 1299x1519 nodes=88188
[12:51:25] +63.7s seam refine nodes=88188
[12:51:25] +63.8s painted
[12:51:25] +63.9s mask blurred
[12:51:27] +65.3s pyramid gauss
[12:51:28] +66.2s pyramid expand
[12:51:28] +66.3s blended
[12:51:28] +66.3s seam 8 window=8500x5390 keepA=0.50
[12:51:28] +66.3s warped DSCF0587.RAF nudged
[12:51:29] +67.9s field n=0 const=[1.0000 1.0000 1.0000] peak=0.0000 gain=-0.0021 (rejected)
[12:51:30] +68.2s seam grid 168x206 nodes=33381
[12:51:30] +68.4s seam grid 1318x1623 nodes=129884
[12:51:31] +69.3s seam refine nodes=129884
[12:51:31] +69.4s painted
[12:51:31] +69.5s mask blurred
[12:51:32] +71.0s pyramid gauss
[12:51:33] +72.0s pyramid expand
[12:51:33] +72.1s blended
[12:51:33] +72.1s seam 9 window=7998x5390 keepA=0.53
[12:51:33] +72.1s warped DSCF0578.RAF straight
[12:51:35] +73.8s field n=0 const=[1.0000 1.0000 1.0000] peak=0.0000 gain=-0.1412 (rejected)
[12:51:35] +74.1s seam grid 168x191 nodes=31089
[12:51:36] +74.2s seam grid 1321x1506 nodes=124005
[12:51:36] +74.8s seam refine nodes=124005
[12:51:36] +74.8s painted
[12:51:36] +74.9s mask blurred
[12:51:38] +76.3s pyramid gauss
[12:51:39] +77.1s pyramid expand
[12:51:39] +77.3s blended
[12:51:39] +77.3s seam 10 window=8029x5390 keepA=0.49
[12:51:39] +77.3s warped DSCF0588.RAF nudged
[12:51:39] +77.3s refined shifts seams=0 mean_abs_shift=0.000px max_abs_shift=0.000px
[12:51:39] +77.3s exposure gains applied 10
[12:51:39] +77.4s save encode 19842x4473
[12:51:45] +83.8s seam dump /home/dalibor/Projects/RapidRAW/lean_pano_proto/out/v34/DSCF0578/seams.txt
[12:51:45] +83.8s blend_stage extract=0.00s
[12:51:45] +83.8s blend_stage graphcut=44.95s
[12:51:45] +83.8s blend_stage mask_blur=3.61s
[12:51:45] +83.8s blend_stage pyr_blend=57.56s
[12:51:45] +83.8s boundary_step final: n=7170 median_step=3.28% p90=32.73%
[12:51:45] +83.8s blinds_flat  final: n=14277 median_step=3.77% p90=35.52%
[12:51:45] +83.8s woodline    final: n=4996 median_step=17.42% p90=50.17%
[12:51:45] +83.8s ghost_band   final: mean=0.592 keepA=0.50 cut_px=66758 swallowed=0
[12:51:45] +83.8s sharpness_lapvar final: 9.203327224484955
[12:51:45] +83.8s pano_mean_lum 0.045573565488671045 shadow_median 0.027534503489732742 canvas 19842x4473 levels=6 window_px=512
[12:51:45] +83.8s time  final blend=42.94s encode_tiff=0.88s metrics=4.61s photometry=3.50s step_metrics=0.16s warp=4.15s
[12:51:45] +83.8s time  total=83.84s
[12:51:45] +83.8s saved /home/dalibor/Projects/RapidRAW/lean_pano_proto/out/v34/DSCF0578/DSCF0578_Pano.tiff
