[20:41:10] +0.0s log /home/dalibor/Projects/RapidRAW/lean_pano_proto/out/v40/DSCF0140/DSCF0140_Pano.pano.log
[20:41:10] +0.0s merge started files=4
[20:41:10] +0.2s jpeg DSCF0140.RAF native 4416x2944 declared 4416x2944
[20:41:10] +0.4s jpeg DSCF0141.RAF native 4416x2944 declared 4416x2944
[20:41:10] +0.6s jpeg DSCF0142.RAF native 4416x2944 declared 4416x2944
[20:41:10] +0.8s jpeg DSCF0143.RAF native 4416x2944 declared 4416x2944
[20:41:12] +2.2s points DSCF0140.RAF 11408
[20:41:12] +2.2s points DSCF0141.RAF 11474
[20:41:12] +2.2s points DSCF0142.RAF 11423
[20:41:12] +2.2s points DSCF0143.RAF 11376
[20:41:14] +4.5s match DSCF0140.RAF<->DSCF0141.RAF: 2777 good
[20:41:14] +4.5s match DSCF0140.RAF<->DSCF0142.RAF: 1895 good
[20:41:14] +4.5s match DSCF0140.RAF<->DSCF0143.RAF: 1053 good
[20:41:14] +4.5s match DSCF0141.RAF<->DSCF0142.RAF: 3813 good
[20:41:14] +4.5s match DSCF0141.RAF<->DSCF0143.RAF: 2320 good
[20:41:14] +4.5s match DSCF0142.RAF<->DSCF0143.RAF: 4231 good
[20:41:14] +4.5s aligned kept=4 focal35=27.0 jpeg=4416x2944 points=4416x2944
[20:41:14] +4.5s lens crop=1.534 focal35=27.0 calib=1.529
[20:41:15] +5.1s sky target 0.8816
[20:41:15] +5.1s sky scale DSCF0140.RAF 0.984 median 0.8962
[20:41:15] +5.1s sky scale DSCF0141.RAF 1.000 median 0.8816
[20:41:15] +5.1s sky scale DSCF0142.RAF 1.004 median 0.8784
[20:41:15] +5.1s sky scale DSCF0143.RAF 1.015 median 0.8686
[20:41:15] +5.1s Matching brightness...
[20:41:15] +5.1s canvas cylindrical 2790x1260
[20:41:15] +5.2s warp DSCF0142.RAF: bbox=(749,0,2465,1260) 1716x1260
[20:41:15] +5.2s warp DSCF0143.RAF: bbox=(1067,0,2790,1260) 1723x1260
[20:41:15] +5.2s warp DSCF0140.RAF: bbox=(0,0,1724,1260) 1724x1260
[20:41:15] +5.2s warp DSCF0141.RAF: bbox=(369,0,2088,1260) 1719x1260
[20:41:15] +5.2s brightness gains=4 corner=1.096
[20:41:15] +5.2s Blending photos...
[20:41:15] +5.3s blend 1: window=2235x1260 tiles=594
[20:41:15] +5.6s local moved kept=242 field=10.72 disagree 0.2970 -> 0.1947
[20:41:15] +5.6s seam grid 43x48 nodes=1942
[20:41:15] +5.6s seam grid 316x360 nodes=27401
[20:41:15] +5.7s seam refine nodes=27401
[20:41:15] +5.7s painted
[20:41:15] +5.7s mask blurred
[20:41:15] +5.8s pyramid gauss
[20:41:15] +5.9s pyramid expand
[20:41:15] +5.9s pasted
[20:41:15] +5.9s blended 1 keepA=0.26
[20:41:15] +5.9s blend 2: window=2600x1260 tiles=702
[20:41:16] +6.1s local moved kept=215 field=10.26 disagree 0.3528 -> 0.2503
[20:41:16] +6.1s seam grid 43x47 nodes=1919
[20:41:16] +6.1s seam grid 316x346 nodes=27947
[20:41:16] +6.2s seam refine nodes=27947
[20:41:16] +6.2s painted
[20:41:16] +6.2s mask blurred
[20:41:16] +6.2s pyramid gauss
[20:41:16] +6.3s pyramid expand
[20:41:16] +6.3s pasted
[20:41:16] +6.3s blended 2 keepA=0.50
[20:41:16] +6.3s blend 3: window=2236x1260 tiles=594
[20:41:16] +6.5s local moved kept=234 field=20.62 disagree 0.3603 -> 0.2517
[20:41:16] +6.5s seam grid 43x47 nodes=1917
[20:41:16] +6.5s seam grid 316x349 nodes=26918
[20:41:16] +6.7s seam refine nodes=26918
[20:41:16] +6.7s painted
[20:41:16] +6.7s mask blurred
[20:41:16] +6.8s pyramid gauss
[20:41:16] +6.8s pyramid expand
[20:41:16] +6.8s pasted
[20:41:16] +6.8s blended 3 keepA=0.40
[20:41:16] +6.8s preview canvas cylindrical 2790x1260 shifts=3
[20:41:16] +6.8s time  preview=2.27s (solve+match 4.55s)
[20:41:16] +6.9s preview ready /home/dalibor/Projects/RapidRAW/lean_pano_proto/out/v40/DSCF0140/DSCF0140_preview.jpg
[20:41:16] +6.9s save started
[20:41:16] +6.9s develop jobs=4
[20:41:20] +10.1s developed DSCF0140.RAF 7728x5152 -> 1920x1280
[20:41:20] +10.1s developed DSCF0141.RAF 7728x5152 -> 1920x1280
[20:41:20] +10.1s developed DSCF0142.RAF 7728x5152 -> 1920x1280
[20:41:20] +10.1s developed DSCF0143.RAF 7728x5152 -> 1920x1280
[20:41:20] +10.1s time  develop=3.17s
[20:41:20] +10.1s scale raw=7728x5152 jpeg=4416x2944 x=1.7500 y=1.7500
[20:41:20] +10.1s Matching brightness...
[20:41:20] +10.1s canvas cylindrical 2790x1260
[20:41:20] +10.2s warp DSCF0140.RAF: bbox=(0,0,1724,1260) 1724x1260
[20:41:20] +10.2s warp DSCF0143.RAF: bbox=(1067,0,2790,1260) 1723x1260
[20:41:20] +10.2s warp DSCF0142.RAF: bbox=(749,0,2465,1260) 1716x1260
[20:41:20] +10.2s warp DSCF0141.RAF: bbox=(369,0,2088,1260) 1719x1260
[20:41:20] +10.3s brightness gains=4 corner=0.990
[20:41:20] +10.3s Blending photos...
[20:41:20] +10.3s blend 1: window=2235x1260 tiles=594
[20:41:20] +10.7s local moved kept=287 field=10.82 disagree 0.3253 -> 0.2048
[20:41:20] +10.7s seam grid 43x49 nodes=1977
[20:41:20] +10.7s seam grid 316x362 nodes=26215
[20:41:20] +10.8s seam refine nodes=26215
[20:41:20] +10.8s painted
[20:41:20] +10.8s mask blurred
[20:41:20] +10.9s pyramid gauss
[20:41:20] +10.9s pyramid expand
[20:41:20] +10.9s pasted
[20:41:20] +10.9s blended 1 keepA=0.50
[20:41:20] +10.9s blend 2: window=2600x1260 tiles=702
[20:41:21] +11.2s local moved kept=270 field=11.60 disagree 0.3576 -> 0.2530
[20:41:21] +11.2s seam grid 43x47 nodes=1914
[20:41:21] +11.2s seam grid 316x348 nodes=23954
[20:41:21] +11.2s seam refine nodes=23954
[20:41:21] +11.2s painted
[20:41:21] +11.3s mask blurred
[20:41:21] +11.3s pyramid gauss
[20:41:21] +11.4s pyramid expand
[20:41:21] +11.4s pasted
[20:41:21] +11.4s blended 2 keepA=0.50
[20:41:21] +11.4s blend 3: window=2236x1260 tiles=594
[20:41:21] +11.6s local moved kept=289 field=17.93 disagree 0.3309 -> 0.2235
[20:41:21] +11.6s seam grid 43x47 nodes=1902
[20:41:21] +11.6s seam grid 316x351 nodes=24200
[20:41:21] +11.7s seam refine nodes=24200
[20:41:21] +11.7s painted
[20:41:21] +11.7s mask blurred
[20:41:21] +11.7s pyramid gauss
[20:41:21] +11.8s pyramid expand
[20:41:21] +11.8s pasted
[20:41:21] +11.8s blended 3 keepA=0.48
[20:41:21] +11.8s time  linear_photometry=1.73s
[20:41:21] +11.8s photometry source=second compose
[20:41:21] +11.8s save seam preview
[20:41:21] +11.8s save cut fullres
[20:41:21] +11.8s photometry gains=4
[20:41:21] +11.8s photo pedestal=0.006100 field_norm=0.534969 gains=[1.0804 1.0306 0.8797 1.0210]
[20:41:21] +11.8s save seam developed
[20:41:21] +11.8s canvas cylindrical 11230x5069
[20:41:22] +12.0s local align resolution 1/1
[20:41:22] +12.0s snapbox canvas_origin=(0,0)
[20:41:22] +12.0s composite levels=6 pad=512
[20:41:22] +12.0s local alignment refine=false
[20:41:24] +14.7s warped DSCF0142.RAF straight
[20:41:31] +21.4s snapwin seam=1 canvas=(3808,0) size=7422x5069
[20:41:31] +21.6s field n=0 const=[1.0000 1.0000 1.0000] peak=0.0000 gain=-0.0048 (rejected)
[20:41:31] +21.8s seam grid 162x179 nodes=28091
[20:41:32] +22.0s seam grid 1268x1407 nodes=106125
[20:41:32] +22.5s seam refine nodes=106125
[20:41:32] +22.5s painted
[20:41:32] +22.6s mask blurred
[20:41:33] +23.2s snapblendrect seam=1 canvas=(3816,0)..(10400,5069)
[20:41:33] +23.8s pyramid gauss
[20:41:34] +24.7s pyramid expand
[20:41:34] +24.9s blended
[20:41:34] +24.9s seam 1 window=7422x5069 keepA=0.50
[20:41:34] +24.9s warped DSCF0143.RAF nudged
[20:41:34] +24.9s field DSCF0143.RAF origin=(820,0) size=1893x1260 scale=1.4739
[20:41:34] +24.9s SNAP DSCF0140/field_DSCF0140_0143 FAILED No such file or directory (os error 2)
[20:41:41] +31.7s snapwin seam=2 canvas=(999,0) size=7893x5069
[20:41:41] +31.9s field n=0 const=[1.0000 1.0000 1.0000] peak=0.0000 gain=-0.0195 (rejected)
[20:41:42] +32.1s seam grid 162x172 nodes=27250
[20:41:42] +32.3s seam grid 1267x1348 nodes=95899
[20:41:42] +32.6s seam refine nodes=95899
[20:41:42] +32.6s painted
[20:41:42] +32.7s mask blurred
[20:41:43] +33.3s snapblendrect seam=2 canvas=(2536,0)..(8884,5069)
[20:41:43] +33.9s pyramid gauss
[20:41:44] +34.7s pyramid expand
[20:41:44] +34.9s blended
[20:41:44] +34.9s seam 2 window=7893x5069 keepA=0.50
[20:41:44] +34.9s warped DSCF0141.RAF nudged
[20:41:44] +34.9s field DSCF0141.RAF origin=(502,0) size=1834x1260 scale=1.5213
[20:41:44] +34.9s SNAP DSCF0140/field_DSCF0140_0141 FAILED No such file or directory (os error 2)
[20:41:51] +41.5s snapwin seam=3 canvas=(0,0) size=7424x5069
[20:41:51] +41.7s field n=0 const=[1.0000 1.0000 1.0000] peak=0.0000 gain=-0.0236 (rejected)
[20:41:51] +41.9s seam grid 162x174 nodes=27537
[20:41:52] +42.2s seam grid 1267x1363 nodes=103836
[20:41:53] +43.1s seam refine nodes=103836
[20:41:53] +43.1s painted
[20:41:53] +43.2s mask blurred
[20:41:53] +43.8s snapblendrect seam=3 canvas=(1008,0)..(7416,5069)
[20:41:54] +44.4s pyramid gauss
[20:41:55] +45.3s pyramid expand
[20:41:55] +45.5s blended
[20:41:55] +45.5s seam 3 window=7424x5069 keepA=0.48
[20:41:55] +45.5s warped DSCF0140.RAF nudged
[20:41:55] +45.5s field DSCF0140.RAF origin=(122,0) size=1850x1260 scale=1.5081
[20:41:55] +45.5s SNAP DSCF0140/field_DSCF0140_0140 FAILED No such file or directory (os error 2)
[20:41:55] +45.5s refined shifts seams=0 mean_abs_shift=0.000px max_abs_shift=0.000px
[20:41:55] +45.5s exposure gains applied 1
[20:41:55] +45.5s save encode 10916x4248
[20:41:59] +49.0s seam dump /home/dalibor/Projects/RapidRAW/lean_pano_proto/out/v40/DSCF0140/seams.txt
[20:41:59] +49.0s blend_stage extract=0.00s
[20:41:59] +49.0s blend_stage graphcut=2.91s
[20:41:59] +49.0s blend_stage mask_blur=0.27s
[20:41:59] +49.0s blend_stage pyr_blend=4.51s
[20:41:59] +49.0s boundary_step final: n=2224 median_step=7.23% p90=47.52%
[20:41:59] +49.0s blinds_flat  final: n=0 median_step=0.00% p90=0.00%
[20:41:59] +49.0s woodline    final: n=1616 median_step=3.85% p90=36.66%
[20:41:59] +49.0s ghost_band   final: mean=0.706 keepA=0.49 cut_px=18745 swallowed=0
[20:41:59] +49.0s sharpness_lapvar final: 48.04037488169334
[20:41:59] +49.0s pano_mean_lum 0.13827463704416265 shadow_median 0.0465867817401886 canvas 10916x4248 levels=6 window_px=512
[20:41:59] +49.0s time  final blend=11.66s encode_tiff=0.47s metrics=2.48s photometry=1.16s step_metrics=0.14s warp=20.03s
[20:41:59] +49.0s time  total=49.04s
[20:41:59] +49.0s saved /home/dalibor/Projects/RapidRAW/lean_pano_proto/out/v40/DSCF0140/DSCF0140_Pano.tiff
