[11:07:01] +0.0s log /home/dalibor/Projects/RapidRAW/lean_pano_proto/out/v52/DSCF0566/DSCF0566_Pano.pano.log
[11:07:01] +0.0s merge started files=10
[11:07:01] +0.0s focal native unavailable or disabled, using exif 35eq=105.0mm (crop=1.534)
[11:07:01] +0.2s jpeg DSCF0566.RAF native 4416x2944 declared 4416x2944
[11:07:01] +0.4s jpeg DSCF0567.RAF native 4416x2944 declared 4416x2944
[11:07:02] +0.6s jpeg DSCF0568.RAF native 4416x2944 declared 4416x2944
[11:07:02] +0.7s jpeg DSCF0569.RAF native 4416x2944 declared 4416x2944
[11:07:02] +0.9s jpeg DSCF0570.RAF native 4416x2944 declared 4416x2944
[11:07:02] +1.1s jpeg DSCF0571.RAF native 4416x2944 declared 4416x2944
[11:07:02] +1.4s jpeg DSCF0572.RAF native 4416x2944 declared 4416x2944
[11:07:03] +1.6s jpeg DSCF0573.RAF native 4416x2944 declared 4416x2944
[11:07:03] +1.8s jpeg DSCF0574.RAF native 4416x2944 declared 4416x2944
[11:07:03] +2.0s jpeg DSCF0575.RAF native 4416x2944 declared 4416x2944
[11:07:05] +4.3s points DSCF0566.RAF 11766
[11:07:05] +4.3s points DSCF0567.RAF 11738
[11:07:05] +4.3s points DSCF0568.RAF 11678
[11:07:05] +4.3s points DSCF0569.RAF 11728
[11:07:05] +4.3s points DSCF0570.RAF 11771
[11:07:05] +4.3s points DSCF0571.RAF 11772
[11:07:05] +4.3s points DSCF0572.RAF 11762
[11:07:05] +4.3s points DSCF0573.RAF 11774
[11:07:05] +4.3s points DSCF0574.RAF 11740
[11:07:05] +4.3s points DSCF0575.RAF 11787
[11:07:05] +4.3s matching 17 neighbor pairs
[11:07:10] +8.7s match DSCF0566.RAF<->DSCF0567.RAF: 4866 good
[11:07:10] +8.7s match DSCF0566.RAF<->DSCF0568.RAF: 3120 good
[11:07:10] +8.7s match DSCF0567.RAF<->DSCF0568.RAF: 5713 good
[11:07:10] +8.7s match DSCF0567.RAF<->DSCF0569.RAF: 4446 good
[11:07:10] +8.7s match DSCF0568.RAF<->DSCF0569.RAF: 6127 good
[11:07:10] +8.7s match DSCF0568.RAF<->DSCF0570.RAF: 4395 good
[11:07:10] +8.7s match DSCF0569.RAF<->DSCF0570.RAF: 5959 good
[11:07:10] +8.7s match DSCF0569.RAF<->DSCF0571.RAF: 4273 good
[11:07:10] +8.7s match DSCF0570.RAF<->DSCF0571.RAF: 6233 good
[11:07:10] +8.7s match DSCF0570.RAF<->DSCF0572.RAF: 4408 good
[11:07:10] +8.7s match DSCF0571.RAF<->DSCF0572.RAF: 6161 good
[11:07:10] +8.7s match DSCF0571.RAF<->DSCF0573.RAF: 4555 good
[11:07:10] +8.7s match DSCF0572.RAF<->DSCF0573.RAF: 6270 good
[11:07:10] +8.7s match DSCF0572.RAF<->DSCF0574.RAF: 4378 good
[11:07:10] +8.7s match DSCF0573.RAF<->DSCF0574.RAF: 6118 good
[11:07:10] +8.7s match DSCF0573.RAF<->DSCF0575.RAF: 4483 good
[11:07:10] +8.7s match DSCF0574.RAF<->DSCF0575.RAF: 6447 good
[11:07:10] +9.3s aligned kept=10 focal35=105.0 jpeg=4416x2944 points=4416x2944
[11:07:10] +9.3s lens crop=1.534 focal35=105.0 calib=1.529
[11:07:12] +10.6s sky target 0.1864
[11:07:12] +10.6s sky scale DSCF0566.RAF 1.598 median 0.1167
[11:07:12] +10.6s sky scale DSCF0567.RAF 0.938 median 0.1987
[11:07:12] +10.6s sky scale DSCF0568.RAF 1.000 median 0.1864
[11:07:12] +10.6s sky scale DSCF0569.RAF 0.939 median 0.1985
[11:07:12] +10.6s sky scale DSCF0570.RAF 1.008 median 0.1850
[11:07:12] +10.6s sky scale DSCF0571.RAF 1.011 median 0.1844
[11:07:12] +10.6s sky scale DSCF0572.RAF 1.021 median 0.1827
[11:07:12] +10.6s sky scale DSCF0573.RAF 1.005 median 0.1855
[11:07:12] +10.6s sky scale DSCF0574.RAF 0.853 median 0.2185
[11:07:12] +10.6s sky scale DSCF0575.RAF 0.806 median 0.2312
[11:07:12] +10.6s Matching brightness...
[11:07:12] +10.6s canvas perspective 6415x1694
[11:07:12] +10.7s warp DSCF0571.RAF: bbox=(2808,281,4844,1654) 2036x1373
[11:07:12] +10.7s warp DSCF0573.RAF: bbox=(3651,324,5616,1652) 1965x1328
[11:07:12] +10.7s warp DSCF0572.RAF: bbox=(3233,310,5228,1654) 1995x1344
[11:07:12] +10.8s warp DSCF0575.RAF: bbox=(4454,356,6415,1687) 1961x1331
[11:07:12] +10.8s warp DSCF0569.RAF: bbox=(1869,203,4063,1667) 2194x1464
[11:07:12] +10.8s warp DSCF0574.RAF: bbox=(4088,355,6042,1677) 1954x1322
[11:07:12] +10.8s warp DSCF0568.RAF: bbox=(1381,159,3691,1679) 2310x1520
[11:07:12] +10.8s warp DSCF0570.RAF: bbox=(2354,242,4455,1656) 2101x1414
[11:07:12] +10.8s warp DSCF0567.RAF: bbox=(870,104,3323,1690) 2453x1586
[11:07:12] +10.8s warp DSCF0566.RAF: bbox=(0,0,2734,1694) 2734x1694
[11:07:12] +11.1s brightness gains=10 corner=0.659
[11:07:12] +11.1s Blending photos...
[11:07:12] +11.3s blend 1: window=3019x1694 tiles=1150
[11:07:13] +11.7s local moved kept=278 field=3.46 disagree 0.1927 -> 0.0823
[11:07:13] +11.7s seam grid 47x55 nodes=2380
[11:07:13] +11.7s cut_energy opt=174213 shipped=174213 excess=+0.000%
[11:07:13] +11.8s seam grid 346x416 nodes=41646
[11:07:13] +12.0s cut_energy opt=2053070 shipped=2053070 excess=+0.000%
[11:07:13] +12.0s seam refine nodes=41646
[11:07:13] +12.0s painted
[11:07:13] +12.0s mask blurred
[11:07:13] +12.1s pyramid gauss
[11:07:13] +12.2s pyramid expand
[11:07:13] +12.2s pasted
[11:07:13] +12.2s blended 1 keepA=0.61
[11:07:13] +12.2s blend 2: window=3125x1694 tiles=1175
[11:07:13] +12.5s local moved kept=286 field=4.25 disagree 0.2442 -> 0.1300
[11:07:13] +12.5s seam grid 47x56 nodes=2478
[11:07:13] +12.6s cut_energy opt=164803 shipped=164803 excess=+0.000%
[11:07:13] +12.6s seam grid 353x425 nodes=43142
[11:07:14] +12.8s cut_energy opt=2238879 shipped=2238879 excess=+0.000%
[11:07:14] +12.8s seam refine nodes=43142
[11:07:14] +12.8s painted
[11:07:14] +12.8s mask blurred
[11:07:14] +13.0s pyramid gauss
[11:07:14] +13.1s pyramid expand
[11:07:14] +13.1s pasted
[11:07:14] +13.1s blended 2 keepA=0.88
[11:07:14] +13.1s blend 3: window=2989x1694 tiles=1125
[11:07:14] +13.4s local moved kept=281 field=3.97 disagree 0.2464 -> 0.1088
[11:07:14] +13.4s seam grid 46x54 nodes=2339
[11:07:14] +13.4s cut_energy opt=105245 shipped=105245 excess=+0.000%
[11:07:14] +13.4s seam grid 343x407 nodes=31895
[11:07:15] +13.6s cut_energy opt=2062883 shipped=2062883 excess=+0.000%
[11:07:15] +13.6s seam refine nodes=31895
[11:07:15] +13.6s painted
[11:07:15] +13.6s mask blurred
[11:07:15] +13.7s pyramid gauss
[11:07:15] +13.7s pyramid expand
[11:07:15] +13.7s pasted
[11:07:15] +13.7s blended 3 keepA=0.68
[11:07:15] +13.7s blend 4: window=3218x1694 tiles=1225
[11:07:15] +14.1s local moved kept=315 field=5.15 disagree 0.2326 -> 0.1098
[11:07:15] +14.1s seam grid 49x58 nodes=2624
[11:07:15] +14.1s cut_energy opt=118080 shipped=118080 excess=+0.000%
[11:07:15] +14.1s seam grid 365x440 nodes=41517
[11:07:15] +14.4s cut_energy opt=1541806 shipped=1541806 excess=+0.000%
[11:07:15] +14.4s seam refine nodes=41517
[11:07:15] +14.4s painted
[11:07:15] +14.4s mask blurred
[11:07:15] +14.6s pyramid gauss
[11:07:16] +14.7s pyramid expand
[11:07:16] +14.7s pasted
[11:07:16] +14.7s blended 4 keepA=0.74
[11:07:16] +14.7s blend 5: window=3334x1694 tiles=1275
[11:07:16] +15.0s local moved kept=395 field=6.18 disagree 0.2268 -> 0.0954
[11:07:16] +15.1s seam grid 50x62 nodes=2850
[11:07:16] +15.1s cut_energy opt=138612 shipped=138612 excess=+0.000%
[11:07:16] +15.1s seam grid 377x468 nodes=42366
[11:07:16] +15.2s cut_energy opt=1463354 shipped=1463354 excess=+0.000%
[11:07:16] +15.2s seam refine nodes=42366
[11:07:16] +15.2s painted
[11:07:16] +15.3s mask blurred
[11:07:16] +15.4s pyramid gauss
[11:07:16] +15.5s pyramid expand
[11:07:16] +15.5s pasted
[11:07:16] +15.5s blended 5 keepA=0.74
[11:07:16] +15.5s blend 6: window=2839x1694 tiles=1075
[11:07:17] +15.8s local moved kept=267 field=4.63 disagree 0.3091 -> 0.1199
[11:07:17] +15.8s seam grid 45x53 nodes=2328
[11:07:17] +15.8s cut_energy opt=208440 shipped=208440 excess=+0.000%
[11:07:17] +15.9s seam grid 334x395 nodes=30699
[11:07:17] +16.1s cut_energy opt=2352006 shipped=2352006 excess=+0.000%
[11:07:17] +16.1s seam refine nodes=30699
[11:07:17] +16.1s painted
[11:07:17] +16.1s mask blurred
[11:07:17] +16.2s pyramid gauss
[11:07:17] +16.2s pyramid expand
[11:07:17] +16.2s pasted
[11:07:17] +16.2s blended 6 keepA=0.40
[11:07:17] +16.2s blend 7: window=3477x1694 tiles=1325
[11:07:18] +16.7s local moved kept=443 field=6.77 disagree 0.2317 -> 0.1004
[11:07:18] +16.7s seam grid 52x66 nodes=3124
[11:07:18] +16.7s cut_energy opt=102998 shipped=102998 excess=+0.000%
[11:07:18] +16.7s seam grid 391x498 nodes=36509
[11:07:18] +16.9s cut_energy opt=1428543 shipped=1428543 excess=+0.000%
[11:07:18] +16.9s seam refine nodes=36509
[11:07:18] +16.9s painted
[11:07:18] +16.9s mask blurred
[11:07:18] +17.1s pyramid gauss
[11:07:18] +17.2s pyramid expand
[11:07:18] +17.2s pasted
[11:07:18] +17.2s blended 7 keepA=0.36
[11:07:18] +17.2s blend 8: window=2473x1694 tiles=925
[11:07:18] +17.5s local moved kept=318 field=5.05 disagree 0.3362 -> 0.1237
[11:07:18] +17.5s seam grid 46x55 nodes=2404
[11:07:18] +17.5s cut_energy opt=145188 shipped=145188 excess=+0.000%
[11:07:18] +17.5s seam grid 340x410 nodes=29306
[11:07:19] +17.7s cut_energy opt=2352752 shipped=2352752 excess=+0.000%
[11:07:19] +17.7s seam refine nodes=29306
[11:07:19] +17.7s painted
[11:07:19] +17.7s mask blurred
[11:07:19] +17.8s pyramid gauss
[11:07:19] +17.8s pyramid expand
[11:07:19] +17.9s pasted
[11:07:19] +17.9s blended 8 keepA=0.80
[11:07:19] +17.9s blend 9: window=3246x1694 tiles=1225
[11:07:19] +18.2s local moved kept=414 field=8.21 disagree 0.2050 -> 0.0813
[11:07:19] +18.3s seam grid 54x63 nodes=3122
[11:07:19] +18.3s cut_energy opt=173983 shipped=173983 excess=+0.000%
[11:07:19] +18.3s seam grid 403x479 nodes=47974
[11:07:19] +18.5s cut_energy opt=1973812 shipped=1973812 excess=+0.000%
[11:07:19] +18.5s seam refine nodes=47974
[11:07:19] +18.5s painted
[11:07:19] +18.5s mask blurred
[11:07:20] +18.7s pyramid gauss
[11:07:20] +18.8s pyramid expand
[11:07:20] +18.8s pasted
[11:07:20] +18.8s blended 9 keepA=0.42
[11:07:20] +18.8s preview canvas perspective 6415x1694 shifts=9
[11:07:20] +18.8s time  preview=9.52s (solve+match 9.32s)
[11:07:20] +18.9s preview ready /home/dalibor/Projects/RapidRAW/lean_pano_proto/out/v52/DSCF0566/DSCF0566_preview.jpg
[11:07:20] +18.9s save started
[11:07:20] +18.9s develop jobs=4
[11:07:26] +25.0s developed DSCF0566.RAF 7728x5152 -> 1920x1280
[11:07:26] +25.0s developed DSCF0567.RAF 7728x5152 -> 1920x1280
[11:07:26] +25.0s developed DSCF0568.RAF 7728x5152 -> 1920x1280
[11:07:26] +25.0s developed DSCF0569.RAF 7728x5152 -> 1920x1280
[11:07:26] +25.0s developed DSCF0570.RAF 7728x5152 -> 1920x1280
[11:07:26] +25.0s developed DSCF0571.RAF 7728x5152 -> 1920x1280
[11:07:26] +25.0s developed DSCF0572.RAF 7728x5152 -> 1920x1280
[11:07:26] +25.0s developed DSCF0573.RAF 7728x5152 -> 1920x1280
[11:07:26] +25.0s developed DSCF0574.RAF 7728x5152 -> 1920x1280
[11:07:26] +25.0s developed DSCF0575.RAF 7728x5152 -> 1920x1280
[11:07:26] +25.0s time  develop=6.04s
[11:07:26] +25.0s scale raw=7728x5152 jpeg=4416x2944 x=1.7500 y=1.7500
[11:07:26] +25.0s Matching brightness...
[11:07:26] +25.0s canvas perspective 6415x1694
[11:07:26] +25.1s warp DSCF0574.RAF: bbox=(4088,355,6042,1677) 1954x1322
[11:07:26] +25.1s warp DSCF0572.RAF: bbox=(3233,310,5228,1654) 1995x1344
[11:07:26] +25.1s warp DSCF0573.RAF: bbox=(3651,324,5616,1652) 1965x1328
[11:07:26] +25.1s warp DSCF0571.RAF: bbox=(2808,281,4844,1654) 2036x1373
[11:07:26] +25.2s warp DSCF0570.RAF: bbox=(2354,242,4455,1656) 2101x1414
[11:07:26] +25.2s warp DSCF0568.RAF: bbox=(1381,159,3691,1679) 2310x1520
[11:07:26] +25.2s warp DSCF0567.RAF: bbox=(870,104,3323,1690) 2453x1586
[11:07:26] +25.2s warp DSCF0575.RAF: bbox=(4454,356,6415,1687) 1961x1331
[11:07:26] +25.2s warp DSCF0569.RAF: bbox=(1869,203,4063,1667) 2194x1464
[11:07:26] +25.2s warp DSCF0566.RAF: bbox=(0,0,2734,1694) 2734x1694
[11:07:26] +25.5s brightness gains=10 corner=0.636
[11:07:26] +25.5s Blending photos...
[11:07:27] +25.8s blend 1: window=3019x1694 tiles=1150
[11:07:27] +26.3s local moved kept=256 field=4.18 disagree 0.2697 -> 0.0997
[11:07:27] +26.3s seam grid 47x55 nodes=2381
[11:07:27] +26.3s cut_energy opt=172402 shipped=172402 excess=+0.000%
[11:07:27] +26.3s seam grid 346x416 nodes=37642
[11:07:27] +26.5s cut_energy opt=1884045 shipped=1884045 excess=+0.000%
[11:07:27] +26.5s seam refine nodes=37642
[11:07:27] +26.5s painted
[11:07:27] +26.5s mask blurred
[11:07:28] +26.6s pyramid gauss
[11:07:28] +26.7s pyramid expand
[11:07:28] +26.7s pasted
[11:07:28] +26.7s blended 1 keepA=0.69
[11:07:28] +26.7s blend 2: window=3125x1694 tiles=1175
[11:07:28] +27.1s local moved kept=273 field=4.74 disagree 0.2952 -> 0.1335
[11:07:28] +27.1s seam grid 47x56 nodes=2477
[11:07:28] +27.1s cut_energy opt=152393 shipped=152393 excess=+0.000%
[11:07:28] +27.1s seam grid 353x425 nodes=36330
[11:07:28] +27.3s cut_energy opt=1838750 shipped=1838750 excess=+0.000%
[11:07:28] +27.3s seam refine nodes=36330
[11:07:28] +27.3s painted
[11:07:28] +27.3s mask blurred
[11:07:28] +27.4s pyramid gauss
[11:07:28] +27.4s pyramid expand
[11:07:28] +27.5s pasted
[11:07:28] +27.5s blended 2 keepA=0.41
[11:07:28] +27.5s blend 3: window=2989x1694 tiles=1125
[11:07:29] +27.8s local moved kept=269 field=7.24 disagree 0.3435 -> 0.1599
[11:07:29] +27.8s seam grid 46x54 nodes=2341
[11:07:29] +27.8s cut_energy opt=105876 shipped=105876 excess=+0.000%
[11:07:29] +27.8s seam grid 342x407 nodes=32452
[11:07:29] +28.0s cut_energy opt=1746032 shipped=1746032 excess=+0.000%
[11:07:29] +28.0s seam refine nodes=32452
[11:07:29] +28.0s painted
[11:07:29] +28.0s mask blurred
[11:07:29] +28.1s pyramid gauss
[11:07:29] +28.2s pyramid expand
[11:07:29] +28.2s pasted
[11:07:29] +28.2s blended 3 keepA=0.67
[11:07:29] +28.2s blend 4: window=3218x1694 tiles=1225
[11:07:30] +28.6s local moved kept=318 field=8.59 disagree 0.3057 -> 0.1418
[11:07:30] +28.6s seam grid 49x58 nodes=2625
[11:07:30] +28.6s cut_energy opt=116062 shipped=116062 excess=+0.000%
[11:07:30] +28.6s seam grid 365x440 nodes=35469
[11:07:30] +28.8s cut_energy opt=1400861 shipped=1400861 excess=+0.000%
[11:07:30] +28.8s seam refine nodes=35469
[11:07:30] +28.8s painted
[11:07:30] +28.8s mask blurred
[11:07:30] +28.9s pyramid gauss
[11:07:30] +29.0s pyramid expand
[11:07:30] +29.0s pasted
[11:07:30] +29.0s blended 4 keepA=0.20
[11:07:30] +29.0s blend 5: window=3334x1694 tiles=1275
[11:07:30] +29.4s local moved kept=396 field=11.36 disagree 0.2898 -> 0.1471
[11:07:30] +29.4s seam grid 51x62 nodes=2850
[11:07:30] +29.4s cut_energy opt=139826 shipped=139826 excess=+0.000%
[11:07:30] +29.4s seam grid 378x468 nodes=43326
[11:07:31] +29.6s cut_energy opt=1397425 shipped=1397425 excess=+0.000%
[11:07:31] +29.6s seam refine nodes=43326
[11:07:31] +29.6s painted
[11:07:31] +29.6s mask blurred
[11:07:31] +29.7s pyramid gauss
[11:07:31] +29.8s pyramid expand
[11:07:31] +29.9s pasted
[11:07:31] +29.9s blended 5 keepA=0.64
[11:07:31] +29.9s blend 6: window=2839x1694 tiles=1075
[11:07:31] +30.1s local moved kept=273 field=10.76 disagree 0.3758 -> 0.1900
[11:07:31] +30.2s seam grid 45x53 nodes=2327
[11:07:31] +30.2s cut_energy opt=193717 shipped=193717 excess=+0.000%
[11:07:31] +30.2s seam grid 334x395 nodes=28840
[11:07:31] +30.3s cut_energy opt=2091995 shipped=2091995 excess=+0.000%
[11:07:31] +30.3s seam refine nodes=28840
[11:07:31] +30.3s painted
[11:07:31] +30.3s mask blurred
[11:07:31] +30.4s pyramid gauss
[11:07:31] +30.5s pyramid expand
[11:07:31] +30.5s pasted
[11:07:31] +30.5s blended 6 keepA=0.64
[11:07:31] +30.5s blend 7: window=3477x1694 tiles=1325
[11:07:32] +30.9s local moved kept=475 field=13.35 disagree 0.2889 -> 0.1461
[11:07:32] +30.9s seam grid 52x66 nodes=3124
[11:07:32] +30.9s cut_energy opt=102313 shipped=102313 excess=+0.000%
[11:07:32] +30.9s seam grid 391x498 nodes=37192
[11:07:32] +31.1s cut_energy opt=1389778 shipped=1389778 excess=+0.000%
[11:07:32] +31.1s seam refine nodes=37192
[11:07:32] +31.1s painted
[11:07:32] +31.1s mask blurred
[11:07:32] +31.2s pyramid gauss
[11:07:32] +31.3s pyramid expand
[11:07:32] +31.4s pasted
[11:07:32] +31.4s blended 7 keepA=0.52
[11:07:32] +31.4s blend 8: window=2473x1694 tiles=925
[11:07:33] +31.7s local moved kept=304 field=11.24 disagree 0.3859 -> 0.1867
[11:07:33] +31.7s seam grid 46x55 nodes=2404
[11:07:33] +31.7s cut_energy opt=141792 shipped=141792 excess=+0.000%
[11:07:33] +31.7s seam grid 340x410 nodes=29260
[11:07:33] +31.9s cut_energy opt=2178869 shipped=2178869 excess=+0.000%
[11:07:33] +31.9s seam refine nodes=29260
[11:07:33] +31.9s painted
[11:07:33] +31.9s mask blurred
[11:07:33] +32.0s pyramid gauss
[11:07:33] +32.1s pyramid expand
[11:07:33] +32.1s pasted
[11:07:33] +32.1s blended 8 keepA=0.73
[11:07:33] +32.1s blend 9: window=3246x1694 tiles=1225
[11:07:33] +32.5s local moved kept=426 field=15.86 disagree 0.3097 -> 0.1466
[11:07:33] +32.5s seam grid 54x63 nodes=3122
[11:07:33] +32.5s cut_energy opt=173187 shipped=173187 excess=+0.000%
[11:07:33] +32.5s seam grid 403x479 nodes=49968
[11:07:34] +32.8s cut_energy opt=1896042 shipped=1896042 excess=+0.000%
[11:07:34] +32.8s seam refine nodes=49968
[11:07:34] +32.8s painted
[11:07:34] +32.8s mask blurred
[11:07:34] +32.9s pyramid gauss
[11:07:34] +33.0s pyramid expand
[11:07:34] +33.0s pasted
[11:07:34] +33.0s blended 9 keepA=0.44
[11:07:34] +33.0s time  linear_photometry=8.04s
[11:07:34] +33.0s photometry source=second compose
[11:07:34] +33.0s save seam preview
[11:07:34] +33.0s save cut fullres
[11:07:34] +33.0s photometry gains=10
[11:07:34] +33.0s photo pedestal=0.002654 field_norm=2.012343 gains=[0.9964 1.0341 0.9594 0.9558 1.0073 0.9939 1.0517 0.9702 1.0317 1.0043]
[11:07:34] +33.0s save seam developed
[11:07:34] +33.0s canvas perspective 25820x6819
[11:07:35] +33.7s local align resolution 1/1
[11:07:35] +33.7s composite levels=6 pad=512
[11:07:35] +33.7s local alignment refine=false
[11:07:36] +34.8s warped DSCF0571.RAF straight
[11:07:37] +36.5s field n=0 const=[1.0000 1.0000 1.0000] peak=0.0000 gain=-0.1335 (rejected)
[11:07:38] +36.8s seam grid 171x206 nodes=34506
[11:07:38] +37.1s cut_energy opt=293003 shipped=293003 excess=+0.000%
[11:07:38] +37.2s seam grid 1340x1621 nodes=143628
[11:07:40] +38.8s cut_energy opt=5049182 shipped=5049182 excess=+0.000%
[11:07:40] +38.8s seam refine nodes=143628
[11:07:40] +38.8s painted
[11:07:40] +38.9s mask blurred
[11:07:42] +40.7s pyramid gauss
[11:07:43] +41.8s pyramid expand
[11:07:43] +41.9s blended
[11:07:43] +41.9s seam 1 window=9002x6057 keepA=0.70
[11:07:43] +41.9s warped DSCF0572.RAF nudged
[11:07:45] +43.7s field n=0 const=[1.0000 1.0000 1.0000] peak=0.0000 gain=-0.0850 (rejected)
[11:07:45] +44.1s seam grid 173x211 nodes=35965
[11:07:45] +44.3s cut_energy opt=338902 shipped=338902 excess=+0.000%
[11:07:45] +44.4s seam grid 1369x1658 nodes=185875
[11:07:50] +49.1s cut_energy opt=3995339 shipped=3995339 excess=+0.000%
[11:07:50] +49.1s seam refine nodes=185875
[11:07:50] +49.1s painted
[11:07:50] +49.3s mask blurred
[11:07:52] +51.1s pyramid gauss
[11:07:53] +52.3s pyramid expand
[11:07:53] +52.5s blended
[11:07:53] +52.5s seam 2 window=9428x6331 keepA=0.97
[11:07:53] +52.5s warped DSCF0570.RAF nudged
[11:07:55] +54.3s field n=0 const=[1.0000 1.0000 1.0000] peak=0.0000 gain=-0.0730 (rejected)
[11:07:56] +54.6s seam grid 169x202 nodes=33627
[11:07:56] +54.8s cut_energy opt=292929 shipped=292929 excess=+0.000%
[11:07:56] +54.9s seam grid 1327x1586 nodes=130277
[11:07:59] +57.6s cut_energy opt=4724105 shipped=4724105 excess=+0.000%
[11:07:59] +57.6s seam refine nodes=130277
[11:07:59] +57.7s painted
[11:07:59] +57.8s mask blurred
[11:08:01] +59.6s pyramid gauss
[11:08:01] +60.6s pyramid expand
[11:08:02] +60.7s blended
[11:08:02] +60.7s seam 3 window=8879x6000 keepA=0.48
[11:08:02] +60.7s warped DSCF0573.RAF nudged
[11:08:04] +62.6s field n=0 const=[1.0000 1.0000 1.0000] peak=0.0000 gain=-0.0936 (rejected)
[11:08:04] +63.0s seam grid 180x218 nodes=38312
[11:08:04] +63.4s cut_energy opt=296866 shipped=296866 excess=+0.000%
[11:08:04] +63.5s seam grid 1417x1720 nodes=196037
[11:08:07] +66.4s cut_energy opt=3128514 shipped=3128514 excess=+0.000%
[11:08:07] +66.4s seam refine nodes=196037
[11:08:07] +66.4s painted
[11:08:08] +66.6s mask blurred
[11:08:09] +68.4s pyramid gauss
[11:08:11] +69.8s pyramid expand
[11:08:11] +69.9s blended
[11:08:11] +69.9s seam 4 window=9805x6488 keepA=0.21
[11:08:11] +69.9s warped DSCF0569.RAF nudged
[11:08:13] +72.0s field n=0 const=[1.0000 1.0000 1.0000] peak=0.0000 gain=-0.0395 (rejected)
[11:08:13] +72.4s seam grid 187x233 nodes=41758
[11:08:14] +72.7s cut_energy opt=186468 shipped=186468 excess=+0.000%
[11:08:14] +72.8s seam grid 1468x1834 nodes=174134
[11:08:16] +74.6s cut_energy opt=1945055 shipped=1945055 excess=+0.000%
[11:08:16] +74.6s seam refine nodes=174134
[11:08:16] +74.7s painted
[11:08:16] +74.8s mask blurred
[11:08:18] +76.9s pyramid gauss
[11:08:19] +78.3s pyramid expand
[11:08:19] +78.5s blended
[11:08:19] +78.5s seam 5 window=10271x6667 keepA=0.61
[11:08:19] +78.5s warped DSCF0568.RAF nudged
[11:08:21] +80.3s field n=0 const=[1.0000 1.0000 1.0000] peak=0.0000 gain=-0.0943 (rejected)
[11:08:22] +80.6s seam grid 165x195 nodes=32165
[11:08:22] +80.8s cut_energy opt=343792 shipped=343792 excess=+0.000%
[11:08:22] +80.9s seam grid 1294x1537 nodes=137053
[11:08:23] +82.5s cut_energy opt=4700899 shipped=4700899 excess=+0.000%
[11:08:23] +82.5s seam refine nodes=137053
[11:08:24] +82.6s painted
[11:08:24] +82.7s mask blurred
[11:08:25] +84.3s pyramid gauss
[11:08:26] +85.2s pyramid expand
[11:08:26] +85.3s blended
[11:08:26] +85.3s seam 6 window=8835x5876 keepA=0.84
[11:08:26] +85.3s warped DSCF0574.RAF nudged
[11:08:29] +87.6s field n=0 const=[1.0000 1.0000 1.0000] peak=0.0000 gain=-0.0707 (rejected)
[11:08:29] +88.0s seam grid 194x248 nodes=45689
[11:08:29] +88.4s cut_energy opt=278748 shipped=278748 excess=+0.000%
[11:08:29] +88.5s seam grid 1522x1954 nodes=207615
[11:08:33] +91.7s cut_energy opt=3346173 shipped=3346173 excess=+0.000%
[11:08:33] +91.7s seam refine nodes=207615
[11:08:33] +91.8s painted
[11:08:33] +91.9s mask blurred
[11:08:35] +94.2s pyramid gauss
[11:08:37] +95.6s pyramid expand
[11:08:37] +95.8s blended
[11:08:37] +95.8s seam 7 window=10847x6819 keepA=0.62
[11:08:37] +95.8s warped DSCF0567.RAF nudged
[11:08:39] +97.6s field n=0 const=[1.0000 1.0000 1.0000] peak=0.0000 gain=-0.0690 (rejected)
[11:08:39] +97.9s seam grid 168x203 nodes=33978
[11:08:39] +98.2s cut_energy opt=383371 shipped=383371 excess=+0.000%
[11:08:39] +98.2s seam grid 1320x1597 nodes=149418
[11:08:41] +100.5s cut_energy opt=4159328 shipped=4159328 excess=+0.000%
[11:08:41] +100.5s seam refine nodes=149418
[11:08:41] +100.5s painted
[11:08:42] +100.6s mask blurred
[11:08:43] +102.2s pyramid gauss
[11:08:44] +103.2s pyramid expand
[11:08:44] +103.3s blended
[11:08:44] +103.3s seam 8 window=8377x5873 keepA=0.75
[11:08:44] +103.3s warped DSCF0575.RAF nudged
[11:08:47] +105.7s field n=0 const=[1.0000 1.0000 1.0000] peak=0.0000 gain=-0.0837 (rejected)
[11:08:47] +106.1s seam grid 200x238 nodes=45974
[11:08:48] +106.7s cut_energy opt=315634 shipped=315634 excess=+0.000%
[11:08:48] +106.8s seam grid 1572x1876 nodes=182777
[11:08:51] +109.9s cut_energy opt=3784360 shipped=3784360 excess=+0.000%
[11:08:51] +109.9s seam refine nodes=182777
[11:08:51] +109.9s painted
[11:08:51] +110.1s mask blurred
[11:08:53] +112.3s pyramid gauss
[11:08:55] +113.7s pyramid expand
[11:08:55] +113.9s blended
[11:08:55] +113.9s seam 9 window=11491x6819 keepA=0.56
[11:08:55] +113.9s warped DSCF0566.RAF nudged
[11:08:55] +113.9s refined shifts seams=0 mean_abs_shift=0.000px max_abs_shift=0.000px
[11:08:55] +113.9s exposure gains applied 8
[11:08:55] +114.1s SAVECROP canvas=25820x6819 crop=(0.00701,0.22668) size=0.98426x0.73200 -> tiff 25414x4991
[11:08:55] +114.1s save encode 25414x4991
[11:09:04] +123.5s seam dump /home/dalibor/Projects/RapidRAW/lean_pano_proto/out/v52/DSCF0566/seams.txt
[11:09:04] +123.5s blend_stage extract=0.00s
[11:09:04] +123.5s blend_stage graphcut=52.92s
[11:09:04] +123.5s blend_stage mask_blur=2.57s
[11:09:04] +123.5s blend_stage pyr_blend=41.68s
[11:09:04] +123.5s boundary_step final: n=9546 median_step=3.26% p90=43.80%
[11:09:04] +123.5s blinds_flat  final: n=14388 median_step=1.93% p90=25.64%
[11:09:04] +123.5s woodline    final: n=8623 median_step=9.81% p90=65.97%
[11:09:04] +123.5s ghost_band   final: mean=0.710 keepA=0.64 cut_px=108348 swallowed=1
[11:09:04] +123.5s sharpness_lapvar final: 9.591595215072697
[11:09:04] +123.5s pano_mean_lum 0.05253268386760705 shadow_median 0.036066580563783646 canvas 25414x4991 levels=6 window_px=512
[11:09:04] +123.5s time  final blend=69.91s encode_tiff=1.31s metrics=6.62s photometry=4.14s step_metrics=0.19s warp=4.36s
[11:09:04] +123.5s time  total=123.52s
[11:09:04] +123.5s saved /home/dalibor/Projects/RapidRAW/lean_pano_proto/out/v52/DSCF0566/DSCF0566_Pano.tiff
