[00:38:20] +0.0s log /home/dalibor/Projects/RapidRAW/lean_pano_proto/out/v30/DSCF6498/DSCF6498_Pano.pano.log
[00:38:20] +0.0s merge started files=4
[00:38:20] +0.2s jpeg DSCF6498.RAF native 4416x2944 declared 4416x2944
[00:38:20] +0.4s jpeg DSCF6499.RAF native 4416x2944 declared 4416x2944
[00:38:20] +0.6s jpeg DSCF6500.RAF native 4416x2944 declared 4416x2944
[00:38:21] +0.8s jpeg DSCF6501.RAF native 4416x2944 declared 4416x2944
[00:38:22] +2.3s points DSCF6498.RAF 11827
[00:38:22] +2.3s points DSCF6499.RAF 11862
[00:38:22] +2.3s points DSCF6500.RAF 11909
[00:38:22] +2.3s points DSCF6501.RAF 11915
[00:38:24] +4.7s match DSCF6498.RAF<->DSCF6499.RAF: 3880 good
[00:38:24] +4.7s match DSCF6498.RAF<->DSCF6500.RAF: 2989 good
[00:38:24] +4.7s match DSCF6498.RAF<->DSCF6501.RAF: 1964 good
[00:38:24] +4.7s match DSCF6499.RAF<->DSCF6500.RAF: 4112 good
[00:38:24] +4.7s match DSCF6499.RAF<->DSCF6501.RAF: 2818 good
[00:38:24] +4.7s match DSCF6500.RAF<->DSCF6501.RAF: 4243 good
[00:38:25] +4.8s aligned kept=4 focal35=35.0 jpeg=4416x2944 points=4416x2944
[00:38:25] +4.8s lens crop=1.534 focal35=35.0 calib=1.529
[00:38:25] +5.4s sky target 0.5027
[00:38:25] +5.4s sky scale DSCF6498.RAF 1.074 median 0.4681
[00:38:25] +5.4s sky scale DSCF6499.RAF 0.953 median 0.5275
[00:38:25] +5.4s sky scale DSCF6500.RAF 1.000 median 0.5027
[00:38:25] +5.4s sky scale DSCF6501.RAF 1.076 median 0.4673
[00:38:25] +5.4s Matching brightness...
[00:38:25] +5.4s canvas cylindrical 2787x1333
[00:38:25] +5.5s warp DSCF6499.RAF: bbox=(618,35,2417,1324) 1799x1289
[00:38:25] +5.5s warp DSCF6501.RAF: bbox=(0,52,1789,1333) 1789x1281
[00:38:25] +5.5s warp DSCF6498.RAF: bbox=(972,0,2787,1288) 1815x1288
[00:38:25] +5.5s warp DSCF6500.RAF: bbox=(301,44,2095,1333) 1794x1289
[00:38:25] +5.6s brightness gains=4 corner=1.017
[00:38:25] +5.6s Blending photos...
[00:38:25] +5.7s blend 1: window=2607x1333 tiles=741
[00:38:26] +6.0s local moved kept=301 field=4.73 disagree 0.3895 -> 0.2661
[00:38:26] +6.0s seam grid 44x51 nodes=2105
[00:38:26] +6.0s seam grid 329x382 nodes=30371
[00:38:26] +6.1s seam refine nodes=30371
[00:38:26] +6.1s painted
[00:38:26] +6.1s mask blurred
[00:38:26] +6.2s pyramid gauss
[00:38:26] +6.3s pyramid expand
[00:38:26] +6.3s pasted
[00:38:26] +6.3s blended 1 keepA=0.38
[00:38:26] +6.3s blend 2: window=2327x1333 tiles=665
[00:38:26] +6.5s local moved kept=250 field=3.72 disagree 0.4482 -> 0.3442
[00:38:26] +6.5s seam grid 43x50 nodes=2087
[00:38:26] +6.5s seam grid 326x374 nodes=27995
[00:38:26] +6.7s seam refine nodes=27995
[00:38:26] +6.7s painted
[00:38:26] +6.7s mask blurred
[00:38:27] +6.8s pyramid gauss
[00:38:27] +6.8s pyramid expand
[00:38:27] +6.8s pasted
[00:38:27] +6.8s blended 2 keepA=0.54
[00:38:27] +6.8s blend 3: window=2301x1333 tiles=646
[00:38:27] +7.1s local moved kept=319 field=6.82 disagree 0.4221 -> 0.3091
[00:38:27] +7.1s seam grid 44x51 nodes=2139
[00:38:27] +7.1s seam grid 327x385 nodes=22480
[00:38:27] +7.2s seam refine nodes=22480
[00:38:27] +7.2s painted
[00:38:27] +7.2s mask blurred
[00:38:27] +7.2s pyramid gauss
[00:38:27] +7.3s pyramid expand
[00:38:27] +7.3s pasted
[00:38:27] +7.3s blended 3 keepA=0.48
[00:38:27] +7.3s preview canvas cylindrical 2787x1333 shifts=3
[00:38:27] +7.3s time  preview=2.45s (solve+match 4.84s)
[00:38:27] +7.4s preview ready /home/dalibor/Projects/RapidRAW/lean_pano_proto/out/v30/DSCF6498/DSCF6498_preview.jpg
[00:38:27] +7.4s save started
[00:38:27] +7.4s develop jobs=4
[00:38:30] +10.7s developed DSCF6498.RAF 7728x5152 -> 1920x1280
[00:38:30] +10.7s developed DSCF6499.RAF 7728x5152 -> 1920x1280
[00:38:30] +10.7s developed DSCF6500.RAF 7728x5152 -> 1920x1280
[00:38:30] +10.7s developed DSCF6501.RAF 7728x5152 -> 1920x1280
[00:38:30] +10.7s time  develop=3.29s
[00:38:30] +10.7s scale raw=7728x5152 jpeg=4416x2944 x=1.7500 y=1.7500
[00:38:30] +10.7s Matching brightness...
[00:38:30] +10.7s canvas cylindrical 2787x1333
[00:38:31] +10.8s warp DSCF6501.RAF: bbox=(0,52,1789,1333) 1789x1281
[00:38:31] +10.8s warp DSCF6499.RAF: bbox=(618,35,2417,1324) 1799x1289
[00:38:31] +10.8s warp DSCF6498.RAF: bbox=(972,0,2787,1288) 1815x1288
[00:38:31] +10.8s warp DSCF6500.RAF: bbox=(301,44,2095,1333) 1794x1289
[00:38:31] +10.9s brightness gains=4 corner=0.917
[00:38:31] +10.9s Blending photos...
[00:38:31] +11.0s blend 1: window=2607x1333 tiles=741
[00:38:31] +11.4s local moved kept=320 field=7.31 disagree 0.3281 -> 0.1957
[00:38:31] +11.4s seam grid 44x51 nodes=2105
[00:38:31] +11.4s seam grid 329x382 nodes=29458
[00:38:31] +11.5s seam refine nodes=29458
[00:38:31] +11.5s painted
[00:38:31] +11.5s mask blurred
[00:38:31] +11.6s pyramid gauss
[00:38:31] +11.7s pyramid expand
[00:38:31] +11.7s pasted
[00:38:31] +11.7s blended 1 keepA=0.50
[00:38:31] +11.7s blend 2: window=2327x1333 tiles=665
[00:38:32] +11.9s local moved kept=303 field=7.03 disagree 0.3509 -> 0.2409
[00:38:32] +11.9s seam grid 43x50 nodes=2088
[00:38:32] +11.9s seam grid 326x374 nodes=34018
[00:38:32] +12.1s seam refine nodes=34018
[00:38:32] +12.1s painted
[00:38:32] +12.1s mask blurred
[00:38:32] +12.1s pyramid gauss
[00:38:32] +12.2s pyramid expand
[00:38:32] +12.2s pasted
[00:38:32] +12.2s blended 2 keepA=0.67
[00:38:32] +12.2s blend 3: window=2301x1333 tiles=646
[00:38:32] +12.5s local moved kept=314 field=9.39 disagree 0.3629 -> 0.2374
[00:38:32] +12.5s seam grid 44x51 nodes=2139
[00:38:32] +12.5s seam grid 327x385 nodes=23118
[00:38:32] +12.5s seam refine nodes=23118
[00:38:32] +12.5s painted
[00:38:32] +12.6s mask blurred
[00:38:32] +12.6s pyramid gauss
[00:38:32] +12.7s pyramid expand
[00:38:32] +12.7s pasted
[00:38:32] +12.7s blended 3 keepA=0.49
[00:38:32] +12.7s time  linear_photometry=2.04s
[00:38:32] +12.7s photometry source=second compose
[00:38:32] +12.7s save seam preview
[00:38:32] +12.7s save cut fullres
[00:38:32] +12.7s photometry gains=4
[00:38:32] +12.7s photo pedestal=0.002401 field_norm=0.728916 gains=[0.9600 1.0219 0.9811 1.0390]
[00:38:32] +12.7s canvas cylindrical 11215x5366
[00:38:33] +12.9s local align resolution 1/2
[00:38:33] +12.9s composite levels=6 pad=512
[00:38:33] +12.9s local alignment refine=true
[00:38:34] +13.9s warped DSCF6499.RAF straight
[00:38:36] +16.3s local moved kept=1296 field=8.67 disagree 0.3571 -> 0.2133
[00:38:36] +16.6s field n=0 const=[1.0000 1.0000 1.0000] peak=0.0000 gain=-0.0807 (rejected)
[00:38:37] +16.9s seam grid 164x189 nodes=30288
[00:38:37] +17.1s seam grid 1288x1487 nodes=119298
[00:38:38] +18.3s seam refine nodes=119298
[00:38:38] +18.3s painted
[00:38:38] +18.4s mask blurred
[00:38:40] +19.9s pyramid gauss
[00:38:41] +20.8s pyramid expand
[00:38:41] +20.9s blended
[00:38:41] +20.9s seam 1 window=8193x5366 keepA=0.51
[00:38:41] +20.9s warped DSCF6500.RAF nudged
[00:38:43] +23.4s local moved kept=1205 field=11.15 disagree 0.3620 -> 0.2280
[00:38:44] +23.7s field n=0 const=[1.0000 1.0000 1.0000] peak=0.0000 gain=-0.0642 (rejected)
[00:38:44] +24.0s seam grid 161x185 nodes=29661
[00:38:44] +24.2s seam grid 1261x1454 nodes=116533
[00:38:45] +25.1s seam refine nodes=116533
[00:38:45] +25.2s painted
[00:38:45] +25.3s mask blurred
[00:38:46] +26.6s pyramid gauss
[00:38:47] +27.6s pyramid expand
[00:38:47] +27.7s blended
[00:38:47] +27.7s seam 2 window=7789x5366 keepA=0.48
[00:38:47] +27.7s warped DSCF6498.RAF nudged
[00:38:50] +30.1s local moved kept=1314 field=13.17 disagree 0.3749 -> 0.2476
[00:38:50] +30.5s field n=0 const=[1.0000 1.0000 1.0000] peak=0.0000 gain=-0.0725 (rejected)
[00:38:50] +30.7s seam grid 164x190 nodes=30419
[00:38:51] +30.9s seam grid 1290x1497 nodes=88994
[00:38:51] +31.4s seam refine nodes=88994
[00:38:51] +31.4s painted
[00:38:51] +31.5s mask blurred
[00:38:53] +33.0s pyramid gauss
[00:38:54] +34.0s pyramid expand
[00:38:54] +34.1s blended
[00:38:54] +34.1s seam 3 window=7689x5366 keepA=0.49
[00:38:54] +34.1s warped DSCF6501.RAF nudged
[00:38:54] +34.1s refined shifts seams=0 mean_abs_shift=0.000px max_abs_shift=0.000px
[00:38:54] +34.1s exposure gains applied 2
[00:38:54] +34.2s save encode 10898x4428
[00:38:58] +38.0s seam dump /home/dalibor/Projects/RapidRAW/lean_pano_proto/out/v30/DSCF6498/seams.txt
[00:38:58] +38.0s blend_stage extract=0.00s
[00:38:58] +38.0s blend_stage graphcut=55.93s
[00:38:58] +38.0s blend_stage local_align_half=45.39s
[00:38:58] +38.0s blend_stage mask_blur=4.58s
[00:38:58] +38.0s blend_stage pyr_blend=71.39s
[00:38:58] +38.0s boundary_step final: n=2571 median_step=7.20% p90=81.49%
[00:38:58] +38.0s blinds_flat  final: n=2522 median_step=1.62% p90=54.84%
[00:38:58] +38.0s woodline    final: n=1696 median_step=31.62% p90=107.36%
[00:38:58] +38.0s ghost_band   final: mean=0.555 keepA=0.49 cut_px=23945 swallowed=0
[00:38:58] +38.0s sharpness_lapvar final: 10.07892546728311
[00:38:58] +38.0s pano_mean_lum 0.08117781156375604 shadow_median 0.0551568828523159 canvas 10898x4428 levels=6 window_px=512
[00:38:58] +38.0s time  final blend=17.76s encode_tiff=0.50s metrics=2.70s photometry=1.23s step_metrics=0.14s warp=1.41s
[00:38:58] +38.0s time  total=38.00s
[00:38:58] +38.0s saved /home/dalibor/Projects/RapidRAW/lean_pano_proto/out/v30/DSCF6498/DSCF6498_Pano.tiff
