[05:37:15] +0.0s log /home/dalibor/Projects/RapidRAW/lean_pano_proto/out/v50/DSCF0559/DSCF0559_Pano.pano.log
[05:37:15] +0.0s merge started files=6
[05:37:15] +0.1s focal native=43.9mm x crop=1.534 = 67.34mm 35eq (exif 35eq=66.0, implied crop=1.5034, delta=+2.03%)
[05:37:15] +0.2s jpeg DSCF0559.RAF native 4416x2944 declared 4416x2944
[05:37:15] +0.4s jpeg DSCF0560.RAF native 4416x2944 declared 4416x2944
[05:37:15] +0.6s jpeg DSCF0561.RAF native 4416x2944 declared 4416x2944
[05:37:16] +0.8s jpeg DSCF0562.RAF native 4416x2944 declared 4416x2944
[05:37:16] +1.0s jpeg DSCF0563.RAF native 4416x2944 declared 4416x2944
[05:37:16] +1.2s jpeg DSCF0564.RAF native 4416x2944 declared 4416x2944
[05:37:18] +2.9s points DSCF0559.RAF 11768
[05:37:18] +2.9s points DSCF0560.RAF 11797
[05:37:18] +2.9s points DSCF0561.RAF 11802
[05:37:18] +2.9s points DSCF0562.RAF 11832
[05:37:18] +2.9s points DSCF0563.RAF 11875
[05:37:18] +2.9s points DSCF0564.RAF 11615
[05:37:22] +6.9s match DSCF0559.RAF<->DSCF0560.RAF: 6031 good
[05:37:22] +6.9s match DSCF0559.RAF<->DSCF0561.RAF: 4309 good
[05:37:22] +6.9s match DSCF0559.RAF<->DSCF0562.RAF: 2595 good
[05:37:22] +6.9s match DSCF0559.RAF<->DSCF0563.RAF: 1459 good
[05:37:22] +6.9s match DSCF0559.RAF<->DSCF0564.RAF: 309 good
[05:37:22] +6.9s match DSCF0560.RAF<->DSCF0561.RAF: 6037 good
[05:37:22] +6.9s match DSCF0560.RAF<->DSCF0562.RAF: 3977 good
[05:37:22] +6.9s match DSCF0560.RAF<->DSCF0563.RAF: 2886 good
[05:37:22] +6.9s match DSCF0560.RAF<->DSCF0564.RAF: 1745 good
[05:37:22] +6.9s match DSCF0561.RAF<->DSCF0562.RAF: 5687 good
[05:37:22] +6.9s match DSCF0561.RAF<->DSCF0563.RAF: 4251 good
[05:37:22] +6.9s match DSCF0561.RAF<->DSCF0564.RAF: 3173 good
[05:37:22] +6.9s match DSCF0562.RAF<->DSCF0563.RAF: 6236 good
[05:37:22] +6.9s match DSCF0562.RAF<->DSCF0564.RAF: 4701 good
[05:37:22] +6.9s match DSCF0563.RAF<->DSCF0564.RAF: 6348 good
[05:37:22] +7.3s aligned kept=6 focal35=67.3 jpeg=4416x2944 points=4416x2944
[05:37:22] +7.3s lens crop=1.534 focal35=67.3 calib=1.529
[05:37:23] +8.1s sky target 0.1857
[05:37:23] +8.1s sky scale DSCF0559.RAF 1.581 median 0.1175
[05:37:23] +8.1s sky scale DSCF0560.RAF 1.193 median 0.1558
[05:37:23] +8.1s sky scale DSCF0561.RAF 1.053 median 0.1764
[05:37:23] +8.1s sky scale DSCF0562.RAF 1.000 median 0.1857
[05:37:23] +8.1s sky scale DSCF0563.RAF 0.870 median 0.2135
[05:37:23] +8.1s sky scale DSCF0564.RAF 0.804 median 0.2309
[05:37:23] +8.1s Matching brightness...
[05:37:23] +8.1s canvas perspective 4172x1579
[05:37:23] +8.2s warp DSCF0562.RAF: bbox=(1479,124,3443,1464) 1964x1340
[05:37:23] +8.2s warp DSCF0563.RAF: bbox=(1891,128,3833,1432) 1942x1304
[05:37:23] +8.2s warp DSCF0564.RAF: bbox=(2223,89,4172,1422) 1949x1333
[05:37:23] +8.2s warp DSCF0559.RAF: bbox=(0,0,2341,1579) 2341x1579
[05:37:23] +8.2s warp DSCF0561.RAF: bbox=(977,84,3020,1496) 2043x1412
[05:37:23] +8.2s warp DSCF0560.RAF: bbox=(488,47,2660,1544) 2172x1497
[05:37:23] +8.3s brightness gains=6 corner=0.833
[05:37:23] +8.3s Blending photos...
[05:37:23] +8.5s blend 1: window=2793x1579 tiles=966
[05:37:24] +8.8s local moved kept=260 field=1.82 disagree 0.0971 -> 0.0718
[05:37:24] +8.8s seam grid 45x53 nodes=2277
[05:37:24] +8.8s cut_energy opt=134426 shipped=134426 excess=+0.000%
[05:37:24] +8.8s seam grid 337x401 nodes=38821
[05:37:24] +9.0s cut_energy opt=1376705 shipped=1376705 excess=+0.000%
[05:37:24] +9.0s seam refine nodes=38821
[05:37:24] +9.0s painted
[05:37:24] +9.0s mask blurred
[05:37:24] +9.1s pyramid gauss
[05:37:24] +9.2s pyramid expand
[05:37:24] +9.2s pasted
[05:37:24] +9.2s blended 1 keepA=0.58
[05:37:24] +9.2s blend 2: window=3067x1579 tiles=1058
[05:37:24] +9.5s local moved kept=259 field=3.01 disagree 0.1178 -> 0.1011
[05:37:24] +9.5s seam grid 47x53 nodes=2276
[05:37:24] +9.5s cut_energy opt=91971 shipped=91971 excess=+0.000%
[05:37:24] +9.5s seam grid 348x398 nodes=30866
[05:37:24] +9.6s cut_energy opt=1024348 shipped=1024348 excess=+0.000%
[05:37:24] +9.6s seam refine nodes=30866
[05:37:24] +9.6s painted
[05:37:24] +9.6s mask blurred
[05:37:25] +9.6s pyramid gauss
[05:37:25] +9.7s pyramid expand
[05:37:25] +9.7s pasted
[05:37:25] +9.7s blended 2 keepA=0.50
[05:37:25] +9.7s blend 3: window=2461x1579 tiles=851
[05:37:25] +10.0s local moved kept=259 field=4.19 disagree 0.1019 -> 0.0712
[05:37:25] +10.1s seam grid 45x55 nodes=2378
[05:37:25] +10.1s cut_energy opt=173720 shipped=173720 excess=+0.000%
[05:37:25] +10.1s seam grid 336x415 nodes=39182
[05:37:25] +10.2s cut_energy opt=1638900 shipped=1638900 excess=+0.000%
[05:37:25] +10.2s seam refine nodes=39182
[05:37:25] +10.2s painted
[05:37:25] +10.2s mask blurred
[05:37:25] +10.3s pyramid gauss
[05:37:25] +10.4s pyramid expand
[05:37:25] +10.4s pasted
[05:37:25] +10.4s blended 3 keepA=0.53
[05:37:25] +10.4s blend 4: window=3172x1579 tiles=1104
[05:37:26] +10.7s local moved kept=359 field=4.05 disagree 0.1032 -> 0.0743
[05:37:26] +10.7s seam grid 48x58 nodes=2509
[05:37:26] +10.7s cut_energy opt=86525 shipped=86525 excess=+0.000%
[05:37:26] +10.7s seam grid 366x434 nodes=31828
[05:37:26] +10.8s cut_energy opt=1093672 shipped=1093672 excess=+0.000%
[05:37:26] +10.8s seam refine nodes=31828
[05:37:26] +10.8s painted
[05:37:26] +10.8s mask blurred
[05:37:26] +10.9s pyramid gauss
[05:37:26] +11.0s pyramid expand
[05:37:26] +11.0s pasted
[05:37:26] +11.0s blended 4 keepA=0.49
[05:37:26] +11.0s blend 5: window=2853x1579 tiles=989
[05:37:26] +11.4s local moved kept=413 field=1.84 disagree 0.1311 -> 0.0730
[05:37:26] +11.5s seam grid 52x63 nodes=2871
[05:37:26] +11.5s cut_energy opt=84055 shipped=84055 excess=+0.000%
[05:37:26] +11.5s seam grid 387x476 nodes=30079
[05:37:26] +11.5s cut_energy opt=1079577 shipped=1079577 excess=+0.000%
[05:37:26] +11.5s seam refine nodes=30079
[05:37:26] +11.5s painted
[05:37:26] +11.6s mask blurred
[05:37:27] +11.6s pyramid gauss
[05:37:27] +11.8s pyramid expand
[05:37:27] +11.8s pasted
[05:37:27] +11.8s blended 5 keepA=0.47
[05:37:27] +11.8s preview canvas perspective 4172x1579 shifts=5
[05:37:27] +11.8s time  preview=4.51s (solve+match 7.26s)
[05:37:27] +11.8s preview ready /home/dalibor/Projects/RapidRAW/lean_pano_proto/out/v50/DSCF0559/DSCF0559_preview.jpg
[05:37:27] +11.8s save started
[05:37:27] +11.8s develop jobs=4
[05:37:31] +16.3s developed DSCF0559.RAF 7728x5152 -> 1920x1280
[05:37:31] +16.3s developed DSCF0560.RAF 7728x5152 -> 1920x1280
[05:37:31] +16.3s developed DSCF0561.RAF 7728x5152 -> 1920x1280
[05:37:31] +16.3s developed DSCF0562.RAF 7728x5152 -> 1920x1280
[05:37:31] +16.3s developed DSCF0563.RAF 7728x5152 -> 1920x1280
[05:37:31] +16.3s developed DSCF0564.RAF 7728x5152 -> 1920x1280
[05:37:31] +16.3s time  develop=4.46s
[05:37:31] +16.3s scale raw=7728x5152 jpeg=4416x2944 x=1.7500 y=1.7500
[05:37:31] +16.3s Matching brightness...
[05:37:31] +16.3s canvas perspective 4172x1579
[05:37:31] +16.5s warp DSCF0563.RAF: bbox=(1891,128,3833,1432) 1942x1304
[05:37:31] +16.5s warp DSCF0562.RAF: bbox=(1479,124,3443,1464) 1964x1340
[05:37:31] +16.5s warp DSCF0561.RAF: bbox=(977,84,3020,1496) 2043x1412
[05:37:31] +16.5s warp DSCF0560.RAF: bbox=(488,47,2660,1544) 2172x1497
[05:37:31] +16.5s warp DSCF0559.RAF: bbox=(0,0,2341,1579) 2341x1579
[05:37:32] +16.7s warp DSCF0564.RAF: bbox=(2223,89,4172,1422) 1949x1333
[05:37:32] +16.8s brightness gains=6 corner=0.872
[05:37:32] +16.8s Blending photos...
[05:37:32] +17.0s blend 1: window=2793x1579 tiles=966
[05:37:32] +17.3s local moved kept=387 field=3.58 disagree 0.1549 -> 0.0592
[05:37:32] +17.4s seam grid 45x53 nodes=2277
[05:37:32] +17.4s cut_energy opt=137435 shipped=137435 excess=+0.000%
[05:37:32] +17.4s seam grid 337x401 nodes=41983
[05:37:32] +17.6s cut_energy opt=1466563 shipped=1466563 excess=+0.000%
[05:37:32] +17.6s seam refine nodes=41983
[05:37:32] +17.6s painted
[05:37:32] +17.6s mask blurred
[05:37:33] +17.7s pyramid gauss
[05:37:33] +17.8s pyramid expand
[05:37:33] +17.8s pasted
[05:37:33] +17.8s blended 1 keepA=0.65
[05:37:33] +17.8s blend 2: window=3067x1579 tiles=1058
[05:37:33] +18.1s local moved kept=380 field=4.55 disagree 0.1731 -> 0.0826
[05:37:33] +18.1s seam grid 47x53 nodes=2276
[05:37:33] +18.1s cut_energy opt=91316 shipped=91316 excess=+0.000%
[05:37:33] +18.1s seam grid 348x398 nodes=28035
[05:37:33] +18.2s cut_energy opt=1016243 shipped=1016243 excess=+0.000%
[05:37:33] +18.2s seam refine nodes=28035
[05:37:33] +18.2s painted
[05:37:33] +18.2s mask blurred
[05:37:33] +18.3s pyramid gauss
[05:37:33] +18.3s pyramid expand
[05:37:33] +18.3s pasted
[05:37:33] +18.3s blended 2 keepA=0.50
[05:37:33] +18.3s blend 3: window=2461x1579 tiles=851
[05:37:34] +18.6s local moved kept=375 field=7.19 disagree 0.1836 -> 0.0804
[05:37:34] +18.7s seam grid 45x55 nodes=2378
[05:37:34] +18.7s cut_energy opt=179402 shipped=179402 excess=+0.000%
[05:37:34] +18.7s seam grid 336x415 nodes=43664
[05:37:34] +18.9s cut_energy opt=1727336 shipped=1727336 excess=+0.000%
[05:37:34] +18.9s seam refine nodes=43664
[05:37:34] +18.9s painted
[05:37:34] +18.9s mask blurred
[05:37:34] +19.0s pyramid gauss
[05:37:34] +19.1s pyramid expand
[05:37:34] +19.1s pasted
[05:37:34] +19.1s blended 3 keepA=0.53
[05:37:34] +19.1s blend 4: window=3172x1579 tiles=1104
[05:37:34] +19.4s local moved kept=449 field=6.71 disagree 0.1854 -> 0.0807
[05:37:34] +19.5s seam grid 48x58 nodes=2509
[05:37:34] +19.5s cut_energy opt=89310 shipped=89310 excess=+0.000%
[05:37:34] +19.5s seam grid 366x434 nodes=30506
[05:37:34] +19.5s cut_energy opt=1106049 shipped=1106049 excess=+0.000%
[05:37:34] +19.5s seam refine nodes=30506
[05:37:34] +19.5s painted
[05:37:34] +19.5s mask blurred
[05:37:34] +19.6s pyramid gauss
[05:37:35] +19.7s pyramid expand
[05:37:35] +19.7s pasted
[05:37:35] +19.7s blended 4 keepA=0.49
[05:37:35] +19.7s blend 5: window=2853x1579 tiles=989
[05:37:35] +20.1s local moved kept=506 field=9.25 disagree 0.1902 -> 0.0834
[05:37:35] +20.1s seam grid 52x63 nodes=2871
[05:37:35] +20.1s cut_energy opt=86351 shipped=86351 excess=+0.000%
[05:37:35] +20.1s seam grid 387x476 nodes=29922
[05:37:35] +20.2s cut_energy opt=1076594 shipped=1076594 excess=+0.000%
[05:37:35] +20.2s seam refine nodes=29922
[05:37:35] +20.2s painted
[05:37:35] +20.2s mask blurred
[05:37:35] +20.3s pyramid gauss
[05:37:35] +20.4s pyramid expand
[05:37:35] +20.4s pasted
[05:37:35] +20.4s blended 5 keepA=0.47
[05:37:35] +20.4s time  linear_photometry=4.11s
[05:37:35] +20.4s photometry source=second compose
[05:37:35] +20.4s save seam preview
[05:37:35] +20.4s save cut fullres
[05:37:35] +20.4s photometry gains=6
[05:37:35] +20.4s photo pedestal=0.003006 field_norm=0.734445 gains=[0.9632 0.9865 1.0250 0.9846 0.9981 1.0449]
[05:37:35] +20.4s save seam developed
[05:37:35] +20.4s canvas perspective 16792x6354
[05:37:36] +20.8s local align resolution 1/1
[05:37:36] +20.8s composite levels=6 pad=512
[05:37:36] +20.8s local alignment refine=false
[05:37:37] +21.9s warped DSCF0562.RAF straight
[05:37:38] +23.5s field n=0 const=[1.0000 1.0000 1.0000] peak=0.0000 gain=-0.0342 (rejected)
[05:37:39] +23.8s seam grid 166x198 nodes=32637
[05:37:39] +24.0s cut_energy opt=237481 shipped=237481 excess=+0.000%
[05:37:39] +24.0s seam grid 1305x1561 nodes=139196
[05:37:41] +25.8s cut_energy opt=2530300 shipped=2530300 excess=+0.000%
[05:37:41] +25.8s seam refine nodes=139196
[05:37:41] +25.8s painted
[05:37:41] +26.0s mask blurred
[05:37:42] +27.0s blended
[05:37:42] +27.0s seam 1 window=8786x6219 keepA=0.68
[05:37:42] +27.0s warped DSCF0563.RAF nudged
[05:37:43] +28.5s field n=0 const=[1.0000 1.0000 1.0000] peak=0.0000 gain=-0.0392 (rejected)
[05:37:44] +28.9s seam grid 172x197 nodes=33021
[05:37:44] +29.0s cut_energy opt=126075 shipped=126075 excess=+0.000%
[05:37:44] +29.1s seam grid 1349x1551 nodes=110593
[05:37:44] +29.5s cut_energy opt=1181897 shipped=1181897 excess=+0.000%
[05:37:44] +29.5s seam refine nodes=110593
[05:37:44] +29.5s painted
[05:37:45] +29.7s mask blurred
[05:37:46] +30.8s blended
[05:37:46] +30.8s seam 2 window=9195x6354 keepA=0.49
[05:37:46] +30.8s warped DSCF0561.RAF nudged
[05:37:47] +32.4s field n=0 const=[1.0000 1.0000 1.0000] peak=0.0000 gain=-0.0879 (rejected)
[05:37:48] +32.7s seam grid 166x206 nodes=34124
[05:37:48] +32.9s cut_energy opt=275906 shipped=275906 excess=+0.000%
[05:37:48] +32.9s seam grid 1299x1620 nodes=137774
[05:37:50] +34.7s cut_energy opt=3051178 shipped=3051178 excess=+0.000%
[05:37:50] +34.7s seam refine nodes=137774
[05:37:50] +34.7s painted
[05:37:50] +34.8s mask blurred
[05:37:51] +35.9s blended
[05:37:51] +35.9s seam 3 window=8332x6211 keepA=0.61
[05:37:51] +35.9s warped DSCF0564.RAF nudged
[05:37:52] +37.6s field n=0 const=[1.0000 1.0000 1.0000] peak=0.0000 gain=-0.0632 (rejected)
[05:37:53] +37.9s seam grid 181x215 nodes=36994
[05:37:53] +38.1s cut_energy opt=168015 shipped=168015 excess=+0.000%
[05:37:53] +38.2s seam grid 1421x1694 nodes=152874
[05:37:54] +39.1s cut_energy opt=1784990 shipped=1784990 excess=+0.000%
[05:37:54] +39.1s seam refine nodes=152874
[05:37:54] +39.1s painted
[05:37:54] +39.3s mask blurred
[05:37:55] +40.5s blended
[05:37:55] +40.5s seam 4 window=9716x6354 keepA=0.52
[05:37:55] +40.5s warped DSCF0560.RAF nudged
[05:37:57] +42.4s field n=0 const=[1.0000 1.0000 1.0000] peak=0.0000 gain=-0.0769 (rejected)
[05:37:58] +42.8s seam grid 192x236 nodes=41903
[05:37:58] +43.1s cut_energy opt=164916 shipped=164916 excess=+0.000%
[05:37:58] +43.2s seam grid 1506x1865 nodes=130053
[05:37:59] +44.5s cut_energy opt=1662565 shipped=1662565 excess=+0.000%
[05:37:59] +44.5s seam refine nodes=130053
[05:37:59] +44.5s painted
[05:38:00] +44.6s mask blurred
[05:38:01] +46.0s blended
[05:38:01] +46.0s seam 5 window=9909x6354 keepA=0.38
[05:38:01] +46.0s warped DSCF0559.RAF nudged
[05:38:01] +46.0s refined shifts seams=0 mean_abs_shift=0.000px max_abs_shift=0.000px
[05:38:01] +46.0s exposure gains applied 4
[05:38:01] +46.1s save encode 16502x5014
[05:38:07] +52.2s seam dump /home/dalibor/Projects/RapidRAW/lean_pano_proto/out/v50/DSCF0559/seams.txt
[05:38:07] +52.2s blend_stage extract=0.00s
[05:38:07] +52.2s blend_stage graphcut=16.11s
[05:38:07] +52.2s blend_stage hard_blend=2.28s
[05:38:07] +52.2s blend_stage mask_blur=1.32s
[05:38:07] +52.2s boundary_step final: n=5696 median_step=3.43% p90=28.75%
[05:38:07] +52.2s blinds_flat  final: n=10285 median_step=2.66% p90=20.47%
[05:38:07] +52.2s woodline    final: n=4975 median_step=10.17% p90=33.55%
[05:38:07] +52.2s ghost_band   final: mean=0.623 keepA=0.53 cut_px=46094 swallowed=0
[05:38:07] +52.2s sharpness_lapvar final: 6.277977648719591
[05:38:07] +52.2s pano_mean_lum 0.056850372693516504 shadow_median 0.046376582235097885 canvas 16502x5014 levels=6 window_px=512
[05:38:07] +52.2s time  final blend=19.46s encode_tiff=0.94s metrics=4.32s photometry=2.35s step_metrics=0.13s warp=2.42s
[05:38:07] +52.2s time  total=52.20s
[05:38:07] +52.2s saved /home/dalibor/Projects/RapidRAW/lean_pano_proto/out/v50/DSCF0559/DSCF0559_Pano.tiff
