[14:54:27] +0.0s log /home/dalibor/Projects/RapidRAW/lean_pano_proto/out/v52/DSCF0578/DSCF0578_Pano.pano.log
[14:54:27] +0.0s merge started files=11
[14:54:28] +0.1s focal native unavailable or disabled, using exif 35eq=40.0mm (crop=1.534)
[14:54:28] +0.3s jpeg DSCF0578.RAF native 4416x2944 declared 4416x2944
[14:54:28] +0.4s jpeg DSCF0579.RAF native 4416x2944 declared 4416x2944
[14:54:28] +0.6s jpeg DSCF0580.RAF native 4416x2944 declared 4416x2944
[14:54:28] +0.8s jpeg DSCF0581.RAF native 4416x2944 declared 4416x2944
[14:54:29] +1.1s jpeg DSCF0582.RAF native 4416x2944 declared 4416x2944
[14:54:29] +1.4s jpeg DSCF0583.RAF native 4416x2944 declared 4416x2944
[14:54:29] +1.6s jpeg DSCF0584.RAF native 4416x2944 declared 4416x2944
[14:54:29] +1.8s jpeg DSCF0585.RAF native 4416x2944 declared 4416x2944
[14:54:29] +2.0s jpeg DSCF0586.RAF native 4416x2944 declared 4416x2944
[14:54:30] +2.2s jpeg DSCF0587.RAF native 4416x2944 declared 4416x2944
[14:54:30] +2.4s jpeg DSCF0588.RAF native 4416x2944 declared 4416x2944
[14:54:32] +4.2s points DSCF0578.RAF 1360
[14:54:32] +4.2s points DSCF0579.RAF 1604
[14:54:32] +4.2s points DSCF0580.RAF 1581
[14:54:32] +4.2s points DSCF0581.RAF 1419
[14:54:32] +4.2s points DSCF0582.RAF 1523
[14:54:32] +4.2s points DSCF0583.RAF 1208
[14:54:32] +4.2s points DSCF0584.RAF 1328
[14:54:32] +4.2s points DSCF0585.RAF 2429
[14:54:32] +4.2s points DSCF0586.RAF 3089
[14:54:32] +4.2s points DSCF0587.RAF 3582
[14:54:32] +4.2s points DSCF0588.RAF 3330
[14:54:32] +4.2s matching 19 neighbor pairs
[14:54:32] +4.4s match DSCF0578.RAF<->DSCF0579.RAF: 752 good
[14:54:32] +4.4s match DSCF0578.RAF<->DSCF0580.RAF: 529 good
[14:54:32] +4.4s match DSCF0579.RAF<->DSCF0580.RAF: 781 good
[14:54:32] +4.4s match DSCF0579.RAF<->DSCF0581.RAF: 499 good
[14:54:32] +4.4s match DSCF0580.RAF<->DSCF0581.RAF: 672 good
[14:54:32] +4.4s match DSCF0580.RAF<->DSCF0582.RAF: 472 good
[14:54:32] +4.4s match DSCF0581.RAF<->DSCF0582.RAF: 657 good
[14:54:32] +4.4s match DSCF0581.RAF<->DSCF0583.RAF: 427 good
[14:54:32] +4.4s match DSCF0582.RAF<->DSCF0583.RAF: 633 good
[14:54:32] +4.4s match DSCF0582.RAF<->DSCF0584.RAF: 478 good
[14:54:32] +4.4s match DSCF0583.RAF<->DSCF0584.RAF: 581 good
[14:54:32] +4.4s match DSCF0583.RAF<->DSCF0585.RAF: 431 good
[14:54:32] +4.4s match DSCF0584.RAF<->DSCF0585.RAF: 665 good
[14:54:32] +4.4s match DSCF0584.RAF<->DSCF0586.RAF: 454 good
[14:54:32] +4.4s match DSCF0585.RAF<->DSCF0586.RAF: 1050 good
[14:54:32] +4.4s match DSCF0585.RAF<->DSCF0587.RAF: 794 good
[14:54:32] +4.4s match DSCF0586.RAF<->DSCF0587.RAF: 1449 good
[14:54:32] +4.4s match DSCF0586.RAF<->DSCF0588.RAF: 1007 good
[14:54:32] +4.4s match DSCF0587.RAF<->DSCF0588.RAF: 1471 good
[14:54:32] +4.6s aligned kept=11 focal35=40.0 jpeg=4416x2944 points=4416x2944
[14:54:32] +4.6s lens crop=1.534 focal35=40.0 calib=1.529
[14:54:33] +6.0s sky target 0.1021
[14:54:33] +6.0s sky scale DSCF0578.RAF 4.313 median 0.0237
[14:54:33] +6.0s sky scale DSCF0579.RAF 1.948 median 0.0524
[14:54:33] +6.0s sky scale DSCF0580.RAF 1.321 median 0.0773
[14:54:33] +6.0s sky scale DSCF0581.RAF 1.024 median 0.0997
[14:54:33] +6.0s sky scale DSCF0582.RAF 0.857 median 0.1191
[14:54:33] +6.0s sky scale DSCF0583.RAF 0.927 median 0.1101
[14:54:33] +6.0s sky scale DSCF0584.RAF 0.846 median 0.1207
[14:54:33] +6.0s sky scale DSCF0585.RAF 0.705 median 0.1448
[14:54:33] +6.0s sky scale DSCF0586.RAF 0.719 median 0.1421
[14:54:33] +6.0s sky scale DSCF0587.RAF 1.000 median 0.1021
[14:54:33] +6.0s sky scale DSCF0588.RAF 1.161 median 0.0879
[14:54:33] +6.0s Matching brightness...
[14:54:33] +6.0s canvas cylindrical 5083x1340
[14:54:34] +6.2s warp DSCF0578.RAF: bbox=(0,13,1866,1327) 1866x1314
[14:54:34] +6.2s warp DSCF0581.RAF: bbox=(790,33,2645,1333) 1855x1300
[14:54:34] +6.2s warp DSCF0583.RAF: bbox=(1498,54,3323,1340) 1825x1286
[14:54:34] +6.2s warp DSCF0586.RAF: bbox=(2497,15,4348,1313) 1851x1298
[14:54:34] +6.2s warp DSCF0585.RAF: bbox=(2167,39,4002,1333) 1835x1294
[14:54:34] +6.2s warp DSCF0587.RAF: bbox=(2835,0,4706,1306) 1871x1306
[14:54:34] +6.2s warp DSCF0588.RAF: bbox=(3209,0,5083,1313) 1874x1313
[14:54:34] +6.2s warp DSCF0579.RAF: bbox=(253,15,2125,1326) 1872x1311
[14:54:34] +6.3s warp DSCF0582.RAF: bbox=(1120,53,2960,1340) 1840x1287
[14:54:34] +6.3s warp DSCF0584.RAF: bbox=(1799,49,3622,1340) 1823x1291
[14:54:34] +6.3s warp DSCF0580.RAF: bbox=(525,22,2394,1332) 1869x1310
[14:54:34] +6.6s brightness gains=11 corner=0.805
[14:54:34] +6.6s Blending photos...
[14:54:34] +6.8s blend 1: window=2847x1340 tiles=817
[14:54:35] +7.1s local moved kept=151 field=4.63 disagree 0.0472 -> 0.0338
[14:54:35] +7.1s seam grid 44x53 nodes=2190
[14:54:35] +7.1s cut_energy opt=119912 shipped=119912 excess=+0.000%
[14:54:35] +7.1s seam grid 328x394 nodes=26045
[14:54:35] +7.2s cut_energy opt=1230444 shipped=1230444 excess=+0.000%
[14:54:35] +7.2s seam refine nodes=26045
[14:54:35] +7.2s painted
[14:54:35] +7.2s mask blurred
[14:54:35] +7.3s pyramid gauss
[14:54:35] +7.4s pyramid expand
[14:54:35] +7.4s pasted
[14:54:35] +7.4s blended 1 keepA=0.45
[14:54:35] +7.4s blend 2: window=2864x1340 tiles=817
[14:54:35] +7.7s local moved kept=140 field=4.57 disagree 0.0856 -> 0.0707
[14:54:35] +7.7s seam grid 44x51 nodes=2135
[14:54:35] +7.7s cut_energy opt=109957 shipped=109957 excess=+0.000%
[14:54:35] +7.7s seam grid 328x378 nodes=30643
[14:54:35] +7.8s cut_energy opt=1270333 shipped=1270333 excess=+0.000%
[14:54:35] +7.8s seam refine nodes=30643
[14:54:35] +7.8s painted
[14:54:35] +7.8s mask blurred
[14:54:35] +7.9s pyramid gauss
[14:54:35] +7.9s pyramid expand
[14:54:35] +7.9s pasted
[14:54:35] +7.9s blended 2 keepA=0.49
[14:54:35] +7.9s blend 3: window=2859x1340 tiles=817
[14:54:35] +8.0s local copied sparse
[14:54:35] +8.0s seam grid 44x50 nodes=2080
[14:54:35] +8.0s cut_energy opt=118390 shipped=118390 excess=+0.000%
[14:54:35] +8.0s seam grid 329x377 nodes=25643
[14:54:36] +8.1s cut_energy opt=1261453 shipped=1261453 excess=+0.000%
[14:54:36] +8.1s seam refine nodes=25643
[14:54:36] +8.1s painted
[14:54:36] +8.1s mask blurred
[14:54:36] +8.1s pyramid gauss
[14:54:36] +8.2s pyramid expand
[14:54:36] +8.2s pasted
[14:54:36] +8.2s blended 3 keepA=0.41
[14:54:36] +8.2s blend 4: window=2879x1340 tiles=817
[14:54:36] +8.4s local moved kept=144 field=6.58 disagree 0.0912 -> 0.0735
[14:54:36] +8.5s seam grid 44x53 nodes=2199
[14:54:36] +8.5s cut_energy opt=103966 shipped=103966 excess=+0.000%
[14:54:36] +8.5s seam grid 329x394 nodes=28771
[14:54:36] +8.6s cut_energy opt=1597586 shipped=1597586 excess=+0.000%
[14:54:36] +8.6s seam refine nodes=28771
[14:54:36] +8.6s painted
[14:54:36] +8.6s mask blurred
[14:54:36] +8.6s pyramid gauss
[14:54:36] +8.7s pyramid expand
[14:54:36] +8.7s pasted
[14:54:36] +8.7s blended 4 keepA=0.48
[14:54:36] +8.7s blend 5: window=2893x1340 tiles=836
[14:54:36] +9.0s local moved kept=198 field=8.07 disagree 0.0843 -> 0.0533
[14:54:36] +9.0s seam grid 45x55 nodes=2297
[14:54:36] +9.0s cut_energy opt=147566 shipped=147566 excess=+0.000%
[14:54:36] +9.0s seam grid 334x414 nodes=26675
[14:54:37] +9.1s cut_energy opt=1325999 shipped=1325999 excess=+0.000%
[14:54:37] +9.1s seam refine nodes=26675
[14:54:37] +9.1s painted
[14:54:37] +9.1s mask blurred
[14:54:37] +9.1s pyramid gauss
[14:54:37] +9.2s pyramid expand
[14:54:37] +9.3s pasted
[14:54:37] +9.3s blended 5 keepA=0.46
[14:54:37] +9.3s blend 6: window=2875x1340 tiles=817
[14:54:37] +9.5s local moved kept=119 field=2.17 disagree 0.0744 -> 0.0603
[14:54:37] +9.5s seam grid 45x52 nodes=2171
[14:54:37] +9.5s cut_energy opt=99416 shipped=99416 excess=+0.000%
[14:54:37] +9.5s seam grid 331x389 nodes=32135
[14:54:37] +9.6s cut_energy opt=1446030 shipped=1446030 excess=+0.000%
[14:54:37] +9.6s seam refine nodes=32135
[14:54:37] +9.6s painted
[14:54:37] +9.6s mask blurred
[14:54:37] +9.7s pyramid gauss
[14:54:37] +9.8s pyramid expand
[14:54:37] +9.8s pasted
[14:54:37] +9.8s blended 6 keepA=0.64
[14:54:37] +9.8s blend 7: window=2637x1340 tiles=760
[14:54:37] +10.0s local moved kept=218 field=7.95 disagree 0.1070 -> 0.0698
[14:54:38] +10.1s seam grid 45x55 nodes=2297
[14:54:38] +10.1s cut_energy opt=119853 shipped=119853 excess=+0.000%
[14:54:38] +10.1s seam grid 336x413 nodes=33855
[14:54:38] +10.2s cut_energy opt=1120503 shipped=1120503 excess=+0.000%
[14:54:38] +10.2s seam refine nodes=33855
[14:54:38] +10.2s painted
[14:54:38] +10.2s mask blurred
[14:54:38] +10.3s pyramid gauss
[14:54:38] +10.4s pyramid expand
[14:54:38] +10.4s pasted
[14:54:38] +10.4s blended 7 keepA=0.58
[14:54:38] +10.4s blend 8: window=2760x1340 tiles=798
[14:54:38] +10.6s local moved kept=134 field=4.74 disagree 0.0840 -> 0.0591
[14:54:38] +10.6s seam grid 45x52 nodes=2171
[14:54:38] +10.6s cut_energy opt=91680 shipped=91680 excess=+0.000%
[14:54:38] +10.6s seam grid 334x390 nodes=24946
[14:54:38] +10.7s cut_energy opt=1249726 shipped=1249726 excess=+0.000%
[14:54:38] +10.7s seam refine nodes=24946
[14:54:38] +10.7s painted
[14:54:38] +10.7s mask blurred
[14:54:38] +10.8s pyramid gauss
[14:54:38] +10.8s pyramid expand
[14:54:38] +10.8s pasted
[14:54:38] +10.8s blended 8 keepA=0.48
[14:54:38] +10.8s blend 9: window=2378x1340 tiles=684
[14:54:39] +11.1s local moved kept=180 field=9.20 disagree 0.1459 -> 0.1048
[14:54:39] +11.1s seam grid 45x55 nodes=2305
[14:54:39] +11.1s cut_energy opt=134203 shipped=134203 excess=+0.000%
[14:54:39] +11.1s seam grid 336x415 nodes=25104
[14:54:39] +11.2s cut_energy opt=1192200 shipped=1192200 excess=+0.000%
[14:54:39] +11.2s seam refine nodes=25104
[14:54:39] +11.2s painted
[14:54:39] +11.2s mask blurred
[14:54:39] +11.2s pyramid gauss
[14:54:39] +11.3s pyramid expand
[14:54:39] +11.3s pasted
[14:54:39] +11.3s blended 9 keepA=0.33
[14:54:39] +11.3s blend 10: window=2386x1340 tiles=684
[14:54:39] +11.5s local moved kept=123 field=2.88 disagree 0.0911 -> 0.0720
[14:54:39] +11.6s seam grid 45x52 nodes=2168
[14:54:39] +11.6s cut_energy opt=91034 shipped=91034 excess=+0.000%
[14:54:39] +11.6s seam grid 335x387 nodes=25700
[14:54:39] +11.7s cut_energy opt=1432910 shipped=1432910 excess=+0.000%
[14:54:39] +11.7s seam refine nodes=25700
[14:54:39] +11.7s painted
[14:54:39] +11.7s mask blurred
[14:54:39] +11.8s pyramid gauss
[14:54:39] +11.9s pyramid expand
[14:54:39] +11.9s pasted
[14:54:39] +11.9s blended 10 keepA=0.48
[14:54:39] +11.9s preview canvas cylindrical 5083x1340 shifts=10
[14:54:39] +11.9s time  preview=7.33s (solve+match 4.56s)
[14:54:39] +12.0s preview ready /home/dalibor/Projects/RapidRAW/lean_pano_proto/out/v52/DSCF0578/DSCF0578_preview.jpg
[14:54:39] +12.0s save started
[14:54:39] +12.0s develop jobs=4
[14:54:46] +18.7s developed DSCF0578.RAF 7728x5152 -> 1920x1280
[14:54:46] +18.7s developed DSCF0579.RAF 7728x5152 -> 1920x1280
[14:54:46] +18.7s developed DSCF0580.RAF 7728x5152 -> 1920x1280
[14:54:46] +18.7s developed DSCF0581.RAF 7728x5152 -> 1920x1280
[14:54:46] +18.7s developed DSCF0582.RAF 7728x5152 -> 1920x1280
[14:54:46] +18.7s developed DSCF0583.RAF 7728x5152 -> 1920x1280
[14:54:46] +18.7s developed DSCF0584.RAF 7728x5152 -> 1920x1280
[14:54:46] +18.7s developed DSCF0585.RAF 7728x5152 -> 1920x1280
[14:54:46] +18.7s developed DSCF0586.RAF 7728x5152 -> 1920x1280
[14:54:46] +18.7s developed DSCF0587.RAF 7728x5152 -> 1920x1280
[14:54:46] +18.7s developed DSCF0588.RAF 7728x5152 -> 1920x1280
[14:54:46] +18.7s time  develop=6.72s
[14:54:46] +18.7s scale raw=7728x5152 jpeg=4416x2944 x=1.7500 y=1.7500
[14:54:46] +18.7s Matching brightness...
[14:54:46] +18.7s canvas cylindrical 5083x1340
[14:54:46] +18.9s warp DSCF0582.RAF: bbox=(1120,53,2960,1340) 1840x1287
[14:54:46] +18.9s warp DSCF0579.RAF: bbox=(253,15,2125,1326) 1872x1311
[14:54:46] +18.9s warp DSCF0588.RAF: bbox=(3209,0,5083,1313) 1874x1313
[14:54:46] +18.9s warp DSCF0583.RAF: bbox=(1498,54,3323,1340) 1825x1286
[14:54:46] +18.9s warp DSCF0587.RAF: bbox=(2835,0,4706,1306) 1871x1306
[14:54:46] +18.9s warp DSCF0578.RAF: bbox=(0,13,1866,1327) 1866x1314
[14:54:46] +18.9s warp DSCF0586.RAF: bbox=(2497,15,4348,1313) 1851x1298
[14:54:46] +18.9s warp DSCF0585.RAF: bbox=(2167,39,4002,1333) 1835x1294
[14:54:46] +19.0s warp DSCF0584.RAF: bbox=(1799,49,3622,1340) 1823x1291
[14:54:46] +19.0s warp DSCF0581.RAF: bbox=(790,33,2645,1333) 1855x1300
[14:54:46] +19.0s warp DSCF0580.RAF: bbox=(525,22,2394,1332) 1869x1310
[14:54:47] +19.3s brightness gains=11 corner=0.865
[14:54:47] +19.3s Blending photos...
[14:54:47] +19.6s blend 1: window=2847x1340 tiles=817
[14:54:47] +19.9s local moved kept=170 field=3.16 disagree 0.0459 -> 0.0271
[14:54:47] +19.9s seam grid 44x53 nodes=2189
[14:54:47] +19.9s cut_energy opt=113168 shipped=113168 excess=+0.000%
[14:54:47] +19.9s seam grid 328x394 nodes=25164
[14:54:47] +20.0s cut_energy opt=1222709 shipped=1222709 excess=+0.000%
[14:54:47] +20.0s seam refine nodes=25164
[14:54:47] +20.0s painted
[14:54:47] +20.0s mask blurred
[14:54:48] +20.1s pyramid gauss
[14:54:48] +20.2s pyramid expand
[14:54:48] +20.2s pasted
[14:54:48] +20.2s blended 1 keepA=0.39
[14:54:48] +20.2s blend 2: window=2864x1340 tiles=817
[14:54:48] +20.4s local moved kept=166 field=4.57 disagree 0.0847 -> 0.0599
[14:54:48] +20.5s seam grid 44x51 nodes=2135
[14:54:48] +20.5s cut_energy opt=97753 shipped=97753 excess=+0.000%
[14:54:48] +20.5s seam grid 328x378 nodes=27961
[14:54:48] +20.6s cut_energy opt=1208184 shipped=1208184 excess=+0.000%
[14:54:48] +20.6s seam refine nodes=27961
[14:54:48] +20.6s painted
[14:54:48] +20.6s mask blurred
[14:54:48] +20.7s pyramid gauss
[14:54:48] +20.8s pyramid expand
[14:54:48] +20.8s pasted
[14:54:48] +20.8s blended 2 keepA=0.51
[14:54:48] +20.8s blend 3: window=2859x1340 tiles=817
[14:54:48] +21.0s local moved kept=154 field=5.06 disagree 0.0701 -> 0.0466
[14:54:48] +21.0s seam grid 44x50 nodes=2079
[14:54:48] +21.0s cut_energy opt=94099 shipped=94099 excess=+0.000%
[14:54:48] +21.0s seam grid 329x377 nodes=25624
[14:54:49] +21.1s cut_energy opt=1150099 shipped=1150099 excess=+0.000%
[14:54:49] +21.1s seam refine nodes=25624
[14:54:49] +21.1s painted
[14:54:49] +21.1s mask blurred
[14:54:49] +21.2s pyramid gauss
[14:54:49] +21.2s pyramid expand
[14:54:49] +21.2s pasted
[14:54:49] +21.2s blended 3 keepA=0.46
[14:54:49] +21.2s blend 4: window=2879x1340 tiles=817
[14:54:49] +21.5s local moved kept=198 field=4.62 disagree 0.0751 -> 0.0442
[14:54:49] +21.5s seam grid 44x53 nodes=2199
[14:54:49] +21.5s cut_energy opt=94032 shipped=94032 excess=+0.000%
[14:54:49] +21.5s seam grid 329x394 nodes=25430
[14:54:49] +21.6s cut_energy opt=1246410 shipped=1246410 excess=+0.000%
[14:54:49] +21.6s seam refine nodes=25430
[14:54:49] +21.6s painted
[14:54:49] +21.6s mask blurred
[14:54:49] +21.6s pyramid gauss
[14:54:49] +21.7s pyramid expand
[14:54:49] +21.7s pasted
[14:54:49] +21.7s blended 4 keepA=0.48
[14:54:49] +21.7s blend 5: window=2893x1340 tiles=836
[14:54:49] +22.0s local moved kept=245 field=5.18 disagree 0.0637 -> 0.0319
[14:54:49] +22.0s seam grid 45x55 nodes=2295
[14:54:49] +22.0s cut_energy opt=111534 shipped=111534 excess=+0.000%
[14:54:49] +22.0s seam grid 334x414 nodes=24250
[14:54:50] +22.2s cut_energy opt=1286810 shipped=1286810 excess=+0.000%
[14:54:50] +22.2s seam refine nodes=24250
[14:54:50] +22.2s painted
[14:54:50] +22.2s mask blurred
[14:54:50] +22.2s pyramid gauss
[14:54:50] +22.3s pyramid expand
[14:54:50] +22.3s pasted
[14:54:50] +22.3s blended 5 keepA=0.47
[14:54:50] +22.3s blend 6: window=2875x1340 tiles=817
[14:54:50] +22.5s local moved kept=157 field=4.15 disagree 0.0826 -> 0.0483
[14:54:50] +22.6s seam grid 45x52 nodes=2171
[14:54:50] +22.6s cut_energy opt=100311 shipped=100311 excess=+0.000%
[14:54:50] +22.6s seam grid 331x389 nodes=32277
[14:54:50] +22.8s cut_energy opt=1268039 shipped=1268039 excess=+0.000%
[14:54:50] +22.8s seam refine nodes=32277
[14:54:50] +22.8s painted
[14:54:50] +22.8s mask blurred
[14:54:50] +22.9s pyramid gauss
[14:54:50] +23.0s pyramid expand
[14:54:50] +23.0s pasted
[14:54:50] +23.0s blended 6 keepA=0.55
[14:54:50] +23.0s blend 7: window=2637x1340 tiles=760
[14:54:51] +23.2s local moved kept=256 field=5.04 disagree 0.0741 -> 0.0358
[14:54:51] +23.2s seam grid 45x55 nodes=2297
[14:54:51] +23.2s cut_energy opt=103059 shipped=103059 excess=+0.000%
[14:54:51] +23.3s seam grid 336x413 nodes=29436
[14:54:51] +23.4s cut_energy opt=1145711 shipped=1145711 excess=+0.000%
[14:54:51] +23.4s seam refine nodes=29436
[14:54:51] +23.4s painted
[14:54:51] +23.4s mask blurred
[14:54:51] +23.4s pyramid gauss
[14:54:51] +23.5s pyramid expand
[14:54:51] +23.5s pasted
[14:54:51] +23.5s blended 7 keepA=0.56
[14:54:51] +23.5s blend 8: window=2760x1340 tiles=798
[14:54:51] +23.7s local moved kept=157 field=5.11 disagree 0.0719 -> 0.0329
[14:54:51] +23.7s seam grid 45x52 nodes=2171
[14:54:51] +23.7s cut_energy opt=88510 shipped=88510 excess=+0.000%
[14:54:51] +23.8s seam grid 334x390 nodes=25057
[14:54:51] +23.8s cut_energy opt=1140821 shipped=1140821 excess=+0.000%
[14:54:51] +23.8s seam refine nodes=25057
[14:54:51] +23.8s painted
[14:54:51] +23.9s mask blurred
[14:54:51] +24.0s pyramid gauss
[14:54:51] +24.0s pyramid expand
[14:54:51] +24.0s pasted
[14:54:51] +24.0s blended 8 keepA=0.48
[14:54:51] +24.0s blend 9: window=2378x1340 tiles=684
[14:54:52] +24.1s local copied sparse
[14:54:52] +24.1s seam grid 45x55 nodes=2305
[14:54:52] +24.1s cut_energy opt=105302 shipped=105302 excess=+0.000%
[14:54:52] +24.1s seam grid 336x416 nodes=27791
[14:54:52] +24.2s cut_energy opt=1184167 shipped=1184167 excess=+0.000%
[14:54:52] +24.2s seam refine nodes=27791
[14:54:52] +24.2s painted
[14:54:52] +24.2s mask blurred
[14:54:52] +24.2s pyramid gauss
[14:54:52] +24.3s pyramid expand
[14:54:52] +24.3s pasted
[14:54:52] +24.3s blended 9 keepA=0.38
[14:54:52] +24.3s blend 10: window=2386x1340 tiles=684
[14:54:52] +24.5s local moved kept=148 field=4.77 disagree 0.0588 -> 0.0325
[14:54:52] +24.5s seam grid 45x52 nodes=2167
[14:54:52] +24.5s cut_energy opt=91654 shipped=91654 excess=+0.000%
[14:54:52] +24.5s seam grid 335x387 nodes=25577
[14:54:52] +24.7s cut_energy opt=1348812 shipped=1348812 excess=+0.000%
[14:54:52] +24.7s seam refine nodes=25577
[14:54:52] +24.7s painted
[14:54:52] +24.7s mask blurred
[14:54:52] +24.8s pyramid gauss
[14:54:52] +24.8s pyramid expand
[14:54:52] +24.8s pasted
[14:54:52] +24.8s blended 10 keepA=0.52
[14:54:52] +24.9s time  linear_photometry=6.12s
[14:54:52] +24.9s photometry source=second compose
[14:54:52] +24.9s save seam preview
[14:54:52] +24.9s save cut fullres
[14:54:52] +24.9s photometry gains=11
[14:54:52] +24.9s photo pedestal=0.000509 field_norm=0.742733 gains=[1.0221 0.9665 1.0071 0.9815 0.9486 0.9864 0.9980 1.0020 1.0738 0.9958 1.0236]
[14:54:52] +24.9s save seam developed
[14:54:52] +24.9s canvas cylindrical 20458x5390
[14:54:53] +25.2s local align resolution 1/1
[14:54:53] +25.2s composite levels=6 pad=512
[14:54:53] +25.2s local alignment refine=false
[14:54:54] +26.2s warped DSCF0583.RAF straight
[14:54:55] +27.8s field n=0 const=[1.0000 1.0000 1.0000] peak=0.0000 gain=-0.1104 (rejected)
[14:54:56] +28.1s seam grid 165x195 nodes=31336
[14:54:56] +28.3s cut_energy opt=169051 shipped=169051 excess=+0.000%
[14:54:56] +28.3s seam grid 1293x1533 nodes=111937
[14:54:57] +29.9s cut_energy opt=2073359 shipped=2073359 excess=+0.000%
[14:54:57] +29.9s seam refine nodes=111937
[14:54:57] +30.0s painted
[14:54:58] +30.1s mask blurred
[14:54:58] +30.4s flat-average thr=0.0060 pull=0.400 pixels=29683984
[14:54:59] +31.9s pyramid gauss
[14:55:00] +32.8s pyramid expand
[14:55:00] +33.0s blended
[14:55:00] +33.0s seam 1 window=8308x5390 keepA=0.47
[14:55:00] +33.0s warped DSCF0584.RAF nudged
[14:55:02] +34.7s field n=0 const=[1.0000 1.0000 1.0000] peak=0.0000 gain=-0.1008 (rejected)
[14:55:02] +35.0s seam grid 165x187 nodes=30241
[14:55:03] +35.2s cut_energy opt=184998 shipped=184998 excess=+0.000%
[14:55:03] +35.2s seam grid 1290x1471 nodes=128480
[14:55:04] +36.7s cut_energy opt=2682214 shipped=2682214 excess=+0.000%
[14:55:04] +36.7s seam refine nodes=128480
[14:55:04] +36.7s painted
[14:55:04] +36.8s mask blurred
[14:55:05] +37.1s flat-average thr=0.0060 pull=0.400 pixels=28064388
[14:55:06] +38.6s pyramid gauss
[14:55:07] +39.5s pyramid expand
[14:55:07] +39.6s blended
[14:55:07] +39.6s seam 2 window=8379x5390 keepA=0.60
[14:55:07] +39.6s warped DSCF0582.RAF nudged
[14:55:09] +41.3s field n=0 const=[1.0000 1.0000 1.0000] peak=0.0000 gain=-0.0772 (rejected)
[14:55:09] +41.6s seam grid 164x186 nodes=29980
[14:55:09] +41.7s cut_energy opt=190149 shipped=190149 excess=+0.000%
[14:55:09] +41.8s seam grid 1290x1464 nodes=100758
[14:55:10] +42.8s cut_energy opt=2177970 shipped=2177970 excess=+0.000%
[14:55:10] +42.8s seam refine nodes=100758
[14:55:10] +42.8s painted
[14:55:10] +42.9s mask blurred
[14:55:11] +43.2s flat-average thr=0.0060 pull=0.400 pixels=28229146
[14:55:12] +44.6s pyramid gauss
[14:55:13] +45.6s pyramid expand
[14:55:13] +45.7s blended
[14:55:13] +45.7s seam 3 window=8358x5390 keepA=0.38
[14:55:13] +45.7s warped DSCF0585.RAF nudged
[14:55:15] +47.5s field n=0 const=[1.0000 1.0000 1.0000] peak=0.0000 gain=-0.1439 (rejected)
[14:55:15] +47.7s seam grid 164x195 nodes=31477
[14:55:15] +47.9s cut_energy opt=173866 shipped=173866 excess=+0.000%
[14:55:15] +48.0s seam grid 1288x1534 nodes=110046
[14:55:17] +49.2s cut_energy opt=2250369 shipped=2250369 excess=+0.000%
[14:55:17] +49.2s seam refine nodes=110046
[14:55:17] +49.2s painted
[14:55:17] +49.3s mask blurred
[14:55:17] +49.6s flat-average thr=0.0060 pull=0.400 pixels=28783007
[14:55:19] +51.1s pyramid gauss
[14:55:19] +52.0s pyramid expand
[14:55:20] +52.1s blended
[14:55:20] +52.1s seam 4 window=8438x5390 keepA=0.62
[14:55:20] +52.1s warped DSCF0581.RAF nudged
[14:55:21] +53.9s field n=0 const=[1.0000 1.0000 1.0000] peak=0.0000 gain=-0.1395 (rejected)
[14:55:22] +54.2s seam grid 167x205 nodes=33166
[14:55:22] +54.4s cut_energy opt=299745 shipped=299745 excess=+0.000%
[14:55:22] +54.5s seam grid 1308x1614 nodes=102048
[14:55:23] +55.2s cut_energy opt=2218038 shipped=2218038 excess=+0.000%
[14:55:23] +55.2s seam refine nodes=102048
[14:55:23] +55.2s painted
[14:55:23] +55.3s mask blurred
[14:55:23] +55.7s flat-average thr=0.0060 pull=0.400 pixels=29507296
[14:55:25] +57.2s pyramid gauss
[14:55:26] +58.2s pyramid expand
[14:55:26] +58.4s blended
[14:55:26] +58.4s seam 5 window=8499x5390 keepA=0.51
[14:55:26] +58.4s warped DSCF0580.RAF nudged
[14:55:27] +60.0s field n=0 const=[1.0000 1.0000 1.0000] peak=0.0000 gain=-0.1274 (rejected)
[14:55:28] +60.2s seam grid 164x193 nodes=31118
[14:55:28] +60.4s cut_energy opt=174617 shipped=174617 excess=+0.000%
[14:55:28] +60.5s seam grid 1282x1514 nodes=103774
[14:55:29] +61.8s cut_energy opt=2074390 shipped=2074390 excess=+0.000%
[14:55:29] +61.8s seam refine nodes=103774
[14:55:29] +61.8s painted
[14:55:29] +62.0s mask blurred
[14:55:30] +62.3s flat-average thr=0.0060 pull=0.400 pixels=28920815
[14:55:31] +63.7s pyramid gauss
[14:55:32] +64.7s pyramid expand
[14:55:32] +64.8s blended
[14:55:32] +64.8s seam 6 window=8420x5390 keepA=0.57
[14:55:32] +64.8s warped DSCF0586.RAF nudged
[14:55:34] +66.6s field n=0 const=[1.0000 1.0000 1.0000] peak=0.0000 gain=-0.1106 (rejected)
[14:55:34] +66.8s seam grid 167x205 nodes=33108
[14:55:35] +67.1s cut_energy opt=251750 shipped=251750 excess=+0.000%
[14:55:35] +67.2s seam grid 1313x1610 nodes=120363
[14:55:35] +67.9s cut_energy opt=1973340 shipped=1973340 excess=+0.000%
[14:55:35] +67.9s seam refine nodes=120363
[14:55:35] +67.9s painted
[14:55:35] +68.0s mask blurred
[14:55:36] +68.4s flat-average thr=0.0060 pull=0.400 pixels=28839146
[14:55:37] +69.9s pyramid gauss
[14:55:38] +70.9s pyramid expand
[14:55:38] +71.0s blended
[14:55:38] +71.0s seam 7 window=8506x5390 keepA=0.68
[14:55:38] +71.0s warped DSCF0579.RAF nudged
[14:55:40] +72.6s field n=0 const=[1.0000 1.0000 1.0000] peak=0.0000 gain=-0.0995 (rejected)
[14:55:40] +72.9s seam grid 166x193 nodes=31177
[14:55:41] +73.1s cut_energy opt=178033 shipped=178033 excess=+0.000%
[14:55:41] +73.1s seam grid 1299x1519 nodes=88038
[14:55:41] +73.8s cut_energy opt=1710002 shipped=1710002 excess=+0.000%
[14:55:41] +73.8s seam refine nodes=88038
[14:55:41] +73.9s painted
[14:55:41] +74.0s mask blurred
[14:55:42] +74.3s flat-average thr=0.0060 pull=0.400 pixels=28833193
[14:55:43] +75.7s pyramid gauss
[14:55:44] +76.7s pyramid expand
[14:55:44] +76.8s blended
[14:55:44] +76.8s seam 8 window=8500x5390 keepA=0.49
[14:55:44] +76.8s warped DSCF0587.RAF nudged
[14:55:46] +78.5s field n=0 const=[1.0000 1.0000 1.0000] peak=0.0000 gain=-0.0211 (rejected)
[14:55:46] +78.8s seam grid 168x206 nodes=33381
[14:55:46] +78.9s cut_energy opt=214067 shipped=214067 excess=+0.000%
[14:55:46] +79.0s seam grid 1318x1623 nodes=146893
[14:55:48] +80.6s cut_energy opt=2126466 shipped=2126466 excess=+0.000%
[14:55:48] +80.6s seam refine nodes=146893
[14:55:48] +80.7s painted
[14:55:48] +80.8s mask blurred
[14:55:49] +81.1s flat-average thr=0.0060 pull=0.400 pixels=28668200
[14:55:50] +82.7s pyramid gauss
[14:55:51] +83.7s pyramid expand
[14:55:51] +83.8s blended
[14:55:51] +83.8s seam 9 window=7998x5390 keepA=0.29
[14:55:51] +83.8s warped DSCF0578.RAF straight
[14:55:53] +85.4s field n=0 const=[1.0000 1.0000 1.0000] peak=0.0000 gain=-0.1499 (rejected)
[14:55:53] +85.7s seam grid 168x191 nodes=31089
[14:55:53] +85.8s cut_energy opt=196976 shipped=196976 excess=+0.000%
[14:55:53] +85.9s seam grid 1321x1506 nodes=137477
[14:55:55] +87.4s cut_energy opt=2584979 shipped=2584979 excess=+0.000%
[14:55:55] +87.4s seam refine nodes=137477
[14:55:55] +87.4s painted
[14:55:55] +87.5s mask blurred
[14:55:55] +87.8s flat-average thr=0.0060 pull=0.400 pixels=28125802
[14:55:57] +89.3s pyramid gauss
[14:55:58] +90.2s pyramid expand
[14:55:58] +90.3s blended
[14:55:58] +90.3s seam 10 window=8029x5390 keepA=0.66
[14:55:58] +90.3s warped DSCF0588.RAF nudged
[14:55:58] +90.3s refined shifts seams=0 mean_abs_shift=0.000px max_abs_shift=0.000px
[14:55:58] +90.3s exposure gains applied 10
[14:55:58] +90.5s SAVECROP canvas=20458x5390 crop=(0.01476,0.05672) size=0.96990x0.82985 -> tiff 19842x4473
[14:55:58] +90.5s save encode 19842x4473
[14:56:04] +97.0s seam dump /home/dalibor/Projects/RapidRAW/lean_pano_proto/out/v52/DSCF0578/seams.txt
[14:56:04] +97.0s blend_stage extract=0.00s
[14:56:04] +97.0s blend_stage graphcut=69.36s
[14:56:04] +97.0s blend_stage mask_blur=3.61s
[14:56:04] +97.0s blend_stage pyr_blend=58.36s
[14:56:04] +97.0s boundary_step final: n=8191 median_step=2.08% p90=22.86%
[14:56:04] +97.0s blinds_flat  final: n=14984 median_step=2.92% p90=25.23%
[14:56:04] +97.0s woodline    final: n=5454 median_step=11.80% p90=33.40%
[14:56:04] +97.0s ghost_band   final: mean=0.602 keepA=0.53 cut_px=73940 swallowed=0
[14:56:04] +97.0s sharpness_lapvar final: 6.496596432581644
[14:56:04] +97.0s pano_mean_lum 0.045907180677781045 shadow_median 0.02780935913324356 canvas 19842x4473 levels=6 window_px=512
[14:56:04] +97.0s time  final blend=54.91s encode_tiff=0.80s metrics=4.77s photometry=3.50s step_metrics=0.11s warp=4.07s
[14:56:04] +97.0s time  total=96.98s
[14:56:04] +97.0s saved /home/dalibor/Projects/RapidRAW/lean_pano_proto/out/v52/DSCF0578/DSCF0578_Pano.tiff
