[23:24:19] +0.0s log /home/dalibor/Projects/RapidRAW/lean_pano_proto/out/v30/DSCF8715/DSCF8715_Pano.pano.log
[23:24:19] +0.0s merge started files=7
[23:24:19] +0.2s jpeg DSCF8715.RAF native 4416x2944 declared 4416x2944
[23:24:19] +0.4s jpeg DSCF8716.RAF native 4416x2944 declared 4416x2944
[23:24:19] +0.6s jpeg DSCF8717.RAF native 4416x2944 declared 4416x2944
[23:24:20] +0.8s jpeg DSCF8718.RAF native 4416x2944 declared 4416x2944
[23:24:20] +0.9s jpeg DSCF8719.RAF native 4416x2944 declared 4416x2944
[23:24:20] +1.2s jpeg DSCF8720.RAF native 4416x2944 declared 4416x2944
[23:24:20] +1.4s jpeg DSCF8721.RAF native 4416x2944 declared 4416x2944
[23:24:22] +3.1s points DSCF8715.RAF 11966
[23:24:22] +3.1s points DSCF8716.RAF 11934
[23:24:22] +3.1s points DSCF8717.RAF 11939
[23:24:22] +3.1s points DSCF8718.RAF 10938
[23:24:22] +3.1s points DSCF8719.RAF 7972
[23:24:22] +3.1s points DSCF8720.RAF 3881
[23:24:22] +3.1s points DSCF8721.RAF 2463
[23:24:25] +6.4s match DSCF8715.RAF<->DSCF8716.RAF: 4257 good
[23:24:25] +6.4s match DSCF8715.RAF<->DSCF8717.RAF: 1895 good
[23:24:25] +6.4s match DSCF8715.RAF<->DSCF8718.RAF: 612 good
[23:24:25] +6.4s match DSCF8715.RAF<->DSCF8719.RAF: 22 good
[23:24:25] +6.4s match DSCF8715.RAF<->DSCF8720.RAF: 31 good
[23:24:25] +6.4s match DSCF8715.RAF<->DSCF8721.RAF: 32 good
[23:24:25] +6.4s match DSCF8716.RAF<->DSCF8717.RAF: 3886 good
[23:24:25] +6.4s match DSCF8716.RAF<->DSCF8718.RAF: 2328 good
[23:24:25] +6.4s match DSCF8716.RAF<->DSCF8719.RAF: 971 good
[23:24:25] +6.4s match DSCF8716.RAF<->DSCF8720.RAF: 39 good
[23:24:25] +6.4s match DSCF8716.RAF<->DSCF8721.RAF: 33 good
[23:24:25] +6.4s match DSCF8717.RAF<->DSCF8718.RAF: 4807 good
[23:24:25] +6.4s match DSCF8717.RAF<->DSCF8719.RAF: 2922 good
[23:24:25] +6.4s match DSCF8717.RAF<->DSCF8720.RAF: 1026 good
[23:24:25] +6.4s match DSCF8717.RAF<->DSCF8721.RAF: 304 good
[23:24:25] +6.4s match DSCF8718.RAF<->DSCF8719.RAF: 4139 good
[23:24:25] +6.4s match DSCF8718.RAF<->DSCF8720.RAF: 1652 good
[23:24:25] +6.4s match DSCF8718.RAF<->DSCF8721.RAF: 763 good
[23:24:25] +6.4s match DSCF8719.RAF<->DSCF8720.RAF: 2048 good
[23:24:25] +6.4s match DSCF8719.RAF<->DSCF8721.RAF: 1010 good
[23:24:25] +6.4s match DSCF8720.RAF<->DSCF8721.RAF: 1320 good
[23:24:26] +6.7s aligned kept=7 focal35=94.0 jpeg=4416x2944 points=4416x2944
[23:24:26] +6.7s lens crop=1.534 focal35=94.0 calib=1.529
[23:24:27] +7.6s sky target 0.3366
[23:24:27] +7.6s sky scale DSCF8715.RAF 0.532 median 0.6326
[23:24:27] +7.6s sky scale DSCF8716.RAF 0.756 median 0.4455
[23:24:27] +7.6s sky scale DSCF8717.RAF 0.875 median 0.3848
[23:24:27] +7.6s sky scale DSCF8718.RAF 1.000 median 0.3366
[23:24:27] +7.6s sky scale DSCF8719.RAF 1.135 median 0.2966
[23:24:27] +7.6s sky scale DSCF8720.RAF 1.695 median 0.1986
[23:24:27] +7.6s sky scale DSCF8721.RAF 2.594 median 0.1298
[23:24:27] +7.6s Matching brightness...
[23:24:27] +7.6s canvas perspective 5132x1490
[23:24:27] +7.8s warp DSCF8719.RAF: bbox=(851,160,2827,1490) 1976x1330
[23:24:27] +7.8s warp DSCF8720.RAF: bbox=(378,117,2405,1482) 2027x1365
[23:24:27] +7.8s warp DSCF8718.RAF: bbox=(1326,183,3273,1490) 1947x1307
[23:24:27] +7.8s warp DSCF8717.RAF: bbox=(1848,150,3821,1481) 1973x1331
[23:24:27] +7.8s warp DSCF8716.RAF: bbox=(2444,63,4503,1452) 2059x1389
[23:24:27] +7.8s warp DSCF8721.RAF: bbox=(0,44,2073,1442) 2073x1398
[23:24:27] +7.8s warp DSCF8715.RAF: bbox=(2933,0,5132,1449) 2199x1449
[23:24:27] +7.9s brightness gains=7 corner=1.127
[23:24:27] +7.9s Blending photos...
[23:24:27] +8.1s blend 1: window=3000x1490 tiles=990
[23:24:27] +8.4s local moved kept=249 field=2.32 disagree 0.1152 -> 0.0749
[23:24:27] +8.4s seam grid 45x52 nodes=2207
[23:24:27] +8.4s seam grid 334x388 nodes=39197
[23:24:27] +8.6s seam refine nodes=39197
[23:24:27] +8.6s painted
[23:24:27] +8.6s mask blurred
[23:24:28] +8.7s pyramid gauss
[23:24:28] +8.8s pyramid expand
[23:24:28] +8.8s pasted
[23:24:28] +8.8s blended 1 keepA=0.57
[23:24:28] +8.8s blend 2: window=2997x1490 tiles=990
[23:24:28] +9.1s local moved kept=208 field=2.43 disagree 0.1472 -> 0.1049
[23:24:28] +9.1s seam grid 45x49 nodes=2114
[23:24:28] +9.1s seam grid 333x369 nodes=33215
[23:24:28] +9.2s seam refine nodes=33215
[23:24:28] +9.2s painted
[23:24:28] +9.3s mask blurred
[23:24:28] +9.3s pyramid gauss
[23:24:28] +9.4s pyramid expand
[23:24:28] +9.4s pasted
[23:24:28] +9.4s blended 2 keepA=0.73
[23:24:28] +9.4s blend 3: window=2917x1490 tiles=968
[23:24:29] +9.7s local moved kept=184 field=2.99 disagree 0.1244 -> 0.1025
[23:24:29] +9.7s seam grid 46x53 nodes=2283
[23:24:29] +9.8s seam grid 339x401 nodes=31689
[23:24:29] +9.9s seam refine nodes=31689
[23:24:29] +9.9s painted
[23:24:29] +9.9s mask blurred
[23:24:29] +10.0s pyramid gauss
[23:24:29] +10.0s pyramid expand
[23:24:29] +10.0s pasted
[23:24:29] +10.0s blended 3 keepA=0.72
[23:24:29] +10.0s blend 4: window=3083x1490 tiles=1034
[23:24:29] +10.3s local moved kept=222 field=3.64 disagree 0.1403 -> 0.1002
[23:24:29] +10.3s seam grid 45x48 nodes=2129
[23:24:29] +10.3s seam grid 337x357 nodes=30217
[23:24:29] +10.5s seam refine nodes=30217
[23:24:29] +10.5s painted
[23:24:29] +10.5s mask blurred
[23:24:29] +10.6s pyramid gauss
[23:24:30] +10.6s pyramid expand
[23:24:30] +10.7s pasted
[23:24:30] +10.7s blended 4 keepA=0.52
[23:24:30] +10.7s blend 5: window=2585x1490 tiles=858
[23:24:30] +11.0s local moved kept=231 field=3.14 disagree 0.0892 -> 0.0785
[23:24:30] +11.0s seam grid 46x58 nodes=2601
[23:24:30] +11.0s seam grid 344x436 nodes=36547
[23:24:30] +11.2s seam refine nodes=36547
[23:24:30] +11.2s painted
[23:24:30] +11.2s mask blurred
[23:24:30] +11.2s pyramid gauss
[23:24:30] +11.3s pyramid expand
[23:24:30] +11.3s pasted
[23:24:30] +11.3s blended 5 keepA=0.70
[23:24:30] +11.3s blend 6: window=2711x1490 tiles=902
[23:24:30] +11.6s local copied no gain kept=143 field=3.03 disagree 0.2780 -> 0.2704
[23:24:30] +11.6s seam grid 48x54 nodes=2417
[23:24:30] +11.6s seam grid 359x405 nodes=23517
[23:24:31] +11.6s seam refine nodes=23517
[23:24:31] +11.6s painted
[23:24:31] +11.6s mask blurred
[23:24:31] +11.7s pyramid gauss
[23:24:31] +11.8s pyramid expand
[23:24:31] +11.8s pasted
[23:24:31] +11.8s blended 6 keepA=0.49
[23:24:31] +11.8s preview canvas perspective 5132x1490 shifts=6
[23:24:31] +11.8s time  preview=5.08s (solve+match 6.74s)
[23:24:31] +11.9s preview ready /home/dalibor/Projects/RapidRAW/lean_pano_proto/out/v30/DSCF8715/DSCF8715_preview.jpg
[23:24:31] +11.9s save started
[23:24:31] +11.9s develop jobs=4
[23:24:36] +16.7s developed DSCF8715.RAF 7728x5152 -> 1920x1280
[23:24:36] +16.7s developed DSCF8716.RAF 7728x5152 -> 1920x1280
[23:24:36] +16.7s developed DSCF8717.RAF 7728x5152 -> 1920x1280
[23:24:36] +16.7s developed DSCF8718.RAF 7728x5152 -> 1920x1280
[23:24:36] +16.7s developed DSCF8719.RAF 7728x5152 -> 1920x1280
[23:24:36] +16.7s developed DSCF8720.RAF 7728x5152 -> 1920x1280
[23:24:36] +16.7s developed DSCF8721.RAF 7728x5152 -> 1920x1280
[23:24:36] +16.7s time  develop=4.78s
[23:24:36] +16.7s scale raw=7728x5152 jpeg=4416x2944 x=1.7500 y=1.7500
[23:24:36] +16.7s Matching brightness...
[23:24:36] +16.7s canvas perspective 5132x1490
[23:24:36] +16.8s warp DSCF8717.RAF: bbox=(1848,150,3821,1481) 1973x1331
[23:24:36] +16.8s warp DSCF8718.RAF: bbox=(1326,183,3273,1490) 1947x1307
[23:24:36] +16.8s warp DSCF8720.RAF: bbox=(378,117,2405,1482) 2027x1365
[23:24:36] +16.9s warp DSCF8716.RAF: bbox=(2444,63,4503,1452) 2059x1389
[23:24:36] +16.9s warp DSCF8721.RAF: bbox=(0,44,2073,1442) 2073x1398
[23:24:36] +16.9s warp DSCF8719.RAF: bbox=(851,160,2827,1490) 1976x1330
[23:24:36] +16.9s warp DSCF8715.RAF: bbox=(2933,0,5132,1449) 2199x1449
[23:24:36] +17.0s brightness gains=7 corner=0.743
[23:24:36] +17.0s Blending photos...
[23:24:36] +17.2s blend 1: window=3000x1490 tiles=990
[23:24:36] +17.5s local moved kept=270 field=4.07 disagree 0.0927 -> 0.0467
[23:24:36] +17.5s seam grid 45x52 nodes=2200
[23:24:36] +17.5s seam grid 334x388 nodes=24321
[23:24:36] +17.6s seam refine nodes=24321
[23:24:36] +17.6s painted
[23:24:36] +17.6s mask blurred
[23:24:37] +17.8s pyramid gauss
[23:24:37] +17.9s pyramid expand
[23:24:37] +17.9s pasted
[23:24:37] +17.9s blended 1 keepA=0.48
[23:24:37] +17.9s blend 2: window=2997x1490 tiles=990
[23:24:37] +18.2s local moved kept=229 field=4.20 disagree 0.1145 -> 0.0651
[23:24:37] +18.2s seam grid 45x49 nodes=2105
[23:24:37] +18.2s seam grid 333x369 nodes=31052
[23:24:37] +18.2s seam refine nodes=31052
[23:24:37] +18.2s painted
[23:24:37] +18.3s mask blurred
[23:24:37] +18.3s pyramid gauss
[23:24:37] +18.4s pyramid expand
[23:24:37] +18.4s pasted
[23:24:37] +18.4s blended 2 keepA=0.51
[23:24:37] +18.4s blend 3: window=2917x1490 tiles=968
[23:24:38] +18.6s local moved kept=273 field=6.81 disagree 0.0885 -> 0.0503
[23:24:38] +18.7s seam grid 46x53 nodes=2285
[23:24:38] +18.7s seam grid 339x401 nodes=29633
[23:24:38] +18.8s seam refine nodes=29633
[23:24:38] +18.8s painted
[23:24:38] +18.8s mask blurred
[23:24:38] +18.9s pyramid gauss
[23:24:38] +19.0s pyramid expand
[23:24:38] +19.0s pasted
[23:24:38] +19.0s blended 3 keepA=0.62
[23:24:38] +19.0s blend 4: window=3083x1490 tiles=1034
[23:24:38] +19.3s local moved kept=221 field=8.09 disagree 0.1160 -> 0.0740
[23:24:38] +19.3s seam grid 45x48 nodes=2129
[23:24:38] +19.3s seam grid 337x357 nodes=30880
[23:24:38] +19.5s seam refine nodes=30880
[23:24:38] +19.5s painted
[23:24:38] +19.5s mask blurred
[23:24:38] +19.5s pyramid gauss
[23:24:38] +19.6s pyramid expand
[23:24:38] +19.6s pasted
[23:24:38] +19.6s blended 4 keepA=0.53
[23:24:38] +19.6s blend 5: window=2585x1490 tiles=858
[23:24:39] +19.9s local moved kept=269 field=8.84 disagree 0.0856 -> 0.0462
[23:24:39] +19.9s seam grid 46x58 nodes=2601
[23:24:39] +19.9s seam grid 344x436 nodes=33134
[23:24:39] +20.1s seam refine nodes=33134
[23:24:39] +20.1s painted
[23:24:39] +20.1s mask blurred
[23:24:39] +20.1s pyramid gauss
[23:24:39] +20.2s pyramid expand
[23:24:39] +20.2s pasted
[23:24:39] +20.2s blended 5 keepA=0.55
[23:24:39] +20.2s blend 6: window=2711x1490 tiles=902
[23:24:39] +20.5s local moved kept=277 field=9.84 disagree 0.1131 -> 0.0635
[23:24:39] +20.5s seam grid 48x54 nodes=2418
[23:24:39] +20.5s seam grid 359x405 nodes=21453
[23:24:39] +20.6s seam refine nodes=21453
[23:24:39] +20.6s painted
[23:24:39] +20.6s mask blurred
[23:24:40] +20.6s pyramid gauss
[23:24:40] +20.7s pyramid expand
[23:24:40] +20.7s pasted
[23:24:40] +20.7s blended 6 keepA=0.49
[23:24:40] +20.7s time  linear_photometry=4.02s
[23:24:40] +20.7s photometry source=second compose
[23:24:40] +20.7s save seam preview
[23:24:40] +20.7s save cut fullres
[23:24:40] +20.7s photometry gains=7
[23:24:40] +20.7s photo pedestal=0.003412 field_norm=1.089880 gains=[0.9963 0.9709 0.9966 1.0169 0.9778 1.0905 0.9567]
[23:24:40] +20.7s canvas perspective 20653x5995
[23:24:40] +21.2s local align resolution 1/2
[23:24:40] +21.2s composite levels=6 pad=512
[23:24:40] +21.2s local alignment refine=true
[23:24:41] +22.2s warped DSCF8718.RAF straight
[23:24:43] +23.8s local copied sparse
[23:24:43] +23.8s align-half skip no staged field
[23:24:43] +23.9s field n=0 const=[1.0000 1.0000 1.0000] peak=0.0000 gain=-0.0635 (rejected)
[23:24:43] +24.2s seam grid 168x192 nodes=31660
[23:24:43] +24.5s seam grid 1316x1511 nodes=116598
[23:24:45] +25.8s seam refine nodes=116598
[23:24:45] +25.8s painted
[23:24:45] +25.9s mask blurred
[23:24:46] +27.5s pyramid gauss
[23:24:47] +28.5s pyramid expand
[23:24:47] +28.6s blended
[23:24:47] +28.6s seam 1 window=8928x5836 keepA=0.37
[23:24:47] +28.6s warped DSCF8719.RAF nudged
[23:24:49] +30.4s local copied sparse
[23:24:49] +30.4s align-half skip no staged field
[23:24:49] +30.6s field n=0 const=[1.0000 1.0000 1.0000] peak=0.0000 gain=-0.0192 (rejected)
[23:24:50] +30.8s seam grid 166x183 nodes=30290
[23:24:50] +31.1s seam grid 1304x1434 nodes=117488
[23:24:51] +32.5s seam refine nodes=117488
[23:24:51] +32.6s painted
[23:24:52] +32.7s mask blurred
[23:24:53] +34.2s pyramid gauss
[23:24:54] +35.1s pyramid expand
[23:24:54] +35.2s blended
[23:24:54] +35.2s seam 2 window=8914x5879 keepA=0.45
[23:24:54] +35.2s warped DSCF8717.RAF nudged
[23:24:56] +37.2s local copied sparse
[23:24:56] +37.2s align-half skip no staged field
[23:24:56] +37.3s field n=0 const=[1.0000 1.0000 1.0000] peak=0.0000 gain=-0.0783 (rejected)
[23:24:56] +37.6s seam grid 170x199 nodes=33217
[23:24:57] +37.8s seam grid 1330x1564 nodes=139789
[23:24:58] +39.2s seam refine nodes=139789
[23:24:58] +39.2s painted
[23:24:58] +39.4s mask blurred
[23:25:00] +41.1s pyramid gauss
[23:25:01] +42.1s pyramid expand
[23:25:01] +42.3s blended
[23:25:01] +42.3s seam 3 window=9132x5995 keepA=0.61
[23:25:01] +42.3s warped DSCF8720.RAF nudged
[23:25:03] +44.3s local copied sparse
[23:25:03] +44.3s align-half skip no staged field
[23:25:03] +44.4s field n=0 const=[1.0000 1.0000 1.0000] peak=0.0000 gain=-0.0299 (rejected)
[23:25:04] +44.6s seam grid 165x175 nodes=28835
[23:25:04] +44.9s seam grid 1305x1385 nodes=130064
[23:25:06] +46.7s seam refine nodes=130064
[23:25:06] +46.7s painted
[23:25:06] +46.8s mask blurred
[23:25:07] +48.4s pyramid gauss
[23:25:08] +49.3s pyramid expand
[23:25:08] +49.4s blended
[23:25:08] +49.4s seam 4 window=9260x5995 keepA=0.38
[23:25:08] +49.4s warped DSCF8716.RAF nudged
[23:25:10] +51.3s local copied sparse
[23:25:10] +51.3s align-half skip no staged field
[23:25:10] +51.5s field n=0 const=[1.0000 1.0000 1.0000] peak=0.0000 gain=-0.1082 (rejected)
[23:25:11] +51.8s seam grid 170x216 nodes=36433
[23:25:11] +52.0s seam grid 1331x1704 nodes=136880
[23:25:12] +53.2s seam refine nodes=136880
[23:25:12] +53.3s painted
[23:25:12] +53.4s mask blurred
[23:25:14] +55.2s pyramid gauss
[23:25:15] +56.4s pyramid expand
[23:25:15] +56.5s blended
[23:25:15] +56.5s seam 5 window=8828x5995 keepA=0.55
[23:25:15] +56.5s warped DSCF8721.RAF nudged
[23:25:17] +58.2s local copied sparse
[23:25:17] +58.2s align-half skip no staged field
[23:25:17] +58.3s field n=0 const=[1.0000 1.0000 1.0000] peak=0.0000 gain=-0.0407 (rejected)
[23:25:17] +58.6s seam grid 178x201 nodes=34684
[23:25:18] +58.8s seam grid 1394x1580 nodes=107019
[23:25:19] +60.0s seam refine nodes=107019
[23:25:19] +60.0s painted
[23:25:19] +60.1s mask blurred
[23:25:21] +61.8s pyramid gauss
[23:25:22] +62.9s pyramid expand
[23:25:22] +63.1s blended
[23:25:22] +63.1s seam 6 window=9334x5995 keepA=0.50
[23:25:22] +63.1s warped DSCF8715.RAF straight
[23:25:22] +63.1s refined shifts seams=0 mean_abs_shift=0.000px max_abs_shift=0.000px
[23:25:22] +63.1s exposure gains applied 6
[23:25:22] +63.3s save encode 20170x4925
[23:25:30] +70.8s seam dump /home/dalibor/Projects/RapidRAW/lean_pano_proto/out/v30/DSCF8715/seams.txt
[23:25:30] +70.8s blend_stage extract=0.00s
[23:25:30] +70.8s blend_stage graphcut=81.36s
[23:25:30] +70.8s blend_stage local_align_half=8.00s
[23:25:30] +70.8s blend_stage mask_blur=6.17s
[23:25:30] +70.8s blend_stage pyr_blend=98.02s
[23:25:30] +70.8s boundary_step final: n=6394 median_step=2.86% p90=32.10%
[23:25:30] +70.8s blinds_flat  final: n=14915 median_step=2.88% p90=32.38%
[23:25:30] +70.8s woodline    final: n=6197 median_step=17.00% p90=48.12%
[23:25:30] +70.8s ghost_band   final: mean=0.662 keepA=0.48 cut_px=60066 swallowed=0
[23:25:30] +70.8s sharpness_lapvar final: 10.252422164787781
[23:25:30] +70.8s pano_mean_lum 0.07018136666426014 shadow_median 0.06819487363100052 canvas 20170x4925 levels=6 window_px=512
[23:25:30] +70.8s time  final blend=34.76s encode_tiff=1.09s metrics=5.43s photometry=2.60s step_metrics=0.13s warp=2.92s
[23:25:30] +70.8s time  total=70.80s
[23:25:30] +70.8s saved /home/dalibor/Projects/RapidRAW/lean_pano_proto/out/v30/DSCF8715/DSCF8715_Pano.tiff
