[11:05:12] +0.0s log /home/dalibor/Projects/RapidRAW/lean_pano_proto/out/v52/DSCF0200/DSCF0200_Pano.pano.log
[11:05:12] +0.0s merge started files=5
[11:05:12] +0.1s focal native unavailable or disabled, using exif 35eq=27.0mm (crop=1.534)
[11:05:12] +0.2s jpeg DSCF0200.RAF native 4416x2944 declared 4416x2944
[11:05:12] +0.4s jpeg DSCF0201.RAF native 4416x2944 declared 4416x2944
[11:05:12] +0.6s jpeg DSCF0202.RAF native 4416x2944 declared 4416x2944
[11:05:12] +0.8s jpeg DSCF0203.RAF native 4416x2944 declared 4416x2944
[11:05:13] +1.1s jpeg DSCF0204.RAF native 4416x2944 declared 4416x2944
[11:05:14] +2.7s points DSCF0200.RAF 11762
[11:05:14] +2.7s points DSCF0201.RAF 11806
[11:05:14] +2.7s points DSCF0202.RAF 11789
[11:05:14] +2.7s points DSCF0203.RAF 11779
[11:05:14] +2.7s points DSCF0204.RAF 11740
[11:05:18] +6.4s match DSCF0200.RAF<->DSCF0201.RAF: 4731 good
[11:05:18] +6.4s match DSCF0200.RAF<->DSCF0202.RAF: 2796 good
[11:05:18] +6.4s match DSCF0200.RAF<->DSCF0203.RAF: 1744 good
[11:05:18] +6.4s match DSCF0200.RAF<->DSCF0204.RAF: 805 good
[11:05:18] +6.4s match DSCF0201.RAF<->DSCF0202.RAF: 4524 good
[11:05:18] +6.4s match DSCF0201.RAF<->DSCF0203.RAF: 2942 good
[11:05:18] +6.4s match DSCF0201.RAF<->DSCF0204.RAF: 1584 good
[11:05:18] +6.4s match DSCF0202.RAF<->DSCF0203.RAF: 5043 good
[11:05:18] +6.4s match DSCF0202.RAF<->DSCF0204.RAF: 2854 good
[11:05:18] +6.4s match DSCF0203.RAF<->DSCF0204.RAF: 4472 good
[11:05:18] +6.5s aligned kept=5 focal35=27.0 jpeg=4416x2944 points=4416x2944
[11:05:18] +6.5s lens crop=1.534 focal35=27.0 calib=1.529
[11:05:19] +7.2s sky target 0.5948
[11:05:19] +7.2s sky scale DSCF0200.RAF 1.000 median 0.5948
[11:05:19] +7.2s sky scale DSCF0201.RAF 1.010 median 0.5888
[11:05:19] +7.2s sky scale DSCF0202.RAF 1.020 median 0.5832
[11:05:19] +7.2s sky scale DSCF0203.RAF 0.981 median 0.6061
[11:05:19] +7.2s sky scale DSCF0204.RAF 0.969 median 0.6142
[11:05:19] +7.2s Matching brightness...
[11:05:19] +7.2s canvas cylindrical 2991x1285
[11:05:19] +7.3s warp DSCF0201.RAF: bbox=(968,12,2690,1281) 1722x1269
[11:05:19] +7.4s warp DSCF0203.RAF: bbox=(318,21,2053,1285) 1735x1264
[11:05:19] +7.4s warp DSCF0200.RAF: bbox=(1251,0,2991,1269) 1740x1269
[11:05:19] +7.4s warp DSCF0202.RAF: bbox=(612,16,2335,1285) 1723x1269
[11:05:19] +7.4s warp DSCF0204.RAF: bbox=(0,14,1737,1285) 1737x1271
[11:05:19] +7.4s brightness gains=5 corner=1.146
[11:05:19] +7.4s Blending photos...
[11:05:19] +7.6s blend 1: window=2565x1285 tiles=741
[11:05:19] +7.9s local moved kept=281 field=10.41 disagree 0.2082 -> 0.1488
[11:05:19] +7.9s seam grid 44x50 nodes=2027
[11:05:19] +7.9s cut_energy opt=170531 shipped=170531 excess=+0.000%
[11:05:19] +7.9s seam grid 322x373 nodes=28444
[11:05:20] +8.0s cut_energy opt=1155497 shipped=1155497 excess=+0.000%
[11:05:20] +8.0s seam refine nodes=28444
[11:05:20] +8.0s painted
[11:05:20] +8.0s mask blurred
[11:05:20] +8.0s pyramid gauss
[11:05:20] +8.1s pyramid expand
[11:05:20] +8.1s pasted
[11:05:20] +8.1s blended 1 keepA=0.60
[11:05:20] +8.1s blend 2: window=2535x1285 tiles=722
[11:05:20] +8.4s local moved kept=259 field=11.39 disagree 0.2523 -> 0.1940
[11:05:20] +8.4s seam grid 44x48 nodes=1972
[11:05:20] +8.4s cut_energy opt=125054 shipped=125054 excess=+0.000%
[11:05:20] +8.4s seam grid 322x354 nodes=22744
[11:05:20] +8.5s cut_energy opt=1230813 shipped=1230813 excess=+0.000%
[11:05:20] +8.5s seam refine nodes=22744
[11:05:20] +8.5s painted
[11:05:20] +8.5s mask blurred
[11:05:20] +8.6s pyramid gauss
[11:05:20] +8.7s pyramid expand
[11:05:20] +8.7s pasted
[11:05:20] +8.7s blended 2 keepA=0.33
[11:05:20] +8.7s blend 3: window=2249x1285 tiles=646
[11:05:20] +8.9s local moved kept=254 field=22.21 disagree 0.2395 -> 0.1838
[11:05:20] +8.9s seam grid 44x49 nodes=2018
[11:05:20] +8.9s cut_energy opt=132252 shipped=132252 excess=+0.000%
[11:05:21] +8.9s seam grid 322x368 nodes=25879
[11:05:21] +9.0s cut_energy opt=1140736 shipped=1140736 excess=+0.000%
[11:05:21] +9.0s seam refine nodes=25879
[11:05:21] +9.0s painted
[11:05:21] +9.0s mask blurred
[11:05:21] +9.1s pyramid gauss
[11:05:21] +9.1s pyramid expand
[11:05:21] +9.2s pasted
[11:05:21] +9.2s blended 3 keepA=0.52
[11:05:21] +9.2s blend 4: window=2252x1285 tiles=646
[11:05:21] +9.4s local moved kept=298 field=17.88 disagree 0.2440 -> 0.1748
[11:05:21] +9.4s seam grid 44x50 nodes=2045
[11:05:21] +9.4s cut_energy opt=103206 shipped=103206 excess=+0.000%
[11:05:21] +9.4s seam grid 322x373 nodes=23087
[11:05:21] +9.5s cut_energy opt=1310244 shipped=1310244 excess=+0.000%
[11:05:21] +9.5s seam refine nodes=23087
[11:05:21] +9.5s painted
[11:05:21] +9.5s mask blurred
[11:05:21] +9.6s pyramid gauss
[11:05:21] +9.6s pyramid expand
[11:05:21] +9.6s pasted
[11:05:21] +9.6s blended 4 keepA=0.28
[11:05:21] +9.6s preview canvas cylindrical 2991x1285 shifts=4
[11:05:21] +9.6s time  preview=3.09s (solve+match 6.54s)
[11:05:21] +9.7s preview ready /home/dalibor/Projects/RapidRAW/lean_pano_proto/out/v52/DSCF0200/DSCF0200_preview.jpg
[11:05:21] +9.7s save started
[11:05:21] +9.7s develop jobs=4
[11:05:25] +13.3s developed DSCF0200.RAF 7728x5152 -> 1920x1280
[11:05:25] +13.3s developed DSCF0201.RAF 7728x5152 -> 1920x1280
[11:05:25] +13.3s developed DSCF0202.RAF 7728x5152 -> 1920x1280
[11:05:25] +13.3s developed DSCF0203.RAF 7728x5152 -> 1920x1280
[11:05:25] +13.3s developed DSCF0204.RAF 7728x5152 -> 1920x1280
[11:05:25] +13.3s time  develop=3.64s
[11:05:25] +13.4s scale raw=7728x5152 jpeg=4416x2944 x=1.7500 y=1.7500
[11:05:25] +13.4s Matching brightness...
[11:05:25] +13.4s canvas cylindrical 2991x1285
[11:05:25] +13.5s warp DSCF0202.RAF: bbox=(612,16,2335,1285) 1723x1269
[11:05:25] +13.5s warp DSCF0201.RAF: bbox=(968,12,2690,1281) 1722x1269
[11:05:25] +13.5s warp DSCF0204.RAF: bbox=(0,14,1737,1285) 1737x1271
[11:05:25] +13.5s warp DSCF0200.RAF: bbox=(1251,0,2991,1269) 1740x1269
[11:05:25] +13.5s warp DSCF0203.RAF: bbox=(318,21,2053,1285) 1735x1264
[11:05:25] +13.7s brightness gains=5 corner=0.924
[11:05:25] +13.7s Blending photos...
[11:05:25] +13.8s blend 1: window=2565x1285 tiles=741
[11:05:26] +14.1s local moved kept=336 field=10.52 disagree 0.2292 -> 0.1369
[11:05:26] +14.1s seam grid 44x50 nodes=2019
[11:05:26] +14.1s cut_energy opt=152142 shipped=152142 excess=+0.000%
[11:05:26] +14.1s seam grid 322x373 nodes=29260
[11:05:26] +14.3s cut_energy opt=1173737 shipped=1173737 excess=+0.000%
[11:05:26] +14.3s seam refine nodes=29260
[11:05:26] +14.3s painted
[11:05:26] +14.3s mask blurred
[11:05:26] +14.4s pyramid gauss
[11:05:26] +14.5s pyramid expand
[11:05:26] +14.5s pasted
[11:05:26] +14.5s blended 1 keepA=0.63
[11:05:26] +14.5s blend 2: window=2535x1285 tiles=722
[11:05:26] +14.7s local moved kept=311 field=10.91 disagree 0.2589 -> 0.1793
[11:05:26] +14.7s seam grid 44x48 nodes=1963
[11:05:26] +14.7s cut_energy opt=119065 shipped=119065 excess=+0.000%
[11:05:26] +14.7s seam grid 322x355 nodes=23420
[11:05:26] +14.8s cut_energy opt=1219839 shipped=1219839 excess=+0.000%
[11:05:26] +14.8s seam refine nodes=23420
[11:05:26] +14.8s painted
[11:05:26] +14.8s mask blurred
[11:05:26] +14.9s pyramid gauss
[11:05:26] +14.9s pyramid expand
[11:05:27] +14.9s pasted
[11:05:27] +14.9s blended 2 keepA=0.40
[11:05:27] +14.9s blend 3: window=2249x1285 tiles=646
[11:05:27] +15.2s local moved kept=319 field=20.94 disagree 0.2482 -> 0.1760
[11:05:27] +15.2s seam grid 44x49 nodes=2004
[11:05:27] +15.2s cut_energy opt=117741 shipped=117741 excess=+0.000%
[11:05:27] +15.2s seam grid 322x367 nodes=25517
[11:05:27] +15.3s cut_energy opt=1121021 shipped=1121021 excess=+0.000%
[11:05:27] +15.3s seam refine nodes=25517
[11:05:27] +15.3s painted
[11:05:27] +15.3s mask blurred
[11:05:27] +15.4s pyramid gauss
[11:05:27] +15.4s pyramid expand
[11:05:27] +15.4s pasted
[11:05:27] +15.4s blended 3 keepA=0.52
[11:05:27] +15.4s blend 4: window=2252x1285 tiles=646
[11:05:27] +15.7s local moved kept=328 field=16.06 disagree 0.2451 -> 0.1669
[11:05:27] +15.7s seam grid 44x50 nodes=2034
[11:05:27] +15.7s cut_energy opt=103051 shipped=103051 excess=+0.000%
[11:05:27] +15.7s seam grid 322x373 nodes=24176
[11:05:27] +15.8s cut_energy opt=1298706 shipped=1298706 excess=+0.000%
[11:05:27] +15.8s seam refine nodes=24176
[11:05:27] +15.8s painted
[11:05:27] +15.8s mask blurred
[11:05:27] +15.8s pyramid gauss
[11:05:27] +15.9s pyramid expand
[11:05:27] +15.9s pasted
[11:05:27] +15.9s blended 4 keepA=0.27
[11:05:27] +15.9s time  linear_photometry=2.54s
[11:05:27] +15.9s photometry source=second compose
[11:05:27] +15.9s save seam preview
[11:05:27] +15.9s save cut fullres
[11:05:27] +15.9s photometry gains=5
[11:05:27] +15.9s photo pedestal=0.002628 field_norm=0.724360 gains=[1.0617 0.9263 0.9467 1.0084 1.0651]
[11:05:27] +15.9s save seam developed
[11:05:27] +15.9s canvas cylindrical 12038x5172
[11:05:28] +16.1s local align resolution 1/1
[11:05:28] +16.1s composite levels=6 pad=512
[11:05:28] +16.1s local alignment refine=false
[11:05:29] +17.1s warped DSCF0202.RAF straight
[11:05:30] +18.6s field n=0 const=[1.0000 1.0000 1.0000] peak=0.0000 gain=-0.0684 (rejected)
[11:05:30] +18.8s seam grid 162x185 nodes=28972
[11:05:31] +19.0s cut_energy opt=266610 shipped=266610 excess=+0.000%
[11:05:31] +19.1s seam grid 1269x1451 nodes=115554
[11:05:32] +20.7s cut_energy opt=3217560 shipped=3217560 excess=+0.000%
[11:05:32] +20.7s seam refine nodes=115554
[11:05:32] +20.8s painted
[11:05:32] +20.9s mask blurred
[11:05:34] +22.2s pyramid gauss
[11:05:35] +23.0s pyramid expand
[11:05:35] +23.1s blended
[11:05:35] +23.1s seam 1 window=7956x5172 keepA=0.58
[11:05:35] +23.1s warped DSCF0203.RAF nudged
[11:05:36] +24.6s field n=0 const=[1.0000 1.0000 1.0000] peak=0.0000 gain=-0.1814 (rejected)
[11:05:36] +24.8s seam grid 162x174 nodes=27586
[11:05:36] +24.9s cut_energy opt=207612 shipped=207612 excess=+0.000%
[11:05:37] +25.0s seam grid 1268x1376 nodes=102556
[11:05:37] +25.7s cut_energy opt=2085268 shipped=2085268 excess=+0.000%
[11:05:37] +25.7s seam refine nodes=102556
[11:05:37] +25.7s painted
[11:05:37] +25.8s mask blurred
[11:05:39] +27.1s pyramid gauss
[11:05:39] +27.9s pyramid expand
[11:05:40] +28.0s blended
[11:05:40] +28.0s seam 2 window=7904x5172 keepA=0.42
[11:05:40] +28.0s warped DSCF0201.RAF nudged
[11:05:41] +29.4s field n=0 const=[1.0000 1.0000 1.0000] peak=0.0000 gain=-0.2078 (rejected)
[11:05:41] +29.7s seam grid 162x182 nodes=28780
[11:05:41] +29.8s cut_energy opt=211474 shipped=211474 excess=+0.000%
[11:05:41] +29.9s seam grid 1268x1427 nodes=99969
[11:05:43] +31.4s cut_energy opt=1650627 shipped=1650627 excess=+0.000%
[11:05:43] +31.4s seam refine nodes=99969
[11:05:43] +31.4s painted
[11:05:43] +31.5s mask blurred
[11:05:44] +32.8s pyramid gauss
[11:05:45] +33.6s pyramid expand
[11:05:45] +33.8s blended
[11:05:45] +33.8s seam 3 window=7476x5172 keepA=0.54
[11:05:45] +33.8s warped DSCF0204.RAF nudged
[11:05:47] +35.4s field n=0 const=[1.0000 1.0000 1.0000] peak=0.0000 gain=-0.1204 (rejected)
[11:05:47] +35.6s seam grid 161x184 nodes=28986
[11:05:47] +35.7s cut_energy opt=222042 shipped=222042 excess=+0.000%
[11:05:47] +35.8s seam grid 1264x1448 nodes=94110
[11:05:48] +36.3s cut_energy opt=2093038 shipped=2093038 excess=+0.000%
[11:05:48] +36.3s seam refine nodes=94110
[11:05:48] +36.3s painted
[11:05:48] +36.4s mask blurred
[11:05:49] +37.9s pyramid gauss
[11:05:50] +38.8s pyramid expand
[11:05:50] +38.9s blended
[11:05:50] +38.9s seam 4 window=7489x5172 keepA=0.48
[11:05:50] +38.9s warped DSCF0200.RAF nudged
[11:05:50] +38.9s refined shifts seams=0 mean_abs_shift=0.000px max_abs_shift=0.000px
[11:05:50] +38.9s exposure gains applied 2
[11:05:51] +39.0s SAVECROP canvas=12038x5172 crop=(0.02106,0.06848) size=0.96222x0.81245 -> tiff 11583x4202
[11:05:51] +39.0s save encode 11583x4202
[11:05:54] +42.6s seam dump /home/dalibor/Projects/RapidRAW/lean_pano_proto/out/v52/DSCF0200/seams.txt
[11:05:54] +42.6s blend_stage extract=0.00s
[11:05:54] +42.6s blend_stage graphcut=11.45s
[11:05:54] +42.6s blend_stage mask_blur=0.64s
[11:05:54] +42.6s blend_stage pyr_blend=10.87s
[11:05:54] +42.6s boundary_step final: n=2697 median_step=2.82% p90=37.50%
[11:05:54] +42.6s blinds_flat  final: n=1425 median_step=1.16% p90=24.95%
[11:05:54] +42.6s woodline    final: n=2082 median_step=7.66% p90=25.31%
[11:05:54] +42.6s ghost_band   final: mean=0.653 keepA=0.51 cut_px=25701 swallowed=0
[11:05:54] +42.6s sharpness_lapvar final: 20.548161534313845
[11:05:54] +42.6s pano_mean_lum 0.13878622788048228 shadow_median 0.09011928737163544 canvas 11583x4202 levels=6 window_px=512
[11:05:54] +42.6s time  final blend=18.72s encode_tiff=0.51s metrics=2.49s photometry=1.45s step_metrics=0.19s warp=1.81s
[11:05:54] +42.6s time  total=42.60s
[11:05:54] +42.6s saved /home/dalibor/Projects/RapidRAW/lean_pano_proto/out/v52/DSCF0200/DSCF0200_Pano.tiff
