[16:52:26] +0.0s log /home/dalibor/Projects/RapidRAW/lean_pano_proto/out/v52/DSCF0200/DSCF0200_Pano.pano.log
[16:52:26] +0.0s merge started files=5
[16:52:26] +0.1s focal native unavailable or disabled, using exif 35eq=27.0mm (crop=1.534)
[16:52:26] +0.2s jpeg DSCF0200.RAF native 4416x2944 declared 4416x2944
[16:52:27] +0.4s jpeg DSCF0201.RAF native 4416x2944 declared 4416x2944
[16:52:27] +0.6s jpeg DSCF0202.RAF native 4416x2944 declared 4416x2944
[16:52:27] +0.8s jpeg DSCF0203.RAF native 4416x2944 declared 4416x2944
[16:52:27] +1.0s jpeg DSCF0204.RAF native 4416x2944 declared 4416x2944
[16:52:29] +2.6s points DSCF0200.RAF 11762
[16:52:29] +2.6s points DSCF0201.RAF 11806
[16:52:29] +2.6s points DSCF0202.RAF 11789
[16:52:29] +2.6s points DSCF0203.RAF 11779
[16:52:29] +2.6s points DSCF0204.RAF 11740
[16:52:32] +6.2s match DSCF0200.RAF<->DSCF0201.RAF: 4731 good
[16:52:32] +6.2s match DSCF0200.RAF<->DSCF0202.RAF: 2796 good
[16:52:32] +6.2s match DSCF0200.RAF<->DSCF0203.RAF: 1744 good
[16:52:32] +6.2s match DSCF0200.RAF<->DSCF0204.RAF: 805 good
[16:52:32] +6.2s match DSCF0201.RAF<->DSCF0202.RAF: 4524 good
[16:52:32] +6.2s match DSCF0201.RAF<->DSCF0203.RAF: 2942 good
[16:52:32] +6.2s match DSCF0201.RAF<->DSCF0204.RAF: 1584 good
[16:52:32] +6.2s match DSCF0202.RAF<->DSCF0203.RAF: 5043 good
[16:52:32] +6.2s match DSCF0202.RAF<->DSCF0204.RAF: 2854 good
[16:52:32] +6.2s match DSCF0203.RAF<->DSCF0204.RAF: 4472 good
[16:52:32] +6.3s aligned kept=5 focal35=27.0 jpeg=4416x2944 points=4416x2944
[16:52:32] +6.3s lens crop=1.534 focal35=27.0 calib=1.529
[16:52:33] +6.9s sky target 0.5948
[16:52:33] +6.9s sky scale DSCF0200.RAF 1.000 median 0.5948
[16:52:33] +6.9s sky scale DSCF0201.RAF 1.010 median 0.5888
[16:52:33] +6.9s sky scale DSCF0202.RAF 1.020 median 0.5832
[16:52:33] +6.9s sky scale DSCF0203.RAF 0.981 median 0.6061
[16:52:33] +6.9s sky scale DSCF0204.RAF 0.969 median 0.6142
[16:52:33] +6.9s Matching brightness...
[16:52:33] +6.9s canvas cylindrical 2991x1285
[16:52:33] +7.1s warp DSCF0202.RAF: bbox=(612,16,2335,1285) 1723x1269
[16:52:33] +7.1s warp DSCF0204.RAF: bbox=(0,14,1737,1285) 1737x1271
[16:52:33] +7.1s warp DSCF0203.RAF: bbox=(318,21,2053,1285) 1735x1264
[16:52:33] +7.1s warp DSCF0201.RAF: bbox=(968,12,2690,1281) 1722x1269
[16:52:33] +7.1s warp DSCF0200.RAF: bbox=(1251,0,2991,1269) 1740x1269
[16:52:33] +7.2s brightness gains=5 corner=1.146
[16:52:33] +7.2s Blending photos...
[16:52:33] +7.3s blend 1: window=2565x1285 tiles=741
[16:52:34] +7.6s local moved kept=281 field=10.41 disagree 0.2082 -> 0.1488
[16:52:34] +7.6s seam grid 44x50 nodes=2027
[16:52:34] +7.6s cut_energy opt=104313 shipped=104313 excess=+0.000%
[16:52:34] +7.6s seam grid 322x373 nodes=31651
[16:52:34] +7.8s cut_energy opt=1094351 shipped=1094351 excess=+0.000%
[16:52:34] +7.8s seam refine nodes=31651
[16:52:34] +7.8s painted
[16:52:34] +7.8s mask blurred
[16:52:34] +7.8s pyramid gauss
[16:52:34] +7.9s pyramid expand
[16:52:34] +7.9s pasted
[16:52:34] +7.9s blended 1 keepA=0.25
[16:52:34] +7.9s blend 2: window=2535x1285 tiles=722
[16:52:34] +8.1s local moved kept=266 field=12.85 disagree 0.2538 -> 0.1970
[16:52:34] +8.2s seam grid 44x48 nodes=1972
[16:52:34] +8.2s cut_energy opt=105445 shipped=105445 excess=+0.000%
[16:52:34] +8.2s seam grid 322x354 nodes=27200
[16:52:34] +8.3s cut_energy opt=1026255 shipped=1026255 excess=+0.000%
[16:52:34] +8.3s seam refine nodes=27200
[16:52:34] +8.3s painted
[16:52:34] +8.3s mask blurred
[16:52:35] +8.4s pyramid gauss
[16:52:35] +8.4s pyramid expand
[16:52:35] +8.5s pasted
[16:52:35] +8.5s blended 2 keepA=0.59
[16:52:35] +8.5s blend 3: window=2249x1285 tiles=646
[16:52:35] +8.7s local moved kept=266 field=22.00 disagree 0.2371 -> 0.1829
[16:52:35] +8.7s seam grid 44x49 nodes=2018
[16:52:35] +8.7s cut_energy opt=105963 shipped=105963 excess=+0.000%
[16:52:35] +8.7s seam grid 322x368 nodes=26756
[16:52:35] +8.8s cut_energy opt=1054100 shipped=1054100 excess=+0.000%
[16:52:35] +8.8s seam refine nodes=26756
[16:52:35] +8.8s painted
[16:52:35] +8.8s mask blurred
[16:52:35] +8.8s pyramid gauss
[16:52:35] +8.9s pyramid expand
[16:52:35] +8.9s pasted
[16:52:35] +8.9s blended 3 keepA=0.41
[16:52:35] +8.9s blend 4: window=2252x1285 tiles=646
[16:52:35] +9.1s local moved kept=297 field=17.97 disagree 0.2475 -> 0.1815
[16:52:35] +9.1s seam grid 44x50 nodes=2045
[16:52:35] +9.1s cut_energy opt=85372 shipped=85372 excess=+0.000%
[16:52:35] +9.1s seam grid 322x373 nodes=24840
[16:52:35] +9.2s cut_energy opt=998931 shipped=998931 excess=+0.000%
[16:52:35] +9.2s seam refine nodes=24840
[16:52:35] +9.2s painted
[16:52:35] +9.2s mask blurred
[16:52:35] +9.3s pyramid gauss
[16:52:36] +9.4s pyramid expand
[16:52:36] +9.4s pasted
[16:52:36] +9.4s blended 4 keepA=0.51
[16:52:36] +9.4s preview canvas cylindrical 2991x1285 shifts=4
[16:52:36] +9.4s time  preview=3.08s (solve+match 6.30s)
[16:52:36] +9.5s preview ready /home/dalibor/Projects/RapidRAW/lean_pano_proto/out/v52/DSCF0200/DSCF0200_preview.jpg
[16:52:36] +9.5s save started
[16:52:36] +9.5s develop jobs=4
[16:52:39] +13.1s developed DSCF0200.RAF 7728x5152 -> 1920x1280
[16:52:39] +13.1s developed DSCF0201.RAF 7728x5152 -> 1920x1280
[16:52:39] +13.1s developed DSCF0202.RAF 7728x5152 -> 1920x1280
[16:52:39] +13.1s developed DSCF0203.RAF 7728x5152 -> 1920x1280
[16:52:39] +13.1s developed DSCF0204.RAF 7728x5152 -> 1920x1280
[16:52:39] +13.1s time  develop=3.65s
[16:52:39] +13.2s scale raw=7728x5152 jpeg=4416x2944 x=1.7500 y=1.7500
[16:52:39] +13.2s Matching brightness...
[16:52:39] +13.2s canvas cylindrical 2991x1285
[16:52:40] +13.4s warp DSCF0200.RAF: bbox=(1251,0,2991,1269) 1740x1269
[16:52:40] +13.4s warp DSCF0204.RAF: bbox=(0,14,1737,1285) 1737x1271
[16:52:40] +13.4s warp DSCF0202.RAF: bbox=(612,16,2335,1285) 1723x1269
[16:52:40] +13.4s warp DSCF0203.RAF: bbox=(318,21,2053,1285) 1735x1264
[16:52:40] +13.4s warp DSCF0201.RAF: bbox=(968,12,2690,1281) 1722x1269
[16:52:40] +13.5s brightness gains=5 corner=0.924
[16:52:40] +13.5s Blending photos...
[16:52:40] +13.6s blend 1: window=2565x1285 tiles=741
[16:52:40] +13.9s local moved kept=336 field=10.52 disagree 0.2292 -> 0.1369
[16:52:40] +13.9s seam grid 44x50 nodes=2019
[16:52:40] +13.9s cut_energy opt=106579 shipped=106579 excess=+0.000%
[16:52:40] +13.9s seam grid 322x373 nodes=29192
[16:52:40] +14.0s cut_energy opt=1024660 shipped=1024660 excess=+0.000%
[16:52:40] +14.0s seam refine nodes=29192
[16:52:40] +14.0s painted
[16:52:40] +14.0s mask blurred
[16:52:40] +14.1s pyramid gauss
[16:52:40] +14.2s pyramid expand
[16:52:40] +14.2s pasted
[16:52:40] +14.2s blended 1 keepA=0.49
[16:52:40] +14.2s blend 2: window=2535x1285 tiles=722
[16:52:41] +14.4s local moved kept=308 field=10.93 disagree 0.2567 -> 0.1804
[16:52:41] +14.4s seam grid 44x48 nodes=1963
[16:52:41] +14.4s cut_energy opt=106257 shipped=106257 excess=+0.000%
[16:52:41] +14.4s seam grid 322x355 nodes=28002
[16:52:41] +14.5s cut_energy opt=1091531 shipped=1091531 excess=+0.000%
[16:52:41] +14.5s seam refine nodes=28002
[16:52:41] +14.5s painted
[16:52:41] +14.5s mask blurred
[16:52:41] +14.6s pyramid gauss
[16:52:41] +14.6s pyramid expand
[16:52:41] +14.6s pasted
[16:52:41] +14.6s blended 2 keepA=0.57
[16:52:41] +14.6s blend 3: window=2249x1285 tiles=646
[16:52:41] +14.9s local moved kept=316 field=20.27 disagree 0.2482 -> 0.1751
[16:52:41] +14.9s seam grid 44x49 nodes=2005
[16:52:41] +14.9s cut_energy opt=106213 shipped=106213 excess=+0.000%
[16:52:41] +14.9s seam grid 322x368 nodes=26031
[16:52:41] +14.9s cut_energy opt=998403 shipped=998403 excess=+0.000%
[16:52:41] +14.9s seam refine nodes=26031
[16:52:41] +14.9s painted
[16:52:41] +15.0s mask blurred
[16:52:41] +15.0s pyramid gauss
[16:52:41] +15.1s pyramid expand
[16:52:41] +15.1s pasted
[16:52:41] +15.1s blended 3 keepA=0.49
[16:52:41] +15.1s blend 4: window=2252x1285 tiles=646
[16:52:42] +15.4s local moved kept=326 field=16.12 disagree 0.2457 -> 0.1695
[16:52:42] +15.4s seam grid 44x50 nodes=2034
[16:52:42] +15.4s cut_energy opt=86787 shipped=86787 excess=+0.000%
[16:52:42] +15.4s seam grid 322x373 nodes=24357
[16:52:42] +15.4s cut_energy opt=997136 shipped=997136 excess=+0.000%
[16:52:42] +15.4s seam refine nodes=24357
[16:52:42] +15.4s painted
[16:52:42] +15.4s mask blurred
[16:52:42] +15.5s pyramid gauss
[16:52:42] +15.5s pyramid expand
[16:52:42] +15.5s pasted
[16:52:42] +15.5s blended 4 keepA=0.50
[16:52:42] +15.5s time  linear_photometry=2.30s
[16:52:42] +15.5s photometry source=second compose
[16:52:42] +15.5s save seam preview
[16:52:42] +15.5s save cut fullres
[16:52:42] +15.5s photometry gains=5
[16:52:42] +15.5s photo pedestal=0.002628 field_norm=0.724360 gains=[1.0617 0.9263 0.9467 1.0084 1.0651]
[16:52:42] +15.5s save seam developed
[16:52:42] +15.5s canvas cylindrical 12038x5172
[16:52:42] +15.7s local align resolution 1/1
[16:52:42] +15.7s composite levels=6 pad=512
[16:52:42] +15.7s local alignment refine=false
[16:52:43] +16.7s warped DSCF0202.RAF straight
[16:52:44] +18.1s field n=0 const=[1.0000 1.0000 1.0000] peak=0.0000 gain=-0.0684 (rejected)
[16:52:44] +18.3s seam grid 162x185 nodes=28972
[16:52:45] +18.5s cut_energy opt=140568 shipped=140568 excess=+0.000%
[16:52:45] +18.6s seam grid 1269x1451 nodes=113537
[16:52:46] +19.5s cut_energy opt=1379864 shipped=1379864 excess=+0.000%
[16:52:46] +19.5s seam refine nodes=113537
[16:52:46] +19.6s painted
[16:52:46] +19.6s mask blurred
[16:52:47] +20.9s pyramid gauss
[16:52:48] +21.8s pyramid expand
[16:52:48] +21.9s blended
[16:52:48] +21.9s seam 1 window=7956x5172 keepA=0.51
[16:52:48] +21.9s warped DSCF0203.RAF nudged
[16:52:50] +23.4s field n=0 const=[1.0000 1.0000 1.0000] peak=0.0000 gain=-0.1767 (rejected)
[16:52:50] +23.6s seam grid 162x174 nodes=27586
[16:52:50] +23.7s cut_energy opt=136472 shipped=136472 excess=+0.000%
[16:52:50] +23.8s seam grid 1268x1376 nodes=95086
[16:52:50] +24.0s cut_energy opt=1141844 shipped=1141844 excess=+0.000%
[16:52:50] +24.0s seam refine nodes=95086
[16:52:50] +24.1s painted
[16:52:50] +24.2s mask blurred
[16:52:52] +25.4s pyramid gauss
[16:52:52] +26.3s pyramid expand
[16:52:53] +26.4s blended
[16:52:53] +26.4s seam 2 window=7904x5172 keepA=0.50
[16:52:53] +26.4s warped DSCF0201.RAF nudged
[16:52:54] +27.8s field n=0 const=[1.0000 1.0000 1.0000] peak=0.0000 gain=-0.1917 (rejected)
[16:52:54] +28.0s seam grid 162x182 nodes=28781
[16:52:54] +28.2s cut_energy opt=135123 shipped=135123 excess=+0.000%
[16:52:54] +28.2s seam grid 1268x1427 nodes=100117
[16:52:55] +28.6s cut_energy opt=1152661 shipped=1152661 excess=+0.000%
[16:52:55] +28.6s seam refine nodes=100117
[16:52:55] +28.6s painted
[16:52:55] +28.7s mask blurred
[16:52:56] +30.0s pyramid gauss
[16:52:57] +30.8s pyramid expand
[16:52:57] +30.9s blended
[16:52:57] +30.9s seam 3 window=7476x5172 keepA=0.50
[16:52:57] +30.9s warped DSCF0204.RAF nudged
[16:52:59] +32.5s field n=0 const=[1.0000 1.0000 1.0000] peak=0.0000 gain=-0.1150 (rejected)
[16:52:59] +32.8s seam grid 161x184 nodes=28986
[16:52:59] +32.9s cut_energy opt=137892 shipped=137892 excess=+0.000%
[16:52:59] +33.0s seam grid 1264x1448 nodes=89199
[16:53:00] +33.5s cut_energy opt=1171350 shipped=1171350 excess=+0.000%
[16:53:00] +33.5s seam refine nodes=89199
[16:53:00] +33.5s painted
[16:53:00] +33.6s mask blurred
[16:53:01] +35.0s pyramid gauss
[16:53:02] +36.0s pyramid expand
[16:53:02] +36.1s blended
[16:53:02] +36.1s seam 4 window=7489x5172 keepA=0.50
[16:53:02] +36.1s warped DSCF0200.RAF nudged
[16:53:02] +36.1s refined shifts seams=0 mean_abs_shift=0.000px max_abs_shift=0.000px
[16:53:02] +36.1s exposure gains applied 2
[16:53:02] +36.1s SAVECROP canvas=12038x5172 crop=(0.02106,0.06848) size=0.96222x0.81245 -> tiff 11583x4202
[16:53:02] +36.1s save encode 11583x4202
[16:53:06] +39.7s seam dump /home/dalibor/Projects/RapidRAW/lean_pano_proto/out/v52/DSCF0200/seams.txt
[16:53:06] +39.7s blend_stage extract=0.00s
[16:53:06] +39.7s blend_stage graphcut=6.73s
[16:53:06] +39.7s blend_stage mask_blur=0.64s
[16:53:06] +39.7s blend_stage pyr_blend=10.89s
[16:53:06] +39.7s boundary_step final: n=2802 median_step=3.31% p90=42.34%
[16:53:06] +39.7s blinds_flat  final: n=1609 median_step=1.17% p90=32.31%
[16:53:06] +39.7s woodline    final: n=2300 median_step=8.70% p90=26.71%
[16:53:06] +39.7s ghost_band   final: mean=0.654 keepA=0.50 cut_px=25462 swallowed=0
[16:53:06] +39.7s sharpness_lapvar final: 20.295668453082545
[16:53:06] +39.7s pano_mean_lum 0.13876075254987358 shadow_median 0.09006725996732712 canvas 11583x4202 levels=6 window_px=512
[16:53:06] +39.7s time  final blend=16.11s encode_tiff=0.50s metrics=2.51s photometry=1.45s step_metrics=0.18s warp=1.80s
[16:53:06] +39.7s time  total=39.70s
[16:53:06] +39.7s saved /home/dalibor/Projects/RapidRAW/lean_pano_proto/out/v52/DSCF0200/DSCF0200_Pano.tiff
