[03:25:03] +0.0s log /home/dalibor/Projects/RapidRAW/lean_pano_proto/out/v45/DSCF0566/DSCF0566_Pano.pano.log
[03:25:03] +0.0s merge started files=10
[03:25:03] +0.1s focal native=70.2mm x crop=1.534 = 107.69mm 35eq (exif 35eq=105.0, implied crop=1.4957, delta=+2.56%)
[03:25:04] +0.2s jpeg DSCF0566.RAF native 4416x2944 declared 4416x2944
[03:25:04] +0.4s jpeg DSCF0567.RAF native 4416x2944 declared 4416x2944
[03:25:04] +0.6s jpeg DSCF0568.RAF native 4416x2944 declared 4416x2944
[03:25:04] +0.8s jpeg DSCF0569.RAF native 4416x2944 declared 4416x2944
[03:25:04] +1.0s jpeg DSCF0570.RAF native 4416x2944 declared 4416x2944
[03:25:05] +1.2s jpeg DSCF0571.RAF native 4416x2944 declared 4416x2944
[03:25:05] +1.4s jpeg DSCF0572.RAF native 4416x2944 declared 4416x2944
[03:25:05] +1.6s jpeg DSCF0573.RAF native 4416x2944 declared 4416x2944
[03:25:05] +1.9s jpeg DSCF0574.RAF native 4416x2944 declared 4416x2944
[03:25:05] +2.1s jpeg DSCF0575.RAF native 4416x2944 declared 4416x2944
[03:25:08] +4.2s points DSCF0566.RAF 11766
[03:25:08] +4.2s points DSCF0567.RAF 11738
[03:25:08] +4.2s points DSCF0568.RAF 11678
[03:25:08] +4.2s points DSCF0569.RAF 11728
[03:25:08] +4.2s points DSCF0570.RAF 11771
[03:25:08] +4.2s points DSCF0571.RAF 11772
[03:25:08] +4.2s points DSCF0572.RAF 11762
[03:25:08] +4.2s points DSCF0573.RAF 11774
[03:25:08] +4.2s points DSCF0574.RAF 11740
[03:25:08] +4.2s points DSCF0575.RAF 11787
[03:25:08] +4.2s matching 17 neighbor pairs
[03:25:12] +8.7s match DSCF0566.RAF<->DSCF0567.RAF: 4866 good
[03:25:12] +8.7s match DSCF0566.RAF<->DSCF0568.RAF: 3120 good
[03:25:12] +8.7s match DSCF0567.RAF<->DSCF0568.RAF: 5713 good
[03:25:12] +8.7s match DSCF0567.RAF<->DSCF0569.RAF: 4446 good
[03:25:12] +8.7s match DSCF0568.RAF<->DSCF0569.RAF: 6127 good
[03:25:12] +8.7s match DSCF0568.RAF<->DSCF0570.RAF: 4395 good
[03:25:12] +8.7s match DSCF0569.RAF<->DSCF0570.RAF: 5959 good
[03:25:12] +8.7s match DSCF0569.RAF<->DSCF0571.RAF: 4273 good
[03:25:12] +8.7s match DSCF0570.RAF<->DSCF0571.RAF: 6233 good
[03:25:12] +8.7s match DSCF0570.RAF<->DSCF0572.RAF: 4408 good
[03:25:12] +8.7s match DSCF0571.RAF<->DSCF0572.RAF: 6161 good
[03:25:12] +8.7s match DSCF0571.RAF<->DSCF0573.RAF: 4555 good
[03:25:12] +8.7s match DSCF0572.RAF<->DSCF0573.RAF: 6270 good
[03:25:12] +8.7s match DSCF0572.RAF<->DSCF0574.RAF: 4378 good
[03:25:12] +8.7s match DSCF0573.RAF<->DSCF0574.RAF: 6118 good
[03:25:12] +8.7s match DSCF0573.RAF<->DSCF0575.RAF: 4483 good
[03:25:12] +8.7s match DSCF0574.RAF<->DSCF0575.RAF: 6447 good
[03:25:13] +9.4s aligned kept=10 focal35=107.7 jpeg=4416x2944 points=4416x2944
[03:25:13] +9.4s lens crop=1.534 focal35=107.7 calib=1.529
[03:25:14] +10.6s sky target 0.1864
[03:25:14] +10.6s sky scale DSCF0566.RAF 1.598 median 0.1167
[03:25:14] +10.6s sky scale DSCF0567.RAF 0.938 median 0.1987
[03:25:14] +10.6s sky scale DSCF0568.RAF 1.000 median 0.1864
[03:25:14] +10.6s sky scale DSCF0569.RAF 0.939 median 0.1985
[03:25:14] +10.6s sky scale DSCF0570.RAF 1.008 median 0.1850
[03:25:14] +10.6s sky scale DSCF0571.RAF 1.011 median 0.1844
[03:25:14] +10.6s sky scale DSCF0572.RAF 1.021 median 0.1827
[03:25:14] +10.6s sky scale DSCF0573.RAF 1.005 median 0.1855
[03:25:14] +10.6s sky scale DSCF0574.RAF 0.853 median 0.2185
[03:25:14] +10.6s sky scale DSCF0575.RAF 0.806 median 0.2312
[03:25:14] +10.6s Matching brightness...
[03:25:14] +10.6s canvas perspective 6376x1675
[03:25:14] +10.7s warp DSCF0575.RAF: bbox=(4418,348,6376,1675) 1958x1327
[03:25:14] +10.7s warp DSCF0574.RAF: bbox=(4052,347,6004,1667) 1952x1320
[03:25:14] +10.7s warp DSCF0572.RAF: bbox=(3197,300,5192,1644) 1995x1344
[03:25:14] +10.7s warp DSCF0569.RAF: bbox=(1839,196,4027,1654) 2188x1458
[03:25:14] +10.7s warp DSCF0573.RAF: bbox=(3615,315,5579,1642) 1964x1327
[03:25:14] +10.8s warp DSCF0568.RAF: bbox=(1357,153,3655,1665) 2298x1512
[03:25:14] +10.8s warp DSCF0571.RAF: bbox=(2773,272,4808,1643) 2035x1371
[03:25:14] +10.8s warp DSCF0567.RAF: bbox=(853,100,3288,1675) 2435x1575
[03:25:14] +10.8s warp DSCF0570.RAF: bbox=(2321,234,4419,1644) 2098x1410
[03:25:14] +10.8s warp DSCF0566.RAF: bbox=(0,0,2701,1675) 2701x1675
[03:25:14] +11.1s brightness gains=10 corner=0.671
[03:25:14] +11.1s Blending photos...
[03:25:15] +11.3s blend 1: window=3019x1675 tiles=1150
[03:25:15] +11.7s local moved kept=279 field=3.24 disagree 0.1834 -> 0.0776
[03:25:15] +11.8s seam grid 47x55 nodes=2380
[03:25:15] +11.8s seam grid 346x416 nodes=43761
[03:25:15] +11.9s seam refine nodes=43761
[03:25:15] +11.9s painted
[03:25:15] +11.9s mask blurred
[03:25:15] +12.1s pyramid gauss
[03:25:16] +12.2s pyramid expand
[03:25:16] +12.2s pasted
[03:25:16] +12.2s blended 1 keepA=0.51
[03:25:16] +12.2s blend 2: window=3122x1675 tiles=1175
[03:25:16] +12.5s local moved kept=282 field=4.24 disagree 0.2366 -> 0.1239
[03:25:16] +12.5s seam grid 47x56 nodes=2475
[03:25:16] +12.5s seam grid 352x424 nodes=39406
[03:25:16] +12.7s seam refine nodes=39406
[03:25:16] +12.7s painted
[03:25:16] +12.7s mask blurred
[03:25:16] +12.8s pyramid gauss
[03:25:16] +12.9s pyramid expand
[03:25:16] +12.9s pasted
[03:25:16] +12.9s blended 2 keepA=0.58
[03:25:16] +12.9s blend 3: window=2988x1675 tiles=1125
[03:25:17] +13.2s local moved kept=279 field=3.71 disagree 0.2341 -> 0.1025
[03:25:17] +13.2s seam grid 46x54 nodes=2341
[03:25:17] +13.2s seam grid 342x407 nodes=31122
[03:25:17] +13.3s seam refine nodes=31122
[03:25:17] +13.4s painted
[03:25:17] +13.4s mask blurred
[03:25:17] +13.4s pyramid gauss
[03:25:17] +13.5s pyramid expand
[03:25:17] +13.5s pasted
[03:25:17] +13.5s blended 3 keepA=0.61
[03:25:17] +13.5s blend 4: window=3212x1675 tiles=1225
[03:25:17] +13.9s local moved kept=332 field=4.89 disagree 0.2125 -> 0.1003
[03:25:17] +13.9s seam grid 49x57 nodes=2582
[03:25:17] +13.9s seam grid 364x439 nodes=42496
[03:25:17] +14.1s seam refine nodes=42496
[03:25:17] +14.1s painted
[03:25:17] +14.1s mask blurred
[03:25:18] +14.2s pyramid gauss
[03:25:18] +14.3s pyramid expand
[03:25:18] +14.3s pasted
[03:25:18] +14.3s blended 4 keepA=0.53
[03:25:18] +14.3s blend 5: window=3322x1675 tiles=1250
[03:25:18] +14.7s local moved kept=405 field=6.11 disagree 0.2082 -> 0.0854
[03:25:18] +14.7s seam grid 50x62 nodes=2846
[03:25:18] +14.7s seam grid 376x467 nodes=30337
[03:25:18] +14.8s seam refine nodes=30337
[03:25:18] +14.8s painted
[03:25:18] +14.8s mask blurred
[03:25:18] +15.0s pyramid gauss
[03:25:18] +15.1s pyramid expand
[03:25:18] +15.1s pasted
[03:25:18] +15.1s blended 5 keepA=0.49
[03:25:18] +15.1s blend 6: window=2836x1675 tiles=1075
[03:25:19] +15.4s local moved kept=267 field=4.30 disagree 0.2942 -> 0.1139
[03:25:19] +15.4s seam grid 45x53 nodes=2330
[03:25:19] +15.4s seam grid 334x395 nodes=31070
[03:25:19] +15.5s seam refine nodes=31070
[03:25:19] +15.5s painted
[03:25:19] +15.5s mask blurred
[03:25:19] +15.6s pyramid gauss
[03:25:19] +15.7s pyramid expand
[03:25:19] +15.7s pasted
[03:25:19] +15.7s blended 6 keepA=0.53
[03:25:19] +15.7s blend 7: window=3459x1675 tiles=1325
[03:25:19] +16.1s local moved kept=443 field=6.26 disagree 0.2072 -> 0.0933
[03:25:20] +16.2s seam grid 52x65 nodes=3062
[03:25:20] +16.2s seam grid 387x496 nodes=45284
[03:25:20] +16.3s seam refine nodes=45284
[03:25:20] +16.3s painted
[03:25:20] +16.3s mask blurred
[03:25:20] +16.5s pyramid gauss
[03:25:20] +16.6s pyramid expand
[03:25:20] +16.6s pasted
[03:25:20] +16.6s blended 7 keepA=0.58
[03:25:20] +16.6s blend 8: window=2470x1675 tiles=925
[03:25:20] +16.9s local moved kept=303 field=4.84 disagree 0.3248 -> 0.1187
[03:25:20] +16.9s seam grid 45x54 nodes=2361
[03:25:20] +16.9s seam grid 337x409 nodes=31059
[03:25:20] +17.0s seam refine nodes=31059
[03:25:20] +17.0s painted
[03:25:20] +17.0s mask blurred
[03:25:20] +17.1s pyramid gauss
[03:25:21] +17.2s pyramid expand
[03:25:21] +17.2s pasted
[03:25:21] +17.2s blended 8 keepA=0.59
[03:25:21] +17.2s blend 9: window=3213x1675 tiles=1225
[03:25:21] +17.6s local moved kept=400 field=7.44 disagree 0.1836 -> 0.0741
[03:25:21] +17.6s seam grid 53x63 nodes=3108
[03:25:21] +17.6s seam grid 400x475 nodes=48685
[03:25:21] +17.9s seam refine nodes=48685
[03:25:21] +17.9s painted
[03:25:21] +17.9s mask blurred
[03:25:21] +18.0s pyramid gauss
[03:25:21] +18.1s pyramid expand
[03:25:21] +18.1s pasted
[03:25:21] +18.1s blended 9 keepA=0.60
[03:25:21] +18.1s preview canvas perspective 6376x1675 shifts=9
[03:25:21] +18.1s time  preview=8.73s (solve+match 9.37s)
[03:25:22] +18.2s preview ready /home/dalibor/Projects/RapidRAW/lean_pano_proto/out/v45/DSCF0566/DSCF0566_preview.jpg
[03:25:22] +18.2s save started
[03:25:22] +18.2s develop jobs=4
[03:25:28] +24.3s developed DSCF0566.RAF 7728x5152 -> 1920x1280
[03:25:28] +24.3s developed DSCF0567.RAF 7728x5152 -> 1920x1280
[03:25:28] +24.3s developed DSCF0568.RAF 7728x5152 -> 1920x1280
[03:25:28] +24.3s developed DSCF0569.RAF 7728x5152 -> 1920x1280
[03:25:28] +24.3s developed DSCF0570.RAF 7728x5152 -> 1920x1280
[03:25:28] +24.3s developed DSCF0571.RAF 7728x5152 -> 1920x1280
[03:25:28] +24.3s developed DSCF0572.RAF 7728x5152 -> 1920x1280
[03:25:28] +24.3s developed DSCF0573.RAF 7728x5152 -> 1920x1280
[03:25:28] +24.3s developed DSCF0574.RAF 7728x5152 -> 1920x1280
[03:25:28] +24.3s developed DSCF0575.RAF 7728x5152 -> 1920x1280
[03:25:28] +24.3s time  develop=6.09s
[03:25:28] +24.3s scale raw=7728x5152 jpeg=4416x2944 x=1.7500 y=1.7500
[03:25:28] +24.3s Matching brightness...
[03:25:28] +24.3s canvas perspective 6376x1675
[03:25:28] +24.5s warp DSCF0575.RAF: bbox=(4418,348,6376,1675) 1958x1327
[03:25:28] +24.5s warp DSCF0573.RAF: bbox=(3615,315,5579,1642) 1964x1327
[03:25:28] +24.5s warp DSCF0571.RAF: bbox=(2773,272,4808,1643) 2035x1371
[03:25:28] +24.5s warp DSCF0570.RAF: bbox=(2321,234,4419,1644) 2098x1410
[03:25:28] +24.5s warp DSCF0572.RAF: bbox=(3197,300,5192,1644) 1995x1344
[03:25:28] +24.5s warp DSCF0569.RAF: bbox=(1839,196,4027,1654) 2188x1458
[03:25:28] +24.5s warp DSCF0567.RAF: bbox=(853,100,3288,1675) 2435x1575
[03:25:28] +24.5s warp DSCF0574.RAF: bbox=(4052,347,6004,1667) 1952x1320
[03:25:28] +24.5s warp DSCF0566.RAF: bbox=(0,0,2701,1675) 2701x1675
[03:25:28] +24.5s warp DSCF0568.RAF: bbox=(1357,153,3655,1665) 2298x1512
[03:25:28] +24.9s brightness gains=10 corner=0.635
[03:25:28] +24.9s Blending photos...
[03:25:29] +25.2s blend 1: window=3019x1675 tiles=1150
[03:25:29] +25.6s local moved kept=254 field=4.13 disagree 0.2651 -> 0.0984
[03:25:29] +25.6s seam grid 47x55 nodes=2379
[03:25:29] +25.6s seam grid 346x416 nodes=40651
[03:25:29] +25.8s seam refine nodes=40651
[03:25:29] +25.8s painted
[03:25:29] +25.8s mask blurred
[03:25:29] +25.9s pyramid gauss
[03:25:29] +26.0s pyramid expand
[03:25:29] +26.0s pasted
[03:25:29] +26.0s blended 1 keepA=0.55
[03:25:29] +26.0s blend 2: window=3122x1675 tiles=1175
[03:25:30] +26.4s local moved kept=267 field=5.30 disagree 0.2965 -> 0.1305
[03:25:30] +26.4s seam grid 47x56 nodes=2473
[03:25:30] +26.4s seam grid 352x424 nodes=38225
[03:25:30] +26.6s seam refine nodes=38225
[03:25:30] +26.6s painted
[03:25:30] +26.6s mask blurred
[03:25:30] +26.7s pyramid gauss
[03:25:30] +26.8s pyramid expand
[03:25:30] +26.8s pasted
[03:25:30] +26.8s blended 2 keepA=0.56
[03:25:30] +26.8s blend 3: window=2988x1675 tiles=1125
[03:25:30] +27.1s local moved kept=269 field=7.16 disagree 0.3386 -> 0.1565
[03:25:30] +27.1s seam grid 46x54 nodes=2342
[03:25:30] +27.1s seam grid 342x407 nodes=31328
[03:25:31] +27.2s seam refine nodes=31328
[03:25:31] +27.2s painted
[03:25:31] +27.2s mask blurred
[03:25:31] +27.3s pyramid gauss
[03:25:31] +27.4s pyramid expand
[03:25:31] +27.4s pasted
[03:25:31] +27.4s blended 3 keepA=0.60
[03:25:31] +27.4s blend 4: window=3212x1675 tiles=1225
[03:25:31] +27.8s local moved kept=316 field=9.19 disagree 0.3098 -> 0.1438
[03:25:31] +27.8s seam grid 49x57 nodes=2583
[03:25:31] +27.8s seam grid 364x439 nodes=38982
[03:25:31] +28.0s seam refine nodes=38982
[03:25:31] +28.0s painted
[03:25:31] +28.0s mask blurred
[03:25:32] +28.1s pyramid gauss
[03:25:32] +28.2s pyramid expand
[03:25:32] +28.2s pasted
[03:25:32] +28.2s blended 4 keepA=0.57
[03:25:32] +28.2s blend 5: window=3322x1675 tiles=1250
[03:25:32] +28.6s local moved kept=400 field=12.44 disagree 0.2955 -> 0.1535
[03:25:32] +28.6s seam grid 50x62 nodes=2846
[03:25:32] +28.6s seam grid 376x467 nodes=29376
[03:25:32] +28.7s seam refine nodes=29376
[03:25:32] +28.7s painted
[03:25:32] +28.7s mask blurred
[03:25:32] +28.9s pyramid gauss
[03:25:32] +29.0s pyramid expand
[03:25:32] +29.0s pasted
[03:25:32] +29.0s blended 5 keepA=0.50
[03:25:32] +29.0s blend 6: window=2836x1675 tiles=1075
[03:25:33] +29.3s local moved kept=271 field=9.87 disagree 0.3727 -> 0.1868
[03:25:33] +29.3s seam grid 45x53 nodes=2327
[03:25:33] +29.4s seam grid 334x395 nodes=31112
[03:25:33] +29.5s seam refine nodes=31112
[03:25:33] +29.5s painted
[03:25:33] +29.5s mask blurred
[03:25:33] +29.6s pyramid gauss
[03:25:33] +29.7s pyramid expand
[03:25:33] +29.7s pasted
[03:25:33] +29.7s blended 6 keepA=0.50
[03:25:33] +29.7s blend 7: window=3459x1675 tiles=1325
[03:25:33] +30.1s local moved kept=462 field=14.49 disagree 0.2892 -> 0.1448
[03:25:33] +30.1s seam grid 52x65 nodes=3061
[03:25:33] +30.1s seam grid 387x496 nodes=44127
[03:25:34] +30.3s seam refine nodes=44127
[03:25:34] +30.3s painted
[03:25:34] +30.3s mask blurred
[03:25:34] +30.4s pyramid gauss
[03:25:34] +30.5s pyramid expand
[03:25:34] +30.5s pasted
[03:25:34] +30.5s blended 7 keepA=0.60
[03:25:34] +30.5s blend 8: window=2470x1675 tiles=925
[03:25:34] +30.9s local moved kept=300 field=10.36 disagree 0.3813 -> 0.1815
[03:25:34] +30.9s seam grid 45x54 nodes=2361
[03:25:34] +30.9s seam grid 337x409 nodes=28286
[03:25:34] +31.0s seam refine nodes=28286
[03:25:34] +31.0s painted
[03:25:34] +31.0s mask blurred
[03:25:34] +31.0s pyramid gauss
[03:25:35] +31.1s pyramid expand
[03:25:35] +31.2s pasted
[03:25:35] +31.2s blended 8 keepA=0.60
[03:25:35] +31.2s blend 9: window=3213x1675 tiles=1225
[03:25:35] +31.5s local moved kept=415 field=14.65 disagree 0.3088 -> 0.1461
[03:25:35] +31.6s seam grid 53x63 nodes=3108
[03:25:35] +31.6s seam grid 400x475 nodes=45768
[03:25:35] +31.8s seam refine nodes=45768
[03:25:35] +31.8s painted
[03:25:35] +31.8s mask blurred
[03:25:35] +31.9s pyramid gauss
[03:25:35] +32.0s pyramid expand
[03:25:35] +32.1s pasted
[03:25:35] +32.1s blended 9 keepA=0.59
[03:25:35] +32.1s time  linear_photometry=7.76s
[03:25:35] +32.1s photometry source=second compose
[03:25:35] +32.1s save seam preview
[03:25:35] +32.1s save cut fullres
[03:25:35] +32.1s photometry gains=10
[03:25:35] +32.1s photo pedestal=0.002679 field_norm=1.995567 gains=[0.9962 1.0346 0.9602 0.9557 1.0066 0.9935 1.0513 0.9702 1.0319 1.0045]
[03:25:35] +32.1s save seam developed
[03:25:35] +32.1s canvas perspective 25664x6742
[03:25:36] +32.7s local align resolution 1/1
[03:25:36] +32.7s composite levels=6 pad=512
[03:25:36] +32.7s local alignment refine=false
[03:25:37] +34.0s warped DSCF0571.RAF straight
[03:25:39] +35.6s field n=0 const=[1.0000 1.0000 1.0000] peak=0.0000 gain=-0.1377 (rejected)
[03:25:39] +35.9s seam grid 171x205 nodes=34345
[03:25:40] +36.2s seam grid 1339x1621 nodes=139657
[03:25:42] +38.4s seam refine nodes=139657
[03:25:42] +38.4s painted
[03:25:42] +38.6s mask blurred
[03:25:44] +40.3s pyramid gauss
[03:25:45] +41.3s pyramid expand
[03:25:45] +41.5s blended
[03:25:45] +41.5s seam 1 window=9003x6020 keepA=0.35
[03:25:45] +41.5s warped DSCF0572.RAF nudged
[03:25:47] +43.4s field n=0 const=[1.0000 1.0000 1.0000] peak=0.0000 gain=-0.0905 (rejected)
[03:25:47] +43.8s seam grid 174x210 nodes=36014
[03:25:47] +44.1s seam grid 1367x1657 nodes=170430
[03:25:51] +47.4s seam refine nodes=170430
[03:25:51] +47.4s painted
[03:25:51] +47.6s mask blurred
[03:25:53] +49.4s pyramid gauss
[03:25:54] +50.5s pyramid expand
[03:25:54] +50.6s blended
[03:25:54] +50.6s seam 2 window=9417x6288 keepA=0.60
[03:25:54] +50.6s warped DSCF0570.RAF nudged
[03:25:56] +52.3s field n=0 const=[1.0000 1.0000 1.0000] peak=0.0000 gain=-0.0740 (rejected)
[03:25:56] +52.6s seam grid 169x202 nodes=33627
[03:25:56] +52.9s seam grid 1327x1587 nodes=127146
[03:25:58] +54.9s seam refine nodes=127146
[03:25:58] +55.0s painted
[03:25:58] +55.1s mask blurred
[03:26:00] +56.7s pyramid gauss
[03:26:01] +57.8s pyramid expand
[03:26:01] +57.9s blended
[03:26:01] +57.9s seam 3 window=8880x5961 keepA=0.46
[03:26:01] +57.9s warped DSCF0573.RAF nudged
[03:26:03] +60.0s field n=0 const=[1.0000 1.0000 1.0000] peak=0.0000 gain=-0.0684 (rejected)
[03:26:04] +60.3s seam grid 180x218 nodes=38268
[03:26:04] +60.7s seam grid 1413x1717 nodes=176907
[03:26:08] +64.3s seam refine nodes=176907
[03:26:08] +64.3s painted
[03:26:08] +64.5s mask blurred
[03:26:10] +66.4s pyramid gauss
[03:26:11] +67.7s pyramid expand
[03:26:11] +67.9s blended
[03:26:11] +67.9s seam 4 window=9779x6440 keepA=0.58
[03:26:11] +67.9s warped DSCF0569.RAF nudged
[03:26:13] +70.1s field n=0 const=[1.0000 1.0000 1.0000] peak=0.0000 gain=-0.0397 (rejected)
[03:26:14] +70.5s seam grid 186x232 nodes=41484
[03:26:14] +70.8s seam grid 1463x1828 nodes=192992
[03:26:18] +74.3s seam refine nodes=192992
[03:26:18] +74.3s painted
[03:26:18] +74.4s mask blurred
[03:26:20] +76.6s pyramid gauss
[03:26:21] +78.0s pyramid expand
[03:26:22] +78.1s blended
[03:26:22] +78.1s seam 5 window=10224x6613 keepA=0.68
[03:26:22] +78.1s warped DSCF0568.RAF nudged
[03:26:23] +79.9s field n=0 const=[1.0000 1.0000 1.0000] peak=0.0000 gain=-0.0953 (rejected)
[03:26:24] +80.2s seam grid 165x195 nodes=32165
[03:26:24] +80.5s seam grid 1294x1537 nodes=129365
[03:26:27] +83.6s seam refine nodes=129365
[03:26:27] +83.7s painted
[03:26:27] +83.8s mask blurred
[03:26:29] +85.5s pyramid gauss
[03:26:30] +86.5s pyramid expand
[03:26:30] +86.7s blended
[03:26:30] +86.7s seam 6 window=8832x5833 keepA=0.53
[03:26:30] +86.7s warped DSCF0574.RAF nudged
[03:26:32] +89.1s field n=0 const=[1.0000 1.0000 1.0000] peak=0.0000 gain=-0.0688 (rejected)
[03:26:33] +89.6s seam grid 191x246 nodes=44955
[03:26:33] +90.0s seam grid 1513x1944 nodes=217464
[03:26:39] +96.1s seam refine nodes=217464
[03:26:39] +96.1s painted
[03:26:40] +96.3s mask blurred
[03:26:42] +98.5s pyramid gauss
[03:26:43] +99.8s pyramid expand
[03:26:43] +100.0s blended
[03:26:43] +100.0s seam 7 window=10773x6742 keepA=0.74
[03:26:43] +100.0s warped DSCF0567.RAF nudged
[03:26:45] +101.8s field n=0 const=[1.0000 1.0000 1.0000] peak=0.0000 gain=-0.1171 (rejected)
[03:26:45] +102.1s seam grid 168x203 nodes=33975
[03:26:46] +102.4s seam grid 1318x1596 nodes=149576
[03:26:48] +104.5s seam refine nodes=149576
[03:26:48] +104.5s painted
[03:26:48] +104.6s mask blurred
[03:26:50] +106.3s pyramid gauss
[03:26:51] +107.2s pyramid expand
[03:26:51] +107.3s blended
[03:26:51] +107.3s seam 8 window=8366x5827 keepA=0.55
[03:26:51] +107.3s warped DSCF0575.RAF nudged
[03:26:53] +109.9s field n=0 const=[1.0000 1.0000 1.0000] peak=0.0000 gain=-0.0892 (rejected)
[03:26:54] +110.3s seam grid 198x236 nodes=45329
[03:26:54] +110.7s seam grid 1560x1860 nodes=185720
[03:26:59] +115.4s seam refine nodes=185720
[03:26:59] +115.4s painted
[03:26:59] +115.6s mask blurred
[03:27:01] +117.8s pyramid gauss
[03:27:02] +119.1s pyramid expand
[03:27:03] +119.3s blended
[03:27:03] +119.3s seam 9 window=11356x6742 keepA=0.63
[03:27:03] +119.3s warped DSCF0566.RAF nudged
[03:27:03] +119.3s refined shifts seams=0 mean_abs_shift=0.000px max_abs_shift=0.000px
[03:27:03] +119.3s exposure gains applied 8
[03:27:03] +119.4s save encode 25270x4975
[03:27:12] +128.9s seam dump /home/dalibor/Projects/RapidRAW/lean_pano_proto/out/v45/DSCF0566/seams.txt
[03:27:12] +128.9s blend_stage extract=0.00s
[03:27:12] +128.9s blend_stage graphcut=36.28s
[03:27:12] +128.9s blend_stage mask_blur=1.25s
[03:27:12] +128.9s blend_stage pyr_blend=19.11s
[03:27:12] +128.9s boundary_step final: n=10837 median_step=3.11% p90=41.43%
[03:27:12] +128.9s blinds_flat  final: n=14245 median_step=1.50% p90=15.88%
[03:27:12] +128.9s woodline    final: n=8655 median_step=8.62% p90=64.59%
[03:27:12] +128.9s ghost_band   final: mean=0.641 keepA=0.57 cut_px=111267 swallowed=0
[03:27:12] +128.9s sharpness_lapvar final: 10.005922167965526
[03:27:12] +128.9s pano_mean_lum 0.05250867934208694 shadow_median 0.03629316762089729 canvas 25270x4975 levels=6 window_px=512
[03:27:12] +128.9s time  final blend=75.13s encode_tiff=1.40s metrics=6.71s photometry=4.14s step_metrics=0.18s warp=5.45s
[03:27:12] +128.9s time  total=128.90s
[03:27:12] +128.9s saved /home/dalibor/Projects/RapidRAW/lean_pano_proto/out/v45/DSCF0566/DSCF0566_Pano.tiff
