[03:30:15] +0.0s log /home/dalibor/Projects/RapidRAW/lean_pano_proto/out/v45/DSCF0566/DSCF0566_Pano.pano.log
[03:30:15] +0.0s merge started files=10
[03:30:15] +0.1s focal native=70.2mm x crop=1.534 = 107.69mm 35eq (exif 35eq=105.0, implied crop=1.4957, delta=+2.56%)
[03:30:15] +0.2s jpeg DSCF0566.RAF native 4416x2944 declared 4416x2944
[03:30:15] +0.4s jpeg DSCF0567.RAF native 4416x2944 declared 4416x2944
[03:30:15] +0.6s jpeg DSCF0568.RAF native 4416x2944 declared 4416x2944
[03:30:16] +0.8s jpeg DSCF0569.RAF native 4416x2944 declared 4416x2944
[03:30:16] +1.0s jpeg DSCF0570.RAF native 4416x2944 declared 4416x2944
[03:30:16] +1.2s jpeg DSCF0571.RAF native 4416x2944 declared 4416x2944
[03:30:16] +1.4s jpeg DSCF0572.RAF native 4416x2944 declared 4416x2944
[03:30:16] +1.6s jpeg DSCF0573.RAF native 4416x2944 declared 4416x2944
[03:30:17] +1.8s jpeg DSCF0574.RAF native 4416x2944 declared 4416x2944
[03:30:17] +2.0s jpeg DSCF0575.RAF native 4416x2944 declared 4416x2944
[03:30:19] +4.2s points DSCF0566.RAF 11766
[03:30:19] +4.2s points DSCF0567.RAF 11738
[03:30:19] +4.2s points DSCF0568.RAF 11678
[03:30:19] +4.2s points DSCF0569.RAF 11728
[03:30:19] +4.2s points DSCF0570.RAF 11771
[03:30:19] +4.2s points DSCF0571.RAF 11772
[03:30:19] +4.2s points DSCF0572.RAF 11762
[03:30:19] +4.2s points DSCF0573.RAF 11774
[03:30:19] +4.2s points DSCF0574.RAF 11740
[03:30:19] +4.2s points DSCF0575.RAF 11787
[03:30:19] +4.2s matching 17 neighbor pairs
[03:30:23] +8.6s match DSCF0566.RAF<->DSCF0567.RAF: 4866 good
[03:30:23] +8.6s match DSCF0566.RAF<->DSCF0568.RAF: 3120 good
[03:30:23] +8.6s match DSCF0567.RAF<->DSCF0568.RAF: 5713 good
[03:30:23] +8.6s match DSCF0567.RAF<->DSCF0569.RAF: 4446 good
[03:30:23] +8.6s match DSCF0568.RAF<->DSCF0569.RAF: 6127 good
[03:30:23] +8.6s match DSCF0568.RAF<->DSCF0570.RAF: 4395 good
[03:30:23] +8.6s match DSCF0569.RAF<->DSCF0570.RAF: 5959 good
[03:30:23] +8.6s match DSCF0569.RAF<->DSCF0571.RAF: 4273 good
[03:30:23] +8.6s match DSCF0570.RAF<->DSCF0571.RAF: 6233 good
[03:30:23] +8.6s match DSCF0570.RAF<->DSCF0572.RAF: 4408 good
[03:30:23] +8.6s match DSCF0571.RAF<->DSCF0572.RAF: 6161 good
[03:30:23] +8.6s match DSCF0571.RAF<->DSCF0573.RAF: 4555 good
[03:30:23] +8.6s match DSCF0572.RAF<->DSCF0573.RAF: 6270 good
[03:30:23] +8.6s match DSCF0572.RAF<->DSCF0574.RAF: 4378 good
[03:30:23] +8.6s match DSCF0573.RAF<->DSCF0574.RAF: 6118 good
[03:30:23] +8.6s match DSCF0573.RAF<->DSCF0575.RAF: 4483 good
[03:30:23] +8.6s match DSCF0574.RAF<->DSCF0575.RAF: 6447 good
[03:30:24] +9.3s aligned kept=10 focal35=107.7 jpeg=4416x2944 points=4416x2944
[03:30:24] +9.3s lens crop=1.534 focal35=107.7 calib=1.529
[03:30:25] +10.5s sky target 0.1864
[03:30:25] +10.5s sky scale DSCF0566.RAF 1.598 median 0.1167
[03:30:25] +10.5s sky scale DSCF0567.RAF 0.938 median 0.1987
[03:30:25] +10.5s sky scale DSCF0568.RAF 1.000 median 0.1864
[03:30:25] +10.5s sky scale DSCF0569.RAF 0.939 median 0.1985
[03:30:25] +10.5s sky scale DSCF0570.RAF 1.008 median 0.1850
[03:30:25] +10.5s sky scale DSCF0571.RAF 1.011 median 0.1844
[03:30:25] +10.5s sky scale DSCF0572.RAF 1.021 median 0.1827
[03:30:25] +10.5s sky scale DSCF0573.RAF 1.005 median 0.1855
[03:30:25] +10.5s sky scale DSCF0574.RAF 0.853 median 0.2185
[03:30:25] +10.5s sky scale DSCF0575.RAF 0.806 median 0.2312
[03:30:25] +10.5s Matching brightness...
[03:30:25] +10.5s canvas perspective 6376x1675
[03:30:26] +10.7s warp DSCF0570.RAF: bbox=(2321,234,4419,1644) 2098x1410
[03:30:26] +10.7s warp DSCF0574.RAF: bbox=(4052,347,6004,1667) 1952x1320
[03:30:26] +10.7s warp DSCF0575.RAF: bbox=(4418,348,6376,1675) 1958x1327
[03:30:26] +10.7s warp DSCF0572.RAF: bbox=(3197,300,5192,1644) 1995x1344
[03:30:26] +10.7s warp DSCF0573.RAF: bbox=(3615,315,5579,1642) 1964x1327
[03:30:26] +10.7s warp DSCF0568.RAF: bbox=(1357,153,3655,1665) 2298x1512
[03:30:26] +10.7s warp DSCF0569.RAF: bbox=(1839,196,4027,1654) 2188x1458
[03:30:26] +10.8s warp DSCF0571.RAF: bbox=(2773,272,4808,1643) 2035x1371
[03:30:26] +10.8s warp DSCF0567.RAF: bbox=(853,100,3288,1675) 2435x1575
[03:30:26] +10.8s warp DSCF0566.RAF: bbox=(0,0,2701,1675) 2701x1675
[03:30:26] +11.1s brightness gains=10 corner=0.671
[03:30:26] +11.1s Blending photos...
[03:30:26] +11.3s blend 1: window=3019x1675 tiles=1150
[03:30:27] +11.7s local moved kept=279 field=3.24 disagree 0.1834 -> 0.0776
[03:30:27] +11.8s seam grid 47x55 nodes=2380
[03:30:27] +11.8s seam grid 346x416 nodes=43761
[03:30:27] +11.9s seam refine nodes=43761
[03:30:27] +11.9s painted
[03:30:27] +11.9s mask blurred
[03:30:27] +12.1s pyramid gauss
[03:30:27] +12.2s pyramid expand
[03:30:27] +12.2s pasted
[03:30:27] +12.2s blended 1 keepA=0.51
[03:30:27] +12.2s blend 2: window=3122x1675 tiles=1175
[03:30:27] +12.5s local moved kept=282 field=4.24 disagree 0.2366 -> 0.1239
[03:30:27] +12.5s seam grid 47x56 nodes=2475
[03:30:27] +12.5s seam grid 352x424 nodes=39406
[03:30:27] +12.7s seam refine nodes=39406
[03:30:27] +12.7s painted
[03:30:27] +12.7s mask blurred
[03:30:28] +12.7s pyramid gauss
[03:30:28] +12.9s pyramid expand
[03:30:28] +12.9s pasted
[03:30:28] +12.9s blended 2 keepA=0.58
[03:30:28] +12.9s blend 3: window=2988x1675 tiles=1125
[03:30:28] +13.2s local moved kept=279 field=3.71 disagree 0.2341 -> 0.1025
[03:30:28] +13.2s seam grid 46x54 nodes=2341
[03:30:28] +13.2s seam grid 342x407 nodes=31122
[03:30:28] +13.3s seam refine nodes=31122
[03:30:28] +13.3s painted
[03:30:28] +13.3s mask blurred
[03:30:28] +13.4s pyramid gauss
[03:30:28] +13.5s pyramid expand
[03:30:28] +13.5s pasted
[03:30:28] +13.5s blended 3 keepA=0.61
[03:30:28] +13.5s blend 4: window=3212x1675 tiles=1225
[03:30:29] +13.9s local moved kept=332 field=4.89 disagree 0.2125 -> 0.1003
[03:30:29] +13.9s seam grid 49x57 nodes=2582
[03:30:29] +13.9s seam grid 364x439 nodes=42496
[03:30:29] +14.1s seam refine nodes=42496
[03:30:29] +14.1s painted
[03:30:29] +14.1s mask blurred
[03:30:29] +14.3s pyramid gauss
[03:30:29] +14.4s pyramid expand
[03:30:29] +14.4s pasted
[03:30:29] +14.4s blended 4 keepA=0.53
[03:30:29] +14.4s blend 5: window=3322x1675 tiles=1250
[03:30:30] +14.7s local moved kept=405 field=6.11 disagree 0.2082 -> 0.0854
[03:30:30] +14.8s seam grid 50x62 nodes=2846
[03:30:30] +14.8s seam grid 376x467 nodes=30337
[03:30:30] +14.9s seam refine nodes=30337
[03:30:30] +14.9s painted
[03:30:30] +14.9s mask blurred
[03:30:30] +15.0s pyramid gauss
[03:30:30] +15.1s pyramid expand
[03:30:30] +15.2s pasted
[03:30:30] +15.2s blended 5 keepA=0.49
[03:30:30] +15.2s blend 6: window=2836x1675 tiles=1075
[03:30:30] +15.4s local moved kept=267 field=4.30 disagree 0.2942 -> 0.1139
[03:30:30] +15.5s seam grid 45x53 nodes=2330
[03:30:30] +15.5s seam grid 334x395 nodes=31070
[03:30:30] +15.6s seam refine nodes=31070
[03:30:30] +15.6s painted
[03:30:30] +15.6s mask blurred
[03:30:30] +15.7s pyramid gauss
[03:30:31] +15.7s pyramid expand
[03:30:31] +15.8s pasted
[03:30:31] +15.8s blended 6 keepA=0.53
[03:30:31] +15.8s blend 7: window=3459x1675 tiles=1325
[03:30:31] +16.2s local moved kept=443 field=6.26 disagree 0.2072 -> 0.0933
[03:30:31] +16.2s seam grid 52x65 nodes=3062
[03:30:31] +16.2s seam grid 387x496 nodes=45284
[03:30:31] +16.4s seam refine nodes=45284
[03:30:31] +16.4s painted
[03:30:31] +16.4s mask blurred
[03:30:31] +16.5s pyramid gauss
[03:30:31] +16.6s pyramid expand
[03:30:31] +16.6s pasted
[03:30:31] +16.6s blended 7 keepA=0.58
[03:30:31] +16.6s blend 8: window=2470x1675 tiles=925
[03:30:32] +16.9s local moved kept=303 field=4.84 disagree 0.3248 -> 0.1187
[03:30:32] +17.0s seam grid 45x54 nodes=2361
[03:30:32] +17.0s seam grid 337x409 nodes=31059
[03:30:32] +17.1s seam refine nodes=31059
[03:30:32] +17.1s painted
[03:30:32] +17.1s mask blurred
[03:30:32] +17.1s pyramid gauss
[03:30:32] +17.3s pyramid expand
[03:30:32] +17.3s pasted
[03:30:32] +17.3s blended 8 keepA=0.59
[03:30:32] +17.3s blend 9: window=3213x1675 tiles=1225
[03:30:32] +17.6s local moved kept=400 field=7.44 disagree 0.1836 -> 0.0741
[03:30:32] +17.7s seam grid 53x63 nodes=3108
[03:30:32] +17.7s seam grid 400x475 nodes=48685
[03:30:33] +17.9s seam refine nodes=48685
[03:30:33] +17.9s painted
[03:30:33] +17.9s mask blurred
[03:30:33] +18.0s pyramid gauss
[03:30:33] +18.1s pyramid expand
[03:30:33] +18.1s pasted
[03:30:33] +18.1s blended 9 keepA=0.60
[03:30:33] +18.1s preview canvas perspective 6376x1675 shifts=9
[03:30:33] +18.1s time  preview=8.82s (solve+match 9.32s)
[03:30:33] +18.2s preview ready /home/dalibor/Projects/RapidRAW/lean_pano_proto/out/v45/DSCF0566/DSCF0566_preview.jpg
[03:30:33] +18.2s save started
[03:30:33] +18.2s develop jobs=4
[03:30:39] +24.2s developed DSCF0566.RAF 7728x5152 -> 1920x1280
[03:30:39] +24.2s developed DSCF0567.RAF 7728x5152 -> 1920x1280
[03:30:39] +24.2s developed DSCF0568.RAF 7728x5152 -> 1920x1280
[03:30:39] +24.2s developed DSCF0569.RAF 7728x5152 -> 1920x1280
[03:30:39] +24.2s developed DSCF0570.RAF 7728x5152 -> 1920x1280
[03:30:39] +24.2s developed DSCF0571.RAF 7728x5152 -> 1920x1280
[03:30:39] +24.2s developed DSCF0572.RAF 7728x5152 -> 1920x1280
[03:30:39] +24.2s developed DSCF0573.RAF 7728x5152 -> 1920x1280
[03:30:39] +24.2s developed DSCF0574.RAF 7728x5152 -> 1920x1280
[03:30:39] +24.2s developed DSCF0575.RAF 7728x5152 -> 1920x1280
[03:30:39] +24.2s time  develop=5.96s
[03:30:39] +24.2s scale raw=7728x5152 jpeg=4416x2944 x=1.7500 y=1.7500
[03:30:39] +24.2s Matching brightness...
[03:30:39] +24.2s canvas perspective 6376x1675
[03:30:39] +24.4s warp DSCF0574.RAF: bbox=(4052,347,6004,1667) 1952x1320
[03:30:39] +24.4s warp DSCF0573.RAF: bbox=(3615,315,5579,1642) 1964x1327
[03:30:39] +24.4s warp DSCF0572.RAF: bbox=(3197,300,5192,1644) 1995x1344
[03:30:39] +24.4s warp DSCF0568.RAF: bbox=(1357,153,3655,1665) 2298x1512
[03:30:39] +24.4s warp DSCF0575.RAF: bbox=(4418,348,6376,1675) 1958x1327
[03:30:39] +24.4s warp DSCF0570.RAF: bbox=(2321,234,4419,1644) 2098x1410
[03:30:39] +24.4s warp DSCF0567.RAF: bbox=(853,100,3288,1675) 2435x1575
[03:30:39] +24.4s warp DSCF0569.RAF: bbox=(1839,196,4027,1654) 2188x1458
[03:30:39] +24.4s warp DSCF0571.RAF: bbox=(2773,272,4808,1643) 2035x1371
[03:30:39] +24.5s warp DSCF0566.RAF: bbox=(0,0,2701,1675) 2701x1675
[03:30:40] +24.9s brightness gains=10 corner=0.635
[03:30:40] +24.9s Blending photos...
[03:30:40] +25.2s blend 1: window=3019x1675 tiles=1150
[03:30:40] +25.6s local moved kept=254 field=4.13 disagree 0.2651 -> 0.0984
[03:30:40] +25.6s seam grid 47x55 nodes=2379
[03:30:40] +25.6s seam grid 346x416 nodes=40651
[03:30:41] +25.8s seam refine nodes=40651
[03:30:41] +25.8s painted
[03:30:41] +25.8s mask blurred
[03:30:41] +25.9s pyramid gauss
[03:30:41] +26.0s pyramid expand
[03:30:41] +26.0s pasted
[03:30:41] +26.0s blended 1 keepA=0.55
[03:30:41] +26.0s blend 2: window=3122x1675 tiles=1175
[03:30:41] +26.3s local moved kept=267 field=5.30 disagree 0.2965 -> 0.1305
[03:30:41] +26.4s seam grid 47x56 nodes=2473
[03:30:41] +26.4s seam grid 352x424 nodes=38225
[03:30:41] +26.5s seam refine nodes=38225
[03:30:41] +26.5s painted
[03:30:41] +26.5s mask blurred
[03:30:41] +26.7s pyramid gauss
[03:30:42] +26.8s pyramid expand
[03:30:42] +26.8s pasted
[03:30:42] +26.8s blended 2 keepA=0.56
[03:30:42] +26.8s blend 3: window=2988x1675 tiles=1125
[03:30:42] +27.1s local moved kept=269 field=7.16 disagree 0.3386 -> 0.1565
[03:30:42] +27.1s seam grid 46x54 nodes=2342
[03:30:42] +27.1s seam grid 342x407 nodes=31328
[03:30:42] +27.2s seam refine nodes=31328
[03:30:42] +27.2s painted
[03:30:42] +27.2s mask blurred
[03:30:42] +27.3s pyramid gauss
[03:30:42] +27.4s pyramid expand
[03:30:42] +27.4s pasted
[03:30:42] +27.4s blended 3 keepA=0.60
[03:30:42] +27.4s blend 4: window=3212x1675 tiles=1225
[03:30:43] +27.7s local moved kept=316 field=9.19 disagree 0.3098 -> 0.1438
[03:30:43] +27.8s seam grid 49x57 nodes=2583
[03:30:43] +27.8s seam grid 364x439 nodes=38982
[03:30:43] +28.0s seam refine nodes=38982
[03:30:43] +28.0s painted
[03:30:43] +28.0s mask blurred
[03:30:43] +28.1s pyramid gauss
[03:30:43] +28.2s pyramid expand
[03:30:43] +28.2s pasted
[03:30:43] +28.2s blended 4 keepA=0.57
[03:30:43] +28.2s blend 5: window=3322x1675 tiles=1250
[03:30:43] +28.6s local moved kept=400 field=12.44 disagree 0.2955 -> 0.1535
[03:30:43] +28.6s seam grid 50x62 nodes=2846
[03:30:43] +28.6s seam grid 376x467 nodes=29376
[03:30:44] +28.7s seam refine nodes=29376
[03:30:44] +28.7s painted
[03:30:44] +28.7s mask blurred
[03:30:44] +28.8s pyramid gauss
[03:30:44] +28.9s pyramid expand
[03:30:44] +28.9s pasted
[03:30:44] +28.9s blended 5 keepA=0.50
[03:30:44] +28.9s blend 6: window=2836x1675 tiles=1075
[03:30:44] +29.2s local moved kept=271 field=9.87 disagree 0.3727 -> 0.1868
[03:30:44] +29.2s seam grid 45x53 nodes=2327
[03:30:44] +29.3s seam grid 334x395 nodes=31112
[03:30:44] +29.4s seam refine nodes=31112
[03:30:44] +29.4s painted
[03:30:44] +29.4s mask blurred
[03:30:44] +29.5s pyramid gauss
[03:30:44] +29.6s pyramid expand
[03:30:44] +29.6s pasted
[03:30:44] +29.6s blended 6 keepA=0.50
[03:30:44] +29.6s blend 7: window=3459x1675 tiles=1325
[03:30:45] +30.0s local moved kept=462 field=14.49 disagree 0.2892 -> 0.1448
[03:30:45] +30.0s seam grid 52x65 nodes=3061
[03:30:45] +30.0s seam grid 387x496 nodes=44127
[03:30:45] +30.3s seam refine nodes=44127
[03:30:45] +30.3s painted
[03:30:45] +30.3s mask blurred
[03:30:45] +30.3s pyramid gauss
[03:30:45] +30.4s pyramid expand
[03:30:45] +30.5s pasted
[03:30:45] +30.5s blended 7 keepA=0.60
[03:30:45] +30.5s blend 8: window=2470x1675 tiles=925
[03:30:46] +30.8s local moved kept=300 field=10.36 disagree 0.3813 -> 0.1815
[03:30:46] +30.8s seam grid 45x54 nodes=2361
[03:30:46] +30.8s seam grid 337x409 nodes=28286
[03:30:46] +30.9s seam refine nodes=28286
[03:30:46] +30.9s painted
[03:30:46] +30.9s mask blurred
[03:30:46] +31.0s pyramid gauss
[03:30:46] +31.1s pyramid expand
[03:30:46] +31.1s pasted
[03:30:46] +31.1s blended 8 keepA=0.60
[03:30:46] +31.1s blend 9: window=3213x1675 tiles=1225
[03:30:46] +31.5s local moved kept=415 field=14.65 disagree 0.3088 -> 0.1461
[03:30:46] +31.5s seam grid 53x63 nodes=3108
[03:30:46] +31.5s seam grid 400x475 nodes=45768
[03:30:47] +31.8s seam refine nodes=45768
[03:30:47] +31.8s painted
[03:30:47] +31.8s mask blurred
[03:30:47] +31.9s pyramid gauss
[03:30:47] +32.0s pyramid expand
[03:30:47] +32.0s pasted
[03:30:47] +32.0s blended 9 keepA=0.59
[03:30:47] +32.0s time  linear_photometry=7.77s
[03:30:47] +32.0s photometry source=second compose
[03:30:47] +32.0s save seam preview
[03:30:47] +32.0s save cut fullres
[03:30:47] +32.0s photometry gains=10
[03:30:47] +32.0s photo pedestal=0.002679 field_norm=1.995567 gains=[0.9962 1.0346 0.9602 0.9557 1.0066 0.9935 1.0513 0.9702 1.0319 1.0045]
[03:30:47] +32.0s save seam developed
[03:30:47] +32.0s canvas perspective 25664x6742
[03:30:47] +32.6s local align resolution 1/1
[03:30:47] +32.6s composite levels=6 pad=512
[03:30:47] +32.6s local alignment refine=false
[03:30:49] +33.9s warped DSCF0571.RAF straight
[03:30:50] +35.6s field n=0 const=[1.0000 1.0000 1.0000] peak=0.0000 gain=-0.1377 (rejected)
[03:30:51] +36.0s seam fields seam=1 window=9003x6020 dumped at stride 2 -> 4501x3010
[03:30:51] +36.3s seam grid 171x205 nodes=34345
[03:30:51] +36.6s seam grid 1339x1621 nodes=139657
[03:30:54] +38.8s seam refine nodes=139657
[03:30:54] +38.8s painted
[03:30:54] +39.0s mask blurred
[03:30:55] +40.7s pyramid gauss
[03:30:57] +41.7s pyramid expand
[03:30:57] +41.9s blended
[03:30:57] +41.9s seam 1 window=9003x6020 keepA=0.35
[03:30:57] +41.9s warped DSCF0572.RAF nudged
[03:30:59] +43.8s field n=0 const=[1.0000 1.0000 1.0000] peak=0.0000 gain=-0.0905 (rejected)
[03:30:59] +44.4s seam fields seam=2 window=9417x6288 dumped at stride 2 -> 4708x3144
[03:30:59] +44.6s seam grid 174x210 nodes=36014
[03:31:00] +44.9s seam grid 1367x1657 nodes=170430
[03:31:03] +48.3s seam refine nodes=170430
[03:31:03] +48.3s painted
[03:31:03] +48.4s mask blurred
[03:31:05] +50.2s pyramid gauss
[03:31:06] +51.4s pyramid expand
[03:31:06] +51.5s blended
[03:31:06] +51.5s seam 2 window=9417x6288 keepA=0.60
[03:31:06] +51.5s warped DSCF0570.RAF nudged
[03:31:08] +53.1s field n=0 const=[1.0000 1.0000 1.0000] peak=0.0000 gain=-0.0740 (rejected)
[03:31:08] +53.5s seam fields seam=3 window=8880x5961 dumped at stride 2 -> 4440x2980
[03:31:09] +53.7s seam grid 169x202 nodes=33627
[03:31:09] +54.1s seam grid 1327x1587 nodes=127146
[03:31:11] +56.0s seam refine nodes=127146
[03:31:11] +56.1s painted
[03:31:11] +56.2s mask blurred
[03:31:13] +57.8s pyramid gauss
[03:31:14] +58.9s pyramid expand
[03:31:14] +59.0s blended
[03:31:14] +59.0s seam 3 window=8880x5961 keepA=0.46
[03:31:14] +59.0s warped DSCF0573.RAF nudged
[03:31:16] +61.1s field n=0 const=[1.0000 1.0000 1.0000] peak=0.0000 gain=-0.0684 (rejected)
[03:31:16] +61.6s seam fields seam=4 window=9779x6440 dumped at stride 2 -> 4889x3220
[03:31:17] +61.9s seam grid 180x218 nodes=38268
[03:31:17] +62.2s seam grid 1413x1717 nodes=176907
[03:31:21] +65.7s seam refine nodes=176907
[03:31:21] +65.8s painted
[03:31:21] +65.9s mask blurred
[03:31:23] +67.9s pyramid gauss
[03:31:24] +69.2s pyramid expand
[03:31:24] +69.3s blended
[03:31:24] +69.3s seam 4 window=9779x6440 keepA=0.58
[03:31:24] +69.3s warped DSCF0569.RAF nudged
[03:31:26] +71.6s field n=0 const=[1.0000 1.0000 1.0000] peak=0.0000 gain=-0.0397 (rejected)
[03:31:27] +72.2s seam fields seam=5 window=10224x6613 dumped at stride 2 -> 5112x3306
[03:31:27] +72.5s seam grid 186x232 nodes=41484
[03:31:28] +72.8s seam grid 1463x1828 nodes=192992
[03:31:31] +76.3s seam refine nodes=192992
[03:31:31] +76.4s painted
[03:31:31] +76.5s mask blurred
[03:31:33] +78.5s pyramid gauss
[03:31:35] +79.7s pyramid expand
[03:31:35] +79.9s blended
[03:31:35] +79.9s seam 5 window=10224x6613 keepA=0.68
[03:31:35] +79.9s warped DSCF0568.RAF nudged
[03:31:36] +81.5s field n=0 const=[1.0000 1.0000 1.0000] peak=0.0000 gain=-0.0953 (rejected)
[03:31:37] +81.9s seam fields seam=6 window=8832x5833 dumped at stride 2 -> 4416x2916
[03:31:37] +82.1s seam grid 165x195 nodes=32165
[03:31:37] +82.4s seam grid 1294x1537 nodes=129365
[03:31:40] +84.9s seam refine nodes=129365
[03:31:40] +85.0s painted
[03:31:40] +85.1s mask blurred
[03:31:41] +86.6s pyramid gauss
[03:31:42] +87.6s pyramid expand
[03:31:43] +87.7s blended
[03:31:43] +87.7s seam 6 window=8832x5833 keepA=0.53
[03:31:43] +87.7s warped DSCF0574.RAF nudged
[03:31:45] +90.3s field n=0 const=[1.0000 1.0000 1.0000] peak=0.0000 gain=-0.0688 (rejected)
[03:31:46] +90.9s seam fields seam=7 window=10773x6742 dumped at stride 2 -> 5386x3371
[03:31:46] +91.2s seam grid 191x246 nodes=44955
[03:31:46] +91.7s seam grid 1513x1944 nodes=217464
[03:31:52] +97.7s seam refine nodes=217464
[03:31:53] +97.7s painted
[03:31:53] +97.9s mask blurred
[03:31:55] +100.1s pyramid gauss
[03:31:56] +101.5s pyramid expand
[03:31:56] +101.6s blended
[03:31:56] +101.6s seam 7 window=10773x6742 keepA=0.74
[03:31:56] +101.6s warped DSCF0567.RAF nudged
[03:31:58] +103.5s field n=0 const=[1.0000 1.0000 1.0000] peak=0.0000 gain=-0.1171 (rejected)
[03:31:59] +103.9s seam fields seam=8 window=8366x5827 dumped at stride 2 -> 4183x2913
[03:31:59] +104.1s seam grid 168x203 nodes=33975
[03:31:59] +104.4s seam grid 1318x1596 nodes=149576
[03:32:01] +106.6s seam refine nodes=149576
[03:32:01] +106.6s painted
[03:32:02] +106.7s mask blurred
[03:32:03] +108.4s pyramid gauss
[03:32:04] +109.4s pyramid expand
[03:32:04] +109.5s blended
[03:32:04] +109.5s seam 8 window=8366x5827 keepA=0.55
[03:32:04] +109.5s warped DSCF0575.RAF nudged
[03:32:07] +112.3s field n=0 const=[1.0000 1.0000 1.0000] peak=0.0000 gain=-0.0892 (rejected)
[03:32:08] +113.0s seam fields seam=9 window=11356x6742 dumped at stride 2 -> 5678x3371
[03:32:08] +113.3s seam grid 198x236 nodes=45329
[03:32:09] +113.7s seam grid 1560x1860 nodes=185720
[03:32:13] +118.5s seam refine nodes=185720
[03:32:13] +118.6s painted
[03:32:14] +118.8s mask blurred
[03:32:16] +121.0s pyramid gauss
[03:32:17] +122.5s pyramid expand
[03:32:17] +122.7s blended
[03:32:17] +122.7s seam 9 window=11356x6742 keepA=0.63
[03:32:17] +122.7s warped DSCF0566.RAF nudged
[03:32:17] +122.7s refined shifts seams=0 mean_abs_shift=0.000px max_abs_shift=0.000px
[03:32:17] +122.7s exposure gains applied 8
[03:32:18] +122.9s save encode 25270x4975
[03:32:27] +132.4s seam dump /home/dalibor/Projects/RapidRAW/lean_pano_proto/out/v45/DSCF0566/seams.txt
[03:32:27] +132.4s blend_stage extract=0.00s
[03:32:27] +132.4s blend_stage graphcut=35.65s
[03:32:27] +132.4s blend_stage mask_blur=1.27s
[03:32:27] +132.4s blend_stage pyr_blend=18.70s
[03:32:27] +132.4s boundary_step final: n=10837 median_step=3.11% p90=41.43%
[03:32:27] +132.4s blinds_flat  final: n=14245 median_step=1.50% p90=15.88%
[03:32:27] +132.4s woodline    final: n=8655 median_step=8.62% p90=64.59%
[03:32:27] +132.4s ghost_band   final: mean=0.641 keepA=0.57 cut_px=111267 swallowed=0
[03:32:27] +132.4s sharpness_lapvar final: 10.005922167965526
[03:32:27] +132.4s pano_mean_lum 0.05250867934208694 shadow_median 0.03629316762089729 canvas 25270x4975 levels=6 window_px=512
[03:32:27] +132.4s time  final blend=78.87s encode_tiff=1.38s metrics=6.64s photometry=4.12s step_metrics=0.21s warp=5.18s
[03:32:27] +132.4s time  total=132.39s
[03:32:27] +132.4s saved /home/dalibor/Projects/RapidRAW/lean_pano_proto/out/v45/DSCF0566/DSCF0566_Pano.tiff
