[23:25:44] +0.0s log /home/dalibor/Projects/RapidRAW/lean_pano_proto/out/v42/IMGP9237/IMGP9237_Pano.pano.log
[23:25:44] +0.0s merge started files=22
[23:25:44] +0.1s focal native=100.0mm x crop=1.534 = 153.40mm 35eq (exif 35eq=150.0, implied crop=1.5000, delta=+2.27%)
[23:25:44] +0.6s jpeg IMGP9237.DNG native 4000x6016 declared 4000x6016
[23:25:45] +1.0s jpeg IMGP9238.DNG native 4000x6016 declared 4000x6016
[23:25:45] +1.3s jpeg IMGP9239.DNG native 4000x6016 declared 4000x6016
[23:25:46] +1.7s jpeg IMGP9240.DNG native 4000x6016 declared 4000x6016
[23:25:46] +2.2s jpeg IMGP9241.DNG native 4000x6016 declared 4000x6016
[23:25:46] +2.6s jpeg IMGP9242.DNG native 4000x6016 declared 4000x6016
[23:25:47] +3.0s jpeg IMGP9243.DNG native 4000x6016 declared 4000x6016
[23:25:47] +3.4s jpeg IMGP9244.DNG native 4000x6016 declared 4000x6016
[23:25:48] +3.8s jpeg IMGP9245.DNG native 4000x6016 declared 4000x6016
[23:25:48] +4.1s jpeg IMGP9246.DNG native 4000x6016 declared 4000x6016
[23:25:48] +4.5s jpeg IMGP9247.DNG native 4000x6016 declared 4000x6016
[23:25:49] +4.9s jpeg IMGP9248.DNG native 4000x6016 declared 4000x6016
[23:25:49] +5.3s jpeg IMGP9249.DNG native 4000x6016 declared 4000x6016
[23:25:49] +5.7s jpeg IMGP9250.DNG native 4000x6016 declared 4000x6016
[23:25:50] +6.0s jpeg IMGP9251.DNG native 4000x6016 declared 4000x6016
[23:25:50] +6.4s jpeg IMGP9252.DNG native 4000x6016 declared 4000x6016
[23:25:51] +6.8s jpeg IMGP9253.DNG native 4000x6016 declared 4000x6016
[23:25:51] +7.2s jpeg IMGP9254.DNG native 4000x6016 declared 4000x6016
[23:25:51] +7.5s jpeg IMGP9255.DNG native 4000x6016 declared 4000x6016
[23:25:52] +7.9s jpeg IMGP9256.DNG native 4000x6016 declared 4000x6016
[23:25:52] +8.3s jpeg IMGP9257.DNG native 4000x6016 declared 4000x6016
[23:25:52] +8.7s jpeg IMGP9258.DNG native 4000x6016 declared 4000x6016
[23:25:57] +13.2s points IMGP9237.DNG 8232
[23:25:57] +13.2s points IMGP9238.DNG 7565
[23:25:57] +13.2s points IMGP9239.DNG 8740
[23:25:57] +13.2s points IMGP9240.DNG 8737
[23:25:57] +13.2s points IMGP9241.DNG 9119
[23:25:57] +13.2s points IMGP9242.DNG 9449
[23:25:57] +13.2s points IMGP9243.DNG 9148
[23:25:57] +13.2s points IMGP9244.DNG 10182
[23:25:57] +13.2s points IMGP9245.DNG 10459
[23:25:57] +13.2s points IMGP9246.DNG 10835
[23:25:57] +13.2s points IMGP9247.DNG 10630
[23:25:57] +13.2s points IMGP9248.DNG 11840
[23:25:57] +13.2s points IMGP9249.DNG 9390
[23:25:57] +13.2s points IMGP9250.DNG 10483
[23:25:57] +13.2s points IMGP9251.DNG 9844
[23:25:57] +13.2s points IMGP9252.DNG 9530
[23:25:57] +13.2s points IMGP9253.DNG 9267
[23:25:57] +13.2s points IMGP9254.DNG 7496
[23:25:57] +13.2s points IMGP9255.DNG 8237
[23:25:57] +13.2s points IMGP9256.DNG 9835
[23:25:57] +13.2s points IMGP9257.DNG 7771
[23:25:57] +13.2s points IMGP9258.DNG 7952
[23:25:57] +13.2s matching 41 neighbor pairs
[23:26:04] +19.9s match IMGP9237.DNG<->IMGP9238.DNG: 2185 good
[23:26:04] +19.9s match IMGP9237.DNG<->IMGP9239.DNG: 990 good
[23:26:04] +19.9s match IMGP9238.DNG<->IMGP9239.DNG: 2221 good
[23:26:04] +19.9s match IMGP9238.DNG<->IMGP9240.DNG: 670 good
[23:26:04] +19.9s match IMGP9239.DNG<->IMGP9240.DNG: 2411 good
[23:26:04] +19.9s match IMGP9239.DNG<->IMGP9241.DNG: 1013 good
[23:26:04] +19.9s match IMGP9240.DNG<->IMGP9241.DNG: 2255 good
[23:26:04] +19.9s match IMGP9240.DNG<->IMGP9242.DNG: 1205 good
[23:26:04] +19.9s match IMGP9241.DNG<->IMGP9242.DNG: 2022 good
[23:26:04] +19.9s match IMGP9241.DNG<->IMGP9243.DNG: 710 good
[23:26:04] +19.9s match IMGP9242.DNG<->IMGP9243.DNG: 2300 good
[23:26:04] +19.9s match IMGP9242.DNG<->IMGP9244.DNG: 864 good
[23:26:04] +19.9s match IMGP9243.DNG<->IMGP9244.DNG: 2521 good
[23:26:04] +19.9s match IMGP9243.DNG<->IMGP9245.DNG: 1306 good
[23:26:04] +19.9s match IMGP9244.DNG<->IMGP9245.DNG: 2977 good
[23:26:04] +19.9s match IMGP9244.DNG<->IMGP9246.DNG: 1361 good
[23:26:04] +19.9s match IMGP9245.DNG<->IMGP9246.DNG: 3041 good
[23:26:04] +19.9s match IMGP9245.DNG<->IMGP9247.DNG: 1138 good
[23:26:04] +19.9s match IMGP9246.DNG<->IMGP9247.DNG: 2783 good
[23:26:04] +19.9s match IMGP9246.DNG<->IMGP9248.DNG: 1507 good
[23:26:04] +19.9s match IMGP9247.DNG<->IMGP9248.DNG: 4117 good
[23:26:04] +19.9s match IMGP9247.DNG<->IMGP9249.DNG: 1349 good
[23:26:04] +19.9s match IMGP9248.DNG<->IMGP9249.DNG: 3067 good
[23:26:04] +19.9s match IMGP9248.DNG<->IMGP9250.DNG: 1587 good
[23:26:04] +19.9s match IMGP9249.DNG<->IMGP9250.DNG: 3283 good
[23:26:04] +19.9s match IMGP9249.DNG<->IMGP9251.DNG: 1441 good
[23:26:04] +19.9s match IMGP9250.DNG<->IMGP9251.DNG: 3035 good
[23:26:04] +19.9s match IMGP9250.DNG<->IMGP9252.DNG: 1169 good
[23:26:04] +19.9s match IMGP9251.DNG<->IMGP9252.DNG: 2655 good
[23:26:04] +19.9s match IMGP9251.DNG<->IMGP9253.DNG: 995 good
[23:26:04] +19.9s match IMGP9252.DNG<->IMGP9253.DNG: 2629 good
[23:26:04] +19.9s match IMGP9252.DNG<->IMGP9254.DNG: 123 good
[23:26:04] +19.9s match IMGP9253.DNG<->IMGP9254.DNG: 1714 good
[23:26:04] +19.9s match IMGP9253.DNG<->IMGP9255.DNG: 301 good
[23:26:04] +19.9s match IMGP9254.DNG<->IMGP9255.DNG: 1940 good
[23:26:04] +19.9s match IMGP9254.DNG<->IMGP9256.DNG: 801 good
[23:26:04] +19.9s match IMGP9255.DNG<->IMGP9256.DNG: 2727 good
[23:26:04] +19.9s match IMGP9255.DNG<->IMGP9257.DNG: 530 good
[23:26:04] +19.9s match IMGP9256.DNG<->IMGP9257.DNG: 1529 good
[23:26:04] +19.9s match IMGP9256.DNG<->IMGP9258.DNG: 948 good
[23:26:04] +19.9s match IMGP9257.DNG<->IMGP9258.DNG: 1781 good
[23:26:04] +20.4s aligned kept=22 focal35=153.4 jpeg=4000x6016 points=4000x6016
[23:26:04] +20.4s lens crop=1.534 focal35=153.4 calib=1.000
[23:26:08] +24.4s sky target 0.0054
[23:26:08] +24.4s sky scale IMGP9237.DNG 0.590 median 0.0092
[23:26:08] +24.4s sky scale IMGP9238.DNG 1.334 median 0.0041
[23:26:08] +24.4s sky scale IMGP9239.DNG 1.112 median 0.0049
[23:26:08] +24.4s sky scale IMGP9240.DNG 1.000 median 0.0054
[23:26:08] +24.4s sky scale IMGP9241.DNG 0.773 median 0.0070
[23:26:08] +24.4s sky scale IMGP9242.DNG 0.907 median 0.0060
[23:26:08] +24.4s sky scale IMGP9243.DNG 0.984 median 0.0055
[23:26:08] +24.4s sky scale IMGP9244.DNG 0.988 median 0.0055
[23:26:08] +24.4s sky scale IMGP9245.DNG 1.025 median 0.0053
[23:26:08] +24.4s sky scale IMGP9246.DNG 1.068 median 0.0051
[23:26:08] +24.5s sky scale IMGP9247.DNG 1.565 median 0.0035
[23:26:08] +24.5s sky scale IMGP9248.DNG 1.334 median 0.0041
[23:26:08] +24.5s sky scale IMGP9249.DNG 1.456 median 0.0037
[23:26:08] +24.5s sky scale IMGP9250.DNG 1.315 median 0.0041
[23:26:08] +24.5s sky scale IMGP9251.DNG 1.150 median 0.0047
[23:26:08] +24.5s sky scale IMGP9252.DNG 1.355 median 0.0040
[23:26:08] +24.5s sky scale IMGP9253.DNG 1.175 median 0.0046
[23:26:08] +24.5s sky scale IMGP9254.DNG 0.937 median 0.0058
[23:26:08] +24.5s sky scale IMGP9255.DNG 0.803 median 0.0068
[23:26:08] +24.5s sky scale IMGP9256.DNG 0.476 median 0.0114
[23:26:08] +24.5s sky scale IMGP9257.DNG 0.354 median 0.0153
[23:26:08] +24.5s sky scale IMGP9258.DNG 0.316 median 0.0172
[23:26:08] +24.5s Matching brightness...
[23:26:08] +24.5s canvas cylindrical 11123x2093
[23:26:08] +24.6s warp IMGP9257.DNG: bbox=(415,156,1713,2093) 1298x1937
[23:26:08] +24.6s warp IMGP9249.DNG: bbox=(4453,39,5766,1985) 1313x1946
[23:26:08] +24.6s warp IMGP9243.DNG: bbox=(7178,59,8470,1996) 1292x1937
[23:26:08] +24.6s warp IMGP9251.DNG: bbox=(3645,111,4943,2048) 1298x1937
[23:26:08] +24.6s warp IMGP9238.DNG: bbox=(9403,135,10696,2072) 1293x1937
[23:26:08] +24.6s warp IMGP9253.DNG: bbox=(2637,54,3946,1997) 1309x1943
[23:26:08] +24.6s warp IMGP9245.DNG: bbox=(6285,54,7583,1992) 1298x1938
[23:26:08] +24.6s warp IMGP9239.DNG: bbox=(8887,79,10181,2016) 1294x1937
[23:26:08] +24.6s warp IMGP9237.DNG: bbox=(9835,155,11123,2093) 1288x1938
[23:26:08] +24.6s warp IMGP9241.DNG: bbox=(8135,124,9428,2061) 1293x1937
[23:26:08] +24.6s warp IMGP9255.DNG: bbox=(1454,123,2750,2060) 1296x1937
[23:26:08] +24.6s warp IMGP9250.DNG: bbox=(4050,154,5364,2093) 1314x1939
[23:26:08] +24.6s warp IMGP9244.DNG: bbox=(6708,18,8001,1955) 1293x1937
[23:26:08] +24.6s warp IMGP9254.DNG: bbox=(1951,103,3249,2040) 1298x1937
[23:26:08] +24.7s warp IMGP9258.DNG: bbox=(0,152,1299,2093) 1299x1941
[23:26:08] +24.7s warp IMGP9248.DNG: bbox=(4964,21,6273,1964) 1309x1943
[23:26:08] +24.7s warp IMGP9247.DNG: bbox=(5323,10,6635,1954) 1312x1944
[23:26:08] +24.7s warp IMGP9240.DNG: bbox=(8484,108,9779,2045) 1295x1937
[23:26:08] +24.7s warp IMGP9242.DNG: bbox=(7644,83,8944,2021) 1300x1938
[23:26:08] +24.7s warp IMGP9246.DNG: bbox=(5858,0,7159,1931) 1301x1931
[23:26:08] +24.7s warp IMGP9256.DNG: bbox=(950,134,2256,2076) 1306x1942
[23:26:08] +24.7s warp IMGP9252.DNG: bbox=(3203,125,4495,2062) 1292x1937
[23:26:09] +25.3s brightness gains=22 corner=0.719
[23:26:09] +25.3s Blending photos...
[23:26:10] +25.7s blend 1: window=2333x2093 tiles=1085
[23:26:10] +26.0s local copied sparse
[23:26:10] +26.0s seam grid 64x35 nodes=2158
[23:26:10] +26.0s seam grid 495x250 nodes=29375
[23:26:10] +26.1s seam refine nodes=29375
[23:26:10] +26.1s painted
[23:26:10] +26.1s mask blurred
[23:26:10] +26.2s pyramid gauss
[23:26:10] +26.3s pyramid expand
[23:26:10] +26.4s pasted
[23:26:10] +26.4s blended 1 keepA=0.49
[23:26:10] +26.4s blend 2: window=2325x2093 tiles=1085
[23:26:10] +26.4s local copied sparse
[23:26:10] +26.4s seam grid 64x29 nodes=1799
[23:26:10] +26.4s seam grid 490x207 nodes=23841
[23:26:10] +26.4s seam refine nodes=23841
[23:26:10] +26.5s painted
[23:26:10] +26.5s mask blurred
[23:26:10] +26.5s pyramid gauss
[23:26:10] +26.6s pyramid expand
[23:26:10] +26.6s pasted
[23:26:10] +26.6s blended 2 keepA=0.50
[23:26:10] +26.6s blend 3: window=2337x2093 tiles=1085
[23:26:11] +26.8s local copied under 0.2 kept=210 field=0.00
[23:26:11] +26.8s seam grid 65x29 nodes=1831
[23:26:11] +26.8s seam grid 493x213 nodes=31960
[23:26:11] +26.9s seam refine nodes=31960
[23:26:11] +26.9s painted
[23:26:11] +26.9s mask blurred
[23:26:11] +26.9s pyramid gauss
[23:26:11] +27.0s pyramid expand
[23:26:11] +27.0s pasted
[23:26:11] +27.0s blended 3 keepA=0.50
[23:26:11] +27.0s blend 4: window=2322x2093 tiles=1085
[23:26:11] +27.0s local copied sparse
[23:26:11] +27.1s seam grid 64x32 nodes=2042
[23:26:11] +27.1s seam grid 488x231 nodes=28269
[23:26:11] +27.1s seam refine nodes=28269
[23:26:11] +27.2s painted
[23:26:11] +27.2s mask blurred
[23:26:11] +27.2s pyramid gauss
[23:26:11] +27.3s pyramid expand
[23:26:11] +27.3s pasted
[23:26:11] +27.3s blended 4 keepA=0.40
[23:26:11] +27.3s blend 5: window=2317x2093 tiles=1085
[23:26:11] +27.3s local copied sparse
[23:26:11] +27.3s seam grid 65x32 nodes=2044
[23:26:11] +27.3s seam grid 496x232 nodes=28751
[23:26:11] +27.4s seam refine nodes=28751
[23:26:11] +27.4s painted
[23:26:11] +27.4s mask blurred
[23:26:11] +27.5s pyramid gauss
[23:26:11] +27.6s pyramid expand
[23:26:11] +27.6s pasted
[23:26:11] +27.6s blended 5 keepA=0.52
[23:26:11] +27.6s blend 6: window=2338x2093 tiles=1085
[23:26:11] +27.7s local copied sparse
[23:26:11] +27.7s seam grid 62x33 nodes=2040
[23:26:11] +27.7s seam grid 469x241 nodes=28995
[23:26:12] +27.8s seam refine nodes=28995
[23:26:12] +27.8s painted
[23:26:12] +27.8s mask blurred
[23:26:12] +27.8s pyramid gauss
[23:26:12] +27.9s pyramid expand
[23:26:12] +27.9s pasted
[23:26:12] +27.9s blended 6 keepA=0.41
[23:26:12] +27.9s blend 7: window=2322x2093 tiles=1085
[23:26:12] +27.9s local copied sparse
[23:26:12] +28.0s seam grid 65x33 nodes=2127
[23:26:12] +28.0s seam grid 497x236 nodes=25656
[23:26:12] +28.0s seam refine nodes=25656
[23:26:12] +28.0s painted
[23:26:12] +28.0s mask blurred
[23:26:12] +28.1s pyramid gauss
[23:26:12] +28.1s pyramid expand
[23:26:12] +28.1s pasted
[23:26:12] +28.1s blended 7 keepA=0.52
[23:26:12] +28.1s blend 8: window=2316x2093 tiles=1085
[23:26:12] +28.2s local copied sparse
[23:26:12] +28.2s seam grid 65x31 nodes=1951
[23:26:12] +28.2s seam grid 496x219 nodes=23562
[23:26:12] +28.2s seam refine nodes=23562
[23:26:12] +28.2s painted
[23:26:12] +28.2s mask blurred
[23:26:12] +28.3s pyramid gauss
[23:26:12] +28.3s pyramid expand
[23:26:12] +28.4s pasted
[23:26:12] +28.4s blended 8 keepA=0.50
[23:26:12] +28.4s blend 9: window=2316x2093 tiles=1085
[23:26:12] +28.4s local copied sparse
[23:26:12] +28.4s seam grid 64x31 nodes=1908
[23:26:12] +28.4s seam grid 497x225 nodes=29486
[23:26:12] +28.5s seam refine nodes=29486
[23:26:12] +28.5s painted
[23:26:12] +28.5s mask blurred
[23:26:12] +28.5s pyramid gauss
[23:26:12] +28.6s pyramid expand
[23:26:12] +28.6s pasted
[23:26:12] +28.6s blended 9 keepA=0.51
[23:26:12] +28.6s blend 10: window=2324x2093 tiles=1085
[23:26:12] +28.7s local copied sparse
[23:26:12] +28.7s seam grid 64x31 nodes=1926
[23:26:12] +28.7s seam grid 491x219 nodes=27256
[23:26:13] +28.8s seam refine nodes=27256
[23:26:13] +28.8s painted
[23:26:13] +28.8s mask blurred
[23:26:13] +28.8s pyramid gauss
[23:26:13] +28.9s pyramid expand
[23:26:13] +28.9s pasted
[23:26:13] +28.9s blended 10 keepA=0.50
[23:26:13] +28.9s blend 11: window=2333x2093 tiles=1085
[23:26:13] +28.9s local copied sparse
[23:26:13] +28.9s seam grid 64x28 nodes=1788
[23:26:13] +28.9s seam grid 484x199 nodes=24909
[23:26:13] +29.0s seam refine nodes=24909
[23:26:13] +29.0s painted
[23:26:13] +29.0s mask blurred
[23:26:13] +29.1s pyramid gauss
[23:26:13] +29.1s pyramid expand
[23:26:13] +29.1s pasted
[23:26:13] +29.1s blended 11 keepA=0.49
[23:26:13] +29.1s blend 12: window=2317x2093 tiles=1085
[23:26:13] +29.2s local copied sparse
[23:26:13] +29.2s seam grid 64x30 nodes=1916
[23:26:13] +29.2s seam grid 487x215 nodes=27115
[23:26:13] +29.2s seam refine nodes=27115
[23:26:13] +29.2s painted
[23:26:13] +29.2s mask blurred
[23:26:13] +29.3s pyramid gauss
[23:26:13] +29.4s pyramid expand
[23:26:13] +29.4s pasted
[23:26:13] +29.4s blended 12 keepA=0.50
[23:26:13] +29.4s blend 13: window=2319x2093 tiles=1085
[23:26:13] +29.4s local copied sparse
[23:26:13] +29.4s seam grid 65x34 nodes=2141
[23:26:13] +29.4s seam grid 497x249 nodes=31180
[23:26:13] +29.5s seam refine nodes=31180
[23:26:13] +29.5s painted
[23:26:13] +29.5s mask blurred
[23:26:13] +29.6s pyramid gauss
[23:26:13] +29.7s pyramid expand
[23:26:13] +29.7s pasted
[23:26:13] +29.7s blended 13 keepA=0.51
[23:26:13] +29.7s blend 14: window=2322x2093 tiles=1085
[23:26:13] +29.7s local copied sparse
[23:26:14] +29.7s seam grid 484x154 nodes=74215
[23:26:14] +30.0s painted
[23:26:14] +30.0s mask blurred
[23:26:14] +30.0s pyramid gauss
[23:26:14] +30.1s pyramid expand
[23:26:14] +30.1s pasted
[23:26:14] +30.1s blended 14 keepA=0.50
[23:26:14] +30.1s blend 15: window=2318x2093 tiles=1085
[23:26:14] +30.1s local copied sparse
[23:26:14] +30.2s seam grid 65x33 nodes=2097
[23:26:14] +30.2s seam grid 496x236 nodes=26987
[23:26:14] +30.2s seam refine nodes=26987
[23:26:14] +30.2s painted
[23:26:14] +30.2s mask blurred
[23:26:14] +30.3s pyramid gauss
[23:26:14] +30.3s pyramid expand
[23:26:14] +30.3s pasted
[23:26:14] +30.3s blended 15 keepA=0.50
[23:26:14] +30.3s blend 16: window=2320x2093 tiles=1085
[23:26:14] +30.4s local copied sparse
[23:26:14] +30.4s seam grid 64x30 nodes=1834
[23:26:14] +30.4s seam grid 492x213 nodes=26849
[23:26:14] +30.5s seam refine nodes=26849
[23:26:14] +30.5s painted
[23:26:14] +30.5s mask blurred
[23:26:14] +30.5s pyramid gauss
[23:26:14] +30.6s pyramid expand
[23:26:14] +30.6s pasted
[23:26:14] +30.6s blended 16 keepA=0.50
[23:26:14] +30.6s blend 17: window=2232x2093 tiles=1023
[23:26:14] +30.6s local copied sparse
[23:26:14] +30.6s seam grid 65x29 nodes=1825
[23:26:14] +30.6s seam grid 494x207 nodes=24624
[23:26:14] +30.7s seam refine nodes=24624
[23:26:14] +30.7s painted
[23:26:14] +30.7s mask blurred
[23:26:15] +30.9s pyramid gauss
[23:26:15] +30.9s pyramid expand
[23:26:15] +30.9s pasted
[23:26:15] +30.9s blended 17 keepA=0.51
[23:26:15] +30.9s blend 18: window=2330x2093 tiles=1085
[23:26:15] +31.0s local copied sparse
[23:26:15] +31.0s seam grid 64x30 nodes=1853
[23:26:15] +31.0s seam grid 494x213 nodes=28118
[23:26:15] +31.1s seam refine nodes=28118
[23:26:15] +31.1s painted
[23:26:15] +31.1s mask blurred
[23:26:15] +31.1s pyramid gauss
[23:26:15] +31.2s pyramid expand
[23:26:15] +31.2s pasted
[23:26:15] +31.2s blended 18 keepA=0.50
[23:26:15] +31.2s blend 19: window=1800x2093 tiles=837
[23:26:15] +31.2s local copied sparse
[23:26:15] +31.2s seam grid 64x32 nodes=1979
[23:26:15] +31.2s seam grid 491x228 nodes=25055
[23:26:15] +31.3s seam refine nodes=25055
[23:26:15] +31.3s painted
[23:26:15] +31.3s mask blurred
[23:26:15] +31.3s pyramid gauss
[23:26:15] +31.4s pyramid expand
[23:26:15] +31.4s pasted
[23:26:15] +31.4s blended 19 keepA=0.50
[23:26:15] +31.4s blend 20: window=2225x2093 tiles=1023
[23:26:15] +31.4s local copied sparse
[23:26:15] +31.4s seam grid 64x29 nodes=1784
[23:26:15] +31.4s seam grid 491x204 nodes=26432
[23:26:15] +31.5s seam refine nodes=26432
[23:26:15] +31.5s painted
[23:26:15] +31.5s mask blurred
[23:26:15] +31.6s pyramid gauss
[23:26:15] +31.6s pyramid expand
[23:26:15] +31.6s pasted
[23:26:15] +31.6s blended 20 keepA=0.50
[23:26:15] +31.6s blend 21: window=1811x2093 tiles=837
[23:26:15] +31.6s local copied sparse
[23:26:15] +31.7s seam grid 65x33 nodes=2058
[23:26:15] +31.7s seam grid 491x234 nodes=30867
[23:26:15] +31.7s seam refine nodes=30867
[23:26:15] +31.7s painted
[23:26:15] +31.7s mask blurred
[23:26:16] +31.8s pyramid gauss
[23:26:16] +31.9s pyramid expand
[23:26:16] +31.9s pasted
[23:26:16] +31.9s blended 21 keepA=0.49
[23:26:16] +31.9s preview canvas cylindrical 11123x2093 shifts=21
[23:26:16] +31.9s time  preview=11.57s (solve+match 20.37s)
[23:26:16] +32.1s preview ready /home/dalibor/Projects/RapidRAW/lean_pano_proto/out/v42/IMGP9237/IMGP9237_preview.jpg
[23:26:16] +32.1s save started
[23:26:16] +32.1s develop jobs=4
[23:26:24] +40.1s developed IMGP9237.DNG 4000x6016 -> 1277x1920
[23:26:24] +40.1s developed IMGP9238.DNG 4000x6016 -> 1277x1920
[23:26:24] +40.1s developed IMGP9239.DNG 4000x6016 -> 1277x1920
[23:26:24] +40.1s developed IMGP9240.DNG 4000x6016 -> 1277x1920
[23:26:24] +40.1s developed IMGP9241.DNG 4000x6016 -> 1277x1920
[23:26:24] +40.1s developed IMGP9242.DNG 4000x6016 -> 1277x1920
[23:26:24] +40.1s developed IMGP9243.DNG 4000x6016 -> 1277x1920
[23:26:24] +40.1s developed IMGP9244.DNG 4000x6016 -> 1277x1920
[23:26:24] +40.1s developed IMGP9245.DNG 4000x6016 -> 1277x1920
[23:26:24] +40.1s developed IMGP9246.DNG 4000x6016 -> 1277x1920
[23:26:24] +40.1s developed IMGP9247.DNG 4000x6016 -> 1277x1920
[23:26:24] +40.1s developed IMGP9248.DNG 4000x6016 -> 1277x1920
[23:26:24] +40.1s developed IMGP9249.DNG 4000x6016 -> 1277x1920
[23:26:24] +40.1s developed IMGP9250.DNG 4000x6016 -> 1277x1920
[23:26:24] +40.1s developed IMGP9251.DNG 4000x6016 -> 1277x1920
[23:26:24] +40.1s developed IMGP9252.DNG 4000x6016 -> 1277x1920
[23:26:24] +40.1s developed IMGP9253.DNG 4000x6016 -> 1277x1920
[23:26:24] +40.1s developed IMGP9254.DNG 4000x6016 -> 1277x1920
[23:26:24] +40.1s developed IMGP9255.DNG 4000x6016 -> 1277x1920
[23:26:24] +40.1s developed IMGP9256.DNG 4000x6016 -> 1277x1920
[23:26:24] +40.1s developed IMGP9257.DNG 4000x6016 -> 1277x1920
[23:26:24] +40.1s developed IMGP9258.DNG 4000x6016 -> 1277x1920
[23:26:24] +40.1s time  develop=7.98s
[23:26:24] +40.1s scale raw=4000x6016 jpeg=4000x6016 x=1.0000 y=1.0000
[23:26:24] +40.1s Matching brightness...
[23:26:24] +40.1s canvas cylindrical 11123x2093
[23:26:24] +40.2s warp IMGP9247.DNG: bbox=(5323,10,6635,1954) 1312x1944
[23:26:24] +40.3s warp IMGP9251.DNG: bbox=(3645,111,4943,2048) 1298x1937
[23:26:24] +40.3s warp IMGP9239.DNG: bbox=(8887,79,10181,2016) 1294x1937
[23:26:24] +40.3s warp IMGP9241.DNG: bbox=(8135,124,9428,2061) 1293x1937
[23:26:24] +40.3s warp IMGP9258.DNG: bbox=(0,152,1299,2093) 1299x1941
[23:26:24] +40.3s warp IMGP9242.DNG: bbox=(7644,83,8944,2021) 1300x1938
[23:26:24] +40.3s warp IMGP9243.DNG: bbox=(7178,59,8470,1996) 1292x1937
[23:26:24] +40.3s warp IMGP9246.DNG: bbox=(5858,0,7159,1931) 1301x1931
[23:26:24] +40.3s warp IMGP9244.DNG: bbox=(6708,18,8001,1955) 1293x1937
[23:26:24] +40.3s warp IMGP9250.DNG: bbox=(4050,154,5364,2093) 1314x1939
[23:26:24] +40.3s warp IMGP9256.DNG: bbox=(950,134,2256,2076) 1306x1942
[23:26:24] +40.3s warp IMGP9240.DNG: bbox=(8484,108,9779,2045) 1295x1937
[23:26:24] +40.3s warp IMGP9237.DNG: bbox=(9835,155,11123,2093) 1288x1938
[23:26:24] +40.3s warp IMGP9255.DNG: bbox=(1454,123,2750,2060) 1296x1937
[23:26:24] +40.3s warp IMGP9252.DNG: bbox=(3203,125,4495,2062) 1292x1937
[23:26:24] +40.3s warp IMGP9248.DNG: bbox=(4964,21,6273,1964) 1309x1943
[23:26:24] +40.3s warp IMGP9253.DNG: bbox=(2637,54,3946,1997) 1309x1943
[23:26:24] +40.3s warp IMGP9245.DNG: bbox=(6285,54,7583,1992) 1298x1938
[23:26:24] +40.3s warp IMGP9254.DNG: bbox=(1951,103,3249,2040) 1298x1937
[23:26:24] +40.3s warp IMGP9249.DNG: bbox=(4453,39,5766,1985) 1313x1946
[23:26:24] +40.3s warp IMGP9238.DNG: bbox=(9403,135,10696,2072) 1293x1937
[23:26:24] +40.3s warp IMGP9257.DNG: bbox=(415,156,1713,2093) 1298x1937
[23:26:25] +41.2s brightness gains=22 corner=1.063
[23:26:25] +41.2s Blending photos...
[23:26:25] +41.7s blend 1: window=2333x2093 tiles=1085
[23:26:26] +42.0s local moved kept=233 field=2.26 disagree 0.2686 -> 0.1140
[23:26:26] +42.0s seam grid 64x35 nodes=2158
[23:26:26] +42.1s seam grid 495x250 nodes=28832
[23:26:26] +42.1s seam refine nodes=28832
[23:26:26] +42.1s painted
[23:26:26] +42.1s mask blurred
[23:26:26] +42.3s pyramid gauss
[23:26:26] +42.4s pyramid expand
[23:26:26] +42.4s pasted
[23:26:26] +42.4s blended 1 keepA=0.49
[23:26:26] +42.4s blend 2: window=2325x2093 tiles=1085
[23:26:26] +42.6s local moved kept=178 field=3.30 disagree 0.3540 -> 0.1703
[23:26:26] +42.6s seam grid 64x29 nodes=1799
[23:26:26] +42.6s seam grid 490x207 nodes=26216
[23:26:26] +42.7s seam refine nodes=26216
[23:26:26] +42.7s painted
[23:26:26] +42.7s mask blurred
[23:26:27] +42.8s pyramid gauss
[23:26:27] +42.9s pyramid expand
[23:26:27] +42.9s pasted
[23:26:27] +42.9s blended 2 keepA=0.53
[23:26:27] +42.9s blend 3: window=2337x2093 tiles=1085
[23:26:27] +43.1s local moved kept=203 field=4.84 disagree 0.3455 -> 0.1546
[23:26:27] +43.1s seam grid 65x29 nodes=1831
[23:26:27] +43.1s seam grid 493x213 nodes=32841
[23:26:27] +43.2s seam refine nodes=32841
[23:26:27] +43.2s painted
[23:26:27] +43.2s mask blurred
[23:26:27] +43.3s pyramid gauss
[23:26:27] +43.3s pyramid expand
[23:26:27] +43.4s pasted
[23:26:27] +43.4s blended 3 keepA=0.50
[23:26:27] +43.4s blend 4: window=2322x2093 tiles=1085
[23:26:27] +43.6s local moved kept=207 field=5.20 disagree 0.3341 -> 0.1534
[23:26:27] +43.6s seam grid 64x32 nodes=2042
[23:26:27] +43.6s seam grid 488x231 nodes=27852
[23:26:27] +43.7s seam refine nodes=27852
[23:26:27] +43.7s painted
[23:26:27] +43.7s mask blurred
[23:26:28] +43.8s pyramid gauss
[23:26:28] +43.9s pyramid expand
[23:26:28] +43.9s pasted
[23:26:28] +43.9s blended 4 keepA=0.46
[23:26:28] +43.9s blend 5: window=2317x2093 tiles=1085
[23:26:28] +44.1s local moved kept=194 field=4.77 disagree 0.3078 -> 0.1502
[23:26:28] +44.2s seam grid 65x32 nodes=2044
[23:26:28] +44.2s seam grid 496x232 nodes=28523
[23:26:28] +44.2s seam refine nodes=28523
[23:26:28] +44.2s painted
[23:26:28] +44.2s mask blurred
[23:26:28] +44.3s pyramid gauss
[23:26:28] +44.3s pyramid expand
[23:26:28] +44.3s pasted
[23:26:28] +44.3s blended 5 keepA=0.52
[23:26:28] +44.3s blend 6: window=2338x2093 tiles=1085
[23:26:28] +44.6s local moved kept=226 field=5.24 disagree 0.3540 -> 0.1481
[23:26:28] +44.6s seam grid 62x33 nodes=2040
[23:26:28] +44.6s seam grid 469x241 nodes=27778
[23:26:28] +44.7s seam refine nodes=27778
[23:26:28] +44.7s painted
[23:26:28] +44.7s mask blurred
[23:26:29] +44.8s pyramid gauss
[23:26:29] +44.8s pyramid expand
[23:26:29] +44.8s pasted
[23:26:29] +44.8s blended 6 keepA=0.42
[23:26:29] +44.8s blend 7: window=2322x2093 tiles=1085
[23:26:29] +45.1s local moved kept=221 field=4.58 disagree 0.2840 -> 0.1314
[23:26:29] +45.1s seam grid 65x33 nodes=2127
[23:26:29] +45.1s seam grid 497x236 nodes=25990
[23:26:29] +45.2s seam refine nodes=25990
[23:26:29] +45.2s painted
[23:26:29] +45.2s mask blurred
[23:26:29] +45.3s pyramid gauss
[23:26:29] +45.4s pyramid expand
[23:26:29] +45.4s pasted
[23:26:29] +45.4s blended 7 keepA=0.52
[23:26:29] +45.4s blend 8: window=2316x2093 tiles=1085
[23:26:29] +45.6s local moved kept=155 field=5.46 disagree 0.3222 -> 0.1855
[23:26:29] +45.7s seam grid 65x31 nodes=1951
[23:26:29] +45.7s seam grid 496x219 nodes=24741
[23:26:29] +45.7s seam refine nodes=24741
[23:26:29] +45.7s painted
[23:26:29] +45.7s mask blurred
[23:26:30] +45.8s pyramid gauss
[23:26:30] +45.8s pyramid expand
[23:26:30] +45.9s pasted
[23:26:30] +45.9s blended 8 keepA=0.50
[23:26:30] +45.9s blend 9: window=2316x2093 tiles=1085
[23:26:30] +46.1s local moved kept=212 field=5.26 disagree 0.2753 -> 0.1257
[23:26:30] +46.1s seam grid 64x31 nodes=1908
[23:26:30] +46.1s seam grid 497x225 nodes=29934
[23:26:30] +46.2s seam refine nodes=29934
[23:26:30] +46.2s painted
[23:26:30] +46.2s mask blurred
[23:26:30] +46.2s pyramid gauss
[23:26:30] +46.3s pyramid expand
[23:26:30] +46.3s pasted
[23:26:30] +46.3s blended 9 keepA=0.51
[23:26:30] +46.3s blend 10: window=2324x2093 tiles=1085
[23:26:30] +46.6s local moved kept=162 field=5.37 disagree 0.3095 -> 0.1679
[23:26:30] +46.6s seam grid 64x31 nodes=1926
[23:26:30] +46.6s seam grid 491x219 nodes=27500
[23:26:30] +46.7s seam refine nodes=27500
[23:26:30] +46.7s painted
[23:26:30] +46.7s mask blurred
[23:26:31] +46.8s pyramid gauss
[23:26:31] +46.8s pyramid expand
[23:26:31] +46.8s pasted
[23:26:31] +46.8s blended 10 keepA=0.50
[23:26:31] +46.8s blend 11: window=2333x2093 tiles=1085
[23:26:31] +47.0s local moved kept=171 field=5.50 disagree 0.3357 -> 0.1561
[23:26:31] +47.0s seam grid 64x28 nodes=1788
[23:26:31] +47.1s seam grid 484x199 nodes=25277
[23:26:31] +47.1s seam refine nodes=25277
[23:26:31] +47.1s painted
[23:26:31] +47.1s mask blurred
[23:26:31] +47.2s pyramid gauss
[23:26:31] +47.2s pyramid expand
[23:26:31] +47.3s pasted
[23:26:31] +47.3s blended 11 keepA=0.50
[23:26:31] +47.3s blend 12: window=2317x2093 tiles=1085
[23:26:31] +47.5s local moved kept=175 field=5.35 disagree 0.3247 -> 0.1735
[23:26:31] +47.5s seam grid 64x30 nodes=1916
[23:26:31] +47.5s seam grid 487x215 nodes=26084
[23:26:31] +47.6s seam refine nodes=26084
[23:26:31] +47.6s painted
[23:26:31] +47.6s mask blurred
[23:26:31] +47.7s pyramid gauss
[23:26:32] +47.8s pyramid expand
[23:26:32] +47.8s pasted
[23:26:32] +47.8s blended 12 keepA=0.50
[23:26:32] +47.8s blend 13: window=2319x2093 tiles=1085
[23:26:32] +48.0s local moved kept=209 field=5.35 disagree 0.3049 -> 0.1627
[23:26:32] +48.0s seam grid 65x34 nodes=2141
[23:26:32] +48.1s seam grid 497x249 nodes=30758
[23:26:32] +48.1s seam refine nodes=30758
[23:26:32] +48.1s painted
[23:26:32] +48.1s mask blurred
[23:26:32] +48.2s pyramid gauss
[23:26:32] +48.3s pyramid expand
[23:26:32] +48.3s pasted
[23:26:32] +48.3s blended 13 keepA=0.51
[23:26:32] +48.3s blend 14: window=2322x2093 tiles=1085
[23:26:32] +48.5s local moved kept=117 field=5.18 disagree 0.2746 -> 0.1400
[23:26:32] +48.5s seam grid 484x154 nodes=74215
[23:26:33] +48.7s painted
[23:26:33] +48.7s mask blurred
[23:26:33] +48.9s pyramid gauss
[23:26:33] +48.9s pyramid expand
[23:26:33] +49.0s pasted
[23:26:33] +49.0s blended 14 keepA=0.50
[23:26:33] +49.0s blend 15: window=2318x2093 tiles=1085
[23:26:33] +49.2s local moved kept=186 field=5.21 disagree 0.3344 -> 0.1805
[23:26:33] +49.2s seam grid 65x33 nodes=2097
[23:26:33] +49.2s seam grid 496x236 nodes=28225
[23:26:33] +49.3s seam refine nodes=28225
[23:26:33] +49.3s painted
[23:26:33] +49.3s mask blurred
[23:26:33] +49.4s pyramid gauss
[23:26:33] +49.4s pyramid expand
[23:26:33] +49.4s pasted
[23:26:33] +49.4s blended 15 keepA=0.50
[23:26:33] +49.4s blend 16: window=2320x2093 tiles=1085
[23:26:33] +49.7s local moved kept=160 field=5.78 disagree 0.2323 -> 0.1114
[23:26:33] +49.7s seam grid 64x30 nodes=1834
[23:26:33] +49.7s seam grid 492x213 nodes=26539
[23:26:34] +49.7s seam refine nodes=26539
[23:26:34] +49.7s painted
[23:26:34] +49.8s mask blurred
[23:26:34] +49.8s pyramid gauss
[23:26:34] +49.9s pyramid expand
[23:26:34] +49.9s pasted
[23:26:34] +49.9s blended 16 keepA=0.50
[23:26:34] +49.9s blend 17: window=2232x2093 tiles=1023
[23:26:34] +50.1s local moved kept=155 field=5.28 disagree 0.3304 -> 0.1827
[23:26:34] +50.2s seam grid 65x29 nodes=1825
[23:26:34] +50.2s seam grid 494x207 nodes=25661
[23:26:34] +50.2s seam refine nodes=25661
[23:26:34] +50.2s painted
[23:26:34] +50.2s mask blurred
[23:26:34] +50.3s pyramid gauss
[23:26:34] +50.3s pyramid expand
[23:26:34] +50.4s pasted
[23:26:34] +50.4s blended 17 keepA=0.50
[23:26:34] +50.4s blend 18: window=2330x2093 tiles=1085
[23:26:34] +50.6s local moved kept=162 field=5.38 disagree 0.2684 -> 0.1316
[23:26:34] +50.6s seam grid 64x30 nodes=1853
[23:26:34] +50.6s seam grid 494x213 nodes=27734
[23:26:34] +50.7s seam refine nodes=27734
[23:26:34] +50.7s painted
[23:26:34] +50.7s mask blurred
[23:26:34] +50.7s pyramid gauss
[23:26:35] +50.8s pyramid expand
[23:26:35] +50.8s pasted
[23:26:35] +50.8s blended 18 keepA=0.49
[23:26:35] +50.8s blend 19: window=1800x2093 tiles=837
[23:26:35] +51.0s local moved kept=162 field=5.26 disagree 0.2847 -> 0.1588
[23:26:35] +51.0s seam grid 64x32 nodes=1979
[23:26:35] +51.1s seam grid 491x228 nodes=25549
[23:26:35] +51.1s seam refine nodes=25549
[23:26:35] +51.1s painted
[23:26:35] +51.1s mask blurred
[23:26:35] +51.2s pyramid gauss
[23:26:35] +51.3s pyramid expand
[23:26:35] +51.3s pasted
[23:26:35] +51.3s blended 19 keepA=0.50
[23:26:35] +51.3s blend 20: window=2225x2093 tiles=1023
[23:26:35] +51.5s local moved kept=112 field=5.60 disagree 0.2335 -> 0.1209
[23:26:35] +51.5s seam grid 64x29 nodes=1784
[23:26:35] +51.5s seam grid 491x204 nodes=27210
[23:26:35] +51.6s seam refine nodes=27210
[23:26:35] +51.6s painted
[23:26:35] +51.6s mask blurred
[23:26:35] +51.6s pyramid gauss
[23:26:35] +51.7s pyramid expand
[23:26:35] +51.7s pasted
[23:26:35] +51.7s blended 20 keepA=0.50
[23:26:35] +51.7s blend 21: window=1811x2093 tiles=837
[23:26:36] +52.0s local moved kept=131 field=5.40 disagree 0.2039 -> 0.1081
[23:26:36] +52.0s seam grid 65x33 nodes=2058
[23:26:36] +52.0s seam grid 491x234 nodes=30405
[23:26:36] +52.0s seam refine nodes=30405
[23:26:36] +52.0s painted
[23:26:36] +52.0s mask blurred
[23:26:36] +52.1s pyramid gauss
[23:26:36] +52.1s pyramid expand
[23:26:36] +52.1s pasted
[23:26:36] +52.1s blended 21 keepA=0.49
[23:26:36] +52.2s time  linear_photometry=12.07s
[23:26:36] +52.2s photometry source=second compose
[23:26:36] +52.2s save seam preview
[23:26:36] +52.2s save cut fullres
[23:26:36] +52.2s photometry gains=22
[23:26:36] +52.2s photo pedestal=0.001173 field_norm=0.947455 gains=[1.0103 1.1176 1.1033 0.8664 1.1378 1.1654 0.8941 0.8822 1.2039 0.9148 1.1371 0.8688 1.1979 1.2994 0.8100 1.4315 0.8345 1.1930 0.7686 1.2802 0.6866 0.6707]
[23:26:36] +52.2s save seam developed
[23:26:36] +52.2s canvas cylindrical 34846x6556
[23:26:36] +52.4s local align resolution 1/1
[23:26:36] +52.4s composite levels=7 pad=1024
[23:26:36] +52.4s local alignment refine=false
[23:26:37] +52.9s warped IMGP9247.DNG straight
[23:26:38] +53.8s field n=0 const=[1.0000 1.0000 1.0000] peak=0.0000 gain=0.0015 (rejected)
[23:26:38] +54.0s seam grid 193x97 nodes=18590
[23:26:38] +54.1s seam grid 1517x747 nodes=107501
[23:26:39] +55.3s seam refine nodes=107501
[23:26:39] +55.3s painted
[23:26:39] +55.4s mask blurred
[23:26:40] +56.6s pyramid gauss
[23:26:41] +57.4s pyramid expand
[23:26:41] +57.5s blended
[23:26:41] +57.5s seam 1 window=6113x6556 keepA=0.34
[23:26:41] +57.5s warped IMGP9248.DNG nudged
[23:26:42] +58.6s field n=0 const=[1.0000 1.0000 1.0000] peak=0.0000 gain=0.0028 (rejected)
[23:26:43] +58.8s seam grid 192x80 nodes=15350
[23:26:43] +58.9s seam grid 1506x612 nodes=86359
[23:26:43] +59.5s seam refine nodes=86359
[23:26:43] +59.5s painted
[23:26:43] +59.6s mask blurred
[23:26:45] +60.7s pyramid gauss
[23:26:45] +61.4s pyramid expand
[23:26:45] +61.6s blended
[23:26:45] +61.6s seam 2 window=6089x6556 keepA=0.58
[23:26:45] +61.6s warped IMGP9246.DNG nudged
[23:26:46] +62.3s field n=0 const=[1.0000 1.0000 1.0000] peak=0.0000 gain=0.0045 (rejected)
[23:26:46] +62.4s seam grid 192x82 nodes=15733
[23:26:46] +62.5s seam grid 1507x632 nodes=83091
[23:26:47] +63.2s seam refine nodes=83091
[23:26:47] +63.2s painted
[23:26:47] +63.3s mask blurred
[23:26:48] +64.5s pyramid gauss
[23:26:49] +65.1s pyramid expand
[23:26:49] +65.2s blended
[23:26:49] +65.2s seam 3 window=6125x6556 keepA=0.50
[23:26:49] +65.2s warped IMGP9249.DNG nudged
[23:26:50] +66.0s field n=0 const=[1.0000 1.0000 1.0000] peak=0.0000 gain=0.0039 (rejected)
[23:26:50] +66.2s seam grid 190x89 nodes=16904
[23:26:50] +66.3s seam grid 1492x688 nodes=92106
[23:26:51] +67.1s seam refine nodes=92106
[23:26:51] +67.1s painted
[23:26:51] +67.2s mask blurred
[23:26:52] +68.4s pyramid gauss
[23:26:53] +69.1s pyramid expand
[23:26:53] +69.2s blended
[23:26:53] +69.2s seam 4 window=6078x6556 keepA=0.46
[23:26:53] +69.2s warped IMGP9245.DNG nudged
[23:26:54] +69.9s field n=0 const=[1.0000 1.0000 1.0000] peak=0.0000 gain=0.0050 (rejected)
[23:26:54] +70.2s seam grid 192x89 nodes=17030
[23:26:54] +70.3s seam grid 1521x689 nodes=83922
[23:26:54] +70.7s seam refine nodes=83922
[23:26:55] +70.8s painted
[23:26:55] +70.8s mask blurred
[23:26:56] +72.0s pyramid gauss
[23:26:56] +72.7s pyramid expand
[23:26:57] +72.8s blended
[23:26:57] +72.8s seam 5 window=6063x6556 keepA=0.51
[23:26:57] +72.8s warped IMGP9244.DNG nudged
[23:26:57] +73.6s field n=0 const=[1.0000 1.0000 1.0000] peak=0.0000 gain=0.0006 (rejected)
[23:26:58] +73.8s seam grid 183x93 nodes=17008
[23:26:58] +73.9s seam grid 1435x717 nodes=86799
[23:26:59] +74.7s seam refine nodes=86799
[23:26:59] +74.8s painted
[23:26:59] +74.9s mask blurred
[23:27:00] +76.1s pyramid gauss
[23:27:01] +76.7s pyramid expand
[23:27:01] +76.8s blended
[23:27:01] +76.8s seam 6 window=6126x6556 keepA=0.41
[23:27:01] +76.8s warped IMGP9250.DNG nudged
[23:27:01] +77.6s field n=0 const=[1.0000 1.0000 1.0000] peak=0.0000 gain=0.0038 (rejected)
[23:27:02] +77.8s seam grid 193x91 nodes=17517
[23:27:02] +77.9s seam grid 1521x702 nodes=83119
[23:27:02] +78.1s seam refine nodes=83119
[23:27:02] +78.1s painted
[23:27:02] +78.2s mask blurred
[23:27:03] +79.4s pyramid gauss
[23:27:04] +80.1s pyramid expand
[23:27:04] +80.2s blended
[23:27:04] +80.2s seam 7 window=6075x6556 keepA=0.51
[23:27:04] +80.2s warped IMGP9251.DNG nudged
[23:27:05] +80.9s field n=0 const=[1.0000 1.0000 1.0000] peak=0.0000 gain=0.0034 (rejected)
[23:27:05] +81.1s seam grid 192x84 nodes=15956
[23:27:05] +81.2s seam grid 1517x649 nodes=79952
[23:27:06] +81.8s seam refine nodes=79952
[23:27:06] +81.9s painted
[23:27:06] +82.0s mask blurred
[23:27:07] +83.1s pyramid gauss
[23:27:08] +83.8s pyramid expand
[23:27:08] +83.9s blended
[23:27:08] +83.9s seam 8 window=6058x6556 keepA=0.51
[23:27:08] +83.9s warped IMGP9243.DNG nudged
[23:27:08] +84.6s field n=0 const=[1.0000 1.0000 1.0000] peak=0.0000 gain=0.0020 (rejected)
[23:27:09] +84.8s seam grid 192x87 nodes=16616
[23:27:09] +84.9s seam grid 1521x669 nodes=81367
[23:27:09] +85.4s seam refine nodes=81367
[23:27:09] +85.4s painted
[23:27:09] +85.5s mask blurred
[23:27:10] +86.6s pyramid gauss
[23:27:11] +87.3s pyramid expand
[23:27:11] +87.4s blended
[23:27:11] +87.4s seam 9 window=6059x6556 keepA=0.51
[23:27:11] +87.4s warped IMGP9252.DNG nudged
[23:27:12] +88.1s field n=0 const=[1.0000 1.0000 1.0000] peak=0.0000 gain=0.0048 (rejected)
[23:27:12] +88.3s seam grid 191x85 nodes=16229
[23:27:12] +88.4s seam grid 1502x650 nodes=84497
[23:27:13] +89.0s seam refine nodes=84497
[23:27:13] +89.1s painted
[23:27:13] +89.2s mask blurred
[23:27:14] +90.3s pyramid gauss
[23:27:15] +91.0s pyramid expand
[23:27:15] +91.1s blended
[23:27:15] +91.1s seam 10 window=6081x6556 keepA=0.50
[23:27:15] +91.1s warped IMGP9242.DNG nudged
[23:27:16] +91.8s field n=0 const=[1.0000 1.0000 1.0000] peak=0.0000 gain=0.0028 (rejected)
[23:27:16] +92.0s seam grid 188x77 nodes=14470
[23:27:16] +92.1s seam grid 1479x586 nodes=83809
[23:27:16] +92.6s seam refine nodes=83809
[23:27:16] +92.6s painted
[23:27:16] +92.7s mask blurred
[23:27:18] +93.8s pyramid gauss
[23:27:18] +94.4s pyramid expand
[23:27:18] +94.5s blended
[23:27:18] +94.5s seam 11 window=6114x6556 keepA=0.49
[23:27:18] +94.5s warped IMGP9253.DNG nudged
[23:27:19] +95.3s field n=0 const=[1.0000 1.0000 1.0000] peak=0.0000 gain=0.0034 (rejected)
[23:27:19] +95.5s seam grid 190x83 nodes=15760
[23:27:19] +95.6s seam grid 1490x637 nodes=85360
[23:27:20] +96.3s seam refine nodes=85360
[23:27:20] +96.3s painted
[23:27:20] +96.4s mask blurred
[23:27:21] +97.5s pyramid gauss
[23:27:22] +98.2s pyramid expand
[23:27:22] +98.3s blended
[23:27:22] +98.3s seam 12 window=6061x6556 keepA=0.51
[23:27:22] +98.3s warped IMGP9241.DNG nudged
[23:27:23] +99.0s field n=0 const=[1.0000 1.0000 1.0000] peak=0.0000 gain=0.0050 (rejected)
[23:27:23] +99.2s seam grid 193x96 nodes=18472
[23:27:23] +99.3s seam grid 1521x743 nodes=83907
[23:27:24] +99.8s seam refine nodes=83907
[23:27:24] +99.8s painted
[23:27:24] +99.9s mask blurred
[23:27:25] +101.2s pyramid gauss
[23:27:26] +101.9s pyramid expand
[23:27:26] +102.0s blended
[23:27:26] +102.0s seam 13 window=6068x6556 keepA=0.51
[23:27:26] +102.0s warped IMGP9240.DNG nudged
[23:27:27] +102.9s field n=0 const=[1.0000 1.0000 1.0000] peak=0.0000 gain=-0.0014 (rejected)
[23:27:27] +103.1s seam grid 192x64 nodes=12169
[23:27:27] +103.1s seam grid 1518x483 nodes=79935
[23:27:27] +103.5s seam refine nodes=79935
[23:27:27] +103.5s painted
[23:27:27] +103.6s mask blurred
[23:27:28] +104.6s pyramid gauss
[23:27:29] +105.2s pyramid expand
[23:27:29] +105.3s blended
[23:27:29] +105.3s seam 14 window=6078x6556 keepA=0.51
[23:27:29] +105.3s warped IMGP9254.DNG nudged
[23:27:30] +106.2s field n=0 const=[1.0000 1.0000 1.0000] peak=0.0000 gain=0.0038 (rejected)
[23:27:30] +106.4s seam grid 193x91 nodes=17468
[23:27:30] +106.5s seam grid 1518x702 nodes=89200
[23:27:31] +107.2s seam refine nodes=89200
[23:27:31] +107.3s painted
[23:27:31] +107.4s mask blurred
[23:27:32] +108.5s pyramid gauss
[23:27:33] +109.2s pyramid expand
[23:27:33] +109.3s blended
[23:27:33] +109.3s seam 15 window=6066x6556 keepA=0.50
[23:27:33] +109.3s warped IMGP9239.DNG nudged
[23:27:34] +110.0s field n=0 const=[1.0000 1.0000 1.0000] peak=0.0000 gain=0.0001 (rejected)
[23:27:34] +110.2s seam grid 192x82 nodes=15736
[23:27:34] +110.3s seam grid 1506x629 nodes=83836
[23:27:35] +110.8s seam refine nodes=83836
[23:27:35] +110.8s painted
[23:27:35] +110.9s mask blurred
[23:27:36] +112.1s pyramid gauss
[23:27:37] +112.7s pyramid expand
[23:27:37] +112.8s blended
[23:27:37] +112.8s seam 16 window=6071x6556 keepA=0.50
[23:27:37] +112.8s warped IMGP9255.DNG nudged
[23:27:37] +113.6s field n=0 const=[1.0000 1.0000 1.0000] peak=0.0000 gain=0.0064 (rejected)
[23:27:38] +113.7s seam grid 192x80 nodes=15352
[23:27:38] +113.8s seam grid 1510x614 nodes=84806
[23:27:38] +114.6s seam refine nodes=84806
[23:27:38] +114.6s painted
[23:27:38] +114.7s mask blurred
[23:27:40] +115.8s pyramid gauss
[23:27:40] +116.5s pyramid expand
[23:27:40] +116.6s blended
[23:27:40] +116.6s seam 17 window=6061x6556 keepA=0.50
[23:27:40] +116.6s warped IMGP9238.DNG nudged
[23:27:41] +117.3s field n=0 const=[1.0000 1.0000 1.0000] peak=0.0000 gain=0.0027 (rejected)
[23:27:41] +117.5s seam grid 192x82 nodes=15717
[23:27:41] +117.6s seam grid 1512x632 nodes=83974
[23:27:42] +118.2s seam refine nodes=83974
[23:27:42] +118.2s painted
[23:27:42] +118.3s mask blurred
[23:27:43] +119.5s pyramid gauss
[23:27:44] +120.1s pyramid expand
[23:27:44] +120.2s blended
[23:27:44] +120.2s seam 18 window=6104x6556 keepA=0.50
[23:27:44] +120.2s warped IMGP9256.DNG nudged
[23:27:45] +121.1s field n=0 const=[1.0000 1.0000 1.0000] peak=0.0000 gain=0.0025 (rejected)
[23:27:45] +121.3s seam grid 191x88 nodes=16802
[23:27:45] +121.4s seam grid 1505x678 nodes=86220
[23:27:46] +122.0s seam refine nodes=86220
[23:27:46] +122.0s painted
[23:27:46] +122.1s mask blurred
[23:27:47] +123.4s pyramid gauss
[23:27:48] +124.2s pyramid expand
[23:27:48] +124.3s blended
[23:27:48] +124.3s seam 19 window=5039x6556 keepA=0.50
[23:27:48] +124.3s warped IMGP9237.DNG nudged
[23:27:49] +125.2s field n=0 const=[1.0000 1.0000 1.0000] peak=0.0000 gain=0.0002 (rejected)
[23:27:49] +125.4s seam grid 192x79 nodes=15159
[23:27:49] +125.4s seam grid 1507x602 nodes=79855
[23:27:50] +125.9s seam refine nodes=79855
[23:27:50] +126.0s painted
[23:27:50] +126.1s mask blurred
[23:27:51] +127.2s pyramid gauss
[23:27:52] +127.8s pyramid expand
[23:27:52] +128.0s blended
[23:27:52] +128.0s seam 20 window=6080x6556 keepA=0.50
[23:27:52] +128.0s warped IMGP9257.DNG nudged
[23:27:52] +128.7s field n=0 const=[1.0000 1.0000 1.0000] peak=0.0000 gain=0.0025 (rejected)
[23:27:53] +128.9s seam grid 193x90 nodes=17173
[23:27:53] +129.0s seam grid 1519x696 nodes=88683
[23:27:53] +129.5s seam refine nodes=88683
[23:27:53] +129.5s painted
[23:27:53] +129.6s mask blurred
[23:27:55] +130.8s pyramid gauss
[23:27:55] +131.6s pyramid expand
[23:27:55] +131.7s blended
[23:27:55] +131.7s seam 21 window=5075x6556 keepA=0.50
[23:27:55] +131.7s warped IMGP9258.DNG nudged
[23:27:55] +131.7s refined shifts seams=0 mean_abs_shift=0.000px max_abs_shift=0.000px
[23:27:55] +131.7s exposure gains applied 8
[23:27:56] +132.3s save encode 34448x5482
[23:28:11] +147.5s seam dump /home/dalibor/Projects/RapidRAW/lean_pano_proto/out/v42/IMGP9237/seams.txt
[23:28:11] +147.5s blend_stage extract=0.00s
[23:28:11] +147.5s blend_stage graphcut=96.16s
[23:28:11] +147.5s blend_stage mask_blur=8.13s
[23:28:11] +147.5s blend_stage pyr_blend=124.68s
[23:28:11] +147.5s boundary_step final: n=22961 median_step=18.72% p90=61.82%
[23:28:11] +147.5s blinds_flat  final: n=24511 median_step=14.46% p90=42.37%
[23:28:11] +147.5s woodline    final: n=16687 median_step=26.08% p90=74.71%
[23:28:11] +147.5s ghost_band   final: mean=0.699 keepA=0.49 cut_px=196801 swallowed=0
[23:28:11] +147.5s sharpness_lapvar final: 123.67783626857079
[23:28:11] +147.5s pano_mean_lum 0.02040444956964115 shadow_median 0.008138563483953476 canvas 34448x5482 levels=7 window_px=1024
[23:28:11] +147.5s time  final blend=70.42s encode_tiff=1.89s metrics=10.77s photometry=4.47s step_metrics=0.09s warp=2.58s
[23:28:11] +147.6s time  total=147.58s
[23:28:11] +147.6s saved /home/dalibor/Projects/RapidRAW/lean_pano_proto/out/v42/IMGP9237/IMGP9237_Pano.tiff
