[20:55:24] +0.0s log /home/dalibor/Projects/RapidRAW/lean_pano_proto/out/v40/DSCF8715/DSCF8715_Pano.pano.log
[20:55:24] +0.0s merge started files=7
[20:55:24] +0.2s jpeg DSCF8715.RAF native 4416x2944 declared 4416x2944
[20:55:24] +0.4s jpeg DSCF8716.RAF native 4416x2944 declared 4416x2944
[20:55:24] +0.6s jpeg DSCF8717.RAF native 4416x2944 declared 4416x2944
[20:55:25] +0.8s jpeg DSCF8718.RAF native 4416x2944 declared 4416x2944
[20:55:25] +1.0s jpeg DSCF8719.RAF native 4416x2944 declared 4416x2944
[20:55:25] +1.2s jpeg DSCF8720.RAF native 4416x2944 declared 4416x2944
[20:55:25] +1.4s jpeg DSCF8721.RAF native 4416x2944 declared 4416x2944
[20:55:27] +3.1s points DSCF8715.RAF 11966
[20:55:27] +3.1s points DSCF8716.RAF 11934
[20:55:27] +3.1s points DSCF8717.RAF 11939
[20:55:27] +3.1s points DSCF8718.RAF 10938
[20:55:27] +3.1s points DSCF8719.RAF 7972
[20:55:27] +3.1s points DSCF8720.RAF 3881
[20:55:27] +3.1s points DSCF8721.RAF 2463
[20:55:30] +6.4s match DSCF8715.RAF<->DSCF8716.RAF: 4257 good
[20:55:30] +6.4s match DSCF8715.RAF<->DSCF8717.RAF: 1895 good
[20:55:30] +6.4s match DSCF8715.RAF<->DSCF8718.RAF: 612 good
[20:55:30] +6.4s match DSCF8715.RAF<->DSCF8719.RAF: 22 good
[20:55:30] +6.4s match DSCF8715.RAF<->DSCF8720.RAF: 31 good
[20:55:30] +6.4s match DSCF8715.RAF<->DSCF8721.RAF: 32 good
[20:55:30] +6.4s match DSCF8716.RAF<->DSCF8717.RAF: 3886 good
[20:55:30] +6.4s match DSCF8716.RAF<->DSCF8718.RAF: 2328 good
[20:55:30] +6.4s match DSCF8716.RAF<->DSCF8719.RAF: 971 good
[20:55:30] +6.4s match DSCF8716.RAF<->DSCF8720.RAF: 39 good
[20:55:30] +6.4s match DSCF8716.RAF<->DSCF8721.RAF: 33 good
[20:55:30] +6.4s match DSCF8717.RAF<->DSCF8718.RAF: 4807 good
[20:55:30] +6.4s match DSCF8717.RAF<->DSCF8719.RAF: 2922 good
[20:55:30] +6.4s match DSCF8717.RAF<->DSCF8720.RAF: 1026 good
[20:55:30] +6.4s match DSCF8717.RAF<->DSCF8721.RAF: 304 good
[20:55:30] +6.4s match DSCF8718.RAF<->DSCF8719.RAF: 4139 good
[20:55:30] +6.4s match DSCF8718.RAF<->DSCF8720.RAF: 1652 good
[20:55:30] +6.4s match DSCF8718.RAF<->DSCF8721.RAF: 763 good
[20:55:30] +6.4s match DSCF8719.RAF<->DSCF8720.RAF: 2048 good
[20:55:30] +6.4s match DSCF8719.RAF<->DSCF8721.RAF: 1010 good
[20:55:30] +6.4s match DSCF8720.RAF<->DSCF8721.RAF: 1320 good
[20:55:31] +6.7s aligned kept=7 focal35=94.0 jpeg=4416x2944 points=4416x2944
[20:55:31] +6.7s lens crop=1.534 focal35=94.0 calib=1.529
[20:55:31] +7.6s sky target 0.3366
[20:55:31] +7.6s sky scale DSCF8715.RAF 0.532 median 0.6326
[20:55:31] +7.6s sky scale DSCF8716.RAF 0.756 median 0.4455
[20:55:31] +7.6s sky scale DSCF8717.RAF 0.875 median 0.3848
[20:55:31] +7.6s sky scale DSCF8718.RAF 1.000 median 0.3366
[20:55:31] +7.6s sky scale DSCF8719.RAF 1.135 median 0.2966
[20:55:31] +7.6s sky scale DSCF8720.RAF 1.695 median 0.1986
[20:55:31] +7.6s sky scale DSCF8721.RAF 2.594 median 0.1298
[20:55:31] +7.6s Matching brightness...
[20:55:31] +7.6s canvas perspective 5132x1490
[20:55:32] +7.8s warp DSCF8719.RAF: bbox=(851,160,2827,1490) 1976x1330
[20:55:32] +7.8s warp DSCF8718.RAF: bbox=(1326,183,3273,1490) 1947x1307
[20:55:32] +7.8s warp DSCF8717.RAF: bbox=(1848,150,3821,1481) 1973x1331
[20:55:32] +7.8s warp DSCF8720.RAF: bbox=(378,117,2405,1482) 2027x1365
[20:55:32] +7.8s warp DSCF8721.RAF: bbox=(0,44,2073,1442) 2073x1398
[20:55:32] +7.8s warp DSCF8716.RAF: bbox=(2444,63,4503,1452) 2059x1389
[20:55:32] +7.8s warp DSCF8715.RAF: bbox=(2933,0,5132,1449) 2199x1449
[20:55:32] +7.9s brightness gains=7 corner=1.127
[20:55:32] +7.9s Blending photos...
[20:55:32] +8.1s blend 1: window=3000x1490 tiles=990
[20:55:32] +8.4s local moved kept=249 field=2.32 disagree 0.1152 -> 0.0749
[20:55:32] +8.4s seam grid 45x52 nodes=2207
[20:55:32] +8.4s seam grid 334x388 nodes=39197
[20:55:32] +8.6s seam refine nodes=39197
[20:55:32] +8.6s painted
[20:55:32] +8.6s mask blurred
[20:55:32] +8.7s pyramid gauss
[20:55:33] +8.8s pyramid expand
[20:55:33] +8.8s pasted
[20:55:33] +8.8s blended 1 keepA=0.57
[20:55:33] +8.8s blend 2: window=2997x1490 tiles=990
[20:55:33] +9.1s local moved kept=208 field=2.43 disagree 0.1472 -> 0.1049
[20:55:33] +9.1s seam grid 45x49 nodes=2114
[20:55:33] +9.1s seam grid 333x369 nodes=33215
[20:55:33] +9.2s seam refine nodes=33215
[20:55:33] +9.2s painted
[20:55:33] +9.2s mask blurred
[20:55:33] +9.3s pyramid gauss
[20:55:33] +9.3s pyramid expand
[20:55:33] +9.3s pasted
[20:55:33] +9.3s blended 2 keepA=0.73
[20:55:33] +9.3s blend 3: window=2917x1490 tiles=968
[20:55:33] +9.6s local moved kept=184 field=2.99 disagree 0.1244 -> 0.1025
[20:55:33] +9.6s seam grid 46x53 nodes=2283
[20:55:33] +9.6s seam grid 339x401 nodes=31689
[20:55:34] +9.8s seam refine nodes=31689
[20:55:34] +9.8s painted
[20:55:34] +9.8s mask blurred
[20:55:34] +9.9s pyramid gauss
[20:55:34] +10.0s pyramid expand
[20:55:34] +10.0s pasted
[20:55:34] +10.0s blended 3 keepA=0.72
[20:55:34] +10.0s blend 4: window=3083x1490 tiles=1034
[20:55:34] +10.2s local moved kept=222 field=3.64 disagree 0.1403 -> 0.1002
[20:55:34] +10.3s seam grid 45x48 nodes=2129
[20:55:34] +10.3s seam grid 337x357 nodes=30217
[20:55:34] +10.4s seam refine nodes=30217
[20:55:34] +10.4s painted
[20:55:34] +10.4s mask blurred
[20:55:34] +10.4s pyramid gauss
[20:55:34] +10.5s pyramid expand
[20:55:34] +10.5s pasted
[20:55:34] +10.5s blended 4 keepA=0.52
[20:55:34] +10.5s blend 5: window=2585x1490 tiles=858
[20:55:35] +10.8s local moved kept=231 field=3.14 disagree 0.0892 -> 0.0785
[20:55:35] +10.8s seam grid 46x58 nodes=2601
[20:55:35] +10.8s seam grid 344x436 nodes=36547
[20:55:35] +11.0s seam refine nodes=36547
[20:55:35] +11.0s painted
[20:55:35] +11.0s mask blurred
[20:55:35] +11.1s pyramid gauss
[20:55:35] +11.2s pyramid expand
[20:55:35] +11.2s pasted
[20:55:35] +11.2s blended 5 keepA=0.70
[20:55:35] +11.2s blend 6: window=2711x1490 tiles=902
[20:55:35] +11.4s local copied no gain kept=143 field=3.03 disagree 0.2780 -> 0.2704
[20:55:35] +11.5s seam grid 48x54 nodes=2417
[20:55:35] +11.5s seam grid 359x405 nodes=23517
[20:55:35] +11.5s seam refine nodes=23517
[20:55:35] +11.5s painted
[20:55:35] +11.5s mask blurred
[20:55:35] +11.6s pyramid gauss
[20:55:35] +11.6s pyramid expand
[20:55:35] +11.6s pasted
[20:55:35] +11.6s blended 6 keepA=0.49
[20:55:35] +11.6s preview canvas perspective 5132x1490 shifts=6
[20:55:35] +11.6s time  preview=4.91s (solve+match 6.73s)
[20:55:35] +11.7s preview ready /home/dalibor/Projects/RapidRAW/lean_pano_proto/out/v40/DSCF8715/DSCF8715_preview.jpg
[20:55:35] +11.7s save started
[20:55:35] +11.7s develop jobs=4
[20:55:40] +16.5s developed DSCF8715.RAF 7728x5152 -> 1920x1280
[20:55:40] +16.5s developed DSCF8716.RAF 7728x5152 -> 1920x1280
[20:55:40] +16.5s developed DSCF8717.RAF 7728x5152 -> 1920x1280
[20:55:40] +16.5s developed DSCF8718.RAF 7728x5152 -> 1920x1280
[20:55:40] +16.5s developed DSCF8719.RAF 7728x5152 -> 1920x1280
[20:55:40] +16.5s developed DSCF8720.RAF 7728x5152 -> 1920x1280
[20:55:40] +16.5s developed DSCF8721.RAF 7728x5152 -> 1920x1280
[20:55:40] +16.5s time  develop=4.79s
[20:55:40] +16.5s scale raw=7728x5152 jpeg=4416x2944 x=1.7500 y=1.7500
[20:55:40] +16.5s Matching brightness...
[20:55:40] +16.5s canvas perspective 5132x1490
[20:55:40] +16.7s warp DSCF8720.RAF: bbox=(378,117,2405,1482) 2027x1365
[20:55:40] +16.7s warp DSCF8721.RAF: bbox=(0,44,2073,1442) 2073x1398
[20:55:40] +16.7s warp DSCF8718.RAF: bbox=(1326,183,3273,1490) 1947x1307
[20:55:40] +16.7s warp DSCF8716.RAF: bbox=(2444,63,4503,1452) 2059x1389
[20:55:40] +16.7s warp DSCF8719.RAF: bbox=(851,160,2827,1490) 1976x1330
[20:55:40] +16.7s warp DSCF8717.RAF: bbox=(1848,150,3821,1481) 1973x1331
[20:55:40] +16.7s warp DSCF8715.RAF: bbox=(2933,0,5132,1449) 2199x1449
[20:55:41] +16.8s brightness gains=7 corner=0.743
[20:55:41] +16.8s Blending photos...
[20:55:41] +17.0s blend 1: window=3000x1490 tiles=990
[20:55:41] +17.3s local moved kept=270 field=4.07 disagree 0.0927 -> 0.0467
[20:55:41] +17.3s seam grid 45x52 nodes=2200
[20:55:41] +17.3s seam grid 334x388 nodes=24321
[20:55:41] +17.4s seam refine nodes=24321
[20:55:41] +17.4s painted
[20:55:41] +17.5s mask blurred
[20:55:41] +17.6s pyramid gauss
[20:55:41] +17.7s pyramid expand
[20:55:41] +17.7s pasted
[20:55:41] +17.7s blended 1 keepA=0.48
[20:55:41] +17.7s blend 2: window=2997x1490 tiles=990
[20:55:42] +18.0s local moved kept=229 field=4.20 disagree 0.1145 -> 0.0651
[20:55:42] +18.0s seam grid 45x49 nodes=2105
[20:55:42] +18.0s seam grid 333x369 nodes=31052
[20:55:42] +18.1s seam refine nodes=31052
[20:55:42] +18.1s painted
[20:55:42] +18.1s mask blurred
[20:55:42] +18.1s pyramid gauss
[20:55:42] +18.2s pyramid expand
[20:55:42] +18.2s pasted
[20:55:42] +18.2s blended 2 keepA=0.51
[20:55:42] +18.2s blend 3: window=2917x1490 tiles=968
[20:55:42] +18.5s local moved kept=273 field=6.81 disagree 0.0885 -> 0.0503
[20:55:42] +18.5s seam grid 46x53 nodes=2285
[20:55:42] +18.5s seam grid 339x401 nodes=29633
[20:55:42] +18.6s seam refine nodes=29633
[20:55:42] +18.6s painted
[20:55:42] +18.6s mask blurred
[20:55:42] +18.7s pyramid gauss
[20:55:43] +18.8s pyramid expand
[20:55:43] +18.8s pasted
[20:55:43] +18.8s blended 3 keepA=0.62
[20:55:43] +18.8s blend 4: window=3083x1490 tiles=1034
[20:55:43] +19.1s local moved kept=221 field=8.09 disagree 0.1160 -> 0.0740
[20:55:43] +19.1s seam grid 45x48 nodes=2129
[20:55:43] +19.1s seam grid 337x357 nodes=30880
[20:55:43] +19.3s seam refine nodes=30880
[20:55:43] +19.3s painted
[20:55:43] +19.3s mask blurred
[20:55:43] +19.3s pyramid gauss
[20:55:43] +19.4s pyramid expand
[20:55:43] +19.4s pasted
[20:55:43] +19.4s blended 4 keepA=0.53
[20:55:43] +19.4s blend 5: window=2585x1490 tiles=858
[20:55:44] +19.7s local moved kept=269 field=8.84 disagree 0.0856 -> 0.0462
[20:55:44] +19.8s seam grid 46x58 nodes=2601
[20:55:44] +19.8s seam grid 344x436 nodes=33134
[20:55:44] +19.9s seam refine nodes=33134
[20:55:44] +19.9s painted
[20:55:44] +19.9s mask blurred
[20:55:44] +20.0s pyramid gauss
[20:55:44] +20.1s pyramid expand
[20:55:44] +20.1s pasted
[20:55:44] +20.1s blended 5 keepA=0.55
[20:55:44] +20.1s blend 6: window=2711x1490 tiles=902
[20:55:44] +20.4s local moved kept=277 field=9.84 disagree 0.1131 -> 0.0635
[20:55:44] +20.4s seam grid 48x54 nodes=2418
[20:55:44] +20.4s seam grid 359x405 nodes=21453
[20:55:44] +20.4s seam refine nodes=21453
[20:55:44] +20.4s painted
[20:55:44] +20.4s mask blurred
[20:55:44] +20.5s pyramid gauss
[20:55:44] +20.5s pyramid expand
[20:55:44] +20.5s pasted
[20:55:44] +20.5s blended 6 keepA=0.49
[20:55:44] +20.6s time  linear_photometry=4.03s
[20:55:44] +20.6s photometry source=second compose
[20:55:44] +20.6s save seam preview
[20:55:44] +20.6s save cut fullres
[20:55:44] +20.6s photometry gains=7
[20:55:44] +20.6s photo pedestal=0.003412 field_norm=1.089880 gains=[0.9963 0.9709 0.9966 1.0169 0.9778 1.0905 0.9567]
[20:55:44] +20.6s save seam developed
[20:55:44] +20.6s canvas perspective 20653x5995
[20:55:45] +21.0s local align resolution 1/1
[20:55:45] +21.0s snapbox canvas_origin=(0,0)
[20:55:45] +21.0s composite levels=6 pad=512
[20:55:45] +21.0s local alignment refine=false
[20:55:48] +24.1s warped DSCF8718.RAF straight
[20:55:56] +32.3s snapwin seam=1 canvas=(2938,159) size=8928x5836
[20:55:56] +32.6s field n=0 const=[1.0000 1.0000 1.0000] peak=0.0000 gain=-0.0596 (rejected)
[20:55:57] +32.9s seam grid 168x192 nodes=31672
[20:55:57] +33.1s seam grid 1316x1511 nodes=115632
[20:55:58] +34.2s seam refine nodes=115632
[20:55:58] +34.2s painted
[20:55:58] +34.4s mask blurred
[20:55:59] +35.1s snapblendrect seam=1 canvas=(4859,257)..(11858,5995)
[20:56:00] +35.9s pyramid gauss
[20:56:01] +36.8s pyramid expand
[20:56:01] +37.1s blended
[20:56:01] +37.1s seam 1 window=8928x5836 keepA=0.49
[20:56:01] +37.1s warped DSCF8719.RAF nudged
[20:56:01] +37.1s field DSCF8719.RAF origin=(1079,0) size=1996x1490 scale=2.5711
[20:56:01] +37.1s SNAP DSCF8715/field_DSCF8715_8719 FAILED No such file or directory (os error 2)
[20:56:09] +45.2s snapwin seam=2 canvas=(6951,116) size=8914x5879
[20:56:09] +45.5s field n=0 const=[1.0000 1.0000 1.0000] peak=0.0000 gain=-0.0302 (rejected)
[20:56:10] +45.7s seam grid 166x183 nodes=30290
[20:56:10] +45.9s seam grid 1304x1434 nodes=117771
[20:56:11] +46.7s seam refine nodes=117771
[20:56:11] +46.8s painted
[20:56:11] +46.9s mask blurred
[20:56:11] +47.6s snapblendrect seam=2 canvas=(6960,270)..(13652,5995)
[20:56:12] +48.4s pyramid gauss
[20:56:13] +49.3s pyramid expand
[20:56:13] +49.5s blended
[20:56:13] +49.5s seam 2 window=8914x5879 keepA=0.44
[20:56:13] +49.5s warped DSCF8717.RAF nudged
[20:56:13] +49.5s field DSCF8717.RAF origin=(1601,0) size=1920x1490 scale=2.6729
[20:56:13] +49.6s SNAP DSCF8715/field_DSCF8715_8717 FAILED No such file or directory (os error 2)
[20:56:22] +58.3s snapwin seam=3 canvas=(1036,0) size=9132x5995
[20:56:22] +58.6s field n=0 const=[1.0000 1.0000 1.0000] peak=0.0000 gain=-0.0773 (rejected)
[20:56:23] +58.9s seam grid 170x199 nodes=33231
[20:56:23] +59.1s seam grid 1330x1564 nodes=138655
[20:56:24] +60.4s seam refine nodes=138655
[20:56:24] +60.4s painted
[20:56:24] +60.5s mask blurred
[20:56:25] +61.3s snapblendrect seam=3 canvas=(2947,168)..(10160,5995)
[20:56:26] +62.1s pyramid gauss
[20:56:27] +63.1s pyramid expand
[20:56:27] +63.3s blended
[20:56:27] +63.3s seam 3 window=9132x5995 keepA=0.61
[20:56:27] +63.3s warped DSCF8720.RAF nudged
[20:56:27] +63.3s field DSCF8720.RAF origin=(604,0) size=2049x1490 scale=2.5046
[20:56:27] +63.3s SNAP DSCF8715/field_DSCF8715_8720 FAILED No such file or directory (os error 2)
[20:56:36] +72.3s snapwin seam=4 canvas=(9350,0) size=9260x5995
[20:56:36] +72.5s field n=0 const=[1.0000 1.0000 1.0000] peak=0.0000 gain=-0.0328 (rejected)
[20:56:37] +72.8s seam grid 165x175 nodes=28835
[20:56:37] +73.0s seam grid 1305x1385 nodes=129548
[20:56:38] +74.6s seam refine nodes=129548
[20:56:38] +74.6s painted
[20:56:39] +74.7s mask blurred
[20:56:39] +75.5s snapblendrect seam=4 canvas=(9360,125)..(15857,5995)
[20:56:40] +76.2s pyramid gauss
[20:56:41] +77.1s pyramid expand
[20:56:41] +77.4s blended
[20:56:41] +77.4s seam 4 window=9260x5995 keepA=0.37
[20:56:41] +77.4s warped DSCF8716.RAF nudged
[20:56:41] +77.4s field DSCF8716.RAF origin=(2197,0) size=1872x1490 scale=2.7415
[20:56:41] +77.4s SNAP DSCF8715/field_DSCF8715_8716 FAILED No such file or directory (os error 2)
[20:56:50] +86.4s snapwin seam=5 canvas=(0,0) size=8828x5995
[20:56:50] +86.7s field n=0 const=[1.0000 1.0000 1.0000] peak=0.0000 gain=-0.1060 (rejected)
[20:56:51] +87.0s seam grid 170x216 nodes=36437
[20:56:51] +87.2s seam grid 1332x1704 nodes=141137
[20:56:52] +88.5s seam refine nodes=141137
[20:56:52] +88.6s painted
[20:56:52] +88.7s mask blurred
[20:56:53] +89.5s snapblendrect seam=5 canvas=(1048,0)..(8818,5995)
[20:56:54] +90.4s pyramid gauss
[20:56:55] +91.5s pyramid expand
[20:56:56] +91.8s blended
[20:56:56] +91.8s seam 5 window=8828x5995 keepA=0.55
[20:56:56] +91.8s warped DSCF8721.RAF nudged
[20:56:56] +91.8s field DSCF8721.RAF origin=(132,0) size=2188x1490 scale=2.3455
[20:56:56] +91.8s SNAP DSCF8715/field_DSCF8715_8721 FAILED No such file or directory (os error 2)
[20:57:05] +101.5s snapwin seam=6 canvas=(11319,0) size=9334x5995
[20:57:06] +101.8s field n=0 const=[1.0000 1.0000 1.0000] peak=0.0000 gain=-0.0362 (rejected)
[20:57:06] +102.1s seam grid 178x201 nodes=34685
[20:57:06] +102.3s seam grid 1394x1580 nodes=102273
[20:57:07] +103.1s seam refine nodes=102273
[20:57:07] +103.2s painted
[20:57:07] +103.3s mask blurred
[20:57:08] +104.1s snapblendrect seam=6 canvas=(11328,0)..(18602,5995)
[20:57:09] +105.0s pyramid gauss
[20:57:10] +106.1s pyramid expand
[20:57:10] +106.3s blended
[20:57:10] +106.3s seam 6 window=9334x5995 keepA=0.49
[20:57:10] +106.3s warped DSCF8715.RAF nudged
[20:57:10] +106.3s field DSCF8715.RAF origin=(2686,0) size=2065x1490 scale=2.4852
[20:57:10] +106.4s SNAP DSCF8715/field_DSCF8715_8715 FAILED No such file or directory (os error 2)
[20:57:10] +106.4s refined shifts seams=0 mean_abs_shift=0.000px max_abs_shift=0.000px
[20:57:10] +106.4s exposure gains applied 6
[20:57:10] +106.5s save encode 20170x4925
[20:57:17] +113.6s seam dump /home/dalibor/Projects/RapidRAW/lean_pano_proto/out/v40/DSCF8715/seams.txt
[20:57:17] +113.6s blend_stage extract=0.00s
[20:57:17] +113.6s blend_stage graphcut=75.71s
[20:57:17] +113.6s blend_stage mask_blur=6.14s
[20:57:17] +113.6s blend_stage pyr_blend=98.60s
[20:57:17] +113.6s boundary_step final: n=6071 median_step=2.64% p90=29.92%
[20:57:17] +113.6s blinds_flat  final: n=14158 median_step=2.70% p90=30.53%
[20:57:17] +113.6s woodline    final: n=5481 median_step=16.19% p90=50.57%
[20:57:17] +113.6s ghost_band   final: mean=0.618 keepA=0.49 cut_px=59577 swallowed=0
[20:57:17] +113.6s sharpness_lapvar final: 10.290816037141392
[20:57:17] +113.6s pano_mean_lum 0.07023853571982812 shadow_median 0.06831660866737366 canvas 20170x4925 levels=6 window_px=512
[20:57:17] +113.6s time  final blend=32.40s encode_tiff=0.95s metrics=5.15s photometry=2.59s step_metrics=0.18s warp=48.66s
[20:57:17] +113.6s time  total=113.60s
[20:57:17] +113.6s saved /home/dalibor/Projects/RapidRAW/lean_pano_proto/out/v40/DSCF8715/DSCF8715_Pano.tiff
