[23:22:06] +0.0s log /home/dalibor/Projects/RapidRAW/lean_pano_proto/out/v30/DSCF6498/DSCF6498_Pano.pano.log
[23:22:06] +0.0s merge started files=4
[23:22:06] +0.2s jpeg DSCF6498.RAF native 4416x2944 declared 4416x2944
[23:22:06] +0.4s jpeg DSCF6499.RAF native 4416x2944 declared 4416x2944
[23:22:06] +0.6s jpeg DSCF6500.RAF native 4416x2944 declared 4416x2944
[23:22:06] +0.8s jpeg DSCF6501.RAF native 4416x2944 declared 4416x2944
[23:22:08] +2.2s points DSCF6498.RAF 11827
[23:22:08] +2.2s points DSCF6499.RAF 11862
[23:22:08] +2.2s points DSCF6500.RAF 11909
[23:22:08] +2.2s points DSCF6501.RAF 11915
[23:22:10] +4.6s match DSCF6498.RAF<->DSCF6499.RAF: 3880 good
[23:22:10] +4.6s match DSCF6498.RAF<->DSCF6500.RAF: 2989 good
[23:22:10] +4.6s match DSCF6498.RAF<->DSCF6501.RAF: 1964 good
[23:22:10] +4.6s match DSCF6499.RAF<->DSCF6500.RAF: 4112 good
[23:22:10] +4.6s match DSCF6499.RAF<->DSCF6501.RAF: 2818 good
[23:22:10] +4.6s match DSCF6500.RAF<->DSCF6501.RAF: 4243 good
[23:22:10] +4.8s aligned kept=4 focal35=35.0 jpeg=4416x2944 points=4416x2944
[23:22:10] +4.8s lens crop=1.534 focal35=35.0 calib=1.529
[23:22:11] +5.3s sky target 0.5027
[23:22:11] +5.3s sky scale DSCF6498.RAF 1.074 median 0.4681
[23:22:11] +5.3s sky scale DSCF6499.RAF 0.953 median 0.5275
[23:22:11] +5.3s sky scale DSCF6500.RAF 1.000 median 0.5027
[23:22:11] +5.3s sky scale DSCF6501.RAF 1.076 median 0.4673
[23:22:11] +5.3s Matching brightness...
[23:22:11] +5.3s canvas cylindrical 2787x1333
[23:22:11] +5.5s warp DSCF6498.RAF: bbox=(972,0,2787,1288) 1815x1288
[23:22:11] +5.5s warp DSCF6501.RAF: bbox=(0,52,1789,1333) 1789x1281
[23:22:11] +5.5s warp DSCF6499.RAF: bbox=(618,35,2417,1324) 1799x1289
[23:22:11] +5.5s warp DSCF6500.RAF: bbox=(301,44,2095,1333) 1794x1289
[23:22:11] +5.5s brightness gains=4 corner=1.017
[23:22:11] +5.5s Blending photos...
[23:22:11] +5.6s blend 1: window=2607x1333 tiles=741
[23:22:12] +5.9s local moved kept=301 field=4.73 disagree 0.3895 -> 0.2661
[23:22:12] +6.0s seam grid 44x51 nodes=2105
[23:22:12] +6.0s seam grid 329x382 nodes=30371
[23:22:12] +6.1s seam refine nodes=30371
[23:22:12] +6.1s painted
[23:22:12] +6.1s mask blurred
[23:22:12] +6.2s pyramid gauss
[23:22:12] +6.2s pyramid expand
[23:22:12] +6.3s pasted
[23:22:12] +6.3s blended 1 keepA=0.38
[23:22:12] +6.3s blend 2: window=2327x1333 tiles=665
[23:22:12] +6.5s local moved kept=250 field=3.72 disagree 0.4482 -> 0.3442
[23:22:12] +6.5s seam grid 43x50 nodes=2087
[23:22:12] +6.5s seam grid 326x374 nodes=27995
[23:22:12] +6.7s seam refine nodes=27995
[23:22:12] +6.7s painted
[23:22:12] +6.7s mask blurred
[23:22:12] +6.8s pyramid gauss
[23:22:12] +6.8s pyramid expand
[23:22:12] +6.8s pasted
[23:22:12] +6.8s blended 2 keepA=0.54
[23:22:12] +6.8s blend 3: window=2301x1333 tiles=646
[23:22:13] +7.1s local moved kept=319 field=6.82 disagree 0.4221 -> 0.3091
[23:22:13] +7.1s seam grid 44x51 nodes=2139
[23:22:13] +7.1s seam grid 327x385 nodes=22480
[23:22:13] +7.2s seam refine nodes=22480
[23:22:13] +7.2s painted
[23:22:13] +7.2s mask blurred
[23:22:13] +7.2s pyramid gauss
[23:22:13] +7.2s pyramid expand
[23:22:13] +7.3s pasted
[23:22:13] +7.3s blended 3 keepA=0.48
[23:22:13] +7.3s preview canvas cylindrical 2787x1333 shifts=3
[23:22:13] +7.3s time  preview=2.50s (solve+match 4.77s)
[23:22:13] +7.3s preview ready /home/dalibor/Projects/RapidRAW/lean_pano_proto/out/v30/DSCF6498/DSCF6498_preview.jpg
[23:22:13] +7.3s save started
[23:22:13] +7.3s develop jobs=4
[23:22:16] +10.8s developed DSCF6498.RAF 7728x5152 -> 1920x1280
[23:22:16] +10.8s developed DSCF6499.RAF 7728x5152 -> 1920x1280
[23:22:16] +10.8s developed DSCF6500.RAF 7728x5152 -> 1920x1280
[23:22:16] +10.8s developed DSCF6501.RAF 7728x5152 -> 1920x1280
[23:22:16] +10.8s time  develop=3.43s
[23:22:16] +10.8s scale raw=7728x5152 jpeg=4416x2944 x=1.7500 y=1.7500
[23:22:16] +10.8s Matching brightness...
[23:22:16] +10.8s canvas cylindrical 2787x1333
[23:22:16] +10.9s warp DSCF6498.RAF: bbox=(972,0,2787,1288) 1815x1288
[23:22:16] +10.9s warp DSCF6499.RAF: bbox=(618,35,2417,1324) 1799x1289
[23:22:17] +10.9s warp DSCF6501.RAF: bbox=(0,52,1789,1333) 1789x1281
[23:22:17] +10.9s warp DSCF6500.RAF: bbox=(301,44,2095,1333) 1794x1289
[23:22:17] +11.0s brightness gains=4 corner=0.917
[23:22:17] +11.0s Blending photos...
[23:22:17] +11.1s blend 1: window=2607x1333 tiles=741
[23:22:17] +11.5s local moved kept=320 field=7.31 disagree 0.3281 -> 0.1957
[23:22:17] +11.6s seam grid 44x51 nodes=2105
[23:22:17] +11.6s seam grid 329x382 nodes=29458
[23:22:17] +11.7s seam refine nodes=29458
[23:22:17] +11.7s painted
[23:22:17] +11.7s mask blurred
[23:22:17] +11.7s pyramid gauss
[23:22:17] +11.8s pyramid expand
[23:22:17] +11.8s pasted
[23:22:17] +11.8s blended 1 keepA=0.50
[23:22:17] +11.8s blend 2: window=2327x1333 tiles=665
[23:22:18] +12.1s local moved kept=303 field=7.03 disagree 0.3509 -> 0.2409
[23:22:18] +12.1s seam grid 43x50 nodes=2088
[23:22:18] +12.1s seam grid 326x374 nodes=34018
[23:22:18] +12.2s seam refine nodes=34018
[23:22:18] +12.2s painted
[23:22:18] +12.2s mask blurred
[23:22:18] +12.3s pyramid gauss
[23:22:18] +12.4s pyramid expand
[23:22:18] +12.4s pasted
[23:22:18] +12.4s blended 2 keepA=0.67
[23:22:18] +12.4s blend 3: window=2301x1333 tiles=646
[23:22:18] +12.6s local moved kept=314 field=9.39 disagree 0.3629 -> 0.2374
[23:22:18] +12.7s seam grid 44x51 nodes=2139
[23:22:18] +12.7s seam grid 327x385 nodes=23118
[23:22:18] +12.7s seam refine nodes=23118
[23:22:18] +12.7s painted
[23:22:18] +12.7s mask blurred
[23:22:18] +12.8s pyramid gauss
[23:22:18] +12.8s pyramid expand
[23:22:18] +12.8s pasted
[23:22:18] +12.8s blended 3 keepA=0.49
[23:22:18] +12.8s time  linear_photometry=2.06s
[23:22:18] +12.8s photometry source=second compose
[23:22:18] +12.8s save seam preview
[23:22:18] +12.8s save cut fullres
[23:22:18] +12.8s photometry gains=4
[23:22:18] +12.8s photo pedestal=0.002401 field_norm=0.728916 gains=[0.9600 1.0219 0.9811 1.0390]
[23:22:18] +12.8s canvas cylindrical 11215x5366
[23:22:19] +13.0s local align resolution 1/2
[23:22:19] +13.0s composite levels=6 pad=512
[23:22:19] +13.0s local alignment refine=true
[23:22:20] +14.1s warped DSCF6499.RAF straight
[23:22:21] +15.6s local copied sparse
[23:22:21] +15.6s align-half skip no staged field
[23:22:21] +15.7s field n=0 const=[1.0000 1.0000 1.0000] peak=0.0000 gain=-0.0662 (rejected)
[23:22:22] +16.0s seam grid 164x189 nodes=30288
[23:22:22] +16.2s seam grid 1288x1487 nodes=122134
[23:22:23] +17.7s seam refine nodes=122134
[23:22:23] +17.8s painted
[23:22:23] +17.9s mask blurred
[23:22:25] +19.3s pyramid gauss
[23:22:26] +20.2s pyramid expand
[23:22:26] +20.3s blended
[23:22:26] +20.3s seam 1 window=8193x5366 keepA=0.55
[23:22:26] +20.3s warped DSCF6500.RAF nudged
[23:22:27] +21.8s local copied sparse
[23:22:27] +21.8s align-half skip no staged field
[23:22:27] +21.9s field n=0 const=[1.0000 1.0000 1.0000] peak=0.0000 gain=-0.0491 (rejected)
[23:22:28] +22.1s seam grid 161x185 nodes=29661
[23:22:28] +22.4s seam grid 1261x1454 nodes=120241
[23:22:29] +23.6s seam refine nodes=120241
[23:22:29] +23.6s painted
[23:22:29] +23.7s mask blurred
[23:22:31] +25.0s pyramid gauss
[23:22:32] +26.0s pyramid expand
[23:22:32] +26.1s blended
[23:22:32] +26.1s seam 2 window=7789x5366 keepA=0.47
[23:22:32] +26.1s warped DSCF6498.RAF nudged
[23:22:33] +27.8s local copied sparse
[23:22:33] +27.8s align-half skip no staged field
[23:22:33] +27.9s field n=0 const=[1.0000 1.0000 1.0000] peak=0.0000 gain=-0.0462 (rejected)
[23:22:34] +28.2s seam grid 164x190 nodes=30419
[23:22:34] +28.4s seam grid 1290x1497 nodes=90376
[23:22:34] +28.8s seam refine nodes=90376
[23:22:34] +28.8s painted
[23:22:34] +28.9s mask blurred
[23:22:36] +30.5s pyramid gauss
[23:22:37] +31.5s pyramid expand
[23:22:37] +31.6s blended
[23:22:37] +31.6s seam 3 window=7689x5366 keepA=0.49
[23:22:37] +31.6s warped DSCF6501.RAF nudged
[23:22:37] +31.6s refined shifts seams=0 mean_abs_shift=0.000px max_abs_shift=0.000px
[23:22:37] +31.6s exposure gains applied 2
[23:22:37] +31.7s save encode 10898x4428
[23:22:41] +35.5s seam dump /home/dalibor/Projects/RapidRAW/lean_pano_proto/out/v30/DSCF6498/seams.txt
[23:22:41] +35.5s blend_stage extract=0.00s
[23:22:41] +35.5s blend_stage graphcut=56.95s
[23:22:41] +35.5s blend_stage local_align_half=5.86s
[23:22:41] +35.5s blend_stage mask_blur=4.51s
[23:22:41] +35.5s blend_stage pyr_blend=71.84s
[23:22:41] +35.5s boundary_step final: n=2692 median_step=8.15% p90=87.51%
[23:22:41] +35.5s blinds_flat  final: n=2388 median_step=1.52% p90=41.90%
[23:22:41] +35.5s woodline    final: n=1852 median_step=29.78% p90=103.36%
[23:22:41] +35.5s ghost_band   final: mean=0.667 keepA=0.50 cut_px=25284 swallowed=0
[23:22:41] +35.5s sharpness_lapvar final: 14.62112748194009
[23:22:41] +35.5s pano_mean_lum 0.08103525579993232 shadow_median 0.0550604984164238 canvas 10898x4428 levels=6 window_px=512
[23:22:41] +35.5s time  final blend=14.90s encode_tiff=0.48s metrics=2.72s photometry=1.24s step_metrics=0.16s warp=1.69s
[23:22:41] +35.5s time  total=35.53s
[23:22:41] +35.5s saved /home/dalibor/Projects/RapidRAW/lean_pano_proto/out/v30/DSCF6498/DSCF6498_Pano.tiff
