[16:56:05] +0.0s log /home/dalibor/Projects/RapidRAW/lean_pano_proto/out/v52/DSCF0578/DSCF0578_Pano.pano.log
[16:56:05] +0.0s merge started files=11
[16:56:05] +0.1s focal native unavailable or disabled, using exif 35eq=40.0mm (crop=1.534)
[16:56:05] +0.2s jpeg DSCF0578.RAF native 4416x2944 declared 4416x2944
[16:56:05] +0.4s jpeg DSCF0579.RAF native 4416x2944 declared 4416x2944
[16:56:05] +0.6s jpeg DSCF0580.RAF native 4416x2944 declared 4416x2944
[16:56:06] +0.8s jpeg DSCF0581.RAF native 4416x2944 declared 4416x2944
[16:56:06] +1.0s jpeg DSCF0582.RAF native 4416x2944 declared 4416x2944
[16:56:06] +1.4s jpeg DSCF0583.RAF native 4416x2944 declared 4416x2944
[16:56:06] +1.6s jpeg DSCF0584.RAF native 4416x2944 declared 4416x2944
[16:56:07] +1.8s jpeg DSCF0585.RAF native 4416x2944 declared 4416x2944
[16:56:07] +2.0s jpeg DSCF0586.RAF native 4416x2944 declared 4416x2944
[16:56:07] +2.2s jpeg DSCF0587.RAF native 4416x2944 declared 4416x2944
[16:56:07] +2.4s jpeg DSCF0588.RAF native 4416x2944 declared 4416x2944
[16:56:09] +4.3s points DSCF0578.RAF 1360
[16:56:09] +4.3s points DSCF0579.RAF 1604
[16:56:09] +4.3s points DSCF0580.RAF 1581
[16:56:09] +4.3s points DSCF0581.RAF 1419
[16:56:09] +4.3s points DSCF0582.RAF 1523
[16:56:09] +4.3s points DSCF0583.RAF 1208
[16:56:09] +4.3s points DSCF0584.RAF 1328
[16:56:09] +4.3s points DSCF0585.RAF 2429
[16:56:09] +4.3s points DSCF0586.RAF 3089
[16:56:09] +4.3s points DSCF0587.RAF 3582
[16:56:09] +4.3s points DSCF0588.RAF 3330
[16:56:09] +4.3s matching 19 neighbor pairs
[16:56:09] +4.5s match DSCF0578.RAF<->DSCF0579.RAF: 752 good
[16:56:09] +4.5s match DSCF0578.RAF<->DSCF0580.RAF: 529 good
[16:56:09] +4.5s match DSCF0579.RAF<->DSCF0580.RAF: 781 good
[16:56:09] +4.5s match DSCF0579.RAF<->DSCF0581.RAF: 499 good
[16:56:09] +4.5s match DSCF0580.RAF<->DSCF0581.RAF: 672 good
[16:56:09] +4.5s match DSCF0580.RAF<->DSCF0582.RAF: 472 good
[16:56:09] +4.5s match DSCF0581.RAF<->DSCF0582.RAF: 657 good
[16:56:09] +4.5s match DSCF0581.RAF<->DSCF0583.RAF: 427 good
[16:56:09] +4.5s match DSCF0582.RAF<->DSCF0583.RAF: 633 good
[16:56:09] +4.5s match DSCF0582.RAF<->DSCF0584.RAF: 478 good
[16:56:09] +4.5s match DSCF0583.RAF<->DSCF0584.RAF: 581 good
[16:56:09] +4.5s match DSCF0583.RAF<->DSCF0585.RAF: 431 good
[16:56:09] +4.5s match DSCF0584.RAF<->DSCF0585.RAF: 665 good
[16:56:09] +4.5s match DSCF0584.RAF<->DSCF0586.RAF: 454 good
[16:56:09] +4.5s match DSCF0585.RAF<->DSCF0586.RAF: 1050 good
[16:56:09] +4.5s match DSCF0585.RAF<->DSCF0587.RAF: 794 good
[16:56:09] +4.5s match DSCF0586.RAF<->DSCF0587.RAF: 1449 good
[16:56:09] +4.5s match DSCF0586.RAF<->DSCF0588.RAF: 1007 good
[16:56:09] +4.5s match DSCF0587.RAF<->DSCF0588.RAF: 1471 good
[16:56:09] +4.6s aligned kept=11 focal35=40.0 jpeg=4416x2944 points=4416x2944
[16:56:09] +4.6s lens crop=1.534 focal35=40.0 calib=1.529
[16:56:11] +6.1s sky target 0.1021
[16:56:11] +6.1s sky scale DSCF0578.RAF 4.313 median 0.0237
[16:56:11] +6.1s sky scale DSCF0579.RAF 1.948 median 0.0524
[16:56:11] +6.1s sky scale DSCF0580.RAF 1.321 median 0.0773
[16:56:11] +6.1s sky scale DSCF0581.RAF 1.024 median 0.0997
[16:56:11] +6.1s sky scale DSCF0582.RAF 0.857 median 0.1191
[16:56:11] +6.1s sky scale DSCF0583.RAF 0.927 median 0.1101
[16:56:11] +6.1s sky scale DSCF0584.RAF 0.846 median 0.1207
[16:56:11] +6.1s sky scale DSCF0585.RAF 0.705 median 0.1448
[16:56:11] +6.1s sky scale DSCF0586.RAF 0.719 median 0.1421
[16:56:11] +6.1s sky scale DSCF0587.RAF 1.000 median 0.1021
[16:56:11] +6.1s sky scale DSCF0588.RAF 1.161 median 0.0879
[16:56:11] +6.1s Matching brightness...
[16:56:11] +6.1s canvas cylindrical 5083x1340
[16:56:11] +6.3s warp DSCF0584.RAF: bbox=(1799,49,3622,1340) 1823x1291
[16:56:11] +6.3s warp DSCF0585.RAF: bbox=(2167,39,4002,1333) 1835x1294
[16:56:11] +6.3s warp DSCF0581.RAF: bbox=(790,33,2645,1333) 1855x1300
[16:56:11] +6.3s warp DSCF0578.RAF: bbox=(0,13,1866,1327) 1866x1314
[16:56:11] +6.3s warp DSCF0588.RAF: bbox=(3209,0,5083,1313) 1874x1313
[16:56:11] +6.3s warp DSCF0587.RAF: bbox=(2835,0,4706,1306) 1871x1306
[16:56:11] +6.3s warp DSCF0583.RAF: bbox=(1498,54,3323,1340) 1825x1286
[16:56:11] +6.3s warp DSCF0579.RAF: bbox=(253,15,2125,1326) 1872x1311
[16:56:11] +6.4s warp DSCF0582.RAF: bbox=(1120,53,2960,1340) 1840x1287
[16:56:11] +6.4s warp DSCF0580.RAF: bbox=(525,22,2394,1332) 1869x1310
[16:56:11] +6.4s warp DSCF0586.RAF: bbox=(2497,15,4348,1313) 1851x1298
[16:56:12] +6.6s brightness gains=11 corner=0.805
[16:56:12] +6.6s Blending photos...
[16:56:12] +6.9s blend 1: window=2847x1340 tiles=817
[16:56:12] +7.2s local moved kept=151 field=4.63 disagree 0.0472 -> 0.0338
[16:56:12] +7.2s seam grid 44x53 nodes=2190
[16:56:12] +7.2s cut_energy opt=108330 shipped=108330 excess=+0.000%
[16:56:12] +7.2s seam grid 328x394 nodes=25339
[16:56:12] +7.2s cut_energy opt=988973 shipped=988973 excess=+0.000%
[16:56:12] +7.2s seam refine nodes=25339
[16:56:12] +7.2s painted
[16:56:12] +7.2s mask blurred
[16:56:12] +7.4s pyramid gauss
[16:56:12] +7.4s pyramid expand
[16:56:12] +7.4s pasted
[16:56:12] +7.4s blended 1 keepA=0.50
[16:56:12] +7.4s blend 2: window=2864x1340 tiles=817
[16:56:13] +7.7s local moved kept=139 field=4.57 disagree 0.0856 -> 0.0704
[16:56:13] +7.7s seam grid 44x51 nodes=2135
[16:56:13] +7.7s cut_energy opt=86772 shipped=86772 excess=+0.000%
[16:56:13] +7.7s seam grid 328x378 nodes=24938
[16:56:13] +7.7s cut_energy opt=1005077 shipped=1005077 excess=+0.000%
[16:56:13] +7.7s seam refine nodes=24938
[16:56:13] +7.7s painted
[16:56:13] +7.7s mask blurred
[16:56:13] +7.8s pyramid gauss
[16:56:13] +7.9s pyramid expand
[16:56:13] +7.9s pasted
[16:56:13] +7.9s blended 2 keepA=0.50
[16:56:13] +7.9s blend 3: window=2859x1340 tiles=817
[16:56:13] +7.9s local copied sparse
[16:56:13] +7.9s seam grid 44x50 nodes=2080
[16:56:13] +7.9s cut_energy opt=105684 shipped=105684 excess=+0.000%
[16:56:13] +7.9s seam grid 329x377 nodes=25153
[16:56:13] +7.9s cut_energy opt=994253 shipped=994253 excess=+0.000%
[16:56:13] +7.9s seam refine nodes=25153
[16:56:13] +8.0s painted
[16:56:13] +8.0s mask blurred
[16:56:13] +8.0s pyramid gauss
[16:56:13] +8.1s pyramid expand
[16:56:13] +8.1s pasted
[16:56:13] +8.1s blended 3 keepA=0.50
[16:56:13] +8.1s blend 4: window=2879x1340 tiles=817
[16:56:13] +8.4s local moved kept=145 field=6.61 disagree 0.0921 -> 0.0742
[16:56:13] +8.4s seam grid 44x53 nodes=2199
[16:56:13] +8.4s cut_energy opt=87181 shipped=87181 excess=+0.000%
[16:56:13] +8.4s seam grid 329x394 nodes=27715
[16:56:13] +8.5s cut_energy opt=1034065 shipped=1034065 excess=+0.000%
[16:56:13] +8.5s seam refine nodes=27715
[16:56:13] +8.5s painted
[16:56:13] +8.5s mask blurred
[16:56:13] +8.5s pyramid gauss
[16:56:14] +8.6s pyramid expand
[16:56:14] +8.6s pasted
[16:56:14] +8.6s blended 4 keepA=0.49
[16:56:14] +8.6s blend 5: window=2893x1340 tiles=836
[16:56:14] +8.9s local moved kept=195 field=8.11 disagree 0.0877 -> 0.0569
[16:56:14] +8.9s seam grid 45x55 nodes=2297
[16:56:14] +8.9s cut_energy opt=89686 shipped=89686 excess=+0.000%
[16:56:14] +8.9s seam grid 334x414 nodes=28482
[16:56:14] +9.0s cut_energy opt=985751 shipped=985751 excess=+0.000%
[16:56:14] +9.0s seam refine nodes=28482
[16:56:14] +9.0s painted
[16:56:14] +9.0s mask blurred
[16:56:14] +9.0s pyramid gauss
[16:56:14] +9.1s pyramid expand
[16:56:14] +9.1s pasted
[16:56:14] +9.1s blended 5 keepA=0.50
[16:56:14] +9.1s blend 6: window=2875x1340 tiles=817
[16:56:14] +9.3s local moved kept=117 field=2.14 disagree 0.0754 -> 0.0614
[16:56:14] +9.3s seam grid 45x52 nodes=2171
[16:56:14] +9.3s cut_energy opt=98929 shipped=98929 excess=+0.000%
[16:56:14] +9.4s seam grid 331x389 nodes=31900
[16:56:14] +9.5s cut_energy opt=1201930 shipped=1201930 excess=+0.000%
[16:56:14] +9.5s seam refine nodes=31900
[16:56:14] +9.5s painted
[16:56:14] +9.5s mask blurred
[16:56:14] +9.5s pyramid gauss
[16:56:14] +9.6s pyramid expand
[16:56:14] +9.6s pasted
[16:56:14] +9.6s blended 6 keepA=0.60
[16:56:14] +9.6s blend 7: window=2637x1340 tiles=760
[16:56:15] +9.9s local moved kept=214 field=7.85 disagree 0.1091 -> 0.0713
[16:56:15] +9.9s seam grid 45x55 nodes=2297
[16:56:15] +9.9s cut_energy opt=88302 shipped=88302 excess=+0.000%
[16:56:15] +9.9s seam grid 336x412 nodes=29775
[16:56:15] +9.9s cut_energy opt=1034154 shipped=1034154 excess=+0.000%
[16:56:15] +9.9s seam refine nodes=29775
[16:56:15] +9.9s painted
[16:56:15] +10.0s mask blurred
[16:56:15] +10.0s pyramid gauss
[16:56:15] +10.1s pyramid expand
[16:56:15] +10.1s pasted
[16:56:15] +10.1s blended 7 keepA=0.51
[16:56:15] +10.1s blend 8: window=2760x1340 tiles=798
[16:56:15] +10.3s local moved kept=135 field=4.57 disagree 0.0831 -> 0.0581
[16:56:15] +10.4s seam grid 45x52 nodes=2171
[16:56:15] +10.4s cut_energy opt=85454 shipped=85454 excess=+0.000%
[16:56:15] +10.4s seam grid 334x390 nodes=25956
[16:56:15] +10.4s cut_energy opt=971849 shipped=971849 excess=+0.000%
[16:56:15] +10.4s seam refine nodes=25956
[16:56:15] +10.4s painted
[16:56:15] +10.4s mask blurred
[16:56:15] +10.5s pyramid gauss
[16:56:15] +10.5s pyramid expand
[16:56:15] +10.5s pasted
[16:56:15] +10.5s blended 8 keepA=0.50
[16:56:15] +10.5s blend 9: window=2378x1340 tiles=684
[16:56:16] +10.8s local moved kept=185 field=9.26 disagree 0.1377 -> 0.0953
[16:56:16] +10.8s seam grid 45x55 nodes=2305
[16:56:16] +10.8s cut_energy opt=94564 shipped=94564 excess=+0.000%
[16:56:16] +10.8s seam grid 336x415 nodes=28987
[16:56:16] +10.9s cut_energy opt=1087502 shipped=1087502 excess=+0.000%
[16:56:16] +10.9s seam refine nodes=28987
[16:56:16] +10.9s painted
[16:56:16] +10.9s mask blurred
[16:56:16] +11.0s pyramid gauss
[16:56:16] +11.0s pyramid expand
[16:56:16] +11.0s pasted
[16:56:16] +11.0s blended 9 keepA=0.51
[16:56:16] +11.0s blend 10: window=2386x1340 tiles=684
[16:56:16] +11.3s local moved kept=123 field=2.90 disagree 0.0904 -> 0.0715
[16:56:16] +11.3s seam grid 45x52 nodes=2168
[16:56:16] +11.3s cut_energy opt=90065 shipped=90065 excess=+0.000%
[16:56:16] +11.3s seam grid 335x387 nodes=25985
[16:56:16] +11.4s cut_energy opt=1083268 shipped=1083268 excess=+0.000%
[16:56:16] +11.4s seam refine nodes=25985
[16:56:16] +11.4s painted
[16:56:16] +11.4s mask blurred
[16:56:16] +11.4s pyramid gauss
[16:56:16] +11.5s pyramid expand
[16:56:16] +11.5s pasted
[16:56:16] +11.5s blended 10 keepA=0.49
[16:56:16] +11.5s preview canvas cylindrical 5083x1340 shifts=10
[16:56:16] +11.5s time  preview=6.91s (solve+match 4.61s)
[16:56:16] +11.6s preview ready /home/dalibor/Projects/RapidRAW/lean_pano_proto/out/v52/DSCF0578/DSCF0578_preview.jpg
[16:56:16] +11.6s save started
[16:56:16] +11.6s develop jobs=4
[16:56:23] +18.4s developed DSCF0578.RAF 7728x5152 -> 1920x1280
[16:56:23] +18.4s developed DSCF0579.RAF 7728x5152 -> 1920x1280
[16:56:23] +18.4s developed DSCF0580.RAF 7728x5152 -> 1920x1280
[16:56:23] +18.4s developed DSCF0581.RAF 7728x5152 -> 1920x1280
[16:56:23] +18.4s developed DSCF0582.RAF 7728x5152 -> 1920x1280
[16:56:23] +18.4s developed DSCF0583.RAF 7728x5152 -> 1920x1280
[16:56:23] +18.4s developed DSCF0584.RAF 7728x5152 -> 1920x1280
[16:56:23] +18.4s developed DSCF0585.RAF 7728x5152 -> 1920x1280
[16:56:23] +18.4s developed DSCF0586.RAF 7728x5152 -> 1920x1280
[16:56:23] +18.4s developed DSCF0587.RAF 7728x5152 -> 1920x1280
[16:56:23] +18.4s developed DSCF0588.RAF 7728x5152 -> 1920x1280
[16:56:23] +18.4s time  develop=6.84s
[16:56:23] +18.6s scale raw=7728x5152 jpeg=4416x2944 x=1.7500 y=1.7500
[16:56:23] +18.6s Matching brightness...
[16:56:23] +18.6s canvas cylindrical 5083x1340
[16:56:24] +18.7s warp DSCF0583.RAF: bbox=(1498,54,3323,1340) 1825x1286
[16:56:24] +18.7s warp DSCF0585.RAF: bbox=(2167,39,4002,1333) 1835x1294
[16:56:24] +18.7s warp DSCF0586.RAF: bbox=(2497,15,4348,1313) 1851x1298
[16:56:24] +18.7s warp DSCF0580.RAF: bbox=(525,22,2394,1332) 1869x1310
[16:56:24] +18.7s warp DSCF0578.RAF: bbox=(0,13,1866,1327) 1866x1314
[16:56:24] +18.7s warp DSCF0582.RAF: bbox=(1120,53,2960,1340) 1840x1287
[16:56:24] +18.7s warp DSCF0587.RAF: bbox=(2835,0,4706,1306) 1871x1306
[16:56:24] +18.8s warp DSCF0581.RAF: bbox=(790,33,2645,1333) 1855x1300
[16:56:24] +18.8s warp DSCF0588.RAF: bbox=(3209,0,5083,1313) 1874x1313
[16:56:24] +18.8s warp DSCF0579.RAF: bbox=(253,15,2125,1326) 1872x1311
[16:56:24] +18.8s warp DSCF0584.RAF: bbox=(1799,49,3622,1340) 1823x1291
[16:56:24] +19.2s brightness gains=11 corner=0.865
[16:56:24] +19.2s Blending photos...
[16:56:24] +19.4s blend 1: window=2847x1340 tiles=817
[16:56:25] +19.8s local moved kept=170 field=3.16 disagree 0.0459 -> 0.0271
[16:56:25] +19.8s seam grid 44x53 nodes=2189
[16:56:25] +19.8s cut_energy opt=107691 shipped=107691 excess=+0.000%
[16:56:25] +19.8s seam grid 328x394 nodes=26333
[16:56:25] +19.8s cut_energy opt=988840 shipped=988840 excess=+0.000%
[16:56:25] +19.8s seam refine nodes=26333
[16:56:25] +19.8s painted
[16:56:25] +19.8s mask blurred
[16:56:25] +19.9s pyramid gauss
[16:56:25] +20.0s pyramid expand
[16:56:25] +20.0s pasted
[16:56:25] +20.0s blended 1 keepA=0.50
[16:56:25] +20.0s blend 2: window=2864x1340 tiles=817
[16:56:25] +20.3s local moved kept=165 field=4.57 disagree 0.0851 -> 0.0599
[16:56:25] +20.3s seam grid 44x51 nodes=2135
[16:56:25] +20.3s cut_energy opt=86870 shipped=86870 excess=+0.000%
[16:56:25] +20.3s seam grid 328x378 nodes=25199
[16:56:25] +20.3s cut_energy opt=1004776 shipped=1004776 excess=+0.000%
[16:56:25] +20.3s seam refine nodes=25199
[16:56:25] +20.3s painted
[16:56:25] +20.3s mask blurred
[16:56:25] +20.4s pyramid gauss
[16:56:25] +20.4s pyramid expand
[16:56:25] +20.4s pasted
[16:56:25] +20.4s blended 2 keepA=0.50
[16:56:25] +20.4s blend 3: window=2859x1340 tiles=817
[16:56:26] +20.7s local moved kept=154 field=5.06 disagree 0.0708 -> 0.0469
[16:56:26] +20.7s seam grid 44x50 nodes=2079
[16:56:26] +20.7s cut_energy opt=86568 shipped=86568 excess=+0.000%
[16:56:26] +20.7s seam grid 329x377 nodes=25437
[16:56:26] +20.7s cut_energy opt=1000403 shipped=1000403 excess=+0.000%
[16:56:26] +20.7s seam refine nodes=25437
[16:56:26] +20.7s painted
[16:56:26] +20.7s mask blurred
[16:56:26] +20.8s pyramid gauss
[16:56:26] +20.9s pyramid expand
[16:56:26] +20.9s pasted
[16:56:26] +20.9s blended 3 keepA=0.50
[16:56:26] +20.9s blend 4: window=2879x1340 tiles=817
[16:56:26] +21.2s local moved kept=197 field=5.13 disagree 0.0757 -> 0.0443
[16:56:26] +21.2s seam grid 44x53 nodes=2199
[16:56:26] +21.2s cut_energy opt=87726 shipped=87726 excess=+0.000%
[16:56:26] +21.2s seam grid 329x394 nodes=25914
[16:56:26] +21.2s cut_energy opt=1059564 shipped=1059564 excess=+0.000%
[16:56:26] +21.2s seam refine nodes=25914
[16:56:26] +21.2s painted
[16:56:26] +21.2s mask blurred
[16:56:26] +21.3s pyramid gauss
[16:56:26] +21.4s pyramid expand
[16:56:26] +21.4s pasted
[16:56:26] +21.4s blended 4 keepA=0.48
[16:56:26] +21.4s blend 5: window=2893x1340 tiles=836
[16:56:27] +21.6s local moved kept=245 field=5.20 disagree 0.0637 -> 0.0319
[16:56:27] +21.7s seam grid 45x55 nodes=2295
[16:56:27] +21.7s cut_energy opt=89341 shipped=89341 excess=+0.000%
[16:56:27] +21.7s seam grid 334x414 nodes=26891
[16:56:27] +21.7s cut_energy opt=983629 shipped=983629 excess=+0.000%
[16:56:27] +21.7s seam refine nodes=26891
[16:56:27] +21.7s painted
[16:56:27] +21.7s mask blurred
[16:56:27] +21.8s pyramid gauss
[16:56:27] +21.9s pyramid expand
[16:56:27] +21.9s pasted
[16:56:27] +21.9s blended 5 keepA=0.49
[16:56:27] +21.9s blend 6: window=2875x1340 tiles=817
[16:56:27] +22.1s local moved kept=157 field=4.16 disagree 0.0831 -> 0.0484
[16:56:27] +22.1s seam grid 45x52 nodes=2171
[16:56:27] +22.1s cut_energy opt=103277 shipped=103277 excess=+0.000%
[16:56:27] +22.2s seam grid 331x389 nodes=29976
[16:56:27] +22.2s cut_energy opt=1112199 shipped=1112199 excess=+0.000%
[16:56:27] +22.2s seam refine nodes=29976
[16:56:27] +22.2s painted
[16:56:27] +22.2s mask blurred
[16:56:27] +22.3s pyramid gauss
[16:56:27] +22.4s pyramid expand
[16:56:27] +22.4s pasted
[16:56:27] +22.4s blended 6 keepA=0.50
[16:56:27] +22.4s blend 7: window=2637x1340 tiles=760
[16:56:27] +22.6s local moved kept=255 field=5.03 disagree 0.0742 -> 0.0360
[16:56:28] +22.6s seam grid 45x55 nodes=2297
[16:56:28] +22.6s cut_energy opt=92745 shipped=92745 excess=+0.000%
[16:56:28] +22.6s seam grid 336x413 nodes=30159
[16:56:28] +22.7s cut_energy opt=1043712 shipped=1043712 excess=+0.000%
[16:56:28] +22.7s seam refine nodes=30159
[16:56:28] +22.7s painted
[16:56:28] +22.7s mask blurred
[16:56:28] +22.8s pyramid gauss
[16:56:28] +22.9s pyramid expand
[16:56:28] +22.9s pasted
[16:56:28] +22.9s blended 7 keepA=0.56
[16:56:28] +22.9s blend 8: window=2760x1340 tiles=798
[16:56:28] +23.1s local moved kept=154 field=4.90 disagree 0.0723 -> 0.0333
[16:56:28] +23.1s seam grid 45x52 nodes=2171
[16:56:28] +23.1s cut_energy opt=86211 shipped=86211 excess=+0.000%
[16:56:28] +23.1s seam grid 334x390 nodes=25743
[16:56:28] +23.2s cut_energy opt=970435 shipped=970435 excess=+0.000%
[16:56:28] +23.2s seam refine nodes=25743
[16:56:28] +23.2s painted
[16:56:28] +23.2s mask blurred
[16:56:28] +23.2s pyramid gauss
[16:56:28] +23.3s pyramid expand
[16:56:28] +23.3s pasted
[16:56:28] +23.3s blended 8 keepA=0.50
[16:56:28] +23.3s blend 9: window=2378x1340 tiles=684
[16:56:28] +23.3s local copied sparse
[16:56:28] +23.3s seam grid 45x55 nodes=2305
[16:56:28] +23.3s cut_energy opt=96952 shipped=96952 excess=+0.000%
[16:56:28] +23.3s seam grid 336x416 nodes=32559
[16:56:28] +23.4s cut_energy opt=1092790 shipped=1092790 excess=+0.000%
[16:56:28] +23.4s seam refine nodes=32559
[16:56:28] +23.4s painted
[16:56:28] +23.4s mask blurred
[16:56:28] +23.5s pyramid gauss
[16:56:28] +23.6s pyramid expand
[16:56:28] +23.6s pasted
[16:56:28] +23.6s blended 9 keepA=0.57
[16:56:28] +23.6s blend 10: window=2386x1340 tiles=684
[16:56:29] +23.8s local moved kept=151 field=4.77 disagree 0.0591 -> 0.0328
[16:56:29] +23.8s seam grid 45x52 nodes=2167
[16:56:29] +23.8s cut_energy opt=91472 shipped=91472 excess=+0.000%
[16:56:29] +23.8s seam grid 335x387 nodes=25576
[16:56:29] +23.9s cut_energy opt=1082941 shipped=1082941 excess=+0.000%
[16:56:29] +23.9s seam refine nodes=25576
[16:56:29] +23.9s painted
[16:56:29] +23.9s mask blurred
[16:56:29] +24.0s pyramid gauss
[16:56:29] +24.0s pyramid expand
[16:56:29] +24.0s pasted
[16:56:29] +24.0s blended 10 keepA=0.49
[16:56:29] +24.0s time  linear_photometry=5.49s
[16:56:29] +24.0s photometry source=second compose
[16:56:29] +24.0s save seam preview
[16:56:29] +24.0s save cut fullres
[16:56:29] +24.0s photometry gains=11
[16:56:29] +24.0s photo pedestal=0.000509 field_norm=0.742733 gains=[1.0221 0.9665 1.0071 0.9815 0.9486 0.9864 0.9980 1.0020 1.0738 0.9958 1.0236]
[16:56:29] +24.0s save seam developed
[16:56:29] +24.0s canvas cylindrical 20458x5390
[16:56:29] +24.4s local align resolution 1/1
[16:56:29] +24.4s composite levels=6 pad=512
[16:56:29] +24.4s local alignment refine=false
[16:56:30] +25.3s warped DSCF0583.RAF straight
[16:56:32] +26.9s field n=0 const=[1.0000 1.0000 1.0000] peak=0.0000 gain=-0.1104 (rejected)
[16:56:32] +27.2s seam grid 165x195 nodes=31336
[16:56:32] +27.3s cut_energy opt=144625 shipped=144625 excess=+0.000%
[16:56:32] +27.4s seam grid 1293x1533 nodes=106523
[16:56:33] +27.8s cut_energy opt=1158332 shipped=1158332 excess=+0.000%
[16:56:33] +27.8s seam refine nodes=106523
[16:56:33] +27.8s painted
[16:56:33] +27.9s mask blurred
[16:56:34] +29.4s pyramid gauss
[16:56:35] +30.3s pyramid expand
[16:56:35] +30.4s blended
[16:56:35] +30.4s seam 1 window=8308x5390 keepA=0.50
[16:56:35] +30.4s warped DSCF0584.RAF nudged
[16:56:37] +32.2s field n=0 const=[1.0000 1.0000 1.0000] peak=0.0000 gain=-0.0878 (rejected)
[16:56:37] +32.5s seam grid 165x187 nodes=30241
[16:56:38] +32.7s cut_energy opt=125683 shipped=125683 excess=+0.000%
[16:56:38] +32.7s seam grid 1290x1471 nodes=107793
[16:56:38] +33.2s cut_energy opt=1182249 shipped=1182249 excess=+0.000%
[16:56:38] +33.2s seam refine nodes=107793
[16:56:38] +33.2s painted
[16:56:38] +33.3s mask blurred
[16:56:40] +34.8s pyramid gauss
[16:56:41] +35.7s pyramid expand
[16:56:41] +35.8s blended
[16:56:41] +35.8s seam 2 window=8379x5390 keepA=0.50
[16:56:41] +35.8s warped DSCF0582.RAF nudged
[16:56:42] +37.3s field n=0 const=[1.0000 1.0000 1.0000] peak=0.0000 gain=-0.0583 (rejected)
[16:56:42] +37.6s seam grid 164x186 nodes=29980
[16:56:43] +37.7s cut_energy opt=135447 shipped=135447 excess=+0.000%
[16:56:43] +37.8s seam grid 1290x1464 nodes=85981
[16:56:43] +38.0s cut_energy opt=1102894 shipped=1102894 excess=+0.000%
[16:56:43] +38.0s seam refine nodes=85981
[16:56:43] +38.1s painted
[16:56:43] +38.2s mask blurred
[16:56:44] +39.6s pyramid gauss
[16:56:45] +40.4s pyramid expand
[16:56:45] +40.5s blended
[16:56:45] +40.5s seam 3 window=8358x5390 keepA=0.50
[16:56:45] +40.5s warped DSCF0585.RAF nudged
[16:56:47] +42.1s field n=0 const=[1.0000 1.0000 1.0000] peak=0.0000 gain=-0.1046 (rejected)
[16:56:47] +42.4s seam grid 164x195 nodes=31477
[16:56:47] +42.5s cut_energy opt=145621 shipped=145621 excess=+0.000%
[16:56:47] +42.5s seam grid 1288x1534 nodes=101294
[16:56:48] +42.9s cut_energy opt=1338455 shipped=1338455 excess=+0.000%
[16:56:48] +42.9s seam refine nodes=101294
[16:56:48] +43.0s painted
[16:56:48] +43.1s mask blurred
[16:56:49] +44.5s pyramid gauss
[16:56:50] +45.4s pyramid expand
[16:56:50] +45.5s blended
[16:56:50] +45.5s seam 4 window=8438x5390 keepA=0.50
[16:56:50] +45.5s warped DSCF0581.RAF nudged
[16:56:52] +47.1s field n=0 const=[1.0000 1.0000 1.0000] peak=0.0000 gain=-0.0812 (rejected)
[16:56:52] +47.4s seam grid 167x205 nodes=33166
[16:56:52] +47.5s cut_energy opt=121270 shipped=121270 excess=+0.000%
[16:56:52] +47.5s seam grid 1308x1614 nodes=102089
[16:56:53] +47.9s cut_energy opt=1154617 shipped=1154617 excess=+0.000%
[16:56:53] +48.0s seam refine nodes=102089
[16:56:53] +48.0s painted
[16:56:53] +48.1s mask blurred
[16:56:54] +49.6s pyramid gauss
[16:56:55] +50.5s pyramid expand
[16:56:56] +50.6s blended
[16:56:56] +50.6s seam 5 window=8499x5390 keepA=0.50
[16:56:56] +50.6s warped DSCF0580.RAF nudged
[16:56:57] +52.4s field n=0 const=[1.0000 1.0000 1.0000] peak=0.0000 gain=-0.0893 (rejected)
[16:56:58] +52.7s seam grid 164x193 nodes=31117
[16:56:58] +52.8s cut_energy opt=167236 shipped=167236 excess=+0.000%
[16:56:58] +52.8s seam grid 1282x1514 nodes=107091
[16:56:58] +53.2s cut_energy opt=1544325 shipped=1544325 excess=+0.000%
[16:56:58] +53.2s seam refine nodes=107091
[16:56:58] +53.2s painted
[16:56:58] +53.3s mask blurred
[16:57:00] +54.8s pyramid gauss
[16:57:00] +55.6s pyramid expand
[16:57:01] +55.7s blended
[16:57:01] +55.7s seam 6 window=8420x5390 keepA=0.50
[16:57:01] +55.7s warped DSCF0586.RAF nudged
[16:57:02] +57.3s field n=0 const=[1.0000 1.0000 1.0000] peak=0.0000 gain=-0.0586 (rejected)
[16:57:02] +57.6s seam grid 167x205 nodes=33108
[16:57:03] +57.7s cut_energy opt=128877 shipped=128877 excess=+0.000%
[16:57:03] +57.8s seam grid 1313x1610 nodes=113888
[16:57:03] +58.3s cut_energy opt=1429093 shipped=1429093 excess=+0.000%
[16:57:03] +58.3s seam refine nodes=113888
[16:57:03] +58.4s painted
[16:57:03] +58.5s mask blurred
[16:57:05] +60.0s pyramid gauss
[16:57:06] +60.9s pyramid expand
[16:57:06] +61.0s blended
[16:57:06] +61.0s seam 7 window=8506x5390 keepA=0.52
[16:57:06] +61.0s warped DSCF0579.RAF nudged
[16:57:08] +62.8s field n=0 const=[1.0000 1.0000 1.0000] peak=0.0000 gain=-0.0751 (rejected)
[16:57:08] +63.1s seam grid 166x193 nodes=31176
[16:57:08] +63.2s cut_energy opt=116211 shipped=116211 excess=+0.000%
[16:57:08] +63.2s seam grid 1299x1519 nodes=88188
[16:57:08] +63.4s cut_energy opt=1042104 shipped=1042104 excess=+0.000%
[16:57:08] +63.4s seam refine nodes=88188
[16:57:08] +63.5s painted
[16:57:08] +63.6s mask blurred
[16:57:10] +65.0s pyramid gauss
[16:57:11] +65.9s pyramid expand
[16:57:11] +66.0s blended
[16:57:11] +66.0s seam 8 window=8500x5390 keepA=0.50
[16:57:11] +66.0s warped DSCF0587.RAF nudged
[16:57:12] +67.5s field n=0 const=[1.0000 1.0000 1.0000] peak=0.0000 gain=-0.0021 (rejected)
[16:57:13] +67.7s seam grid 168x206 nodes=33381
[16:57:13] +67.9s cut_energy opt=150786 shipped=150786 excess=+0.000%
[16:57:13] +67.9s seam grid 1318x1623 nodes=129884
[16:57:14] +68.9s cut_energy opt=1589378 shipped=1589378 excess=+0.000%
[16:57:14] +68.9s seam refine nodes=129884
[16:57:14] +68.9s painted
[16:57:14] +69.0s mask blurred
[16:57:15] +70.6s pyramid gauss
[16:57:16] +71.5s pyramid expand
[16:57:17] +71.7s blended
[16:57:17] +71.7s seam 9 window=7998x5390 keepA=0.53
[16:57:17] +71.7s warped DSCF0578.RAF straight
[16:57:18] +73.4s field n=0 const=[1.0000 1.0000 1.0000] peak=0.0000 gain=-0.1412 (rejected)
[16:57:19] +73.7s seam grid 168x191 nodes=31089
[16:57:19] +73.8s cut_energy opt=189588 shipped=189588 excess=+0.000%
[16:57:19] +73.8s seam grid 1321x1506 nodes=124005
[16:57:19] +74.4s cut_energy opt=1608273 shipped=1608273 excess=+0.000%
[16:57:19] +74.4s seam refine nodes=124005
[16:57:19] +74.4s painted
[16:57:19] +74.5s mask blurred
[16:57:21] +75.9s pyramid gauss
[16:57:22] +76.8s pyramid expand
[16:57:22] +76.9s blended
[16:57:22] +76.9s seam 10 window=8029x5390 keepA=0.49
[16:57:22] +76.9s warped DSCF0588.RAF nudged
[16:57:22] +76.9s refined shifts seams=0 mean_abs_shift=0.000px max_abs_shift=0.000px
[16:57:22] +76.9s exposure gains applied 10
[16:57:22] +77.0s SAVECROP canvas=20458x5390 crop=(0.01476,0.05672) size=0.96990x0.82985 -> tiff 19842x4473
[16:57:22] +77.0s save encode 19842x4473
[16:57:28] +83.4s seam dump /home/dalibor/Projects/RapidRAW/lean_pano_proto/out/v52/DSCF0578/seams.txt
[16:57:28] +83.4s blend_stage extract=0.00s
[16:57:28] +83.4s blend_stage graphcut=45.62s
[16:57:28] +83.4s blend_stage mask_blur=3.63s
[16:57:28] +83.4s blend_stage pyr_blend=59.00s
[16:57:28] +83.4s boundary_step final: n=7170 median_step=3.28% p90=32.73%
[16:57:28] +83.4s blinds_flat  final: n=14277 median_step=3.77% p90=35.52%
[16:57:28] +83.4s woodline    final: n=4996 median_step=17.42% p90=50.17%
[16:57:28] +83.4s ghost_band   final: mean=0.592 keepA=0.50 cut_px=66758 swallowed=0
[16:57:28] +83.4s sharpness_lapvar final: 9.203327224484955
[16:57:28] +83.4s pano_mean_lum 0.045573565488671045 shadow_median 0.027534503489732742 canvas 19842x4473 levels=6 window_px=512
[16:57:28] +83.4s time  final blend=42.94s encode_tiff=0.74s metrics=4.74s photometry=3.49s step_metrics=0.10s warp=3.92s
[16:57:28] +83.4s time  total=83.36s
[16:57:28] +83.4s saved /home/dalibor/Projects/RapidRAW/lean_pano_proto/out/v52/DSCF0578/DSCF0578_Pano.tiff
