[00:31:14] +0.0s log /home/dalibor/Projects/RapidRAW/lean_pano_proto/out/v30/DSCF0140/DSCF0140_Pano.pano.log
[00:31:14] +0.0s merge started files=4
[00:31:14] +0.2s jpeg DSCF0140.RAF native 4416x2944 declared 4416x2944
[00:31:14] +0.4s jpeg DSCF0141.RAF native 4416x2944 declared 4416x2944
[00:31:14] +0.6s jpeg DSCF0142.RAF native 4416x2944 declared 4416x2944
[00:31:14] +0.8s jpeg DSCF0143.RAF native 4416x2944 declared 4416x2944
[00:31:16] +2.2s points DSCF0140.RAF 11408
[00:31:16] +2.2s points DSCF0141.RAF 11474
[00:31:16] +2.2s points DSCF0142.RAF 11423
[00:31:16] +2.2s points DSCF0143.RAF 11376
[00:31:18] +4.4s match DSCF0140.RAF<->DSCF0141.RAF: 2777 good
[00:31:18] +4.4s match DSCF0140.RAF<->DSCF0142.RAF: 1895 good
[00:31:18] +4.4s match DSCF0140.RAF<->DSCF0143.RAF: 1053 good
[00:31:18] +4.4s match DSCF0141.RAF<->DSCF0142.RAF: 3813 good
[00:31:18] +4.4s match DSCF0141.RAF<->DSCF0143.RAF: 2320 good
[00:31:18] +4.4s match DSCF0142.RAF<->DSCF0143.RAF: 4231 good
[00:31:18] +4.5s aligned kept=4 focal35=27.0 jpeg=4416x2944 points=4416x2944
[00:31:18] +4.5s lens crop=1.534 focal35=27.0 calib=1.529
[00:31:19] +5.0s sky target 0.8816
[00:31:19] +5.0s sky scale DSCF0140.RAF 0.984 median 0.8962
[00:31:19] +5.0s sky scale DSCF0141.RAF 1.000 median 0.8816
[00:31:19] +5.0s sky scale DSCF0142.RAF 1.004 median 0.8784
[00:31:19] +5.0s sky scale DSCF0143.RAF 1.015 median 0.8686
[00:31:19] +5.0s Matching brightness...
[00:31:19] +5.0s canvas cylindrical 2790x1260
[00:31:19] +5.1s warp DSCF0142.RAF: bbox=(749,0,2465,1260) 1716x1260
[00:31:19] +5.1s warp DSCF0140.RAF: bbox=(0,0,1724,1260) 1724x1260
[00:31:19] +5.1s warp DSCF0141.RAF: bbox=(369,0,2088,1260) 1719x1260
[00:31:19] +5.1s warp DSCF0143.RAF: bbox=(1067,0,2790,1260) 1723x1260
[00:31:19] +5.2s brightness gains=4 corner=1.096
[00:31:19] +5.2s Blending photos...
[00:31:19] +5.3s blend 1: window=2235x1260 tiles=594
[00:31:19] +5.5s local moved kept=242 field=10.72 disagree 0.2970 -> 0.1947
[00:31:19] +5.5s seam grid 43x48 nodes=1942
[00:31:19] +5.5s seam grid 316x360 nodes=27401
[00:31:19] +5.7s seam refine nodes=27401
[00:31:19] +5.7s painted
[00:31:19] +5.7s mask blurred
[00:31:19] +5.7s pyramid gauss
[00:31:19] +5.8s pyramid expand
[00:31:19] +5.8s pasted
[00:31:19] +5.8s blended 1 keepA=0.26
[00:31:19] +5.8s blend 2: window=2600x1260 tiles=702
[00:31:20] +6.1s local moved kept=215 field=10.26 disagree 0.3528 -> 0.2503
[00:31:20] +6.1s seam grid 43x47 nodes=1919
[00:31:20] +6.1s seam grid 316x346 nodes=27947
[00:31:20] +6.1s seam refine nodes=27947
[00:31:20] +6.1s painted
[00:31:20] +6.2s mask blurred
[00:31:20] +6.2s pyramid gauss
[00:31:20] +6.3s pyramid expand
[00:31:20] +6.3s pasted
[00:31:20] +6.3s blended 2 keepA=0.50
[00:31:20] +6.3s blend 3: window=2236x1260 tiles=594
[00:31:20] +6.5s local moved kept=234 field=20.62 disagree 0.3603 -> 0.2517
[00:31:20] +6.5s seam grid 43x47 nodes=1917
[00:31:20] +6.5s seam grid 316x349 nodes=26918
[00:31:20] +6.6s seam refine nodes=26918
[00:31:20] +6.6s painted
[00:31:20] +6.6s mask blurred
[00:31:20] +6.7s pyramid gauss
[00:31:20] +6.8s pyramid expand
[00:31:20] +6.8s pasted
[00:31:20] +6.8s blended 3 keepA=0.40
[00:31:20] +6.8s preview canvas cylindrical 2790x1260 shifts=3
[00:31:20] +6.8s time  preview=2.30s (solve+match 4.47s)
[00:31:21] +6.8s preview ready /home/dalibor/Projects/RapidRAW/lean_pano_proto/out/v30/DSCF0140/DSCF0140_preview.jpg
[00:31:21] +6.8s save started
[00:31:21] +6.8s develop jobs=4
[00:31:24] +10.0s developed DSCF0140.RAF 7728x5152 -> 1920x1280
[00:31:24] +10.0s developed DSCF0141.RAF 7728x5152 -> 1920x1280
[00:31:24] +10.0s developed DSCF0142.RAF 7728x5152 -> 1920x1280
[00:31:24] +10.0s developed DSCF0143.RAF 7728x5152 -> 1920x1280
[00:31:24] +10.0s time  develop=3.14s
[00:31:24] +10.0s scale raw=7728x5152 jpeg=4416x2944 x=1.7500 y=1.7500
[00:31:24] +10.0s Matching brightness...
[00:31:24] +10.0s canvas cylindrical 2790x1260
[00:31:24] +10.1s warp DSCF0140.RAF: bbox=(0,0,1724,1260) 1724x1260
[00:31:24] +10.1s warp DSCF0143.RAF: bbox=(1067,0,2790,1260) 1723x1260
[00:31:24] +10.1s warp DSCF0141.RAF: bbox=(369,0,2088,1260) 1719x1260
[00:31:24] +10.1s warp DSCF0142.RAF: bbox=(749,0,2465,1260) 1716x1260
[00:31:24] +10.2s brightness gains=4 corner=0.990
[00:31:24] +10.2s Blending photos...
[00:31:24] +10.3s blend 1: window=2235x1260 tiles=594
[00:31:24] +10.6s local moved kept=287 field=10.82 disagree 0.3253 -> 0.2048
[00:31:24] +10.6s seam grid 43x49 nodes=1977
[00:31:24] +10.6s seam grid 316x362 nodes=26215
[00:31:24] +10.7s seam refine nodes=26215
[00:31:24] +10.7s painted
[00:31:24] +10.7s mask blurred
[00:31:24] +10.7s pyramid gauss
[00:31:24] +10.8s pyramid expand
[00:31:24] +10.8s pasted
[00:31:24] +10.8s blended 1 keepA=0.50
[00:31:24] +10.8s blend 2: window=2600x1260 tiles=702
[00:31:25] +11.1s local moved kept=270 field=11.60 disagree 0.3576 -> 0.2530
[00:31:25] +11.1s seam grid 43x47 nodes=1914
[00:31:25] +11.1s seam grid 316x348 nodes=23954
[00:31:25] +11.1s seam refine nodes=23954
[00:31:25] +11.1s painted
[00:31:25] +11.1s mask blurred
[00:31:25] +11.2s pyramid gauss
[00:31:25] +11.2s pyramid expand
[00:31:25] +11.3s pasted
[00:31:25] +11.3s blended 2 keepA=0.50
[00:31:25] +11.3s blend 3: window=2236x1260 tiles=594
[00:31:25] +11.5s local moved kept=289 field=17.93 disagree 0.3309 -> 0.2235
[00:31:25] +11.5s seam grid 43x47 nodes=1902
[00:31:25] +11.5s seam grid 316x351 nodes=24200
[00:31:25] +11.6s seam refine nodes=24200
[00:31:25] +11.6s painted
[00:31:25] +11.6s mask blurred
[00:31:25] +11.6s pyramid gauss
[00:31:25] +11.7s pyramid expand
[00:31:25] +11.7s pasted
[00:31:25] +11.7s blended 3 keepA=0.48
[00:31:25] +11.7s time  linear_photometry=1.68s
[00:31:25] +11.7s photometry source=second compose
[00:31:25] +11.7s save seam preview
[00:31:25] +11.7s save cut fullres
[00:31:25] +11.7s photometry gains=4
[00:31:25] +11.7s photo pedestal=0.006100 field_norm=0.534969 gains=[1.0804 1.0306 0.8797 1.0210]
[00:31:25] +11.7s canvas cylindrical 11230x5069
[00:31:26] +11.8s local align resolution 1/2
[00:31:26] +11.8s composite levels=6 pad=512
[00:31:26] +11.8s local alignment refine=true
[00:31:26] +12.8s warped DSCF0142.RAF straight
[00:31:29] +14.9s local moved kept=1109 field=25.18 disagree 0.3765 -> 0.2815
[00:31:29] +15.2s field n=0 const=[1.0000 1.0000 1.0000] peak=0.0000 gain=-0.0084 (rejected)
[00:31:29] +15.4s seam grid 162x179 nodes=28113
[00:31:29] +15.7s seam grid 1268x1405 nodes=104477
[00:31:30] +16.2s seam refine nodes=104477
[00:31:30] +16.2s painted
[00:31:30] +16.3s mask blurred
[00:31:31] +17.5s pyramid gauss
[00:31:32] +18.3s pyramid expand
[00:31:32] +18.4s blended
[00:31:32] +18.4s seam 1 window=7422x5069 keepA=0.50
[00:31:32] +18.4s warped DSCF0143.RAF nudged
[00:31:34] +20.5s local moved kept=949 field=26.09 disagree 0.3680 -> 0.2783
[00:31:34] +20.7s field n=0 const=[1.0000 1.0000 1.0000] peak=0.0000 gain=-0.0211 (rejected)
[00:31:35] +20.9s seam grid 162x171 nodes=27104
[00:31:35] +21.1s seam grid 1267x1345 nodes=97740
[00:31:35] +21.4s seam refine nodes=97740
[00:31:35] +21.5s painted
[00:31:35] +21.5s mask blurred
[00:31:36] +22.6s pyramid gauss
[00:31:37] +23.4s pyramid expand
[00:31:37] +23.5s blended
[00:31:37] +23.5s seam 2 window=7893x5069 keepA=0.50
[00:31:37] +23.5s warped DSCF0141.RAF nudged
[00:31:39] +25.5s local moved kept=1023 field=26.54 disagree 0.3556 -> 0.2720
[00:31:39] +25.8s field n=0 const=[1.0000 1.0000 1.0000] peak=0.0000 gain=-0.0300 (rejected)
[00:31:40] +26.0s seam grid 162x173 nodes=27388
[00:31:40] +26.2s seam grid 1267x1360 nodes=104269
[00:31:41] +27.2s seam refine nodes=104269
[00:31:41] +27.2s painted
[00:31:41] +27.3s mask blurred
[00:31:42] +28.5s pyramid gauss
[00:31:43] +29.2s pyramid expand
[00:31:43] +29.3s blended
[00:31:43] +29.3s seam 3 window=7424x5069 keepA=0.50
[00:31:43] +29.3s warped DSCF0140.RAF nudged
[00:31:43] +29.3s refined shifts seams=0 mean_abs_shift=0.000px max_abs_shift=0.000px
[00:31:43] +29.3s exposure gains applied 1
[00:31:43] +29.4s save encode 10916x4248
[00:31:47] +32.9s seam dump /home/dalibor/Projects/RapidRAW/lean_pano_proto/out/v30/DSCF0140/seams.txt
[00:31:47] +32.9s blend_stage extract=0.00s
[00:31:47] +32.9s blend_stage graphcut=3.02s
[00:31:47] +32.9s blend_stage local_align_half=2.83s
[00:31:47] +32.9s blend_stage mask_blur=0.24s
[00:31:47] +32.9s blend_stage pyr_blend=4.17s
[00:31:47] +32.9s boundary_step final: n=2204 median_step=7.17% p90=46.90%
[00:31:47] +32.9s blinds_flat  final: n=0 median_step=0.00% p90=0.00%
[00:31:47] +32.9s woodline    final: n=1580 median_step=3.54% p90=34.38%
[00:31:47] +32.9s ghost_band   final: mean=0.695 keepA=0.50 cut_px=18419 swallowed=0
[00:31:47] +32.9s sharpness_lapvar final: 34.31792349572261
[00:31:47] +32.9s pano_mean_lum 0.1373922308602266 shadow_median 0.046182770282030106 canvas 10916x4248 levels=6 window_px=512
[00:31:47] +32.9s time  final blend=14.19s encode_tiff=0.47s metrics=2.53s photometry=1.14s step_metrics=0.10s warp=1.45s
[00:31:47] +32.9s time  total=32.95s
[00:31:47] +32.9s saved /home/dalibor/Projects/RapidRAW/lean_pano_proto/out/v30/DSCF0140/DSCF0140_Pano.tiff
