[14:59:11] +0.0s log /home/dalibor/Projects/RapidRAW/lean_pano_proto/out/v52/DSCF8715/DSCF8715_Pano.pano.log
[14:59:11] +0.0s merge started files=7
[14:59:11] +0.1s focal native unavailable or disabled, using exif 35eq=94.0mm (crop=1.534)
[14:59:12] +0.2s jpeg DSCF8715.RAF native 4416x2944 declared 4416x2944
[14:59:12] +0.4s jpeg DSCF8716.RAF native 4416x2944 declared 4416x2944
[14:59:12] +0.6s jpeg DSCF8717.RAF native 4416x2944 declared 4416x2944
[14:59:12] +0.8s jpeg DSCF8718.RAF native 4416x2944 declared 4416x2944
[14:59:12] +0.9s jpeg DSCF8719.RAF native 4416x2944 declared 4416x2944
[14:59:13] +1.2s jpeg DSCF8720.RAF native 4416x2944 declared 4416x2944
[14:59:13] +1.4s jpeg DSCF8721.RAF native 4416x2944 declared 4416x2944
[14:59:14] +3.1s points DSCF8715.RAF 11966
[14:59:14] +3.1s points DSCF8716.RAF 11934
[14:59:14] +3.1s points DSCF8717.RAF 11939
[14:59:14] +3.1s points DSCF8718.RAF 10938
[14:59:14] +3.1s points DSCF8719.RAF 7972
[14:59:14] +3.1s points DSCF8720.RAF 3881
[14:59:14] +3.1s points DSCF8721.RAF 2463
[14:59:18] +6.4s match DSCF8715.RAF<->DSCF8716.RAF: 4257 good
[14:59:18] +6.4s match DSCF8715.RAF<->DSCF8717.RAF: 1895 good
[14:59:18] +6.4s match DSCF8715.RAF<->DSCF8718.RAF: 612 good
[14:59:18] +6.4s match DSCF8715.RAF<->DSCF8719.RAF: 22 good
[14:59:18] +6.4s match DSCF8715.RAF<->DSCF8720.RAF: 31 good
[14:59:18] +6.4s match DSCF8715.RAF<->DSCF8721.RAF: 32 good
[14:59:18] +6.4s match DSCF8716.RAF<->DSCF8717.RAF: 3886 good
[14:59:18] +6.4s match DSCF8716.RAF<->DSCF8718.RAF: 2328 good
[14:59:18] +6.4s match DSCF8716.RAF<->DSCF8719.RAF: 971 good
[14:59:18] +6.4s match DSCF8716.RAF<->DSCF8720.RAF: 39 good
[14:59:18] +6.4s match DSCF8716.RAF<->DSCF8721.RAF: 33 good
[14:59:18] +6.4s match DSCF8717.RAF<->DSCF8718.RAF: 4807 good
[14:59:18] +6.4s match DSCF8717.RAF<->DSCF8719.RAF: 2922 good
[14:59:18] +6.4s match DSCF8717.RAF<->DSCF8720.RAF: 1026 good
[14:59:18] +6.4s match DSCF8717.RAF<->DSCF8721.RAF: 304 good
[14:59:18] +6.4s match DSCF8718.RAF<->DSCF8719.RAF: 4139 good
[14:59:18] +6.4s match DSCF8718.RAF<->DSCF8720.RAF: 1652 good
[14:59:18] +6.4s match DSCF8718.RAF<->DSCF8721.RAF: 763 good
[14:59:18] +6.4s match DSCF8719.RAF<->DSCF8720.RAF: 2048 good
[14:59:18] +6.4s match DSCF8719.RAF<->DSCF8721.RAF: 1010 good
[14:59:18] +6.4s match DSCF8720.RAF<->DSCF8721.RAF: 1320 good
[14:59:18] +6.7s aligned kept=7 focal35=94.0 jpeg=4416x2944 points=4416x2944
[14:59:18] +6.7s lens crop=1.534 focal35=94.0 calib=1.529
[14:59:19] +7.6s sky target 0.3366
[14:59:19] +7.6s sky scale DSCF8715.RAF 0.532 median 0.6326
[14:59:19] +7.6s sky scale DSCF8716.RAF 0.756 median 0.4455
[14:59:19] +7.6s sky scale DSCF8717.RAF 0.875 median 0.3848
[14:59:19] +7.6s sky scale DSCF8718.RAF 1.000 median 0.3366
[14:59:19] +7.6s sky scale DSCF8719.RAF 1.135 median 0.2966
[14:59:19] +7.6s sky scale DSCF8720.RAF 1.695 median 0.1986
[14:59:19] +7.6s sky scale DSCF8721.RAF 2.594 median 0.1298
[14:59:19] +7.6s Matching brightness...
[14:59:19] +7.6s canvas perspective 5132x1490
[14:59:19] +7.7s warp DSCF8719.RAF: bbox=(851,160,2827,1490) 1976x1330
[14:59:19] +7.7s warp DSCF8718.RAF: bbox=(1326,183,3273,1490) 1947x1307
[14:59:19] +7.7s warp DSCF8717.RAF: bbox=(1848,150,3821,1481) 1973x1331
[14:59:19] +7.8s warp DSCF8721.RAF: bbox=(0,44,2073,1442) 2073x1398
[14:59:19] +7.8s warp DSCF8720.RAF: bbox=(378,117,2405,1482) 2027x1365
[14:59:19] +7.8s warp DSCF8716.RAF: bbox=(2444,63,4503,1452) 2059x1389
[14:59:19] +7.8s warp DSCF8715.RAF: bbox=(2933,0,5132,1449) 2199x1449
[14:59:19] +7.9s brightness gains=7 corner=1.127
[14:59:19] +7.9s Blending photos...
[14:59:19] +8.1s blend 1: window=3000x1490 tiles=990
[14:59:20] +8.4s local moved kept=249 field=2.32 disagree 0.1152 -> 0.0749
[14:59:20] +8.4s seam grid 45x52 nodes=2207
[14:59:20] +8.4s cut_energy opt=161901 shipped=161901 excess=+0.000%
[14:59:20] +8.4s seam grid 334x388 nodes=40860
[14:59:20] +8.7s cut_energy opt=1624904 shipped=1624904 excess=+0.000%
[14:59:20] +8.7s seam refine nodes=40860
[14:59:20] +8.7s painted
[14:59:20] +8.7s mask blurred
[14:59:20] +8.8s pyramid gauss
[14:59:20] +8.9s pyramid expand
[14:59:20] +8.9s pasted
[14:59:20] +8.9s blended 1 keepA=0.77
[14:59:20] +8.9s blend 2: window=2997x1490 tiles=990
[14:59:21] +9.2s local moved kept=209 field=2.39 disagree 0.1482 -> 0.0995
[14:59:21] +9.2s seam grid 45x49 nodes=2114
[14:59:21] +9.2s cut_energy opt=196892 shipped=196892 excess=+0.000%
[14:59:21] +9.2s seam grid 333x369 nodes=32525
[14:59:21] +9.4s cut_energy opt=2083762 shipped=2083762 excess=+0.000%
[14:59:21] +9.4s seam refine nodes=32525
[14:59:21] +9.4s painted
[14:59:21] +9.4s mask blurred
[14:59:21] +9.4s pyramid gauss
[14:59:21] +9.5s pyramid expand
[14:59:21] +9.5s pasted
[14:59:21] +9.5s blended 2 keepA=0.62
[14:59:21] +9.5s blend 3: window=2917x1490 tiles=968
[14:59:21] +9.8s local moved kept=184 field=2.91 disagree 0.1309 -> 0.1091
[14:59:21] +9.8s seam grid 46x53 nodes=2283
[14:59:21] +9.8s cut_energy opt=90182 shipped=90182 excess=+0.000%
[14:59:21] +9.8s seam grid 339x401 nodes=31947
[14:59:21] +10.0s cut_energy opt=1226267 shipped=1226267 excess=+0.000%
[14:59:21] +10.0s seam refine nodes=31947
[14:59:21] +10.0s painted
[14:59:21] +10.0s mask blurred
[14:59:21] +10.1s pyramid gauss
[14:59:22] +10.2s pyramid expand
[14:59:22] +10.2s pasted
[14:59:22] +10.2s blended 3 keepA=0.67
[14:59:22] +10.2s blend 4: window=3083x1490 tiles=1034
[14:59:22] +10.5s local moved kept=224 field=4.38 disagree 0.1383 -> 0.0959
[14:59:22] +10.5s seam grid 45x48 nodes=2129
[14:59:22] +10.5s cut_energy opt=184929 shipped=184929 excess=+0.000%
[14:59:22] +10.5s seam grid 337x357 nodes=30361
[14:59:22] +10.6s cut_energy opt=2628708 shipped=2628708 excess=+0.000%
[14:59:22] +10.6s seam refine nodes=30361
[14:59:22] +10.6s painted
[14:59:22] +10.6s mask blurred
[14:59:22] +10.7s pyramid gauss
[14:59:22] +10.7s pyramid expand
[14:59:22] +10.8s pasted
[14:59:22] +10.8s blended 4 keepA=0.59
[14:59:22] +10.8s blend 5: window=2585x1490 tiles=858
[14:59:22] +11.1s local moved kept=242 field=3.12 disagree 0.0870 -> 0.0760
[14:59:22] +11.1s seam grid 46x58 nodes=2601
[14:59:22] +11.1s cut_energy opt=202535 shipped=202535 excess=+0.000%
[14:59:22] +11.1s seam grid 344x436 nodes=31831
[14:59:23] +11.3s cut_energy opt=1865673 shipped=1865673 excess=+0.000%
[14:59:23] +11.3s seam refine nodes=31831
[14:59:23] +11.3s painted
[14:59:23] +11.3s mask blurred
[14:59:23] +11.4s pyramid gauss
[14:59:23] +11.5s pyramid expand
[14:59:23] +11.5s pasted
[14:59:23] +11.5s blended 5 keepA=0.50
[14:59:23] +11.5s blend 6: window=2711x1490 tiles=902
[14:59:23] +11.7s local copied no gain kept=142 field=3.03 disagree 0.2783 -> 0.2710
[14:59:23] +11.7s seam grid 48x54 nodes=2417
[14:59:23] +11.7s cut_energy opt=106091 shipped=106091 excess=+0.000%
[14:59:23] +11.7s seam grid 359x405 nodes=28909
[14:59:23] +11.8s cut_energy opt=1292026 shipped=1292026 excess=+0.000%
[14:59:23] +11.8s seam refine nodes=28909
[14:59:23] +11.8s painted
[14:59:23] +11.9s mask blurred
[14:59:23] +11.9s pyramid gauss
[14:59:23] +12.0s pyramid expand
[14:59:23] +12.0s pasted
[14:59:23] +12.0s blended 6 keepA=0.36
[14:59:23] +12.0s preview canvas perspective 5132x1490 shifts=6
[14:59:23] +12.0s time  preview=5.26s (solve+match 6.72s)
[14:59:23] +12.1s preview ready /home/dalibor/Projects/RapidRAW/lean_pano_proto/out/v52/DSCF8715/DSCF8715_preview.jpg
[14:59:23] +12.1s save started
[14:59:23] +12.1s develop jobs=4
[14:59:28] +16.7s developed DSCF8715.RAF 7728x5152 -> 1920x1280
[14:59:28] +16.7s developed DSCF8716.RAF 7728x5152 -> 1920x1280
[14:59:28] +16.7s developed DSCF8717.RAF 7728x5152 -> 1920x1280
[14:59:28] +16.7s developed DSCF8718.RAF 7728x5152 -> 1920x1280
[14:59:28] +16.7s developed DSCF8719.RAF 7728x5152 -> 1920x1280
[14:59:28] +16.7s developed DSCF8720.RAF 7728x5152 -> 1920x1280
[14:59:28] +16.7s developed DSCF8721.RAF 7728x5152 -> 1920x1280
[14:59:28] +16.7s time  develop=4.66s
[14:59:28] +16.7s scale raw=7728x5152 jpeg=4416x2944 x=1.7500 y=1.7500
[14:59:28] +16.7s Matching brightness...
[14:59:28] +16.7s canvas perspective 5132x1490
[14:59:28] +16.9s warp DSCF8716.RAF: bbox=(2444,63,4503,1452) 2059x1389
[14:59:28] +16.9s warp DSCF8721.RAF: bbox=(0,44,2073,1442) 2073x1398
[14:59:28] +16.9s warp DSCF8719.RAF: bbox=(851,160,2827,1490) 1976x1330
[14:59:28] +16.9s warp DSCF8717.RAF: bbox=(1848,150,3821,1481) 1973x1331
[14:59:28] +16.9s warp DSCF8718.RAF: bbox=(1326,183,3273,1490) 1947x1307
[14:59:28] +16.9s warp DSCF8720.RAF: bbox=(378,117,2405,1482) 2027x1365
[14:59:28] +16.9s warp DSCF8715.RAF: bbox=(2933,0,5132,1449) 2199x1449
[14:59:28] +17.1s brightness gains=7 corner=0.743
[14:59:28] +17.1s Blending photos...
[14:59:29] +17.2s blend 1: window=3000x1490 tiles=990
[14:59:29] +17.6s local moved kept=270 field=4.07 disagree 0.0927 -> 0.0467
[14:59:29] +17.6s seam grid 45x52 nodes=2200
[14:59:29] +17.6s cut_energy opt=92826 shipped=92826 excess=+0.000%
[14:59:29] +17.6s seam grid 334x388 nodes=22762
[14:59:29] +17.8s cut_energy opt=1463854 shipped=1463854 excess=+0.000%
[14:59:29] +17.8s seam refine nodes=22762
[14:59:29] +17.8s painted
[14:59:29] +17.8s mask blurred
[14:59:29] +17.9s pyramid gauss
[14:59:29] +18.0s pyramid expand
[14:59:29] +18.0s pasted
[14:59:29] +18.0s blended 1 keepA=0.50
[14:59:29] +18.0s blend 2: window=2997x1490 tiles=990
[14:59:30] +18.3s local moved kept=229 field=4.20 disagree 0.1143 -> 0.0652
[14:59:30] +18.3s seam grid 45x49 nodes=2105
[14:59:30] +18.3s cut_energy opt=154690 shipped=154690 excess=+0.000%
[14:59:30] +18.3s seam grid 333x369 nodes=31970
[14:59:30] +18.4s cut_energy opt=1584534 shipped=1584534 excess=+0.000%
[14:59:30] +18.4s seam refine nodes=31970
[14:59:30] +18.4s painted
[14:59:30] +18.4s mask blurred
[14:59:30] +18.5s pyramid gauss
[14:59:30] +18.6s pyramid expand
[14:59:30] +18.6s pasted
[14:59:30] +18.6s blended 2 keepA=0.65
[14:59:30] +18.6s blend 3: window=2917x1490 tiles=968
[14:59:30] +18.9s local moved kept=276 field=6.92 disagree 0.0885 -> 0.0496
[14:59:30] +18.9s seam grid 46x53 nodes=2285
[14:59:30] +18.9s cut_energy opt=97853 shipped=97853 excess=+0.000%
[14:59:30] +18.9s seam grid 339x401 nodes=27345
[14:59:30] +19.0s cut_energy opt=1215682 shipped=1215682 excess=+0.000%
[14:59:30] +19.0s seam refine nodes=27345
[14:59:30] +19.0s painted
[14:59:30] +19.0s mask blurred
[14:59:30] +19.1s pyramid gauss
[14:59:31] +19.2s pyramid expand
[14:59:31] +19.2s pasted
[14:59:31] +19.2s blended 3 keepA=0.64
[14:59:31] +19.2s blend 4: window=3083x1490 tiles=1034
[14:59:31] +19.5s local moved kept=224 field=8.28 disagree 0.1167 -> 0.0744
[14:59:31] +19.5s seam grid 45x48 nodes=2129
[14:59:31] +19.5s cut_energy opt=166400 shipped=166400 excess=+0.000%
[14:59:31] +19.5s seam grid 337x357 nodes=28346
[14:59:31] +19.6s cut_energy opt=2129268 shipped=2129268 excess=+0.000%
[14:59:31] +19.6s seam refine nodes=28346
[14:59:31] +19.6s painted
[14:59:31] +19.7s mask blurred
[14:59:31] +19.7s pyramid gauss
[14:59:31] +19.8s pyramid expand
[14:59:31] +19.8s pasted
[14:59:31] +19.8s blended 4 keepA=0.48
[14:59:31] +19.8s blend 5: window=2585x1490 tiles=858
[14:59:31] +20.1s local moved kept=270 field=8.85 disagree 0.0861 -> 0.0463
[14:59:31] +20.1s seam grid 46x58 nodes=2601
[14:59:31] +20.1s cut_energy opt=209935 shipped=209935 excess=+0.000%
[14:59:31] +20.1s seam grid 344x436 nodes=31249
[14:59:32] +20.3s cut_energy opt=1805301 shipped=1805301 excess=+0.000%
[14:59:32] +20.3s seam refine nodes=31249
[14:59:32] +20.3s painted
[14:59:32] +20.3s mask blurred
[14:59:32] +20.4s pyramid gauss
[14:59:32] +20.5s pyramid expand
[14:59:32] +20.5s pasted
[14:59:32] +20.5s blended 5 keepA=0.43
[14:59:32] +20.5s blend 6: window=2711x1490 tiles=902
[14:59:32] +20.8s local moved kept=276 field=9.78 disagree 0.1126 -> 0.0639
[14:59:32] +20.8s seam grid 48x54 nodes=2418
[14:59:32] +20.8s cut_energy opt=92649 shipped=92649 excess=+0.000%
[14:59:32] +20.8s seam grid 359x405 nodes=21453
[14:59:32] +20.9s cut_energy opt=1230174 shipped=1230174 excess=+0.000%
[14:59:32] +20.9s seam refine nodes=21453
[14:59:32] +20.9s painted
[14:59:32] +20.9s mask blurred
[14:59:32] +20.9s pyramid gauss
[14:59:32] +21.0s pyramid expand
[14:59:32] +21.0s pasted
[14:59:32] +21.0s blended 6 keepA=0.45
[14:59:32] +21.0s time  linear_photometry=4.28s
[14:59:32] +21.0s photometry source=second compose
[14:59:32] +21.0s save seam preview
[14:59:32] +21.0s save cut fullres
[14:59:32] +21.0s photometry gains=7
[14:59:32] +21.0s photo pedestal=0.003412 field_norm=1.089880 gains=[0.9963 0.9709 0.9966 1.0169 0.9778 1.0905 0.9567]
[14:59:32] +21.0s save seam developed
[14:59:32] +21.0s canvas perspective 20653x5995
[14:59:33] +21.5s local align resolution 1/1
[14:59:33] +21.5s composite levels=6 pad=512
[14:59:33] +21.5s local alignment refine=false
[14:59:34] +22.5s warped DSCF8718.RAF straight
[14:59:36] +24.3s field n=0 const=[1.0000 1.0000 1.0000] peak=0.0000 gain=-0.0596 (rejected)
[14:59:36] +24.6s seam grid 168x192 nodes=31672
[14:59:36] +24.8s cut_energy opt=261889 shipped=261889 excess=+0.000%
[14:59:36] +24.8s seam grid 1316x1511 nodes=122226
[14:59:38] +26.9s cut_energy opt=3047234 shipped=3047234 excess=+0.000%
[14:59:38] +26.9s seam refine nodes=122226
[14:59:38] +27.0s painted
[14:59:38] +27.1s mask blurred
[14:59:39] +27.4s flat-average thr=0.0060 pull=0.400 pixels=27624905
[14:59:40] +29.0s pyramid gauss
[14:59:41] +30.0s pyramid expand
[14:59:41] +30.1s blended
[14:59:41] +30.1s seam 1 window=8928x5836 keepA=0.16
[14:59:41] +30.1s warped DSCF8719.RAF nudged
[14:59:43] +31.7s field n=0 const=[1.0000 1.0000 1.0000] peak=0.0000 gain=-0.0381 (rejected)
[14:59:43] +32.0s seam grid 166x183 nodes=30290
[14:59:44] +32.2s cut_energy opt=321690 shipped=321690 excess=+0.000%
[14:59:44] +32.2s seam grid 1304x1434 nodes=127589
[14:59:46] +34.5s cut_energy opt=3272086 shipped=3272086 excess=+0.000%
[14:59:46] +34.5s seam refine nodes=127589
[14:59:46] +34.5s painted
[14:59:46] +34.6s mask blurred
[14:59:46] +34.9s flat-average thr=0.0060 pull=0.400 pixels=27199784
[14:59:48] +36.5s pyramid gauss
[14:59:49] +37.4s pyramid expand
[14:59:49] +37.6s blended
[14:59:49] +37.6s seam 2 window=8914x5879 keepA=0.61
[14:59:49] +37.6s warped DSCF8717.RAF nudged
[14:59:51] +39.3s field n=0 const=[1.0000 1.0000 1.0000] peak=0.0000 gain=-0.1386 (rejected)
[14:59:51] +39.6s seam grid 170x199 nodes=33231
[14:59:51] +39.9s cut_energy opt=236930 shipped=236930 excess=+0.000%
[14:59:51] +40.0s seam grid 1330x1564 nodes=138882
[14:59:54] +42.3s cut_energy opt=2692747 shipped=2692747 excess=+0.000%
[14:59:54] +42.3s seam refine nodes=138882
[14:59:54] +42.4s painted
[14:59:54] +42.5s mask blurred
[14:59:54] +42.8s flat-average thr=0.0060 pull=0.400 pixels=28422674
[14:59:56] +44.4s pyramid gauss
[14:59:57] +45.4s pyramid expand
[14:59:57] +45.6s blended
[14:59:57] +45.6s seam 3 window=9132x5995 keepA=0.62
[14:59:57] +45.6s warped DSCF8720.RAF nudged
[14:59:59] +47.5s field n=0 const=[1.0000 1.0000 1.0000] peak=0.0000 gain=-0.0636 (rejected)
[14:59:59] +47.8s seam grid 165x175 nodes=28835
[14:59:59] +47.9s cut_energy opt=300031 shipped=300031 excess=+0.000%
[14:59:59] +48.0s seam grid 1305x1385 nodes=125185
[15:00:01] +49.5s cut_energy opt=3790431 shipped=3790431 excess=+0.000%
[15:00:01] +49.5s seam refine nodes=125185
[15:00:01] +49.5s painted
[15:00:01] +49.6s mask blurred
[15:00:01] +49.9s flat-average thr=0.0060 pull=0.400 pixels=26657673
[15:00:03] +51.4s pyramid gauss
[15:00:04] +52.3s pyramid expand
[15:00:04] +52.5s blended
[15:00:04] +52.5s seam 4 window=9260x5995 keepA=0.61
[15:00:04] +52.5s warped DSCF8716.RAF nudged
[15:00:06] +54.4s field n=0 const=[1.0000 1.0000 1.0000] peak=0.0000 gain=-0.1132 (rejected)
[15:00:06] +54.7s seam grid 170x216 nodes=36437
[15:00:06] +55.0s cut_energy opt=313251 shipped=313251 excess=+0.000%
[15:00:06] +55.1s seam grid 1332x1704 nodes=140318
[15:00:09] +57.8s cut_energy opt=3077054 shipped=3077054 excess=+0.000%
[15:00:09] +57.8s seam refine nodes=140318
[15:00:09] +57.9s painted
[15:00:09] +58.0s mask blurred
[15:00:10] +58.3s flat-average thr=0.0060 pull=0.400 pixels=29340866
[15:00:11] +60.1s pyramid gauss
[15:00:13] +61.3s pyramid expand
[15:00:13] +61.4s blended
[15:00:13] +61.4s seam 5 window=8828x5995 keepA=0.48
[15:00:13] +61.4s warped DSCF8721.RAF nudged
[15:00:15] +63.2s field n=0 const=[1.0000 1.0000 1.0000] peak=0.0000 gain=-0.0661 (rejected)
[15:00:15] +63.6s seam grid 178x201 nodes=34685
[15:00:15] +63.7s cut_energy opt=185843 shipped=185843 excess=+0.000%
[15:00:15] +63.8s seam grid 1394x1580 nodes=123740
[15:00:17] +65.4s cut_energy opt=3028849 shipped=3028849 excess=+0.000%
[15:00:17] +65.4s seam refine nodes=123740
[15:00:17] +65.5s painted
[15:00:17] +65.6s mask blurred
[15:00:17] +65.9s flat-average thr=0.0060 pull=0.400 pixels=32394311
[15:00:19] +67.6s pyramid gauss
[15:00:20] +68.7s pyramid expand
[15:00:20] +68.8s blended
[15:00:20] +68.8s seam 6 window=9334x5995 keepA=0.69
[15:00:20] +68.8s warped DSCF8715.RAF nudged
[15:00:20] +68.8s refined shifts seams=0 mean_abs_shift=0.000px max_abs_shift=0.000px
[15:00:20] +68.8s exposure gains applied 6
[15:00:20] +69.0s SAVECROP canvas=20653x5995 crop=(0.01013,0.13691) size=0.97662x0.82148 -> tiff 20170x4925
[15:00:20] +69.0s save encode 20170x4925
[15:00:28] +76.5s seam dump /home/dalibor/Projects/RapidRAW/lean_pano_proto/out/v52/DSCF8715/seams.txt
[15:00:28] +76.5s blend_stage extract=0.00s
[15:00:28] +76.5s blend_stage graphcut=108.40s
[15:00:28] +76.5s blend_stage mask_blur=6.13s
[15:00:28] +76.5s blend_stage pyr_blend=99.23s
[15:00:28] +76.5s boundary_step final: n=7310 median_step=1.83% p90=18.88%
[15:00:28] +76.5s blinds_flat  final: n=17054 median_step=1.84% p90=19.10%
[15:00:28] +76.5s woodline    final: n=6055 median_step=7.18% p90=36.78%
[15:00:28] +76.5s ghost_band   final: mean=0.630 keepA=0.53 cut_px=58458 swallowed=0
[15:00:28] +76.5s sharpness_lapvar final: 6.4028125575782076
[15:00:28] +76.5s pano_mean_lum 0.07082543785290743 shadow_median 0.068599633872509 canvas 20170x4925 levels=6 window_px=512
[15:00:28] +76.5s time  final blend=40.60s encode_tiff=1.13s metrics=5.40s photometry=2.59s step_metrics=0.15s warp=2.63s
[15:00:28] +76.5s time  total=76.48s
[15:00:28] +76.5s saved /home/dalibor/Projects/RapidRAW/lean_pano_proto/out/v52/DSCF8715/DSCF8715_Pano.tiff
