[20:41:59] +0.0s log /home/dalibor/Projects/RapidRAW/lean_pano_proto/out/v40/DSCF0200/DSCF0200_Pano.pano.log
[20:41:59] +0.0s merge started files=5
[20:41:59] +0.2s jpeg DSCF0200.RAF native 4416x2944 declared 4416x2944
[20:41:59] +0.4s jpeg DSCF0201.RAF native 4416x2944 declared 4416x2944
[20:41:59] +0.6s jpeg DSCF0202.RAF native 4416x2944 declared 4416x2944
[20:41:59] +0.8s jpeg DSCF0203.RAF native 4416x2944 declared 4416x2944
[20:42:00] +1.0s jpeg DSCF0204.RAF native 4416x2944 declared 4416x2944
[20:42:01] +2.6s points DSCF0200.RAF 11762
[20:42:01] +2.6s points DSCF0201.RAF 11806
[20:42:01] +2.6s points DSCF0202.RAF 11789
[20:42:01] +2.6s points DSCF0203.RAF 11779
[20:42:01] +2.6s points DSCF0204.RAF 11740
[20:42:05] +6.2s match DSCF0200.RAF<->DSCF0201.RAF: 4731 good
[20:42:05] +6.2s match DSCF0200.RAF<->DSCF0202.RAF: 2796 good
[20:42:05] +6.2s match DSCF0200.RAF<->DSCF0203.RAF: 1744 good
[20:42:05] +6.2s match DSCF0200.RAF<->DSCF0204.RAF: 805 good
[20:42:05] +6.2s match DSCF0201.RAF<->DSCF0202.RAF: 4524 good
[20:42:05] +6.2s match DSCF0201.RAF<->DSCF0203.RAF: 2942 good
[20:42:05] +6.2s match DSCF0201.RAF<->DSCF0204.RAF: 1584 good
[20:42:05] +6.2s match DSCF0202.RAF<->DSCF0203.RAF: 5043 good
[20:42:05] +6.2s match DSCF0202.RAF<->DSCF0204.RAF: 2854 good
[20:42:05] +6.2s match DSCF0203.RAF<->DSCF0204.RAF: 4472 good
[20:42:05] +6.4s aligned kept=5 focal35=27.0 jpeg=4416x2944 points=4416x2944
[20:42:05] +6.4s lens crop=1.534 focal35=27.0 calib=1.529
[20:42:06] +7.0s sky target 0.5948
[20:42:06] +7.0s sky scale DSCF0200.RAF 1.000 median 0.5948
[20:42:06] +7.0s sky scale DSCF0201.RAF 1.010 median 0.5888
[20:42:06] +7.0s sky scale DSCF0202.RAF 1.020 median 0.5832
[20:42:06] +7.0s sky scale DSCF0203.RAF 0.981 median 0.6061
[20:42:06] +7.0s sky scale DSCF0204.RAF 0.969 median 0.6142
[20:42:06] +7.0s Matching brightness...
[20:42:06] +7.0s canvas cylindrical 2991x1285
[20:42:06] +7.2s warp DSCF0201.RAF: bbox=(968,12,2690,1281) 1722x1269
[20:42:06] +7.2s warp DSCF0202.RAF: bbox=(612,16,2335,1285) 1723x1269
[20:42:06] +7.2s warp DSCF0204.RAF: bbox=(0,14,1737,1285) 1737x1271
[20:42:06] +7.2s warp DSCF0203.RAF: bbox=(318,21,2053,1285) 1735x1264
[20:42:06] +7.2s warp DSCF0200.RAF: bbox=(1251,0,2991,1269) 1740x1269
[20:42:06] +7.3s brightness gains=5 corner=1.146
[20:42:06] +7.3s Blending photos...
[20:42:06] +7.4s blend 1: window=2565x1285 tiles=741
[20:42:06] +7.7s local moved kept=281 field=10.41 disagree 0.2082 -> 0.1488
[20:42:06] +7.7s seam grid 44x50 nodes=2027
[20:42:06] +7.7s seam grid 322x373 nodes=31651
[20:42:06] +7.8s seam refine nodes=31651
[20:42:06] +7.8s painted
[20:42:06] +7.8s mask blurred
[20:42:06] +7.9s pyramid gauss
[20:42:07] +8.0s pyramid expand
[20:42:07] +8.0s pasted
[20:42:07] +8.0s blended 1 keepA=0.25
[20:42:07] +8.0s blend 2: window=2535x1285 tiles=722
[20:42:07] +8.2s local moved kept=266 field=12.85 disagree 0.2538 -> 0.1970
[20:42:07] +8.2s seam grid 44x48 nodes=1972
[20:42:07] +8.2s seam grid 322x354 nodes=27200
[20:42:07] +8.4s seam refine nodes=27200
[20:42:07] +8.4s painted
[20:42:07] +8.4s mask blurred
[20:42:07] +8.5s pyramid gauss
[20:42:07] +8.5s pyramid expand
[20:42:07] +8.5s pasted
[20:42:07] +8.5s blended 2 keepA=0.59
[20:42:07] +8.5s blend 3: window=2249x1285 tiles=646
[20:42:07] +8.8s local moved kept=266 field=22.00 disagree 0.2371 -> 0.1829
[20:42:07] +8.8s seam grid 44x49 nodes=2018
[20:42:07] +8.8s seam grid 322x368 nodes=26756
[20:42:07] +8.9s seam refine nodes=26756
[20:42:07] +8.9s painted
[20:42:07] +8.9s mask blurred
[20:42:08] +9.0s pyramid gauss
[20:42:08] +9.0s pyramid expand
[20:42:08] +9.0s pasted
[20:42:08] +9.0s blended 3 keepA=0.41
[20:42:08] +9.0s blend 4: window=2252x1285 tiles=646
[20:42:08] +9.2s local moved kept=297 field=17.97 disagree 0.2475 -> 0.1815
[20:42:08] +9.2s seam grid 44x50 nodes=2045
[20:42:08] +9.2s seam grid 322x373 nodes=24840
[20:42:08] +9.3s seam refine nodes=24840
[20:42:08] +9.3s painted
[20:42:08] +9.4s mask blurred
[20:42:08] +9.4s pyramid gauss
[20:42:08] +9.5s pyramid expand
[20:42:08] +9.5s pasted
[20:42:08] +9.5s blended 4 keepA=0.51
[20:42:08] +9.5s preview canvas cylindrical 2991x1285 shifts=4
[20:42:08] +9.5s time  preview=3.11s (solve+match 6.38s)
[20:42:08] +9.6s preview ready /home/dalibor/Projects/RapidRAW/lean_pano_proto/out/v40/DSCF0200/DSCF0200_preview.jpg
[20:42:08] +9.6s save started
[20:42:08] +9.6s develop jobs=4
[20:42:12] +13.4s developed DSCF0200.RAF 7728x5152 -> 1920x1280
[20:42:12] +13.4s developed DSCF0201.RAF 7728x5152 -> 1920x1280
[20:42:12] +13.4s developed DSCF0202.RAF 7728x5152 -> 1920x1280
[20:42:12] +13.4s developed DSCF0203.RAF 7728x5152 -> 1920x1280
[20:42:12] +13.4s developed DSCF0204.RAF 7728x5152 -> 1920x1280
[20:42:12] +13.4s time  develop=3.82s
[20:42:12] +13.4s scale raw=7728x5152 jpeg=4416x2944 x=1.7500 y=1.7500
[20:42:12] +13.4s Matching brightness...
[20:42:12] +13.4s canvas cylindrical 2991x1285
[20:42:12] +13.6s warp DSCF0200.RAF: bbox=(1251,0,2991,1269) 1740x1269
[20:42:12] +13.6s warp DSCF0202.RAF: bbox=(612,16,2335,1285) 1723x1269
[20:42:12] +13.6s warp DSCF0203.RAF: bbox=(318,21,2053,1285) 1735x1264
[20:42:12] +13.6s warp DSCF0201.RAF: bbox=(968,12,2690,1281) 1722x1269
[20:42:12] +13.6s warp DSCF0204.RAF: bbox=(0,14,1737,1285) 1737x1271
[20:42:12] +13.8s brightness gains=5 corner=0.924
[20:42:12] +13.8s Blending photos...
[20:42:12] +13.9s blend 1: window=2565x1285 tiles=741
[20:42:13] +14.2s local moved kept=336 field=10.52 disagree 0.2292 -> 0.1369
[20:42:13] +14.2s seam grid 44x50 nodes=2019
[20:42:13] +14.2s seam grid 322x373 nodes=29192
[20:42:13] +14.2s seam refine nodes=29192
[20:42:13] +14.2s painted
[20:42:13] +14.3s mask blurred
[20:42:13] +14.3s pyramid gauss
[20:42:13] +14.4s pyramid expand
[20:42:13] +14.4s pasted
[20:42:13] +14.4s blended 1 keepA=0.49
[20:42:13] +14.4s blend 2: window=2535x1285 tiles=722
[20:42:13] +14.7s local moved kept=308 field=10.93 disagree 0.2567 -> 0.1804
[20:42:13] +14.7s seam grid 44x48 nodes=1963
[20:42:13] +14.7s seam grid 322x355 nodes=28002
[20:42:13] +14.8s seam refine nodes=28002
[20:42:13] +14.8s painted
[20:42:13] +14.8s mask blurred
[20:42:13] +14.9s pyramid gauss
[20:42:14] +15.0s pyramid expand
[20:42:14] +15.0s pasted
[20:42:14] +15.0s blended 2 keepA=0.57
[20:42:14] +15.0s blend 3: window=2249x1285 tiles=646
[20:42:14] +15.2s local moved kept=316 field=20.27 disagree 0.2482 -> 0.1751
[20:42:14] +15.2s seam grid 44x49 nodes=2005
[20:42:14] +15.2s seam grid 322x368 nodes=26031
[20:42:14] +15.3s seam refine nodes=26031
[20:42:14] +15.3s painted
[20:42:14] +15.3s mask blurred
[20:42:14] +15.3s pyramid gauss
[20:42:14] +15.4s pyramid expand
[20:42:14] +15.4s pasted
[20:42:14] +15.4s blended 3 keepA=0.49
[20:42:14] +15.4s blend 4: window=2252x1285 tiles=646
[20:42:14] +15.6s local moved kept=326 field=16.12 disagree 0.2457 -> 0.1695
[20:42:14] +15.7s seam grid 44x50 nodes=2034
[20:42:14] +15.7s seam grid 322x373 nodes=24357
[20:42:14] +15.7s seam refine nodes=24357
[20:42:14] +15.7s painted
[20:42:14] +15.7s mask blurred
[20:42:14] +15.7s pyramid gauss
[20:42:14] +15.8s pyramid expand
[20:42:14] +15.8s pasted
[20:42:14] +15.8s blended 4 keepA=0.50
[20:42:14] +15.8s time  linear_photometry=2.36s
[20:42:14] +15.8s photometry source=second compose
[20:42:14] +15.8s save seam preview
[20:42:14] +15.8s save cut fullres
[20:42:14] +15.8s photometry gains=5
[20:42:14] +15.8s photo pedestal=0.002628 field_norm=0.724360 gains=[1.0617 0.9263 0.9467 1.0084 1.0651]
[20:42:14] +15.8s save seam developed
[20:42:14] +15.8s canvas cylindrical 12038x5172
[20:42:15] +16.0s local align resolution 1/1
[20:42:15] +16.0s snapbox canvas_origin=(0,0)
[20:42:15] +16.0s composite levels=6 pad=512
[20:42:15] +16.0s local alignment refine=false
[20:42:17] +18.7s warped DSCF0202.RAF straight
[20:42:24] +25.5s snapwin seam=1 canvas=(796,0) size=7956x5172
[20:42:24] +25.7s field n=0 const=[1.0000 1.0000 1.0000] peak=0.0000 gain=-0.0684 (rejected)
[20:42:25] +25.9s seam grid 162x185 nodes=28972
[20:42:25] +26.1s seam grid 1269x1451 nodes=113537
[20:42:26] +27.1s seam refine nodes=113537
[20:42:26] +27.1s painted
[20:42:26] +27.2s mask blurred
[20:42:26] +27.8s snapblendrect seam=1 canvas=(1986,0)..(8744,5172)
[20:42:27] +28.5s pyramid gauss
[20:42:28] +29.4s pyramid expand
[20:42:28] +29.6s blended
[20:42:28] +29.6s seam 1 window=7956x5172 keepA=0.51
[20:42:28] +29.6s warped DSCF0203.RAF nudged
[20:42:28] +29.6s field DSCF0203.RAF origin=(365,0) size=1936x1285 scale=1.5449
[20:42:28] +29.6s SNAP DSCF0200/field_DSCF0200_0203 FAILED No such file or directory (os error 2)
[20:42:35] +36.4s snapwin seam=2 canvas=(3408,0) size=7904x5172
[20:42:35] +36.6s field n=0 const=[1.0000 1.0000 1.0000] peak=0.0000 gain=-0.1767 (rejected)
[20:42:35] +36.8s seam grid 162x174 nodes=27586
[20:42:36] +37.0s seam grid 1268x1376 nodes=95086
[20:42:36] +37.2s seam refine nodes=95086
[20:42:36] +37.3s painted
[20:42:36] +37.4s mask blurred
[20:42:37] +38.0s snapblendrect seam=2 canvas=(3417,0)..(9877,5172)
[20:42:37] +38.7s pyramid gauss
[20:42:38] +39.5s pyramid expand
[20:42:38] +39.7s blended
[20:42:38] +39.7s seam 2 window=7904x5172 keepA=0.50
[20:42:38] +39.7s warped DSCF0201.RAF nudged
[20:42:38] +39.7s field DSCF0201.RAF origin=(721,0) size=1862x1285 scale=1.6063
[20:42:38] +39.7s SNAP DSCF0200/field_DSCF0200_0201 FAILED No such file or directory (os error 2)
[20:42:45] +46.6s snapwin seam=3 canvas=(0,0) size=7476x5172
[20:42:45] +46.8s field n=0 const=[1.0000 1.0000 1.0000] peak=0.0000 gain=-0.1917 (rejected)
[20:42:46] +47.0s seam grid 162x182 nodes=28781
[20:42:46] +47.2s seam grid 1268x1427 nodes=100117
[20:42:46] +47.6s seam refine nodes=100117
[20:42:46] +47.6s painted
[20:42:46] +47.7s mask blurred
[20:42:47] +48.3s snapblendrect seam=3 canvas=(805,0)..(7469,5172)
[20:42:48] +49.0s pyramid gauss
[20:42:49] +50.0s pyramid expand
[20:42:49] +50.1s blended
[20:42:49] +50.1s seam 3 window=7476x5172 keepA=0.50
[20:42:49] +50.1s warped DSCF0204.RAF nudged
[20:42:49] +50.1s field DSCF0204.RAF origin=(71,0) size=1914x1285 scale=1.5627
[20:42:49] +50.2s SNAP DSCF0200/field_DSCF0200_0204 FAILED No such file or directory (os error 2)
[20:42:56] +57.1s snapwin seam=4 canvas=(4549,0) size=7489x5172
[20:42:56] +57.3s field n=0 const=[1.0000 1.0000 1.0000] peak=0.0000 gain=-0.1150 (rejected)
[20:42:56] +57.5s seam grid 161x184 nodes=28986
[20:42:56] +57.7s seam grid 1264x1448 nodes=89199
[20:42:57] +58.2s seam refine nodes=89199
[20:42:57] +58.3s painted
[20:42:57] +58.4s mask blurred
[20:42:58] +59.0s snapblendrect seam=4 canvas=(4549,0)..(12038,5172)
[20:42:58] +59.8s pyramid gauss
[20:42:59] +60.6s pyramid expand
[20:42:59] +60.8s blended
[20:42:59] +60.8s seam 4 window=7489x5172 keepA=0.50
[20:42:59] +60.8s warped DSCF0200.RAF nudged
[20:42:59] +60.8s field DSCF0200.RAF origin=(1004,0) size=1934x1285 scale=1.5465
[20:42:59] +60.9s SNAP DSCF0200/field_DSCF0200_0200 FAILED No such file or directory (os error 2)
[20:42:59] +60.9s refined shifts seams=0 mean_abs_shift=0.000px max_abs_shift=0.000px
[20:42:59] +60.9s exposure gains applied 2
[20:42:59] +60.9s save encode 11583x4202
[20:43:03] +64.6s seam dump /home/dalibor/Projects/RapidRAW/lean_pano_proto/out/v40/DSCF0200/seams.txt
[20:43:03] +64.6s blend_stage extract=0.00s
[20:43:03] +64.6s blend_stage graphcut=6.57s
[20:43:03] +64.6s blend_stage mask_blur=0.63s
[20:43:03] +64.6s blend_stage pyr_blend=10.90s
[20:43:03] +64.6s boundary_step final: n=2802 median_step=3.31% p90=42.34%
[20:43:03] +64.6s blinds_flat  final: n=1607 median_step=1.18% p90=32.31%
[20:43:03] +64.6s woodline    final: n=2300 median_step=8.70% p90=26.71%
[20:43:03] +64.6s ghost_band   final: mean=0.654 keepA=0.50 cut_px=25462 swallowed=0
[20:43:03] +64.6s sharpness_lapvar final: 20.31035801414924
[20:43:03] +64.6s pano_mean_lum 0.13876076535909623 shadow_median 0.09006790071725845 canvas 11583x4202 levels=6 window_px=512
[20:43:03] +64.6s time  final blend=16.30s encode_tiff=0.54s metrics=2.57s photometry=1.46s step_metrics=0.17s warp=26.26s
[20:43:03] +64.6s time  total=64.58s
[20:43:03] +64.6s saved /home/dalibor/Projects/RapidRAW/lean_pano_proto/out/v40/DSCF0200/DSCF0200_Pano.tiff
