input /home/dalibor/Projects/RapidRAW/temporary_pano
v30 DSCF0140 (4 files)
saved /home/dalibor/Projects/RapidRAW/lean_pano_proto/out/v34/DSCF0140/DSCF0140_Pano.tiff
v30 DSCF0200 (5 files)
saved /home/dalibor/Projects/RapidRAW/lean_pano_proto/out/v34/DSCF0200/DSCF0200_Pano.tiff
v30 DSCF0559 (6 files)
saved /home/dalibor/Projects/RapidRAW/lean_pano_proto/out/v34/DSCF0559/DSCF0559_Pano.tiff
v30 DSCF0566 (10 files)
saved /home/dalibor/Projects/RapidRAW/lean_pano_proto/out/v34/DSCF0566/DSCF0566_Pano.tiff
v30 DSCF0578 (11 files)
saved /home/dalibor/Projects/RapidRAW/lean_pano_proto/out/v34/DSCF0578/DSCF0578_Pano.tiff
v30 DSCF4171 (7 files)
saved /home/dalibor/Projects/RapidRAW/lean_pano_proto/out/v34/DSCF4171/DSCF4171_Pano.tiff
v30 DSCF6498 (4 files)
saved /home/dalibor/Projects/RapidRAW/lean_pano_proto/out/v34/DSCF6498/DSCF6498_Pano.tiff
v30 DSCF6645 (5 files)
saved /home/dalibor/Projects/RapidRAW/lean_pano_proto/out/v34/DSCF6645/DSCF6645_Pano.tiff
v30 DSCF8425 (5 files)
saved /home/dalibor/Projects/RapidRAW/lean_pano_proto/out/v34/DSCF8425/DSCF8425_Pano.tiff
v30 DSCF8715 (7 files)
saved /home/dalibor/Projects/RapidRAW/lean_pano_proto/out/v34/DSCF8715/DSCF8715_Pano.tiff
v30 IMGP9237 (22 files)
saved /home/dalibor/Projects/RapidRAW/lean_pano_proto/out/v34/IMGP9237/IMGP9237_Pano.tiff
