[14:44:30] +0.0s log /home/dalibor/Projects/RapidRAW/lean_pano_proto/out/v52/DSCF6645/DSCF6645_Pano.pano.log
[14:44:30] +0.0s merge started files=5
[14:44:30] +0.1s focal native=70.0mm x crop=1.534 = 107.38mm 35eq (exif 35eq=105.0, implied crop=1.5000, delta=+2.27%)
[14:44:30] +0.2s jpeg DSCF6645.RAF native 4416x2944 declared 4416x2944
[14:44:30] +0.4s jpeg DSCF6646.RAF native 4416x2944 declared 4416x2944
[14:44:30] +0.6s jpeg DSCF6647.RAF native 4416x2944 declared 4416x2944
[14:44:31] +0.9s jpeg DSCF6648.RAF native 4416x2944 declared 4416x2944
[14:44:31] +1.1s jpeg DSCF6649.RAF native 4416x2944 declared 4416x2944
[14:44:33] +2.9s points DSCF6645.RAF 10967
[14:44:33] +2.9s points DSCF6646.RAF 10958
[14:44:33] +2.9s points DSCF6647.RAF 11105
[14:44:33] +2.9s points DSCF6648.RAF 11300
[14:44:33] +2.9s points DSCF6649.RAF 11451
[14:44:36] +6.1s match DSCF6645.RAF<->DSCF6646.RAF: 2823 good
[14:44:36] +6.1s match DSCF6645.RAF<->DSCF6647.RAF: 1191 good
[14:44:36] +6.1s match DSCF6645.RAF<->DSCF6648.RAF: 625 good
[14:44:36] +6.1s match DSCF6645.RAF<->DSCF6649.RAF: 278 good
[14:44:36] +6.1s match DSCF6646.RAF<->DSCF6647.RAF: 2302 good
[14:44:36] +6.1s match DSCF6646.RAF<->DSCF6648.RAF: 1452 good
[14:44:36] +6.1s match DSCF6646.RAF<->DSCF6649.RAF: 888 good
[14:44:36] +6.1s match DSCF6647.RAF<->DSCF6648.RAF: 3282 good
[14:44:36] +6.1s match DSCF6647.RAF<->DSCF6649.RAF: 1750 good
[14:44:36] +6.1s match DSCF6648.RAF<->DSCF6649.RAF: 2903 good
[14:44:36] +6.2s aligned kept=5 focal35=107.4 jpeg=4416x2944 points=4416x2944
[14:44:36] +6.2s lens crop=1.534 focal35=107.4 calib=1.534
[14:44:37] +6.8s sky target 0.0671
[14:44:37] +6.8s sky scale DSCF6645.RAF 1.316 median 0.0510
[14:44:37] +6.8s sky scale DSCF6646.RAF 1.023 median 0.0656
[14:44:37] +6.8s sky scale DSCF6647.RAF 0.779 median 0.0862
[14:44:37] +6.8s sky scale DSCF6648.RAF 1.000 median 0.0671
[14:44:37] +6.8s sky scale DSCF6649.RAF 0.738 median 0.0909
[14:44:37] +6.8s Matching brightness...
[14:44:37] +6.8s canvas perspective 3547x1411
[14:44:37] +6.9s warp DSCF6647.RAF: bbox=(662,67,2613,1381) 1951x1314
[14:44:37] +7.0s warp DSCF6646.RAF: bbox=(1124,80,3108,1411) 1984x1331
[14:44:37] +7.0s warp DSCF6648.RAF: bbox=(378,59,2332,1381) 1954x1322
[14:44:37] +7.0s warp DSCF6649.RAF: bbox=(0,28,1979,1391) 1979x1363
[14:44:37] +7.0s warp DSCF6645.RAF: bbox=(1492,0,3547,1393) 2055x1393
[14:44:37] +7.1s brightness gains=5 corner=0.892
[14:44:37] +7.1s Blending photos...
[14:44:37] +7.2s blend 1: window=2844x1411 tiles=903
[14:44:37] +7.6s local moved kept=389 field=3.77 disagree 0.3485 -> 0.2306
[14:44:37] +7.6s seam grid 46x57 nodes=2433
[14:44:37] +7.6s cut_energy opt=82525 shipped=82525 excess=+0.000%
[14:44:37] +7.6s seam grid 341x430 nodes=30086
[14:44:38] +7.7s cut_energy opt=1108439 shipped=1108439 excess=+0.000%
[14:44:38] +7.7s seam refine nodes=30086
[14:44:38] +7.7s painted
[14:44:38] +7.7s mask blurred
[14:44:38] +7.8s pyramid gauss
[14:44:38] +7.9s pyramid expand
[14:44:38] +7.9s pasted
[14:44:38] +7.9s blended 1 keepA=0.64
[14:44:38] +7.9s blend 2: window=2935x1411 tiles=924
[14:44:38] +8.2s local moved kept=354 field=8.73 disagree 0.5831 -> 0.4063
[14:44:38] +8.2s seam grid 45x51 nodes=2236
[14:44:38] +8.2s cut_energy opt=183427 shipped=183427 excess=+0.000%
[14:44:38] +8.2s seam grid 335x385 nodes=40743
[14:44:38] +8.5s cut_energy opt=2097676 shipped=2097676 excess=+0.000%
[14:44:38] +8.5s seam refine nodes=40743
[14:44:38] +8.5s painted
[14:44:38] +8.5s mask blurred
[14:44:38] +8.6s pyramid gauss
[14:44:39] +8.7s pyramid expand
[14:44:39] +8.7s pasted
[14:44:39] +8.7s blended 2 keepA=0.47
[14:44:39] +8.7s blend 3: window=2491x1411 tiles=777
[14:44:39] +9.0s local moved kept=331 field=7.49 disagree 0.4499 -> 0.3321
[14:44:39] +9.0s seam grid 46x55 nodes=2356
[14:44:39] +9.0s cut_energy opt=134054 shipped=134054 excess=+0.000%
[14:44:39] +9.0s seam grid 345x413 nodes=39959
[14:44:39] +9.2s cut_energy opt=2432265 shipped=2432265 excess=+0.000%
[14:44:39] +9.2s seam refine nodes=39959
[14:44:39] +9.2s painted
[14:44:39] +9.2s mask blurred
[14:44:39] +9.2s pyramid gauss
[14:44:39] +9.3s pyramid expand
[14:44:39] +9.3s pasted
[14:44:39] +9.3s blended 3 keepA=0.35
[14:44:39] +9.3s blend 4: window=2567x1411 tiles=819
[14:44:39] +9.6s local moved kept=346 field=6.96 disagree 0.6012 -> 0.4217
[14:44:39] +9.6s seam grid 46x55 nodes=2446
[14:44:39] +9.6s cut_energy opt=159546 shipped=159546 excess=+0.000%
[14:44:39] +9.6s seam grid 342x417 nodes=38231
[14:44:40] +9.8s cut_energy opt=1375259 shipped=1375259 excess=+0.000%
[14:44:40] +9.8s seam refine nodes=38231
[14:44:40] +9.8s painted
[14:44:40] +9.8s mask blurred
[14:44:40] +9.9s pyramid gauss
[14:44:40] +10.0s pyramid expand
[14:44:40] +10.0s pasted
[14:44:40] +10.0s blended 4 keepA=0.80
[14:44:40] +10.0s preview canvas perspective 3547x1411 shifts=4
[14:44:40] +10.0s time  preview=3.81s (solve+match 6.17s)
[14:44:40] +10.1s preview ready /home/dalibor/Projects/RapidRAW/lean_pano_proto/out/v52/DSCF6645/DSCF6645_preview.jpg
[14:44:40] +10.1s save started
[14:44:40] +10.1s develop jobs=4
[14:44:43] +13.6s developed DSCF6645.RAF 7728x5152 -> 1920x1280
[14:44:43] +13.6s developed DSCF6646.RAF 7728x5152 -> 1920x1280
[14:44:43] +13.6s developed DSCF6647.RAF 7728x5152 -> 1920x1280
[14:44:43] +13.6s developed DSCF6648.RAF 7728x5152 -> 1920x1280
[14:44:43] +13.6s developed DSCF6649.RAF 7728x5152 -> 1920x1280
[14:44:43] +13.6s time  develop=3.59s
[14:44:43] +13.6s scale raw=7728x5152 jpeg=4416x2944 x=1.7500 y=1.7500
[14:44:43] +13.6s Matching brightness...
[14:44:43] +13.6s canvas perspective 3547x1411
[14:44:44] +13.8s warp DSCF6648.RAF: bbox=(378,59,2332,1381) 1954x1322
[14:44:44] +13.8s warp DSCF6649.RAF: bbox=(0,28,1979,1391) 1979x1363
[14:44:44] +13.8s warp DSCF6647.RAF: bbox=(662,67,2613,1381) 1951x1314
[14:44:44] +13.8s warp DSCF6646.RAF: bbox=(1124,80,3108,1411) 1984x1331
[14:44:44] +13.8s warp DSCF6645.RAF: bbox=(1492,0,3547,1393) 2055x1393
[14:44:44] +14.1s brightness gains=5 corner=0.815
[14:44:44] +14.1s Blending photos...
[14:44:44] +14.2s blend 1: window=2844x1411 tiles=903
[14:44:44] +14.6s local moved kept=425 field=8.48 disagree 0.5255 -> 0.3197
[14:44:44] +14.6s seam grid 46x57 nodes=2434
[14:44:44] +14.6s cut_energy opt=85778 shipped=85778 excess=+0.000%
[14:44:44] +14.6s seam grid 341x430 nodes=28160
[14:44:45] +14.8s cut_energy opt=1096753 shipped=1096753 excess=+0.000%
[14:44:45] +14.8s seam refine nodes=28160
[14:44:45] +14.8s painted
[14:44:45] +14.8s mask blurred
[14:44:45] +14.9s pyramid gauss
[14:44:45] +15.0s pyramid expand
[14:44:45] +15.0s pasted
[14:44:45] +15.0s blended 1 keepA=0.48
[14:44:45] +15.0s blend 2: window=2935x1411 tiles=924
[14:44:45] +15.3s local moved kept=327 field=10.15 disagree 0.5600 -> 0.4062
[14:44:45] +15.3s seam grid 45x51 nodes=2228
[14:44:45] +15.3s cut_energy opt=190118 shipped=190118 excess=+0.000%
[14:44:45] +15.3s seam grid 336x385 nodes=36409
[14:44:45] +15.4s cut_energy opt=2053542 shipped=2053542 excess=+0.000%
[14:44:45] +15.4s seam refine nodes=36409
[14:44:45] +15.4s painted
[14:44:45] +15.4s mask blurred
[14:44:45] +15.5s pyramid gauss
[14:44:45] +15.6s pyramid expand
[14:44:45] +15.6s pasted
[14:44:45] +15.6s blended 2 keepA=0.25
[14:44:45] +15.6s blend 3: window=2491x1411 tiles=777
[14:44:46] +15.9s local moved kept=406 field=18.99 disagree 0.6115 -> 0.4925
[14:44:46] +15.9s seam grid 45x55 nodes=2305
[14:44:46] +15.9s cut_energy opt=127584 shipped=127584 excess=+0.000%
[14:44:46] +15.9s seam grid 345x413 nodes=29661
[14:44:46] +16.0s cut_energy opt=1287059 shipped=1287059 excess=+0.000%
[14:44:46] +16.0s seam refine nodes=29661
[14:44:46] +16.0s painted
[14:44:46] +16.0s mask blurred
[14:44:46] +16.1s pyramid gauss
[14:44:46] +16.2s pyramid expand
[14:44:46] +16.2s pasted
[14:44:46] +16.2s blended 3 keepA=0.57
[14:44:46] +16.2s blend 4: window=2567x1411 tiles=819
[14:44:46] +16.5s local moved kept=392 field=18.24 disagree 0.6443 -> 0.5719
[14:44:46] +16.5s seam grid 46x55 nodes=2449
[14:44:46] +16.5s cut_energy opt=160328 shipped=160328 excess=+0.000%
[14:44:46] +16.5s seam grid 342x417 nodes=35307
[14:44:46] +16.6s cut_energy opt=1360344 shipped=1360344 excess=+0.000%
[14:44:46] +16.6s seam refine nodes=35307
[14:44:46] +16.6s painted
[14:44:46] +16.6s mask blurred
[14:44:46] +16.7s pyramid gauss
[14:44:47] +16.7s pyramid expand
[14:44:47] +16.8s pasted
[14:44:47] +16.8s blended 4 keepA=0.70
[14:44:47] +16.8s time  linear_photometry=3.11s
[14:44:47] +16.8s photometry source=second compose
[14:44:47] +16.8s save seam preview
[14:44:47] +16.8s save cut fullres
[14:44:47] +16.8s photometry gains=5
[14:44:47] +16.8s photo pedestal=0.016125 field_norm=0.625619 gains=[1.0208 0.9931 1.0164 0.9577 1.0133]
[14:44:47] +16.8s save seam developed
[14:44:47] +16.8s canvas perspective 14275x5677
[14:44:47] +17.0s local align resolution 1/1
[14:44:47] +17.0s composite levels=6 pad=512
[14:44:47] +17.0s local alignment refine=false
[14:44:48] +18.0s warped DSCF6647.RAF straight
[14:44:49] +19.5s field n=0 const=[1.0000 1.0000 1.0000] peak=0.0000 gain=0.0016 (rejected)
[14:44:50] +19.9s seam grid 169x213 nodes=35080
[14:44:50] +20.1s cut_energy opt=140187 shipped=140187 excess=+0.000%
[14:44:50] +20.2s seam grid 1323x1680 nodes=120181
[14:44:51] +21.1s cut_energy opt=1311134 shipped=1311134 excess=+0.000%
[14:44:51] +21.1s seam refine nodes=120181
[14:44:51] +21.1s painted
[14:44:51] +21.2s mask blurred
[14:44:53] +22.9s pyramid gauss
[14:44:54] +24.0s pyramid expand
[14:44:54] +24.2s blended
[14:44:54] +24.2s seam 1 window=8837x5677 keepA=0.26
[14:44:54] +24.2s warped DSCF6648.RAF nudged
[14:44:56] +25.9s field n=0 const=[1.0000 1.0000 1.0000] peak=0.0000 gain=-0.0033 (rejected)
[14:44:56] +26.2s seam grid 166x190 nodes=31529
[14:44:56] +26.5s cut_energy opt=344553 shipped=344553 excess=+0.000%
[14:44:56] +26.6s seam grid 1302x1497 nodes=145719
[14:44:58] +28.0s cut_energy opt=4410364 shipped=4410364 excess=+0.000%
[14:44:58] +28.0s seam refine nodes=145719
[14:44:58] +28.0s painted
[14:44:58] +28.1s mask blurred
[14:44:59] +29.7s pyramid gauss
[14:45:00] +30.7s pyramid expand
[14:45:01] +30.8s blended
[14:45:01] +30.8s seam 2 window=8958x5677 keepA=0.32
[14:45:01] +30.8s warped DSCF6646.RAF nudged
[14:45:02] +32.4s field n=0 const=[1.0000 1.0000 1.0000] peak=0.0000 gain=-0.0021 (rejected)
[14:45:03] +32.7s seam grid 171x205 nodes=34202
[14:45:03] +32.9s cut_energy opt=107909 shipped=107909 excess=+0.000%
[14:45:03] +33.0s seam grid 1340x1611 nodes=110355
[14:45:03] +33.5s cut_energy opt=1353467 shipped=1353467 excess=+0.000%
[14:45:03] +33.5s seam refine nodes=110355
[14:45:03] +33.6s painted
[14:45:04] +33.7s mask blurred
[14:45:05] +35.3s pyramid gauss
[14:45:06] +36.3s pyramid expand
[14:45:06] +36.4s blended
[14:45:06] +36.4s seam 3 window=8451x5677 keepA=0.60
[14:45:06] +36.4s warped DSCF6649.RAF nudged
[14:45:08] +38.3s field n=0 const=[1.0000 1.0000 1.0000] peak=0.0000 gain=0.0035 (rejected)
[14:45:08] +38.6s seam grid 170x206 nodes=34914
[14:45:09] +38.9s cut_energy opt=192736 shipped=192736 excess=+0.000%
[14:45:09] +38.9s seam grid 1332x1626 nodes=153573
[14:45:10] +40.1s cut_energy opt=1857178 shipped=1857178 excess=+0.000%
[14:45:10] +40.1s seam refine nodes=153573
[14:45:10] +40.2s painted
[14:45:10] +40.3s mask blurred
[14:45:12] +42.0s pyramid gauss
[14:45:13] +43.0s pyramid expand
[14:45:13] +43.2s blended
[14:45:13] +43.2s seam 4 window=8754x5677 keepA=0.85
[14:45:13] +43.2s warped DSCF6645.RAF nudged
[14:45:13] +43.2s refined shifts seams=0 mean_abs_shift=0.000px max_abs_shift=0.000px
[14:45:13] +43.2s exposure gains applied 3
[14:45:13] +43.3s SAVECROP canvas=14275x5677 crop=(0.01720,0.06237) size=0.96363x0.87881 -> tiff 13756x4989
[14:45:13] +43.3s save encode 13756x4989
[14:45:18] +48.6s seam dump /home/dalibor/Projects/RapidRAW/lean_pano_proto/out/v52/DSCF6645/seams.txt
[14:45:18] +48.6s blend_stage extract=0.00s
[14:45:18] +48.6s blend_stage graphcut=94.72s
[14:45:18] +48.6s blend_stage mask_blur=4.95s
[14:45:18] +48.6s blend_stage pyr_blend=80.09s
[14:45:18] +48.6s boundary_step final: n=5388 median_step=24.72% p90=77.19%
[14:45:18] +48.6s blinds_flat  final: n=0 median_step=0.00% p90=0.00%
[14:45:18] +48.6s woodline    final: n=3173 median_step=21.84% p90=81.46%
[14:45:18] +48.6s ghost_band   final: mean=0.713 keepA=0.51 cut_px=41384 swallowed=0
[14:45:18] +48.6s sharpness_lapvar final: 441.5738410903291
[14:45:18] +48.6s pano_mean_lum 0.1014705451399441 shadow_median 0.06397178024053574 canvas 13756x4989 levels=6 window_px=512
[14:45:18] +48.6s time  final blend=21.36s encode_tiff=0.72s metrics=3.78s photometry=1.75s step_metrics=0.16s warp=1.89s
[14:45:18] +48.6s time  total=48.57s
[14:45:18] +48.6s saved /home/dalibor/Projects/RapidRAW/lean_pano_proto/out/v52/DSCF6645/DSCF6645_Pano.tiff
