[14:56:04] +0.0s log /home/dalibor/Projects/RapidRAW/lean_pano_proto/out/v52/DSCF4171/DSCF4171_Pano.pano.log
[14:56:04] +0.0s merge started files=7
[14:56:04] +0.0s focal native unavailable or disabled, using exif 35eq=28.0mm (crop=1.534)
[14:56:05] +0.2s jpeg DSCF4171.RAF native 4416x2944 declared 4416x2944
[14:56:05] +0.4s jpeg DSCF4172.RAF native 4416x2944 declared 4416x2944
[14:56:05] +0.6s jpeg DSCF4173.RAF native 4416x2944 declared 4416x2944
[14:56:05] +0.8s jpeg DSCF4174.RAF native 4416x2944 declared 4416x2944
[14:56:05] +1.0s jpeg DSCF4175.RAF native 4416x2944 declared 4416x2944
[14:56:06] +1.3s jpeg DSCF4176.RAF native 4416x2944 declared 4416x2944
[14:56:06] +1.5s jpeg DSCF4177.RAF native 4416x2944 declared 4416x2944
[14:56:07] +3.0s points DSCF4171.RAF 4755
[14:56:07] +3.0s points DSCF4172.RAF 5674
[14:56:07] +3.0s points DSCF4173.RAF 5845
[14:56:07] +3.0s points DSCF4174.RAF 6689
[14:56:07] +3.0s points DSCF4175.RAF 5284
[14:56:07] +3.0s points DSCF4176.RAF 4344
[14:56:07] +3.0s points DSCF4177.RAF 4772
[14:56:09] +4.2s match DSCF4171.RAF<->DSCF4172.RAF: 2311 good
[14:56:09] +4.2s match DSCF4171.RAF<->DSCF4173.RAF: 1561 good
[14:56:09] +4.2s match DSCF4171.RAF<->DSCF4174.RAF: 1135 good
[14:56:09] +4.2s match DSCF4171.RAF<->DSCF4175.RAF: 542 good
[14:56:09] +4.2s match DSCF4171.RAF<->DSCF4176.RAF: 318 good
[14:56:09] +4.2s match DSCF4171.RAF<->DSCF4177.RAF: 125 good
[14:56:09] +4.2s match DSCF4172.RAF<->DSCF4173.RAF: 2515 good
[14:56:09] +4.2s match DSCF4172.RAF<->DSCF4174.RAF: 1674 good
[14:56:09] +4.2s match DSCF4172.RAF<->DSCF4175.RAF: 822 good
[14:56:09] +4.2s match DSCF4172.RAF<->DSCF4176.RAF: 510 good
[14:56:09] +4.2s match DSCF4172.RAF<->DSCF4177.RAF: 359 good
[14:56:09] +4.2s match DSCF4173.RAF<->DSCF4174.RAF: 2601 good
[14:56:09] +4.2s match DSCF4173.RAF<->DSCF4175.RAF: 1249 good
[14:56:09] +4.2s match DSCF4173.RAF<->DSCF4176.RAF: 796 good
[14:56:09] +4.2s match DSCF4173.RAF<->DSCF4177.RAF: 567 good
[14:56:09] +4.2s match DSCF4174.RAF<->DSCF4175.RAF: 2346 good
[14:56:09] +4.2s match DSCF4174.RAF<->DSCF4176.RAF: 1460 good
[14:56:09] +4.2s match DSCF4174.RAF<->DSCF4177.RAF: 1096 good
[14:56:09] +4.2s match DSCF4175.RAF<->DSCF4176.RAF: 2066 good
[14:56:09] +4.2s match DSCF4175.RAF<->DSCF4177.RAF: 1076 good
[14:56:09] +4.2s match DSCF4176.RAF<->DSCF4177.RAF: 1164 good
[14:56:09] +4.3s aligned kept=7 focal35=28.0 jpeg=4416x2944 points=4416x2944
[14:56:09] +4.3s lens crop=1.534 focal35=28.0 calib=1.529
[14:56:10] +5.3s sky target 0.0006
[14:56:10] +5.3s sky scale DSCF4171.RAF 0.952 median 0.0006
[14:56:10] +5.3s sky scale DSCF4172.RAF 0.952 median 0.0006
[14:56:10] +5.3s sky scale DSCF4173.RAF 1.000 median 0.0006
[14:56:10] +5.3s sky scale DSCF4174.RAF 1.901 median 0.0003
[14:56:10] +5.3s sky scale DSCF4175.RAF 24.315 median 0.0000
[14:56:10] +5.3s sky scale DSCF4176.RAF 1.000 median 0.0000
[14:56:10] +5.3s sky scale DSCF4177.RAF 11.988 median 0.0000
[14:56:10] +5.3s Matching brightness...
[14:56:10] +5.3s canvas cylindrical 3394x1317
[14:56:10] +5.4s warp DSCF4172.RAF: bbox=(218,0,1971,1273) 1753x1273
[14:56:10] +5.4s warp DSCF4173.RAF: bbox=(470,5,2204,1276) 1734x1271
[14:56:10] +5.4s warp DSCF4171.RAF: bbox=(0,0,1765,1283) 1765x1283
[14:56:10] +5.4s warp DSCF4174.RAF: bbox=(721,25,2449,1296) 1728x1271
[14:56:10] +5.4s warp DSCF4176.RAF: bbox=(1330,21,3092,1301) 1762x1280
[14:56:10] +5.4s warp DSCF4175.RAF: bbox=(1022,50,2771,1317) 1749x1267
[14:56:10] +5.4s warp DSCF4177.RAF: bbox=(1626,0,3394,1280) 1768x1280
[14:56:10] +5.5s brightness gains=7 corner=1.071
[14:56:10] +5.5s Blending photos...
[14:56:10] +5.6s blend 1: window=2716x1317 tiles=779
[14:56:10] +5.9s local moved kept=121 field=4.97 disagree 0.1228 -> 0.0842
[14:56:10] +5.9s seam grid 44x51 nodes=2060
[14:56:10] +5.9s cut_energy opt=98681 shipped=98681 excess=+0.000%
[14:56:10] +5.9s seam grid 326x384 nodes=26377
[14:56:10] +6.0s cut_energy opt=1088265 shipped=1088265 excess=+0.000%
[14:56:10] +6.0s seam refine nodes=26377
[14:56:10] +6.0s painted
[14:56:10] +6.0s mask blurred
[14:56:10] +6.0s pyramid gauss
[14:56:11] +6.1s pyramid expand
[14:56:11] +6.1s pasted
[14:56:11] +6.1s blended 1 keepA=0.50
[14:56:11] +6.1s blend 2: window=2773x1317 tiles=798
[14:56:11] +6.3s local copied no gain kept=66 field=5.19 disagree 0.6667 -> 0.7253
[14:56:11] +6.3s seam grid 44x50 nodes=2068
[14:56:11] +6.3s cut_energy opt=132379 shipped=132379 excess=+0.000%
[14:56:11] +6.3s seam grid 324x370 nodes=24406
[14:56:11] +6.4s cut_energy opt=1260974 shipped=1260974 excess=+0.000%
[14:56:11] +6.4s seam refine nodes=24406
[14:56:11] +6.4s painted
[14:56:11] +6.4s mask blurred
[14:56:11] +6.5s pyramid gauss
[14:56:11] +6.5s pyramid expand
[14:56:11] +6.5s pasted
[14:56:11] +6.5s blended 2 keepA=0.31
[14:56:11] +6.5s blend 3: window=2483x1317 tiles=703
[14:56:11] +6.7s local moved kept=97 field=4.86 disagree 0.3179 -> 0.2821
[14:56:11] +6.8s seam grid 44x52 nodes=2146
[14:56:11] +6.8s cut_energy opt=92290 shipped=92290 excess=+0.000%
[14:56:11] +6.8s seam grid 325x388 nodes=22045
[14:56:11] +6.8s cut_energy opt=1028682 shipped=1028682 excess=+0.000%
[14:56:11] +6.8s seam refine nodes=22045
[14:56:11] +6.8s painted
[14:56:11] +6.8s mask blurred
[14:56:11] +6.8s pyramid gauss
[14:56:11] +6.9s pyramid expand
[14:56:11] +6.9s pasted
[14:56:11] +6.9s blended 3 keepA=0.50
[14:56:11] +6.9s blend 4: window=2576x1317 tiles=741
[14:56:11] +6.9s local copied sparse
[14:56:11] +6.9s seam grid 44x50 nodes=2070
[14:56:11] +6.9s cut_energy opt=138136 shipped=138136 excess=+0.000%
[14:56:11] +6.9s seam grid 326x373 nodes=25908
[14:56:11] +7.1s cut_energy opt=1186969 shipped=1186969 excess=+0.000%
[14:56:11] +7.1s seam refine nodes=25908
[14:56:11] +7.1s painted
[14:56:12] +7.1s mask blurred
[14:56:12] +7.2s pyramid gauss
[14:56:12] +7.2s pyramid expand
[14:56:12] +7.3s pasted
[14:56:12] +7.3s blended 4 keepA=0.50
[14:56:12] +7.3s blend 5: window=2277x1317 tiles=646
[14:56:12] +7.5s local moved kept=119 field=4.78 disagree 0.2311 -> 0.1835
[14:56:12] +7.5s seam grid 44x53 nodes=2172
[14:56:12] +7.5s cut_energy opt=87384 shipped=87384 excess=+0.000%
[14:56:12] +7.5s seam grid 328x400 nodes=24462
[14:56:12] +7.5s cut_energy opt=1077595 shipped=1077595 excess=+0.000%
[14:56:12] +7.5s seam refine nodes=24462
[14:56:12] +7.5s painted
[14:56:12] +7.5s mask blurred
[14:56:12] +7.6s pyramid gauss
[14:56:12] +7.6s pyramid expand
[14:56:12] +7.6s pasted
[14:56:12] +7.6s blended 5 keepA=0.49
[14:56:12] +7.6s blend 6: window=2280x1317 tiles=646
[14:56:12] +7.7s local copied sparse
[14:56:12] +7.7s seam grid 44x51 nodes=2095
[14:56:12] +7.7s cut_energy opt=113711 shipped=113711 excess=+0.000%
[14:56:12] +7.7s seam grid 327x379 nodes=24575
[14:56:12] +7.7s cut_energy opt=1244377 shipped=1244377 excess=+0.000%
[14:56:12] +7.7s seam refine nodes=24575
[14:56:12] +7.7s painted
[14:56:12] +7.7s mask blurred
[14:56:12] +7.8s pyramid gauss
[14:56:12] +7.8s pyramid expand
[14:56:12] +7.8s pasted
[14:56:12] +7.8s blended 6 keepA=0.35
[14:56:12] +7.8s preview canvas cylindrical 3394x1317 shifts=6
[14:56:12] +7.8s time  preview=3.49s (solve+match 4.35s)
[14:56:12] +7.9s preview ready /home/dalibor/Projects/RapidRAW/lean_pano_proto/out/v52/DSCF4171/DSCF4171_preview.jpg
[14:56:12] +7.9s save started
[14:56:12] +7.9s develop jobs=4
[14:56:17] +12.8s developed DSCF4171.RAF 7728x5152 -> 1920x1280
[14:56:17] +12.8s developed DSCF4172.RAF 7728x5152 -> 1920x1280
[14:56:17] +12.8s developed DSCF4173.RAF 7728x5152 -> 1920x1280
[14:56:17] +12.8s developed DSCF4174.RAF 7728x5152 -> 1920x1280
[14:56:17] +12.8s developed DSCF4175.RAF 7728x5152 -> 1920x1280
[14:56:17] +12.8s developed DSCF4176.RAF 7728x5152 -> 1920x1280
[14:56:17] +12.8s developed DSCF4177.RAF 7728x5152 -> 1920x1280
[14:56:17] +12.8s time  develop=4.87s
[14:56:17] +12.8s scale raw=7728x5152 jpeg=4416x2944 x=1.7500 y=1.7500
[14:56:17] +12.8s Matching brightness...
[14:56:17] +12.8s canvas cylindrical 3394x1317
[14:56:17] +12.9s warp DSCF4173.RAF: bbox=(470,5,2204,1276) 1734x1271
[14:56:17] +12.9s warp DSCF4171.RAF: bbox=(0,0,1765,1283) 1765x1283
[14:56:17] +12.9s warp DSCF4174.RAF: bbox=(721,25,2449,1296) 1728x1271
[14:56:17] +12.9s warp DSCF4175.RAF: bbox=(1022,50,2771,1317) 1749x1267
[14:56:17] +12.9s warp DSCF4177.RAF: bbox=(1626,0,3394,1280) 1768x1280
[14:56:17] +12.9s warp DSCF4176.RAF: bbox=(1330,21,3092,1301) 1762x1280
[14:56:17] +13.0s warp DSCF4172.RAF: bbox=(218,0,1971,1273) 1753x1273
[14:56:17] +13.1s brightness gains=7 corner=0.864
[14:56:17] +13.1s Blending photos...
[14:56:18] +13.2s blend 1: window=2716x1317 tiles=779
[14:56:18] +13.5s local moved kept=129 field=7.52 disagree 0.2067 -> 0.1385
[14:56:18] +13.5s seam grid 44x51 nodes=2060
[14:56:18] +13.5s cut_energy opt=94483 shipped=94483 excess=+0.000%
[14:56:18] +13.5s seam grid 326x384 nodes=26377
[14:56:18] +13.6s cut_energy opt=1090279 shipped=1090279 excess=+0.000%
[14:56:18] +13.6s seam refine nodes=26377
[14:56:18] +13.6s painted
[14:56:18] +13.6s mask blurred
[14:56:18] +13.7s pyramid gauss
[14:56:18] +13.7s pyramid expand
[14:56:18] +13.7s pasted
[14:56:18] +13.7s blended 1 keepA=0.49
[14:56:18] +13.7s blend 2: window=2773x1317 tiles=798
[14:56:18] +14.0s local moved kept=134 field=9.04 disagree 0.3029 -> 0.2276
[14:56:18] +14.0s seam grid 44x50 nodes=2068
[14:56:18] +14.0s cut_energy opt=110281 shipped=110281 excess=+0.000%
[14:56:18] +14.0s seam grid 324x370 nodes=25541
[14:56:18] +14.1s cut_energy opt=1139398 shipped=1139398 excess=+0.000%
[14:56:18] +14.1s seam refine nodes=25541
[14:56:18] +14.1s painted
[14:56:19] +14.1s mask blurred
[14:56:19] +14.2s pyramid gauss
[14:56:19] +14.3s pyramid expand
[14:56:19] +14.3s pasted
[14:56:19] +14.3s blended 2 keepA=0.49
[14:56:19] +14.3s blend 3: window=2483x1317 tiles=703
[14:56:19] +14.5s local moved kept=121 field=9.84 disagree 0.2094 -> 0.1639
[14:56:19] +14.5s seam grid 44x52 nodes=2146
[14:56:19] +14.5s cut_energy opt=86679 shipped=86679 excess=+0.000%
[14:56:19] +14.5s seam grid 325x388 nodes=21761
[14:56:19] +14.6s cut_energy opt=1016485 shipped=1016485 excess=+0.000%
[14:56:19] +14.6s seam refine nodes=21761
[14:56:19] +14.6s painted
[14:56:19] +14.6s mask blurred
[14:56:19] +14.6s pyramid gauss
[14:56:19] +14.6s pyramid expand
[14:56:19] +14.7s pasted
[14:56:19] +14.7s blended 3 keepA=0.49
[14:56:19] +14.7s blend 4: window=2576x1317 tiles=741
[14:56:19] +14.9s local moved kept=116 field=8.37 disagree 0.2839 -> 0.2486
[14:56:19] +14.9s seam grid 44x50 nodes=2070
[14:56:19] +14.9s cut_energy opt=119403 shipped=119403 excess=+0.000%
[14:56:19] +14.9s seam grid 326x373 nodes=26774
[14:56:19] +14.9s cut_energy opt=1052437 shipped=1052437 excess=+0.000%
[14:56:19] +14.9s seam refine nodes=26774
[14:56:19] +14.9s painted
[14:56:19] +14.9s mask blurred
[14:56:19] +15.0s pyramid gauss
[14:56:19] +15.0s pyramid expand
[14:56:19] +15.0s pasted
[14:56:19] +15.0s blended 4 keepA=0.51
[14:56:19] +15.0s blend 5: window=2277x1317 tiles=646
[14:56:20] +15.3s local moved kept=121 field=8.85 disagree 0.1747 -> 0.1294
[14:56:20] +15.3s seam grid 44x53 nodes=2172
[14:56:20] +15.3s cut_energy opt=87829 shipped=87829 excess=+0.000%
[14:56:20] +15.3s seam grid 328x400 nodes=24614
[14:56:20] +15.3s cut_energy opt=1066447 shipped=1066447 excess=+0.000%
[14:56:20] +15.3s seam refine nodes=24614
[14:56:20] +15.3s painted
[14:56:20] +15.3s mask blurred
[14:56:20] +15.4s pyramid gauss
[14:56:20] +15.5s pyramid expand
[14:56:20] +15.5s pasted
[14:56:20] +15.5s blended 5 keepA=0.49
[14:56:20] +15.5s blend 6: window=2280x1317 tiles=646
[14:56:20] +15.7s local moved kept=120 field=10.25 disagree 0.2552 -> 0.1806
[14:56:20] +15.7s seam grid 44x51 nodes=2095
[14:56:20] +15.7s cut_energy opt=90713 shipped=90713 excess=+0.000%
[14:56:20] +15.7s seam grid 327x379 nodes=22046
[14:56:20] +15.8s cut_energy opt=1027206 shipped=1027206 excess=+0.000%
[14:56:20] +15.8s seam refine nodes=22046
[14:56:20] +15.8s painted
[14:56:20] +15.8s mask blurred
[14:56:20] +15.8s pyramid gauss
[14:56:20] +15.9s pyramid expand
[14:56:20] +15.9s pasted
[14:56:20] +15.9s blended 6 keepA=0.50
[14:56:20] +15.9s time  linear_photometry=3.09s
[14:56:20] +15.9s photometry source=second compose
[14:56:20] +15.9s save seam preview
[14:56:20] +15.9s save cut fullres
[14:56:20] +15.9s photometry gains=7
[14:56:20] +15.9s photo pedestal=0.000381 field_norm=0.306867 gains=[1.0233 0.9436 1.0305 1.0006 0.9947 1.0002 1.0094]
[14:56:20] +15.9s save seam developed
[14:56:20] +15.9s canvas cylindrical 13661x5299
[14:56:21] +16.1s local align resolution 1/1
[14:56:21] +16.1s composite levels=6 pad=512
[14:56:21] +16.1s local alignment refine=false
[14:56:22] +17.1s warped DSCF4174.RAF straight
[14:56:23] +18.6s field n=0 const=[1.0000 1.0000 1.0000] peak=0.0000 gain=-0.0040 (rejected)
[14:56:23] +18.9s seam grid 161x190 nodes=29781
[14:56:23] +19.0s cut_energy opt=174449 shipped=174449 excess=+0.000%
[14:56:24] +19.1s seam grid 1260x1492 nodes=119414
[14:56:25] +20.1s cut_energy opt=1605609 shipped=1605609 excess=+0.000%
[14:56:25] +20.1s seam refine nodes=119414
[14:56:25] +20.1s painted
[14:56:25] +20.2s mask blurred
[14:56:25] +20.5s flat-average thr=0.0060 pull=0.400 pixels=26417354
[14:56:26] +21.9s pyramid gauss
[14:56:27] +22.7s pyramid expand
[14:56:27] +22.8s blended
[14:56:27] +22.8s seam 1 window=7949x5299 keepA=0.59
[14:56:27] +22.8s warped DSCF4173.RAF nudged
[14:56:29] +24.4s field n=0 const=[1.0000 1.0000 1.0000] peak=0.0000 gain=-0.0065 (rejected)
[14:56:29] +24.6s seam grid 160x183 nodes=28860
[14:56:29] +24.8s cut_energy opt=201763 shipped=201763 excess=+0.000%
[14:56:29] +24.9s seam grid 1254x1436 nodes=107789
[14:56:30] +25.1s cut_energy opt=1759467 shipped=1759467 excess=+0.000%
[14:56:30] +25.1s seam refine nodes=107789
[14:56:30] +25.2s painted
[14:56:30] +25.3s mask blurred
[14:56:30] +25.5s flat-average thr=0.0060 pull=0.400 pixels=24652695
[14:56:31] +26.9s pyramid gauss
[14:56:32] +27.7s pyramid expand
[14:56:32] +27.8s blended
[14:56:32] +27.8s seam 2 window=8012x5299 keepA=0.49
[14:56:32] +27.8s warped DSCF4175.RAF nudged
[14:56:34] +29.4s field n=0 const=[1.0000 1.0000 1.0000] peak=0.0000 gain=-0.0053 (rejected)
[14:56:34] +29.6s seam grid 162x192 nodes=30197
[14:56:34] +29.8s cut_energy opt=147272 shipped=147272 excess=+0.000%
[14:56:34] +29.9s seam grid 1275x1510 nodes=86404
[14:56:35] +30.1s cut_energy opt=1135499 shipped=1135499 excess=+0.000%
[14:56:35] +30.1s seam refine nodes=86404
[14:56:35] +30.1s painted
[14:56:35] +30.2s mask blurred
[14:56:35] +30.5s flat-average thr=0.0060 pull=0.400 pixels=26740017
[14:56:36] +32.0s pyramid gauss
[14:56:37] +32.8s pyramid expand
[14:56:37] +32.9s blended
[14:56:37] +32.9s seam 3 window=8026x5299 keepA=0.49
[14:56:37] +32.9s warped DSCF4172.RAF nudged
[14:56:39] +34.5s field n=0 const=[1.0000 1.0000 1.0000] peak=0.0000 gain=0.0006 (rejected)
[14:56:39] +34.8s seam grid 162x185 nodes=29452
[14:56:39] +34.8s cut_energy opt=135781 shipped=135781 excess=+0.000%
[14:56:39] +34.9s seam grid 1267x1450 nodes=81330
[14:56:40] +35.1s cut_energy opt=1302256 shipped=1302256 excess=+0.000%
[14:56:40] +35.1s seam refine nodes=81330
[14:56:40] +35.2s painted
[14:56:40] +35.3s mask blurred
[14:56:40] +35.6s flat-average thr=0.0060 pull=0.400 pixels=24865834
[14:56:41] +36.9s pyramid gauss
[14:56:42] +37.7s pyramid expand
[14:56:42] +37.8s blended
[14:56:42] +37.8s seam 4 window=8063x5299 keepA=0.50
[14:56:42] +37.8s warped DSCF4176.RAF nudged
[14:56:44] +39.4s field n=0 const=[1.0000 1.0000 1.0000] peak=0.0000 gain=-0.0059 (rejected)
[14:56:44] +39.7s seam grid 165x197 nodes=31334
[14:56:44] +39.8s cut_energy opt=171143 shipped=171143 excess=+0.000%
[14:56:44] +39.9s seam grid 1291x1557 nodes=104537
[14:56:45] +40.2s cut_energy opt=1332655 shipped=1332655 excess=+0.000%
[14:56:45] +40.2s seam refine nodes=104537
[14:56:45] +40.3s painted
[14:56:45] +40.4s mask blurred
[14:56:45] +40.7s flat-average thr=0.0060 pull=0.400 pixels=27431909
[14:56:47] +42.2s pyramid gauss
[14:56:48] +43.2s pyramid expand
[14:56:48] +43.3s blended
[14:56:48] +43.3s seam 5 window=7592x5299 keepA=0.49
[14:56:48] +43.3s warped DSCF4171.RAF nudged
[14:56:49] +44.6s field n=0 const=[1.0000 1.0000 1.0000] peak=0.0000 gain=-0.0086 (rejected)
[14:56:49] +44.9s seam grid 162x188 nodes=29638
[14:56:49] +45.0s cut_energy opt=133842 shipped=133842 excess=+0.000%
[14:56:50] +45.1s seam grid 1268x1475 nodes=90591
[14:56:50] +45.4s cut_energy opt=1240228 shipped=1240228 excess=+0.000%
[14:56:50] +45.4s seam refine nodes=90591
[14:56:50] +45.4s painted
[14:56:50] +45.5s mask blurred
[14:56:50] +45.8s flat-average thr=0.0060 pull=0.400 pixels=25092673
[14:56:52] +47.3s pyramid gauss
[14:56:53] +48.3s pyramid expand
[14:56:53] +48.4s blended
[14:56:53] +48.4s seam 6 window=7603x5299 keepA=0.50
[14:56:53] +48.4s warped DSCF4177.RAF nudged
[14:56:53] +48.4s refined shifts seams=0 mean_abs_shift=0.000px max_abs_shift=0.000px
[14:56:53] +48.4s exposure gains applied 6
[14:56:53] +48.5s SAVECROP canvas=13661x5299 crop=(0.01915,0.04556) size=0.95993x0.81397 -> tiff 13113x4314
[14:56:53] +48.5s save encode 13113x4314
[14:56:57] +52.7s seam dump /home/dalibor/Projects/RapidRAW/lean_pano_proto/out/v52/DSCF4171/seams.txt
[14:56:57] +52.7s blend_stage extract=0.00s
[14:56:57] +52.7s blend_stage graphcut=74.35s
[14:56:57] +52.7s blend_stage mask_blur=4.19s
[14:56:57] +52.7s blend_stage pyr_blend=68.18s
[14:56:57] +52.7s boundary_step final: n=4501 median_step=16.06% p90=51.75%
[14:56:57] +52.7s blinds_flat  final: n=7393 median_step=13.95% p90=39.54%
[14:56:57] +52.7s woodline    final: n=3477 median_step=12.50% p90=39.15%
[14:56:57] +52.7s ghost_band   final: mean=0.923 keepA=0.51 cut_px=40884 swallowed=0
[14:56:57] +52.7s sharpness_lapvar final: 54.0142738508484
[14:56:57] +52.7s pano_mean_lum 0.006300426567149365 shadow_median 0.0009712052415125072 canvas 13113x4314 levels=6 window_px=512
[14:56:57] +52.7s time  final blend=26.01s encode_tiff=0.46s metrics=3.02s photometry=2.07s step_metrics=0.19s warp=2.61s
[14:56:57] +52.7s time  total=52.67s
[14:56:57] +52.7s saved /home/dalibor/Projects/RapidRAW/lean_pano_proto/out/v52/DSCF4171/DSCF4171_Pano.tiff
