[23:17:58] +0.0s log /home/dalibor/Projects/RapidRAW/lean_pano_proto/out/v30/DSCF0566/DSCF0566_Pano.pano.log
[23:17:58] +0.0s merge started files=10
[23:17:58] +0.2s jpeg DSCF0566.RAF native 4416x2944 declared 4416x2944
[23:17:58] +0.4s jpeg DSCF0567.RAF native 4416x2944 declared 4416x2944
[23:17:58] +0.6s jpeg DSCF0568.RAF native 4416x2944 declared 4416x2944
[23:17:58] +0.8s jpeg DSCF0569.RAF native 4416x2944 declared 4416x2944
[23:17:59] +1.0s jpeg DSCF0570.RAF native 4416x2944 declared 4416x2944
[23:17:59] +1.2s jpeg DSCF0571.RAF native 4416x2944 declared 4416x2944
[23:17:59] +1.4s jpeg DSCF0572.RAF native 4416x2944 declared 4416x2944
[23:17:59] +1.7s jpeg DSCF0573.RAF native 4416x2944 declared 4416x2944
[23:18:00] +1.9s jpeg DSCF0574.RAF native 4416x2944 declared 4416x2944
[23:18:00] +2.1s jpeg DSCF0575.RAF native 4416x2944 declared 4416x2944
[23:18:02] +4.4s points DSCF0566.RAF 11766
[23:18:02] +4.4s points DSCF0567.RAF 11738
[23:18:02] +4.4s points DSCF0568.RAF 11678
[23:18:02] +4.4s points DSCF0569.RAF 11728
[23:18:02] +4.4s points DSCF0570.RAF 11771
[23:18:02] +4.4s points DSCF0571.RAF 11772
[23:18:02] +4.4s points DSCF0572.RAF 11762
[23:18:02] +4.4s points DSCF0573.RAF 11774
[23:18:02] +4.4s points DSCF0574.RAF 11740
[23:18:02] +4.4s points DSCF0575.RAF 11787
[23:18:02] +4.4s matching 17 neighbor pairs
[23:18:07] +9.0s match DSCF0566.RAF<->DSCF0567.RAF: 4866 good
[23:18:07] +9.0s match DSCF0566.RAF<->DSCF0568.RAF: 3120 good
[23:18:07] +9.0s match DSCF0567.RAF<->DSCF0568.RAF: 5713 good
[23:18:07] +9.0s match DSCF0567.RAF<->DSCF0569.RAF: 4446 good
[23:18:07] +9.0s match DSCF0568.RAF<->DSCF0569.RAF: 6127 good
[23:18:07] +9.0s match DSCF0568.RAF<->DSCF0570.RAF: 4395 good
[23:18:07] +9.0s match DSCF0569.RAF<->DSCF0570.RAF: 5959 good
[23:18:07] +9.0s match DSCF0569.RAF<->DSCF0571.RAF: 4273 good
[23:18:07] +9.0s match DSCF0570.RAF<->DSCF0571.RAF: 6233 good
[23:18:07] +9.0s match DSCF0570.RAF<->DSCF0572.RAF: 4408 good
[23:18:07] +9.0s match DSCF0571.RAF<->DSCF0572.RAF: 6161 good
[23:18:07] +9.0s match DSCF0571.RAF<->DSCF0573.RAF: 4555 good
[23:18:07] +9.0s match DSCF0572.RAF<->DSCF0573.RAF: 6270 good
[23:18:07] +9.0s match DSCF0572.RAF<->DSCF0574.RAF: 4378 good
[23:18:07] +9.0s match DSCF0573.RAF<->DSCF0574.RAF: 6118 good
[23:18:07] +9.0s match DSCF0573.RAF<->DSCF0575.RAF: 4483 good
[23:18:07] +9.0s match DSCF0574.RAF<->DSCF0575.RAF: 6447 good
[23:18:07] +9.6s aligned kept=10 focal35=105.0 jpeg=4416x2944 points=4416x2944
[23:18:07] +9.6s lens crop=1.534 focal35=105.0 calib=1.529
[23:18:09] +10.9s sky target 0.1864
[23:18:09] +10.9s sky scale DSCF0566.RAF 1.598 median 0.1167
[23:18:09] +10.9s sky scale DSCF0567.RAF 0.938 median 0.1987
[23:18:09] +10.9s sky scale DSCF0568.RAF 1.000 median 0.1864
[23:18:09] +10.9s sky scale DSCF0569.RAF 0.939 median 0.1985
[23:18:09] +10.9s sky scale DSCF0570.RAF 1.008 median 0.1850
[23:18:09] +10.9s sky scale DSCF0571.RAF 1.011 median 0.1844
[23:18:09] +10.9s sky scale DSCF0572.RAF 1.021 median 0.1827
[23:18:09] +10.9s sky scale DSCF0573.RAF 1.005 median 0.1855
[23:18:09] +10.9s sky scale DSCF0574.RAF 0.853 median 0.2185
[23:18:09] +10.9s sky scale DSCF0575.RAF 0.806 median 0.2312
[23:18:09] +10.9s Matching brightness...
[23:18:09] +10.9s canvas perspective 6415x1694
[23:18:09] +11.0s warp DSCF0573.RAF: bbox=(3651,324,5616,1652) 1965x1328
[23:18:09] +11.1s warp DSCF0574.RAF: bbox=(4088,355,6042,1677) 1954x1322
[23:18:09] +11.1s warp DSCF0575.RAF: bbox=(4454,356,6415,1687) 1961x1331
[23:18:09] +11.1s warp DSCF0572.RAF: bbox=(3233,310,5228,1654) 1995x1344
[23:18:09] +11.1s warp DSCF0571.RAF: bbox=(2808,281,4844,1654) 2036x1373
[23:18:09] +11.1s warp DSCF0568.RAF: bbox=(1381,159,3691,1679) 2310x1520
[23:18:09] +11.1s warp DSCF0570.RAF: bbox=(2354,242,4455,1656) 2101x1414
[23:18:09] +11.1s warp DSCF0567.RAF: bbox=(870,104,3323,1690) 2453x1586
[23:18:09] +11.1s warp DSCF0566.RAF: bbox=(0,0,2734,1694) 2734x1694
[23:18:09] +11.1s warp DSCF0569.RAF: bbox=(1869,203,4063,1667) 2194x1464
[23:18:09] +11.4s brightness gains=10 corner=0.659
[23:18:09] +11.4s Blending photos...
[23:18:09] +11.6s blend 1: window=3019x1694 tiles=1150
[23:18:10] +12.0s local moved kept=278 field=3.46 disagree 0.1927 -> 0.0823
[23:18:10] +12.1s seam grid 47x55 nodes=2380
[23:18:10] +12.1s seam grid 346x416 nodes=43314
[23:18:10] +12.2s seam refine nodes=43314
[23:18:10] +12.2s painted
[23:18:10] +12.2s mask blurred
[23:18:10] +12.4s pyramid gauss
[23:18:10] +12.5s pyramid expand
[23:18:10] +12.5s pasted
[23:18:10] +12.5s blended 1 keepA=0.51
[23:18:10] +12.5s blend 2: window=3125x1694 tiles=1175
[23:18:10] +12.8s local moved kept=284 field=4.27 disagree 0.2456 -> 0.1314
[23:18:10] +12.8s seam grid 47x56 nodes=2478
[23:18:10] +12.8s seam grid 353x425 nodes=40091
[23:18:11] +13.0s seam refine nodes=40091
[23:18:11] +13.0s painted
[23:18:11] +13.0s mask blurred
[23:18:11] +13.1s pyramid gauss
[23:18:11] +13.1s pyramid expand
[23:18:11] +13.2s pasted
[23:18:11] +13.2s blended 2 keepA=0.58
[23:18:11] +13.2s blend 3: window=2989x1694 tiles=1125
[23:18:11] +13.5s local moved kept=276 field=3.96 disagree 0.2465 -> 0.1079
[23:18:11] +13.5s seam grid 46x54 nodes=2339
[23:18:11] +13.5s seam grid 343x407 nodes=30666
[23:18:11] +13.6s seam refine nodes=30666
[23:18:11] +13.6s painted
[23:18:11] +13.6s mask blurred
[23:18:11] +13.7s pyramid gauss
[23:18:11] +13.8s pyramid expand
[23:18:11] +13.8s pasted
[23:18:11] +13.8s blended 3 keepA=0.61
[23:18:11] +13.8s blend 4: window=3218x1694 tiles=1225
[23:18:12] +14.2s local moved kept=324 field=5.18 disagree 0.2209 -> 0.1029
[23:18:12] +14.2s seam grid 49x58 nodes=2624
[23:18:12] +14.2s seam grid 365x440 nodes=40449
[23:18:12] +14.4s seam refine nodes=40449
[23:18:12] +14.4s painted
[23:18:12] +14.4s mask blurred
[23:18:12] +14.5s pyramid gauss
[23:18:12] +14.5s pyramid expand
[23:18:12] +14.6s pasted
[23:18:12] +14.6s blended 4 keepA=0.49
[23:18:12] +14.6s blend 5: window=3334x1694 tiles=1275
[23:18:13] +14.9s local moved kept=401 field=6.26 disagree 0.2208 -> 0.0907
[23:18:13] +14.9s seam grid 50x62 nodes=2850
[23:18:13] +15.0s seam grid 377x468 nodes=44704
[23:18:13] +15.1s seam refine nodes=44704
[23:18:13] +15.1s painted
[23:18:13] +15.1s mask blurred
[23:18:13] +15.2s pyramid gauss
[23:18:13] +15.2s pyramid expand
[23:18:13] +15.3s pasted
[23:18:13] +15.3s blended 5 keepA=0.76
[23:18:13] +15.3s blend 6: window=2839x1694 tiles=1075
[23:18:13] +15.6s local moved kept=267 field=4.63 disagree 0.3088 -> 0.1196
[23:18:13] +15.6s seam grid 45x53 nodes=2328
[23:18:13] +15.6s seam grid 334x395 nodes=30712
[23:18:13] +15.7s seam refine nodes=30712
[23:18:13] +15.7s painted
[23:18:13] +15.7s mask blurred
[23:18:13] +15.8s pyramid gauss
[23:18:14] +15.9s pyramid expand
[23:18:14] +15.9s pasted
[23:18:14] +15.9s blended 6 keepA=0.50
[23:18:14] +15.9s blend 7: window=3477x1694 tiles=1325
[23:18:14] +16.3s local moved kept=446 field=6.76 disagree 0.2296 -> 0.0997
[23:18:14] +16.4s seam grid 52x66 nodes=3124
[23:18:14] +16.4s seam grid 391x498 nodes=42069
[23:18:14] +16.5s seam refine nodes=42069
[23:18:14] +16.5s painted
[23:18:14] +16.5s mask blurred
[23:18:14] +16.6s pyramid gauss
[23:18:14] +16.7s pyramid expand
[23:18:14] +16.7s pasted
[23:18:14] +16.7s blended 7 keepA=0.58
[23:18:14] +16.7s blend 8: window=2473x1694 tiles=925
[23:18:15] +17.0s local moved kept=303 field=5.04 disagree 0.3377 -> 0.1250
[23:18:15] +17.1s seam grid 46x55 nodes=2404
[23:18:15] +17.1s seam grid 340x410 nodes=29717
[23:18:15] +17.1s seam refine nodes=29717
[23:18:15] +17.1s painted
[23:18:15] +17.1s mask blurred
[23:18:15] +17.2s pyramid gauss
[23:18:15] +17.3s pyramid expand
[23:18:15] +17.3s pasted
[23:18:15] +17.3s blended 8 keepA=0.61
[23:18:15] +17.3s blend 9: window=3246x1694 tiles=1225
[23:18:15] +17.7s local moved kept=416 field=8.17 disagree 0.2073 -> 0.0812
[23:18:15] +17.7s seam grid 54x63 nodes=3122
[23:18:15] +17.7s seam grid 403x479 nodes=51832
[23:18:16] +18.0s seam refine nodes=51832
[23:18:16] +18.0s painted
[23:18:16] +18.0s mask blurred
[23:18:16] +18.1s pyramid gauss
[23:18:16] +18.2s pyramid expand
[23:18:16] +18.2s pasted
[23:18:16] +18.2s blended 9 keepA=0.59
[23:18:16] +18.2s preview canvas perspective 6415x1694 shifts=9
[23:18:16] +18.2s time  preview=8.59s (solve+match 9.64s)
[23:18:16] +18.3s preview ready /home/dalibor/Projects/RapidRAW/lean_pano_proto/out/v30/DSCF0566/DSCF0566_preview.jpg
[23:18:16] +18.3s save started
[23:18:16] +18.3s develop jobs=4
[23:18:23] +24.9s developed DSCF0566.RAF 7728x5152 -> 1920x1280
[23:18:23] +24.9s developed DSCF0567.RAF 7728x5152 -> 1920x1280
[23:18:23] +24.9s developed DSCF0568.RAF 7728x5152 -> 1920x1280
[23:18:23] +24.9s developed DSCF0569.RAF 7728x5152 -> 1920x1280
[23:18:23] +24.9s developed DSCF0570.RAF 7728x5152 -> 1920x1280
[23:18:23] +24.9s developed DSCF0571.RAF 7728x5152 -> 1920x1280
[23:18:23] +24.9s developed DSCF0572.RAF 7728x5152 -> 1920x1280
[23:18:23] +24.9s developed DSCF0573.RAF 7728x5152 -> 1920x1280
[23:18:23] +24.9s developed DSCF0574.RAF 7728x5152 -> 1920x1280
[23:18:23] +24.9s developed DSCF0575.RAF 7728x5152 -> 1920x1280
[23:18:23] +24.9s time  develop=6.56s
[23:18:23] +24.9s scale raw=7728x5152 jpeg=4416x2944 x=1.7500 y=1.7500
[23:18:23] +24.9s Matching brightness...
[23:18:23] +24.9s canvas perspective 6415x1694
[23:18:23] +25.1s warp DSCF0574.RAF: bbox=(4088,355,6042,1677) 1954x1322
[23:18:23] +25.1s warp DSCF0575.RAF: bbox=(4454,356,6415,1687) 1961x1331
[23:18:23] +25.1s warp DSCF0569.RAF: bbox=(1869,203,4063,1667) 2194x1464
[23:18:23] +25.1s warp DSCF0572.RAF: bbox=(3233,310,5228,1654) 1995x1344
[23:18:23] +25.1s warp DSCF0568.RAF: bbox=(1381,159,3691,1679) 2310x1520
[23:18:23] +25.1s warp DSCF0573.RAF: bbox=(3651,324,5616,1652) 1965x1328
[23:18:23] +25.1s warp DSCF0571.RAF: bbox=(2808,281,4844,1654) 2036x1373
[23:18:23] +25.1s warp DSCF0567.RAF: bbox=(870,104,3323,1690) 2453x1586
[23:18:23] +25.2s warp DSCF0570.RAF: bbox=(2354,242,4455,1656) 2101x1414
[23:18:23] +25.2s warp DSCF0566.RAF: bbox=(0,0,2734,1694) 2734x1694
[23:18:23] +25.6s brightness gains=10 corner=0.636
[23:18:23] +25.6s Blending photos...
[23:18:23] +25.9s blend 1: window=3019x1694 tiles=1150
[23:18:24] +26.3s local moved kept=256 field=4.18 disagree 0.2697 -> 0.0997
[23:18:24] +26.3s seam grid 47x55 nodes=2381
[23:18:24] +26.3s seam grid 346x416 nodes=40235
[23:18:24] +26.4s seam refine nodes=40235
[23:18:24] +26.4s painted
[23:18:24] +26.4s mask blurred
[23:18:24] +26.6s pyramid gauss
[23:18:24] +26.7s pyramid expand
[23:18:24] +26.7s pasted
[23:18:24] +26.7s blended 1 keepA=0.53
[23:18:24] +26.7s blend 2: window=3125x1694 tiles=1175
[23:18:25] +27.0s local moved kept=273 field=5.25 disagree 0.2998 -> 0.1368
[23:18:25] +27.0s seam grid 47x56 nodes=2477
[23:18:25] +27.0s seam grid 353x425 nodes=36430
[23:18:25] +27.2s seam refine nodes=36430
[23:18:25] +27.2s painted
[23:18:25] +27.2s mask blurred
[23:18:25] +27.3s pyramid gauss
[23:18:25] +27.5s pyramid expand
[23:18:25] +27.5s pasted
[23:18:25] +27.5s blended 2 keepA=0.58
[23:18:25] +27.5s blend 3: window=2989x1694 tiles=1125
[23:18:25] +27.8s local moved kept=269 field=7.23 disagree 0.3401 -> 0.1564
[23:18:25] +27.8s seam grid 46x54 nodes=2341
[23:18:25] +27.8s seam grid 342x407 nodes=32665
[23:18:26] +27.9s seam refine nodes=32665
[23:18:26] +27.9s painted
[23:18:26] +27.9s mask blurred
[23:18:26] +28.0s pyramid gauss
[23:18:26] +28.0s pyramid expand
[23:18:26] +28.1s pasted
[23:18:26] +28.1s blended 3 keepA=0.60
[23:18:26] +28.1s blend 4: window=3218x1694 tiles=1225
[23:18:26] +28.4s local moved kept=319 field=9.25 disagree 0.3102 -> 0.1433
[23:18:26] +28.5s seam grid 49x58 nodes=2625
[23:18:26] +28.5s seam grid 365x440 nodes=35292
[23:18:26] +28.6s seam refine nodes=35292
[23:18:26] +28.6s painted
[23:18:26] +28.6s mask blurred
[23:18:26] +28.7s pyramid gauss
[23:18:26] +28.8s pyramid expand
[23:18:26] +28.8s pasted
[23:18:26] +28.8s blended 4 keepA=0.58
[23:18:26] +28.8s blend 5: window=3334x1694 tiles=1275
[23:18:27] +29.2s local moved kept=399 field=12.65 disagree 0.2979 -> 0.1543
[23:18:27] +29.2s seam grid 51x62 nodes=2850
[23:18:27] +29.2s seam grid 378x468 nodes=42591
[23:18:27] +29.4s seam refine nodes=42591
[23:18:27] +29.4s painted
[23:18:27] +29.4s mask blurred
[23:18:27] +29.5s pyramid gauss
[23:18:27] +29.6s pyramid expand
[23:18:27] +29.6s pasted
[23:18:27] +29.6s blended 5 keepA=0.65
[23:18:27] +29.6s blend 6: window=2839x1694 tiles=1075
[23:18:28] +29.9s local moved kept=272 field=10.03 disagree 0.3743 -> 0.1884
[23:18:28] +29.9s seam grid 45x53 nodes=2327
[23:18:28] +29.9s seam grid 334x395 nodes=31281
[23:18:28] +30.1s seam refine nodes=31281
[23:18:28] +30.1s painted
[23:18:28] +30.1s mask blurred
[23:18:28] +30.2s pyramid gauss
[23:18:28] +30.3s pyramid expand
[23:18:28] +30.3s pasted
[23:18:28] +30.3s blended 6 keepA=0.51
[23:18:28] +30.3s blend 7: window=3477x1694 tiles=1325
[23:18:28] +30.7s local moved kept=475 field=14.53 disagree 0.2912 -> 0.1484
[23:18:28] +30.7s seam grid 52x66 nodes=3124
[23:18:28] +30.7s seam grid 391x498 nodes=40875
[23:18:29] +30.9s seam refine nodes=40875
[23:18:29] +30.9s painted
[23:18:29] +30.9s mask blurred
[23:18:29] +31.0s pyramid gauss
[23:18:29] +31.1s pyramid expand
[23:18:29] +31.1s pasted
[23:18:29] +31.1s blended 7 keepA=0.57
[23:18:29] +31.1s blend 8: window=2473x1694 tiles=925
[23:18:29] +31.4s local moved kept=304 field=10.54 disagree 0.3832 -> 0.1824
[23:18:29] +31.5s seam grid 46x55 nodes=2404
[23:18:29] +31.5s seam grid 340x410 nodes=29082
[23:18:29] +31.5s seam refine nodes=29082
[23:18:29] +31.5s painted
[23:18:29] +31.5s mask blurred
[23:18:29] +31.6s pyramid gauss
[23:18:29] +31.7s pyramid expand
[23:18:29] +31.7s pasted
[23:18:29] +31.7s blended 8 keepA=0.61
[23:18:29] +31.7s blend 9: window=3246x1694 tiles=1225
[23:18:30] +32.1s local moved kept=426 field=15.72 disagree 0.3106 -> 0.1468
[23:18:30] +32.2s seam grid 54x63 nodes=3122
[23:18:30] +32.2s seam grid 403x479 nodes=48010
[23:18:30] +32.4s seam refine nodes=48010
[23:18:30] +32.4s painted
[23:18:30] +32.4s mask blurred
[23:18:30] +32.5s pyramid gauss
[23:18:30] +32.6s pyramid expand
[23:18:30] +32.6s pasted
[23:18:30] +32.6s blended 9 keepA=0.59
[23:18:30] +32.6s time  linear_photometry=7.70s
[23:18:30] +32.6s photometry source=second compose
[23:18:30] +32.6s save seam preview
[23:18:30] +32.6s save cut fullres
[23:18:30] +32.6s photometry gains=10
[23:18:30] +32.6s photo pedestal=0.002654 field_norm=2.012343 gains=[0.9964 1.0341 0.9594 0.9558 1.0073 0.9939 1.0517 0.9702 1.0317 1.0043]
[23:18:30] +32.6s canvas perspective 25820x6819
[23:18:31] +33.3s local align resolution 1/2
[23:18:31] +33.3s composite levels=6 pad=512
[23:18:31] +33.3s local alignment refine=true
[23:18:32] +34.4s warped DSCF0571.RAF straight
[23:18:34] +36.1s local copied sparse
[23:18:34] +36.1s align-half skip no staged field
[23:18:34] +36.2s field n=0 const=[1.0000 1.0000 1.0000] peak=0.0000 gain=-0.1069 (rejected)
[23:18:34] +36.5s seam grid 171x205 nodes=34337
[23:18:34] +36.8s seam grid 1340x1621 nodes=136426
[23:18:36] +38.2s seam refine nodes=136426
[23:18:36] +38.2s painted
[23:18:36] +38.4s mask blurred
[23:18:38] +40.1s pyramid gauss
[23:18:39] +41.2s pyramid expand
[23:18:39] +41.4s blended
[23:18:39] +41.4s seam 1 window=9002x6057 keepA=0.35
[23:18:39] +41.4s warped DSCF0572.RAF nudged
[23:18:41] +43.3s local copied sparse
[23:18:41] +43.3s align-half skip no staged field
[23:18:41] +43.4s field n=0 const=[1.0000 1.0000 1.0000] peak=0.0000 gain=-0.0941 (rejected)
[23:18:41] +43.8s seam grid 174x211 nodes=36191
[23:18:42] +44.1s seam grid 1368x1658 nodes=164344
[23:18:44] +46.2s seam refine nodes=164344
[23:18:44] +46.2s painted
[23:18:44] +46.3s mask blurred
[23:18:46] +48.1s pyramid gauss
[23:18:47] +49.3s pyramid expand
[23:18:47] +49.4s blended
[23:18:47] +49.4s seam 2 window=9428x6331 keepA=0.59
[23:18:47] +49.4s warped DSCF0570.RAF nudged
[23:18:49] +51.2s local copied sparse
[23:18:49] +51.2s align-half skip no staged field
[23:18:49] +51.3s field n=0 const=[1.0000 1.0000 1.0000] peak=0.0000 gain=-0.0617 (rejected)
[23:18:49] +51.6s seam grid 169x202 nodes=33620
[23:18:50] +51.9s seam grid 1327x1586 nodes=128496
[23:18:51] +53.1s seam refine nodes=128496
[23:18:51] +53.1s painted
[23:18:51] +53.2s mask blurred
[23:18:53] +54.9s pyramid gauss
[23:18:54] +55.9s pyramid expand
[23:18:54] +56.1s blended
[23:18:54] +56.1s seam 3 window=8879x6000 keepA=0.43
[23:18:54] +56.1s warped DSCF0573.RAF nudged
[23:18:56] +58.1s local copied sparse
[23:18:56] +58.1s align-half skip no staged field
[23:18:56] +58.3s field n=0 const=[1.0000 1.0000 1.0000] peak=0.0000 gain=-0.0482 (rejected)
[23:18:56] +58.6s seam grid 180x218 nodes=38317
[23:18:57] +59.0s seam grid 1415x1720 nodes=178151
[23:18:58] +60.8s seam refine nodes=178151
[23:18:59] +60.9s painted
[23:18:59] +61.0s mask blurred
[23:19:01] +62.9s pyramid gauss
[23:19:02] +64.0s pyramid expand
[23:19:02] +64.2s blended
[23:19:02] +64.2s seam 4 window=9805x6488 keepA=0.58
[23:19:02] +64.2s warped DSCF0569.RAF nudged
[23:19:04] +66.1s local copied sparse
[23:19:04] +66.1s align-half skip no staged field
[23:19:04] +66.3s field n=0 const=[1.0000 1.0000 1.0000] peak=0.0000 gain=-0.0156 (rejected)
[23:19:04] +66.7s seam grid 187x233 nodes=41752
[23:19:05] +67.1s seam grid 1467x1834 nodes=182605
[23:19:07] +69.3s seam refine nodes=182605
[23:19:07] +69.3s painted
[23:19:07] +69.5s mask blurred
[23:19:09] +71.6s pyramid gauss
[23:19:11] +73.0s pyramid expand
[23:19:11] +73.2s blended
[23:19:11] +73.2s seam 5 window=10271x6667 keepA=0.66
[23:19:11] +73.2s warped DSCF0568.RAF nudged
[23:19:12] +74.7s local copied sparse
[23:19:12] +74.7s align-half skip no staged field
[23:19:12] +74.8s field n=0 const=[1.0000 1.0000 1.0000] peak=0.0000 gain=-0.0860 (rejected)
[23:19:13] +75.1s seam grid 165x195 nodes=32165
[23:19:13] +75.4s seam grid 1295x1537 nodes=131997
[23:19:15] +77.0s seam refine nodes=131997
[23:19:15] +77.1s painted
[23:19:15] +77.2s mask blurred
[23:19:16] +78.8s pyramid gauss
[23:19:17] +79.8s pyramid expand
[23:19:18] +79.9s blended
[23:19:18] +79.9s seam 6 window=8835x5876 keepA=0.50
[23:19:18] +79.9s warped DSCF0574.RAF nudged
[23:19:20] +81.9s local copied sparse
[23:19:20] +81.9s align-half skip no staged field
[23:19:20] +82.1s field n=0 const=[1.0000 1.0000 1.0000] peak=0.0000 gain=-0.0465 (rejected)
[23:19:20] +82.5s seam grid 194x248 nodes=45686
[23:19:21] +83.1s seam grid 1522x1954 nodes=205402
[23:19:23] +85.3s seam refine nodes=205402
[23:19:23] +85.3s painted
[23:19:23] +85.5s mask blurred
[23:19:25] +87.7s pyramid gauss
[23:19:27] +89.0s pyramid expand
[23:19:27] +89.2s blended
[23:19:27] +89.2s seam 7 window=10847x6819 keepA=0.63
[23:19:27] +89.2s warped DSCF0567.RAF nudged
[23:19:29] +90.9s local copied sparse
[23:19:29] +90.9s align-half skip no staged field
[23:19:29] +91.0s field n=0 const=[1.0000 1.0000 1.0000] peak=0.0000 gain=-0.0923 (rejected)
[23:19:29] +91.3s seam grid 168x203 nodes=33951
[23:19:29] +91.7s seam grid 1320x1597 nodes=149322
[23:19:31] +93.2s seam refine nodes=149322
[23:19:31] +93.2s painted
[23:19:31] +93.3s mask blurred
[23:19:33] +94.9s pyramid gauss
[23:19:34] +96.0s pyramid expand
[23:19:34] +96.1s blended
[23:19:34] +96.1s seam 8 window=8377x5873 keepA=0.52
[23:19:34] +96.1s warped DSCF0575.RAF nudged
[23:19:36] +98.6s local copied sparse
[23:19:36] +98.6s align-half skip no staged field
[23:19:36] +98.7s field n=0 const=[1.0000 1.0000 1.0000] peak=0.0000 gain=-0.0723 (rejected)
[23:19:37] +99.2s seam grid 200x238 nodes=45980
[23:19:37] +99.7s seam grid 1570x1876 nodes=181166
[23:19:39] +101.5s seam refine nodes=181166
[23:19:39] +101.6s painted
[23:19:39] +101.7s mask blurred
[23:19:42] +103.9s pyramid gauss
[23:19:43] +105.3s pyramid expand
[23:19:43] +105.5s blended
[23:19:43] +105.5s seam 9 window=11491x6819 keepA=0.58
[23:19:43] +105.5s warped DSCF0566.RAF nudged
[23:19:43] +105.5s refined shifts seams=0 mean_abs_shift=0.000px max_abs_shift=0.000px
[23:19:43] +105.5s exposure gains applied 8
[23:19:43] +105.9s save encode 25414x4991
[23:19:53] +115.2s seam dump /home/dalibor/Projects/RapidRAW/lean_pano_proto/out/v30/DSCF0566/seams.txt
[23:19:53] +115.2s blend_stage extract=0.00s
[23:19:53] +115.2s blend_stage graphcut=38.98s
[23:19:53] +115.2s blend_stage local_align_half=3.34s
[23:19:53] +115.2s blend_stage mask_blur=2.58s
[23:19:53] +115.2s blend_stage pyr_blend=40.20s
[23:19:53] +115.2s boundary_step final: n=10365 median_step=3.05% p90=43.77%
[23:19:53] +115.2s blinds_flat  final: n=15520 median_step=1.71% p90=22.15%
[23:19:53] +115.2s woodline    final: n=8415 median_step=9.69% p90=66.75%
[23:19:53] +115.2s ghost_band   final: mean=0.860 keepA=0.54 cut_px=109134 swallowed=0
[23:19:53] +115.2s sharpness_lapvar final: 10.263664366049204
[23:19:53] +115.2s pano_mean_lum 0.05241758033518215 shadow_median 0.03616730868816376 canvas 25414x4991 levels=6 window_px=512
[23:19:53] +115.2s time  final blend=62.07s encode_tiff=1.12s metrics=6.90s photometry=4.19s step_metrics=0.09s warp=4.13s
[23:19:53] +115.2s time  total=115.15s
[23:19:53] +115.2s saved /home/dalibor/Projects/RapidRAW/lean_pano_proto/out/v30/DSCF0566/DSCF0566_Pano.tiff
