[11:13:02] +0.0s log /home/dalibor/Projects/RapidRAW/lean_pano_proto/out/v52/DSCF8425/DSCF8425_Pano.pano.log
[11:13:02] +0.0s merge started files=5
[11:13:02] +0.1s focal native unavailable or disabled, using exif 35eq=79.0mm (crop=1.534)
[11:13:02] +0.2s jpeg DSCF8425.RAF native 4416x2944 declared 4416x2944
[11:13:02] +0.3s jpeg DSCF8426.RAF native 4416x2944 declared 4416x2944
[11:13:03] +0.5s jpeg DSCF8427.RAF native 4416x2944 declared 4416x2944
[11:13:03] +0.7s jpeg DSCF8428.RAF native 4416x2944 declared 4416x2944
[11:13:03] +0.9s jpeg DSCF8429.RAF native 4416x2944 declared 4416x2944
[11:13:04] +2.4s points DSCF8425.RAF 11967
[11:13:04] +2.4s points DSCF8426.RAF 11974
[11:13:04] +2.4s points DSCF8427.RAF 11522
[11:13:04] +2.4s points DSCF8428.RAF 11130
[11:13:04] +2.4s points DSCF8429.RAF 11611
[11:13:08] +5.8s match DSCF8425.RAF<->DSCF8426.RAF: 6136 good
[11:13:08] +5.8s match DSCF8425.RAF<->DSCF8427.RAF: 4485 good
[11:13:08] +5.8s match DSCF8425.RAF<->DSCF8428.RAF: 3355 good
[11:13:08] +5.8s match DSCF8425.RAF<->DSCF8429.RAF: 2456 good
[11:13:08] +5.8s match DSCF8426.RAF<->DSCF8427.RAF: 6017 good
[11:13:08] +5.8s match DSCF8426.RAF<->DSCF8428.RAF: 4547 good
[11:13:08] +5.8s match DSCF8426.RAF<->DSCF8429.RAF: 3540 good
[11:13:08] +5.8s match DSCF8427.RAF<->DSCF8428.RAF: 6026 good
[11:13:08] +5.8s match DSCF8427.RAF<->DSCF8429.RAF: 4763 good
[11:13:08] +5.8s match DSCF8428.RAF<->DSCF8429.RAF: 6136 good
[11:13:08] +6.1s aligned kept=5 focal35=79.0 jpeg=4416x2944 points=4416x2944
[11:13:08] +6.1s lens crop=1.534 focal35=79.0 calib=1.529
[11:13:09] +6.8s sky target 0.3677
[11:13:09] +6.8s sky scale DSCF8425.RAF 1.000 median 0.3677
[11:13:09] +6.8s sky scale DSCF8426.RAF 1.022 median 0.3598
[11:13:09] +6.8s sky scale DSCF8427.RAF 1.001 median 0.3674
[11:13:09] +6.8s sky scale DSCF8428.RAF 0.976 median 0.3767
[11:13:09] +6.8s sky scale DSCF8429.RAF 0.891 median 0.4127
[11:13:09] +6.8s Matching brightness...
[11:13:09] +6.8s canvas perspective 3322x1389
[11:13:09] +6.9s warp DSCF8428.RAF: bbox=(1096,40,3037,1343) 1941x1303
[11:13:09] +6.9s warp DSCF8426.RAF: bbox=(456,21,2437,1372) 1981x1351
[11:13:09] +7.0s warp DSCF8427.RAF: bbox=(806,36,2754,1354) 1948x1318
[11:13:09] +7.0s warp DSCF8425.RAF: bbox=(0,0,2044,1389) 2044x1389
[11:13:09] +7.0s warp DSCF8429.RAF: bbox=(1380,36,3322,1355) 1942x1319
[11:13:09] +7.0s brightness gains=5 corner=0.875
[11:13:09] +7.0s Blending photos...
[11:13:09] +7.2s blend 1: window=2738x1389 tiles=820
[11:13:10] +7.5s local moved kept=290 field=1.86 disagree 0.0764 -> 0.0532
[11:13:10] +7.5s seam grid 46x57 nodes=2446
[11:13:10] +7.5s cut_energy opt=101739 shipped=101739 excess=+0.000%
[11:13:10] +7.5s seam grid 338x427 nodes=22082
[11:13:10] +7.7s cut_energy opt=1225801 shipped=1225801 excess=+0.000%
[11:13:10] +7.7s seam refine nodes=22082
[11:13:10] +7.7s painted
[11:13:10] +7.7s mask blurred
[11:13:10] +7.7s pyramid gauss
[11:13:10] +7.8s pyramid expand
[11:13:10] +7.8s pasted
[11:13:10] +7.8s blended 1 keepA=0.40
[11:13:10] +7.8s blend 2: window=2949x1389 tiles=900
[11:13:10] +8.1s local moved kept=283 field=2.35 disagree 0.1198 -> 0.0884
[11:13:10] +8.2s seam grid 46x56 nodes=2371
[11:13:10] +8.2s cut_energy opt=96455 shipped=96455 excess=+0.000%
[11:13:10] +8.2s seam grid 342x421 nodes=34115
[11:13:10] +8.3s cut_energy opt=1276219 shipped=1276219 excess=+0.000%
[11:13:10] +8.3s seam refine nodes=34115
[11:13:10] +8.3s painted
[11:13:10] +8.3s mask blurred
[11:13:10] +8.4s pyramid gauss
[11:13:11] +8.5s pyramid expand
[11:13:11] +8.5s pasted
[11:13:11] +8.5s blended 2 keepA=0.62
[11:13:11] +8.5s blend 3: window=2454x1389 tiles=740
[11:13:11] +8.8s local moved kept=275 field=2.87 disagree 0.1134 -> 0.0787
[11:13:11] +8.8s seam grid 46x57 nodes=2432
[11:13:11] +8.8s cut_energy opt=97507 shipped=97507 excess=+0.000%
[11:13:11] +8.8s seam grid 340x427 nodes=40027
[11:13:11] +9.0s cut_energy opt=1243850 shipped=1243850 excess=+0.000%
[11:13:11] +9.0s seam refine nodes=40027
[11:13:11] +9.0s painted
[11:13:11] +9.0s mask blurred
[11:13:11] +9.1s pyramid gauss
[11:13:11] +9.2s pyramid expand
[11:13:11] +9.2s pasted
[11:13:11] +9.2s blended 3 keepA=0.55
[11:13:11] +9.2s blend 4: window=2556x1389 tiles=760
[11:13:12] +9.5s local moved kept=288 field=3.16 disagree 0.1412 -> 0.0948
[11:13:12] +9.5s seam grid 47x55 nodes=2370
[11:13:12] +9.5s cut_energy opt=88086 shipped=88086 excess=+0.000%
[11:13:12] +9.5s seam grid 348x410 nodes=31060
[11:13:12] +9.6s cut_energy opt=1049299 shipped=1049299 excess=+0.000%
[11:13:12] +9.6s seam refine nodes=31060
[11:13:12] +9.6s painted
[11:13:12] +9.6s mask blurred
[11:13:12] +9.7s pyramid gauss
[11:13:12] +9.7s pyramid expand
[11:13:12] +9.7s pasted
[11:13:12] +9.7s blended 4 keepA=0.50
[11:13:12] +9.7s preview canvas perspective 3322x1389 shifts=4
[11:13:12] +9.7s time  preview=3.57s (solve+match 6.15s)
[11:13:12] +9.8s preview ready /home/dalibor/Projects/RapidRAW/lean_pano_proto/out/v52/DSCF8425/DSCF8425_preview.jpg
[11:13:12] +9.8s save started
[11:13:12] +9.8s develop jobs=4
[11:13:16] +13.6s developed DSCF8425.RAF 7728x5152 -> 1920x1280
[11:13:16] +13.6s developed DSCF8426.RAF 7728x5152 -> 1920x1280
[11:13:16] +13.6s developed DSCF8427.RAF 7728x5152 -> 1920x1280
[11:13:16] +13.6s developed DSCF8428.RAF 7728x5152 -> 1920x1280
[11:13:16] +13.6s developed DSCF8429.RAF 7728x5152 -> 1920x1280
[11:13:16] +13.6s time  develop=3.82s
[11:13:16] +13.6s scale raw=7728x5152 jpeg=4416x2944 x=1.7500 y=1.7500
[11:13:16] +13.6s Matching brightness...
[11:13:16] +13.6s canvas perspective 3322x1389
[11:13:16] +13.8s warp DSCF8426.RAF: bbox=(456,21,2437,1372) 1981x1351
[11:13:16] +13.8s warp DSCF8427.RAF: bbox=(806,36,2754,1354) 1948x1318
[11:13:16] +13.8s warp DSCF8428.RAF: bbox=(1096,40,3037,1343) 1941x1303
[11:13:16] +13.8s warp DSCF8429.RAF: bbox=(1380,36,3322,1355) 1942x1319
[11:13:16] +13.9s warp DSCF8425.RAF: bbox=(0,0,2044,1389) 2044x1389
[11:13:16] +14.0s brightness gains=5 corner=0.869
[11:13:16] +14.0s Blending photos...
[11:13:16] +14.1s blend 1: window=2738x1389 tiles=820
[11:13:17] +14.4s local moved kept=214 field=3.18 disagree 0.1063 -> 0.0463
[11:13:17] +14.4s seam grid 46x57 nodes=2446
[11:13:17] +14.4s cut_energy opt=101391 shipped=101391 excess=+0.000%
[11:13:17] +14.5s seam grid 338x427 nodes=24301
[11:13:17] +14.6s cut_energy opt=1171773 shipped=1171773 excess=+0.000%
[11:13:17] +14.6s seam refine nodes=24301
[11:13:17] +14.6s painted
[11:13:17] +14.6s mask blurred
[11:13:17] +14.7s pyramid gauss
[11:13:17] +14.8s pyramid expand
[11:13:17] +14.8s pasted
[11:13:17] +14.8s blended 1 keepA=0.42
[11:13:17] +14.8s blend 2: window=2949x1389 tiles=900
[11:13:17] +15.1s local moved kept=216 field=4.11 disagree 0.1391 -> 0.0746
[11:13:17] +15.1s seam grid 46x56 nodes=2371
[11:13:17] +15.1s cut_energy opt=90328 shipped=90328 excess=+0.000%
[11:13:17] +15.1s seam grid 342x421 nodes=25653
[11:13:17] +15.2s cut_energy opt=1148582 shipped=1148582 excess=+0.000%
[11:13:17] +15.2s seam refine nodes=25653
[11:13:17] +15.2s painted
[11:13:17] +15.2s mask blurred
[11:13:17] +15.3s pyramid gauss
[11:13:17] +15.3s pyramid expand
[11:13:17] +15.4s pasted
[11:13:17] +15.4s blended 2 keepA=0.49
[11:13:17] +15.4s blend 3: window=2454x1389 tiles=740
[11:13:18] +15.6s local moved kept=218 field=5.36 disagree 0.1417 -> 0.0777
[11:13:18] +15.6s seam grid 46x57 nodes=2433
[11:13:18] +15.6s cut_energy opt=92390 shipped=92390 excess=+0.000%
[11:13:18] +15.6s seam grid 339x427 nodes=34404
[11:13:18] +15.8s cut_energy opt=1230481 shipped=1230481 excess=+0.000%
[11:13:18] +15.8s seam refine nodes=34404
[11:13:18] +15.8s painted
[11:13:18] +15.8s mask blurred
[11:13:18] +15.9s pyramid gauss
[11:13:18] +16.0s pyramid expand
[11:13:18] +16.0s pasted
[11:13:18] +16.0s blended 3 keepA=0.54
[11:13:18] +16.0s blend 4: window=2556x1389 tiles=760
[11:13:18] +16.3s local moved kept=253 field=7.13 disagree 0.1624 -> 0.0827
[11:13:18] +16.3s seam grid 47x55 nodes=2370
[11:13:18] +16.3s cut_energy opt=86595 shipped=86595 excess=+0.000%
[11:13:18] +16.3s seam grid 348x410 nodes=25356
[11:13:18] +16.3s cut_energy opt=992891 shipped=992891 excess=+0.000%
[11:13:18] +16.3s seam refine nodes=25356
[11:13:18] +16.3s painted
[11:13:18] +16.3s mask blurred
[11:13:18] +16.4s pyramid gauss
[11:13:19] +16.4s pyramid expand
[11:13:19] +16.5s pasted
[11:13:19] +16.5s blended 4 keepA=0.49
[11:13:19] +16.5s time  linear_photometry=2.84s
[11:13:19] +16.5s photometry source=second compose
[11:13:19] +16.5s save seam preview
[11:13:19] +16.5s save cut fullres
[11:13:19] +16.5s photometry gains=5
[11:13:19] +16.5s photo pedestal=0.005473 field_norm=0.239439 gains=[1.0113 0.9997 0.9840 1.0077 0.9975]
[11:13:19] +16.5s save seam developed
[11:13:19] +16.5s canvas perspective 13371x5591
[11:13:19] +16.7s local align resolution 1/1
[11:13:19] +16.7s composite levels=6 pad=512
[11:13:19] +16.7s local alignment refine=false
[11:13:20] +17.7s warped DSCF8427.RAF straight
[11:13:21] +19.3s field n=0 const=[1.0000 1.0000 1.0000] peak=0.0000 gain=-0.1076 (rejected)
[11:13:22] +19.6s seam grid 167x212 nodes=34885
[11:13:22] +19.8s cut_energy opt=157012 shipped=157012 excess=+0.000%
[11:13:22] +19.9s seam grid 1309x1668 nodes=93137
[11:13:23] +21.1s cut_energy opt=1800773 shipped=1800773 excess=+0.000%
[11:13:23] +21.1s seam refine nodes=93137
[11:13:23] +21.1s painted
[11:13:23] +21.2s mask blurred
[11:13:25] +22.9s pyramid gauss
[11:13:26] +23.8s pyramid expand
[11:13:26] +24.0s blended
[11:13:26] +24.0s seam 1 window=8786x5591 keepA=0.40
[11:13:26] +24.0s warped DSCF8428.RAF nudged
[11:13:28] +25.8s field n=0 const=[1.0000 1.0000 1.0000] peak=0.0000 gain=-0.0554 (rejected)
[11:13:28] +26.1s seam grid 169x208 nodes=34430
[11:13:28] +26.3s cut_energy opt=207639 shipped=207639 excess=+0.000%
[11:13:28] +26.4s seam grid 1327x1641 nodes=119611
[11:13:30] +27.6s cut_energy opt=2159729 shipped=2159729 excess=+0.000%
[11:13:30] +27.6s seam refine nodes=119611
[11:13:30] +27.7s painted
[11:13:30] +27.8s mask blurred
[11:13:31] +29.3s pyramid gauss
[11:13:32] +30.3s pyramid expand
[11:13:33] +30.4s blended
[11:13:33] +30.4s seam 2 window=8944x5591 keepA=0.54
[11:13:33] +30.4s warped DSCF8426.RAF nudged
[11:13:34] +32.2s field n=0 const=[1.0000 1.0000 1.0000] peak=0.0000 gain=-0.1332 (rejected)
[11:13:35] +32.5s seam grid 168x212 nodes=34962
[11:13:35] +32.7s cut_energy opt=192034 shipped=192034 excess=+0.000%
[11:13:35] +32.8s seam grid 1316x1667 nodes=148682
[11:13:37] +34.7s cut_energy opt=1955758 shipped=1955758 excess=+0.000%
[11:13:37] +34.7s seam refine nodes=148682
[11:13:37] +34.8s painted
[11:13:37] +34.9s mask blurred
[11:13:39] +36.6s pyramid gauss
[11:13:40] +37.8s pyramid expand
[11:13:40] +37.9s blended
[11:13:40] +37.9s seam 3 window=8301x5591 keepA=0.51
[11:13:40] +37.9s warped DSCF8429.RAF nudged
[11:13:42] +39.7s field n=0 const=[1.0000 1.0000 1.0000] peak=0.0000 gain=-0.0377 (rejected)
[11:13:42] +40.0s seam grid 173x203 nodes=33989
[11:13:42] +40.2s cut_energy opt=113390 shipped=113390 excess=+0.000%
[11:13:42] +40.3s seam grid 1360x1598 nodes=105150
[11:13:43] +40.9s cut_energy opt=1250660 shipped=1250660 excess=+0.000%
[11:13:43] +40.9s seam refine nodes=105150
[11:13:43] +40.9s painted
[11:13:43] +41.0s mask blurred
[11:13:45] +42.6s pyramid gauss
[11:13:46] +43.6s pyramid expand
[11:13:46] +43.7s blended
[11:13:46] +43.7s seam 4 window=8715x5591 keepA=0.49
[11:13:46] +43.7s warped DSCF8425.RAF nudged
[11:13:46] +43.7s refined shifts seams=0 mean_abs_shift=0.000px max_abs_shift=0.000px
[11:13:46] +43.7s exposure gains applied 2
[11:13:46] +43.8s SAVECROP canvas=13371x5591 crop=(0.00753,0.04392) size=0.98675x0.91433 -> tiff 13194x5112
[11:13:46] +43.8s save encode 13194x5112
[11:13:51] +48.8s seam dump /home/dalibor/Projects/RapidRAW/lean_pano_proto/out/v52/DSCF8425/seams.txt
[11:13:51] +48.8s blend_stage extract=0.00s
[11:13:51] +48.8s blend_stage graphcut=95.66s
[11:13:51] +48.8s blend_stage mask_blur=5.41s
[11:13:51] +48.8s blend_stage pyr_blend=89.03s
[11:13:51] +48.8s boundary_step final: n=3617 median_step=2.30% p90=19.58%
[11:13:51] +48.8s blinds_flat  final: n=8214 median_step=2.27% p90=17.02%
[11:13:51] +48.8s woodline    final: n=2389 median_step=6.59% p90=46.71%
[11:13:51] +48.8s ghost_band   final: mean=0.601 keepA=0.49 cut_px=30097 swallowed=0
[11:13:51] +48.8s sharpness_lapvar final: 9.334257668844169
[11:13:51] +48.8s pano_mean_lum 0.05562274382654352 shadow_median 0.05024055391550064 canvas 13194x5112 levels=6 window_px=512
[11:13:51] +48.8s time  final blend=22.37s encode_tiff=0.67s metrics=3.54s photometry=1.75s step_metrics=0.18s warp=1.94s
[11:13:51] +48.8s time  total=48.79s
[11:13:51] +48.8s saved /home/dalibor/Projects/RapidRAW/lean_pano_proto/out/v52/DSCF8425/DSCF8425_Pano.tiff
