[21:46:53] +0.0s log /home/dalibor/Projects/RapidRAW/lean_pano_proto/out/v40/DSCF0566/DSCF0566_Pano.pano.log
[21:46:53] +0.0s merge started files=10
[21:46:53] +0.2s jpeg DSCF0566.RAF native 4416x2944 declared 4416x2944
[21:46:53] +0.4s jpeg DSCF0567.RAF native 4416x2944 declared 4416x2944
[21:46:53] +0.6s jpeg DSCF0568.RAF native 4416x2944 declared 4416x2944
[21:46:53] +0.8s jpeg DSCF0569.RAF native 4416x2944 declared 4416x2944
[21:46:54] +1.0s jpeg DSCF0570.RAF native 4416x2944 declared 4416x2944
[21:46:54] +1.2s jpeg DSCF0571.RAF native 4416x2944 declared 4416x2944
[21:46:54] +1.4s jpeg DSCF0572.RAF native 4416x2944 declared 4416x2944
[21:46:54] +1.6s jpeg DSCF0573.RAF native 4416x2944 declared 4416x2944
[21:46:54] +1.8s jpeg DSCF0574.RAF native 4416x2944 declared 4416x2944
[21:46:55] +2.0s jpeg DSCF0575.RAF native 4416x2944 declared 4416x2944
[21:46:57] +4.2s points DSCF0566.RAF 11766
[21:46:57] +4.2s points DSCF0567.RAF 11738
[21:46:57] +4.2s points DSCF0568.RAF 11678
[21:46:57] +4.2s points DSCF0569.RAF 11728
[21:46:57] +4.2s points DSCF0570.RAF 11771
[21:46:57] +4.2s points DSCF0571.RAF 11772
[21:46:57] +4.2s points DSCF0572.RAF 11762
[21:46:57] +4.2s points DSCF0573.RAF 11774
[21:46:57] +4.2s points DSCF0574.RAF 11740
[21:46:57] +4.2s points DSCF0575.RAF 11787
[21:46:57] +4.2s matching 17 neighbor pairs
[21:47:01] +8.5s match DSCF0566.RAF<->DSCF0567.RAF: 4866 good
[21:47:01] +8.5s match DSCF0566.RAF<->DSCF0568.RAF: 3120 good
[21:47:01] +8.5s match DSCF0567.RAF<->DSCF0568.RAF: 5713 good
[21:47:01] +8.5s match DSCF0567.RAF<->DSCF0569.RAF: 4446 good
[21:47:01] +8.5s match DSCF0568.RAF<->DSCF0569.RAF: 6127 good
[21:47:01] +8.5s match DSCF0568.RAF<->DSCF0570.RAF: 4395 good
[21:47:01] +8.5s match DSCF0569.RAF<->DSCF0570.RAF: 5959 good
[21:47:01] +8.5s match DSCF0569.RAF<->DSCF0571.RAF: 4273 good
[21:47:01] +8.5s match DSCF0570.RAF<->DSCF0571.RAF: 6233 good
[21:47:01] +8.5s match DSCF0570.RAF<->DSCF0572.RAF: 4408 good
[21:47:01] +8.5s match DSCF0571.RAF<->DSCF0572.RAF: 6161 good
[21:47:01] +8.5s match DSCF0571.RAF<->DSCF0573.RAF: 4555 good
[21:47:01] +8.5s match DSCF0572.RAF<->DSCF0573.RAF: 6270 good
[21:47:01] +8.5s match DSCF0572.RAF<->DSCF0574.RAF: 4378 good
[21:47:01] +8.5s match DSCF0573.RAF<->DSCF0574.RAF: 6118 good
[21:47:01] +8.5s match DSCF0573.RAF<->DSCF0575.RAF: 4483 good
[21:47:01] +8.5s match DSCF0574.RAF<->DSCF0575.RAF: 6447 good
[21:47:02] +9.1s aligned kept=10 focal35=105.0 jpeg=4416x2944 points=4416x2944
[21:47:02] +9.1s lens crop=1.534 focal35=105.0 calib=1.529
[21:47:03] +10.4s sky target 0.1864
[21:47:03] +10.4s sky scale DSCF0566.RAF 1.598 median 0.1167
[21:47:03] +10.4s sky scale DSCF0567.RAF 0.938 median 0.1987
[21:47:03] +10.4s sky scale DSCF0568.RAF 1.000 median 0.1864
[21:47:03] +10.4s sky scale DSCF0569.RAF 0.939 median 0.1985
[21:47:03] +10.4s sky scale DSCF0570.RAF 1.008 median 0.1850
[21:47:03] +10.4s sky scale DSCF0571.RAF 1.011 median 0.1844
[21:47:03] +10.4s sky scale DSCF0572.RAF 1.021 median 0.1827
[21:47:03] +10.4s sky scale DSCF0573.RAF 1.005 median 0.1855
[21:47:03] +10.4s sky scale DSCF0574.RAF 0.853 median 0.2185
[21:47:03] +10.5s sky scale DSCF0575.RAF 0.806 median 0.2312
[21:47:03] +10.5s Matching brightness...
[21:47:03] +10.5s canvas perspective 6415x1694
[21:47:03] +10.6s warp DSCF0571.RAF: bbox=(2808,281,4844,1654) 2036x1373
[21:47:03] +10.6s warp DSCF0574.RAF: bbox=(4088,355,6042,1677) 1954x1322
[21:47:03] +10.6s warp DSCF0572.RAF: bbox=(3233,310,5228,1654) 1995x1344
[21:47:03] +10.6s warp DSCF0575.RAF: bbox=(4454,356,6415,1687) 1961x1331
[21:47:03] +10.6s warp DSCF0570.RAF: bbox=(2354,242,4455,1656) 2101x1414
[21:47:03] +10.6s warp DSCF0568.RAF: bbox=(1381,159,3691,1679) 2310x1520
[21:47:03] +10.6s warp DSCF0573.RAF: bbox=(3651,324,5616,1652) 1965x1328
[21:47:03] +10.7s warp DSCF0567.RAF: bbox=(870,104,3323,1690) 2453x1586
[21:47:03] +10.7s warp DSCF0566.RAF: bbox=(0,0,2734,1694) 2734x1694
[21:47:03] +10.7s warp DSCF0569.RAF: bbox=(1869,203,4063,1667) 2194x1464
[21:47:04] +10.9s brightness gains=10 corner=0.659
[21:47:04] +10.9s Blending photos...
[21:47:04] +11.2s blend 1: window=3019x1694 tiles=1150
[21:47:04] +11.6s local moved kept=278 field=3.46 disagree 0.1927 -> 0.0823
[21:47:04] +11.6s seam grid 47x55 nodes=2380
[21:47:04] +11.6s seam grid 346x416 nodes=43314
[21:47:04] +11.8s seam refine nodes=43314
[21:47:04] +11.8s painted
[21:47:04] +11.8s mask blurred
[21:47:05] +11.9s pyramid gauss
[21:47:05] +12.0s pyramid expand
[21:47:05] +12.0s pasted
[21:47:05] +12.0s blended 1 keepA=0.51
[21:47:05] +12.0s blend 2: window=3125x1694 tiles=1175
[21:47:05] +12.3s local moved kept=284 field=4.27 disagree 0.2456 -> 0.1314
[21:47:05] +12.4s seam grid 47x56 nodes=2478
[21:47:05] +12.4s seam grid 353x425 nodes=40091
[21:47:05] +12.5s seam refine nodes=40091
[21:47:05] +12.5s painted
[21:47:05] +12.5s mask blurred
[21:47:05] +12.6s pyramid gauss
[21:47:05] +12.7s pyramid expand
[21:47:05] +12.7s pasted
[21:47:05] +12.7s blended 2 keepA=0.58
[21:47:05] +12.7s blend 3: window=2989x1694 tiles=1125
[21:47:06] +13.0s local moved kept=276 field=3.96 disagree 0.2465 -> 0.1079
[21:47:06] +13.0s seam grid 46x54 nodes=2339
[21:47:06] +13.0s seam grid 343x407 nodes=30666
[21:47:06] +13.1s seam refine nodes=30666
[21:47:06] +13.1s painted
[21:47:06] +13.1s mask blurred
[21:47:06] +13.3s pyramid gauss
[21:47:06] +13.4s pyramid expand
[21:47:06] +13.4s pasted
[21:47:06] +13.4s blended 3 keepA=0.61
[21:47:06] +13.4s blend 4: window=3218x1694 tiles=1225
[21:47:06] +13.7s local moved kept=324 field=5.18 disagree 0.2209 -> 0.1029
[21:47:06] +13.7s seam grid 49x58 nodes=2624
[21:47:06] +13.7s seam grid 365x440 nodes=40449
[21:47:07] +13.9s seam refine nodes=40449
[21:47:07] +13.9s painted
[21:47:07] +13.9s mask blurred
[21:47:07] +14.0s pyramid gauss
[21:47:07] +14.1s pyramid expand
[21:47:07] +14.1s pasted
[21:47:07] +14.1s blended 4 keepA=0.49
[21:47:07] +14.1s blend 5: window=3334x1694 tiles=1275
[21:47:07] +14.5s local moved kept=401 field=6.26 disagree 0.2208 -> 0.0907
[21:47:07] +14.5s seam grid 50x62 nodes=2850
[21:47:07] +14.5s seam grid 377x468 nodes=44704
[21:47:07] +14.6s seam refine nodes=44704
[21:47:07] +14.6s painted
[21:47:07] +14.6s mask blurred
[21:47:07] +14.8s pyramid gauss
[21:47:08] +14.9s pyramid expand
[21:47:08] +14.9s pasted
[21:47:08] +14.9s blended 5 keepA=0.76
[21:47:08] +14.9s blend 6: window=2839x1694 tiles=1075
[21:47:08] +15.2s local moved kept=267 field=4.63 disagree 0.3088 -> 0.1196
[21:47:08] +15.2s seam grid 45x53 nodes=2328
[21:47:08] +15.2s seam grid 334x395 nodes=30712
[21:47:08] +15.3s seam refine nodes=30712
[21:47:08] +15.3s painted
[21:47:08] +15.3s mask blurred
[21:47:08] +15.4s pyramid gauss
[21:47:08] +15.4s pyramid expand
[21:47:08] +15.5s pasted
[21:47:08] +15.5s blended 6 keepA=0.50
[21:47:08] +15.5s blend 7: window=3477x1694 tiles=1325
[21:47:09] +15.9s local moved kept=446 field=6.76 disagree 0.2296 -> 0.0997
[21:47:09] +15.9s seam grid 52x66 nodes=3124
[21:47:09] +15.9s seam grid 391x498 nodes=42069
[21:47:09] +16.1s seam refine nodes=42069
[21:47:09] +16.1s painted
[21:47:09] +16.1s mask blurred
[21:47:09] +16.2s pyramid gauss
[21:47:09] +16.3s pyramid expand
[21:47:09] +16.3s pasted
[21:47:09] +16.3s blended 7 keepA=0.58
[21:47:09] +16.3s blend 8: window=2473x1694 tiles=925
[21:47:09] +16.6s local moved kept=303 field=5.04 disagree 0.3377 -> 0.1250
[21:47:09] +16.7s seam grid 46x55 nodes=2404
[21:47:09] +16.7s seam grid 340x410 nodes=29717
[21:47:09] +16.7s seam refine nodes=29717
[21:47:09] +16.7s painted
[21:47:09] +16.7s mask blurred
[21:47:09] +16.8s pyramid gauss
[21:47:10] +16.9s pyramid expand
[21:47:10] +16.9s pasted
[21:47:10] +16.9s blended 8 keepA=0.61
[21:47:10] +16.9s blend 9: window=3246x1694 tiles=1225
[21:47:10] +17.3s local moved kept=416 field=8.17 disagree 0.2073 -> 0.0812
[21:47:10] +17.3s seam grid 54x63 nodes=3122
[21:47:10] +17.3s seam grid 403x479 nodes=51832
[21:47:10] +17.5s seam refine nodes=51832
[21:47:10] +17.5s painted
[21:47:10] +17.5s mask blurred
[21:47:10] +17.7s pyramid gauss
[21:47:10] +17.8s pyramid expand
[21:47:10] +17.8s pasted
[21:47:10] +17.8s blended 9 keepA=0.59
[21:47:10] +17.8s preview canvas perspective 6415x1694 shifts=9
[21:47:10] +17.8s time  preview=8.68s (solve+match 9.15s)
[21:47:11] +17.9s preview ready /home/dalibor/Projects/RapidRAW/lean_pano_proto/out/v40/DSCF0566/DSCF0566_preview.jpg
[21:47:11] +17.9s save started
[21:47:11] +17.9s develop jobs=4
[21:47:17] +23.9s developed DSCF0566.RAF 7728x5152 -> 1920x1280
[21:47:17] +23.9s developed DSCF0567.RAF 7728x5152 -> 1920x1280
[21:47:17] +23.9s developed DSCF0568.RAF 7728x5152 -> 1920x1280
[21:47:17] +23.9s developed DSCF0569.RAF 7728x5152 -> 1920x1280
[21:47:17] +23.9s developed DSCF0570.RAF 7728x5152 -> 1920x1280
[21:47:17] +23.9s developed DSCF0571.RAF 7728x5152 -> 1920x1280
[21:47:17] +23.9s developed DSCF0572.RAF 7728x5152 -> 1920x1280
[21:47:17] +23.9s developed DSCF0573.RAF 7728x5152 -> 1920x1280
[21:47:17] +23.9s developed DSCF0574.RAF 7728x5152 -> 1920x1280
[21:47:17] +23.9s developed DSCF0575.RAF 7728x5152 -> 1920x1280
[21:47:17] +23.9s time  develop=5.99s
[21:47:17] +23.9s scale raw=7728x5152 jpeg=4416x2944 x=1.7500 y=1.7500
[21:47:17] +23.9s Matching brightness...
[21:47:17] +23.9s canvas perspective 6415x1694
[21:47:17] +24.1s warp DSCF0575.RAF: bbox=(4454,356,6415,1687) 1961x1331
[21:47:17] +24.1s warp DSCF0572.RAF: bbox=(3233,310,5228,1654) 1995x1344
[21:47:17] +24.1s warp DSCF0573.RAF: bbox=(3651,324,5616,1652) 1965x1328
[21:47:17] +24.1s warp DSCF0570.RAF: bbox=(2354,242,4455,1656) 2101x1414
[21:47:17] +24.1s warp DSCF0571.RAF: bbox=(2808,281,4844,1654) 2036x1373
[21:47:17] +24.1s warp DSCF0569.RAF: bbox=(1869,203,4063,1667) 2194x1464
[21:47:17] +24.1s warp DSCF0567.RAF: bbox=(870,104,3323,1690) 2453x1586
[21:47:17] +24.1s warp DSCF0574.RAF: bbox=(4088,355,6042,1677) 1954x1322
[21:47:17] +24.1s warp DSCF0568.RAF: bbox=(1381,159,3691,1679) 2310x1520
[21:47:17] +24.2s warp DSCF0566.RAF: bbox=(0,0,2734,1694) 2734x1694
[21:47:17] +24.5s brightness gains=10 corner=0.636
[21:47:17] +24.5s Blending photos...
[21:47:17] +24.8s blend 1: window=3019x1694 tiles=1150
[21:47:18] +25.2s local moved kept=256 field=4.18 disagree 0.2697 -> 0.0997
[21:47:18] +25.3s seam grid 47x55 nodes=2381
[21:47:18] +25.3s seam grid 346x416 nodes=40235
[21:47:18] +25.4s seam refine nodes=40235
[21:47:18] +25.4s painted
[21:47:18] +25.4s mask blurred
[21:47:18] +25.6s pyramid gauss
[21:47:18] +25.7s pyramid expand
[21:47:18] +25.7s pasted
[21:47:18] +25.7s blended 1 keepA=0.53
[21:47:18] +25.7s blend 2: window=3125x1694 tiles=1175
[21:47:19] +26.0s local moved kept=273 field=5.25 disagree 0.2998 -> 0.1368
[21:47:19] +26.0s seam grid 47x56 nodes=2477
[21:47:19] +26.0s seam grid 353x425 nodes=36430
[21:47:19] +26.1s seam refine nodes=36430
[21:47:19] +26.1s painted
[21:47:19] +26.2s mask blurred
[21:47:19] +26.3s pyramid gauss
[21:47:19] +26.3s pyramid expand
[21:47:19] +26.4s pasted
[21:47:19] +26.4s blended 2 keepA=0.58
[21:47:19] +26.4s blend 3: window=2989x1694 tiles=1125
[21:47:19] +26.7s local moved kept=269 field=7.23 disagree 0.3401 -> 0.1564
[21:47:19] +26.7s seam grid 46x54 nodes=2341
[21:47:19] +26.7s seam grid 342x407 nodes=32665
[21:47:19] +26.8s seam refine nodes=32665
[21:47:19] +26.8s painted
[21:47:19] +26.8s mask blurred
[21:47:20] +26.9s pyramid gauss
[21:47:20] +27.0s pyramid expand
[21:47:20] +27.0s pasted
[21:47:20] +27.0s blended 3 keepA=0.60
[21:47:20] +27.0s blend 4: window=3218x1694 tiles=1225
[21:47:20] +27.4s local moved kept=319 field=9.25 disagree 0.3102 -> 0.1433
[21:47:20] +27.4s seam grid 49x58 nodes=2625
[21:47:20] +27.4s seam grid 365x440 nodes=35292
[21:47:20] +27.5s seam refine nodes=35292
[21:47:20] +27.5s painted
[21:47:20] +27.5s mask blurred
[21:47:20] +27.6s pyramid gauss
[21:47:20] +27.7s pyramid expand
[21:47:20] +27.7s pasted
[21:47:20] +27.7s blended 4 keepA=0.58
[21:47:20] +27.7s blend 5: window=3334x1694 tiles=1275
[21:47:21] +28.1s local moved kept=399 field=12.65 disagree 0.2979 -> 0.1543
[21:47:21] +28.1s seam grid 51x62 nodes=2850
[21:47:21] +28.1s seam grid 378x468 nodes=42591
[21:47:21] +28.3s seam refine nodes=42591
[21:47:21] +28.3s painted
[21:47:21] +28.3s mask blurred
[21:47:21] +28.4s pyramid gauss
[21:47:21] +28.6s pyramid expand
[21:47:21] +28.6s pasted
[21:47:21] +28.6s blended 5 keepA=0.65
[21:47:21] +28.6s blend 6: window=2839x1694 tiles=1075
[21:47:22] +28.9s local moved kept=272 field=10.03 disagree 0.3743 -> 0.1884
[21:47:22] +28.9s seam grid 45x53 nodes=2327
[21:47:22] +28.9s seam grid 334x395 nodes=31281
[21:47:22] +29.0s seam refine nodes=31281
[21:47:22] +29.0s painted
[21:47:22] +29.0s mask blurred
[21:47:22] +29.1s pyramid gauss
[21:47:22] +29.1s pyramid expand
[21:47:22] +29.2s pasted
[21:47:22] +29.2s blended 6 keepA=0.51
[21:47:22] +29.2s blend 7: window=3477x1694 tiles=1325
[21:47:22] +29.6s local moved kept=475 field=14.53 disagree 0.2912 -> 0.1484
[21:47:22] +29.6s seam grid 52x66 nodes=3124
[21:47:22] +29.6s seam grid 391x498 nodes=40875
[21:47:22] +29.7s seam refine nodes=40875
[21:47:22] +29.8s painted
[21:47:22] +29.8s mask blurred
[21:47:23] +29.9s pyramid gauss
[21:47:23] +30.0s pyramid expand
[21:47:23] +30.0s pasted
[21:47:23] +30.0s blended 7 keepA=0.57
[21:47:23] +30.0s blend 8: window=2473x1694 tiles=925
[21:47:23] +30.3s local moved kept=304 field=10.54 disagree 0.3832 -> 0.1824
[21:47:23] +30.3s seam grid 46x55 nodes=2404
[21:47:23] +30.4s seam grid 340x410 nodes=29082
[21:47:23] +30.4s seam refine nodes=29082
[21:47:23] +30.4s painted
[21:47:23] +30.4s mask blurred
[21:47:23] +30.5s pyramid gauss
[21:47:23] +30.6s pyramid expand
[21:47:23] +30.6s pasted
[21:47:23] +30.6s blended 8 keepA=0.61
[21:47:23] +30.6s blend 9: window=3246x1694 tiles=1225
[21:47:24] +31.0s local moved kept=426 field=15.72 disagree 0.3106 -> 0.1468
[21:47:24] +31.0s seam grid 54x63 nodes=3122
[21:47:24] +31.0s seam grid 403x479 nodes=48010
[21:47:24] +31.2s seam refine nodes=48010
[21:47:24] +31.2s painted
[21:47:24] +31.2s mask blurred
[21:47:24] +31.4s pyramid gauss
[21:47:24] +31.5s pyramid expand
[21:47:24] +31.5s pasted
[21:47:24] +31.5s blended 9 keepA=0.59
[21:47:24] +31.5s time  linear_photometry=7.60s
[21:47:24] +31.5s photometry source=second compose
[21:47:24] +31.5s save seam preview
[21:47:24] +31.5s save cut fullres
[21:47:24] +31.5s photometry gains=10
[21:47:24] +31.5s photo pedestal=0.002654 field_norm=2.012343 gains=[0.9964 1.0341 0.9594 0.9558 1.0073 0.9939 1.0517 0.9702 1.0317 1.0043]
[21:47:24] +31.5s save seam developed
[21:47:24] +31.5s canvas perspective 25820x6819
[21:47:24] +31.5s local align resolution 1/1
[21:47:24] +31.5s snapbox canvas_origin=(0,0)
[21:47:24] +31.5s composite levels=6 pad=512
[21:47:24] +31.5s local alignment refine=false
[21:47:25] +32.6s warped DSCF0571.RAF straight
[21:47:26] +33.1s SNAP s00_C_after_photometry /home/dalibor/Projects/RapidRAW/lean_pano_proto/out/maskcmp/v34/DSCF0566_s00_C_after_photometry_w11491_h6819_ox0_oy0.png
[21:47:27] +34.1s SNAP s00_D_canvas_after /home/dalibor/Projects/RapidRAW/lean_pano_proto/out/maskcmp/v34/DSCF0566_s00_D_canvas_after_w11491_h6819_ox0_oy0.png
[21:47:29] +36.1s SNAP s01_C2_canvas_before /home/dalibor/Projects/RapidRAW/lean_pano_proto/out/maskcmp/v34/DSCF0566_s01_C2_canvas_before_w11491_h6819_ox0_oy0.png
[21:47:29] +36.6s snapwin seam=1 canvas=(12526,762) size=9002x6057
[21:47:29] +36.8s SNAP s01_S1_avbv /home/dalibor/Projects/RapidRAW/lean_pano_proto/out/maskcmp/v34/DSCF0566_s01_S1_avbv_w9002_h6057_ox12526_oy762.png
[21:47:31] +38.2s SNAP s01_S2_aw_canvas /home/dalibor/Projects/RapidRAW/lean_pano_proto/out/maskcmp/v34/DSCF0566_s01_S2_aw_canvas_w9002_h6057_ox12526_oy762.png
[21:47:32] +39.7s SNAP s01_S3_bw_incoming /home/dalibor/Projects/RapidRAW/lean_pano_proto/out/maskcmp/v34/DSCF0566_s01_S3_bw_incoming_w9002_h6057_ox12526_oy762.png
[21:47:33] +40.0s field n=0 const=[1.0000 1.0000 1.0000] peak=0.0000 gain=-0.1335 (rejected)
[21:47:34] +41.6s SNAP s01_S4_bw_after_gain /home/dalibor/Projects/RapidRAW/lean_pano_proto/out/maskcmp/v34/DSCF0566_s01_S4_bw_after_gain_w9002_h6057_ox12526_oy762.png
[21:47:35] +41.8s seam grid 171x206 nodes=34506
[21:47:35] +42.1s seam grid 1340x1621 nodes=130929
[21:47:36] +42.9s seam refine nodes=130929
[21:47:36] +43.0s painted
[21:47:36] +43.1s SNAP s01_S5_mask_hard /home/dalibor/Projects/RapidRAW/lean_pano_proto/out/maskcmp/v34/DSCF0566_s01_S5_mask_hard_w9002_h6057_ox12526_oy762.png
[21:47:36] +43.4s SNAP s01_S6_mask_soft /home/dalibor/Projects/RapidRAW/lean_pano_proto/out/maskcmp/v34/DSCF0566_s01_S6_mask_soft_w9002_h6057_ox12526_oy762.png
[21:47:36] +43.4s mask blurred
[21:47:37] +43.9s SNAP s01_M_v34_used /home/dalibor/Projects/RapidRAW/lean_pano_proto/out/maskcmp/v34/DSCF0566_s01_M_v34_used_w9002_h6057_ox12526_oy762.png
[21:47:37] +44.4s snapblendrect seam=1 canvas=(12535,771)..(19974,6819)
[21:47:37] +44.5s SNAP s01_S7_mask_soft_rect /home/dalibor/Projects/RapidRAW/lean_pano_proto/out/maskcmp/v34/DSCF0566_s01_S7_mask_soft_rect_w9002_h6057_ox12526_oy762.png
[21:47:38] +45.5s pyramid gauss
[21:47:39] +46.7s pyramid expand
[21:47:41] +48.5s SNAP s01_S8_pyrblend /home/dalibor/Projects/RapidRAW/lean_pano_proto/out/maskcmp/v34/DSCF0566_s01_S8_pyrblend_w9002_h6057_ox12526_oy762.png
[21:47:41] +48.6s blended
[21:47:41] +48.6s seam 1 window=9002x6057 keepA=0.35
[21:47:41] +48.6s warped DSCF0572.RAF nudged
[21:47:41] +48.8s SNAP s01_C_after_photometry /home/dalibor/Projects/RapidRAW/lean_pano_proto/out/maskcmp/v34/DSCF0566_s01_C_after_photometry_w11491_h6819_ox0_oy0.png
[21:47:42] +49.8s SNAP s01_D_canvas_after /home/dalibor/Projects/RapidRAW/lean_pano_proto/out/maskcmp/v34/DSCF0566_s01_D_canvas_after_w11491_h6819_ox0_oy0.png
[21:47:44] +51.8s SNAP s02_C2_canvas_before /home/dalibor/Projects/RapidRAW/lean_pano_proto/out/maskcmp/v34/DSCF0566_s02_C2_canvas_before_w11491_h6819_ox0_oy0.png
[21:47:45] +52.4s snapwin seam=2 canvas=(8988,488) size=9428x6331
[21:47:45] +52.6s SNAP s02_S1_avbv /home/dalibor/Projects/RapidRAW/lean_pano_proto/out/maskcmp/v34/DSCF0566_s02_S1_avbv_w9428_h6331_ox8988_oy488.png
[21:47:47] +54.1s SNAP s02_S2_aw_canvas /home/dalibor/Projects/RapidRAW/lean_pano_proto/out/maskcmp/v34/DSCF0566_s02_S2_aw_canvas_w9428_h6331_ox8988_oy488.png
[21:47:48] +55.8s SNAP s02_S3_bw_incoming /home/dalibor/Projects/RapidRAW/lean_pano_proto/out/maskcmp/v34/DSCF0566_s02_S3_bw_incoming_w9428_h6331_ox8988_oy488.png
[21:47:49] +56.1s field n=0 const=[1.0000 1.0000 1.0000] peak=0.0000 gain=-0.0966 (rejected)
[21:47:50] +57.8s SNAP s02_S4_bw_after_gain /home/dalibor/Projects/RapidRAW/lean_pano_proto/out/maskcmp/v34/DSCF0566_s02_S4_bw_after_gain_w9428_h6331_ox8988_oy488.png
[21:47:51] +58.1s seam grid 173x211 nodes=35965
[21:47:51] +58.4s seam grid 1369x1658 nodes=175873
[21:47:52] +59.6s seam refine nodes=175873
[21:47:52] +59.7s painted
[21:47:53] +59.9s SNAP s02_S5_mask_hard /home/dalibor/Projects/RapidRAW/lean_pano_proto/out/maskcmp/v34/DSCF0566_s02_S5_mask_hard_w9428_h6331_ox8988_oy488.png
[21:47:53] +60.2s SNAP s02_S6_mask_soft /home/dalibor/Projects/RapidRAW/lean_pano_proto/out/maskcmp/v34/DSCF0566_s02_S6_mask_soft_w9428_h6331_ox8988_oy488.png
[21:47:53] +60.2s mask blurred
[21:47:53] +60.7s SNAP s02_M_v34_used /home/dalibor/Projects/RapidRAW/lean_pano_proto/out/maskcmp/v34/DSCF0566_s02_M_v34_used_w9428_h6331_ox8988_oy488.png
[21:47:54] +61.3s snapblendrect seam=2 canvas=(10825,655)..(18411,6819)
[21:47:54] +61.4s SNAP s02_S7_mask_soft_rect /home/dalibor/Projects/RapidRAW/lean_pano_proto/out/maskcmp/v34/DSCF0566_s02_S7_mask_soft_rect_w9428_h6331_ox8988_oy488.png
[21:47:55] +62.2s pyramid gauss
[21:47:56] +63.4s pyramid expand
[21:47:58] +65.2s SNAP s02_S8_pyrblend /home/dalibor/Projects/RapidRAW/lean_pano_proto/out/maskcmp/v34/DSCF0566_s02_S8_pyrblend_w9428_h6331_ox8988_oy488.png
[21:47:58] +65.4s blended
[21:47:58] +65.4s seam 2 window=9428x6331 keepA=0.63
[21:47:58] +65.4s warped DSCF0570.RAF nudged
[21:47:59] +66.2s SNAP s02_C_after_photometry /home/dalibor/Projects/RapidRAW/lean_pano_proto/out/maskcmp/v34/DSCF0566_s02_C_after_photometry_w11491_h6819_ox0_oy0.png
[21:48:00] +67.4s SNAP s02_D_canvas_after /home/dalibor/Projects/RapidRAW/lean_pano_proto/out/maskcmp/v34/DSCF0566_s02_D_canvas_after_w11491_h6819_ox0_oy0.png
[21:48:02] +69.6s SNAP s03_C2_canvas_before /home/dalibor/Projects/RapidRAW/lean_pano_proto/out/maskcmp/v34/DSCF0566_s03_C2_canvas_before_w11491_h6819_ox0_oy0.png
[21:48:03] +70.1s snapwin seam=3 canvas=(14210,819) size=8879x6000
[21:48:03] +70.3s SNAP s03_S1_avbv /home/dalibor/Projects/RapidRAW/lean_pano_proto/out/maskcmp/v34/DSCF0566_s03_S1_avbv_w8879_h6000_ox14210_oy819.png
[21:48:04] +71.7s SNAP s03_S2_aw_canvas /home/dalibor/Projects/RapidRAW/lean_pano_proto/out/maskcmp/v34/DSCF0566_s03_S2_aw_canvas_w8879_h6000_ox14210_oy819.png
[21:48:06] +73.2s SNAP s03_S3_bw_incoming /home/dalibor/Projects/RapidRAW/lean_pano_proto/out/maskcmp/v34/DSCF0566_s03_S3_bw_incoming_w8879_h6000_ox14210_oy819.png
[21:48:06] +73.4s field n=0 const=[1.0000 1.0000 1.0000] peak=0.0000 gain=-0.0786 (rejected)
[21:48:08] +75.0s SNAP s03_S4_bw_after_gain /home/dalibor/Projects/RapidRAW/lean_pano_proto/out/maskcmp/v34/DSCF0566_s03_S4_bw_after_gain_w8879_h6000_ox14210_oy819.png
[21:48:08] +75.2s seam grid 169x202 nodes=33628
[21:48:08] +75.5s seam grid 1327x1586 nodes=137160
[21:48:09] +76.8s seam refine nodes=137160
[21:48:10] +76.9s painted
[21:48:10] +77.0s SNAP s03_S5_mask_hard /home/dalibor/Projects/RapidRAW/lean_pano_proto/out/maskcmp/v34/DSCF0566_s03_S5_mask_hard_w8879_h6000_ox14210_oy819.png
[21:48:10] +77.3s SNAP s03_S6_mask_soft /home/dalibor/Projects/RapidRAW/lean_pano_proto/out/maskcmp/v34/DSCF0566_s03_S6_mask_soft_w8879_h6000_ox14210_oy819.png
[21:48:10] +77.3s mask blurred
[21:48:10] +77.8s SNAP s03_M_v34_used /home/dalibor/Projects/RapidRAW/lean_pano_proto/out/maskcmp/v34/DSCF0566_s03_M_v34_used_w8879_h6000_ox14210_oy819.png
[21:48:11] +78.2s snapblendrect seam=3 canvas=(14219,830)..(21520,6819)
[21:48:11] +78.4s SNAP s03_S7_mask_soft_rect /home/dalibor/Projects/RapidRAW/lean_pano_proto/out/maskcmp/v34/DSCF0566_s03_S7_mask_soft_rect_w8879_h6000_ox14210_oy819.png
[21:48:12] +79.3s pyramid gauss
[21:48:13] +80.5s pyramid expand
[21:48:15] +82.3s SNAP s03_S8_pyrblend /home/dalibor/Projects/RapidRAW/lean_pano_proto/out/maskcmp/v34/DSCF0566_s03_S8_pyrblend_w8879_h6000_ox14210_oy819.png
[21:48:15] +82.4s blended
[21:48:15] +82.4s seam 3 window=8879x6000 keepA=0.75
[21:48:15] +82.4s warped DSCF0573.RAF nudged
[21:48:15] +82.6s SNAP s03_C_after_photometry /home/dalibor/Projects/RapidRAW/lean_pano_proto/out/maskcmp/v34/DSCF0566_s03_C_after_photometry_w11491_h6819_ox0_oy0.png
[21:48:16] +83.8s SNAP s03_D_canvas_after /home/dalibor/Projects/RapidRAW/lean_pano_proto/out/maskcmp/v34/DSCF0566_s03_D_canvas_after_w11491_h6819_ox0_oy0.png
[21:48:19] +86.1s SNAP s04_C2_canvas_before /home/dalibor/Projects/RapidRAW/lean_pano_proto/out/maskcmp/v34/DSCF0566_s04_C2_canvas_before_w11491_h6819_ox0_oy0.png
[21:48:19] +86.8s snapwin seam=4 canvas=(7035,331) size=9805x6488
[21:48:20] +87.0s SNAP s04_S1_avbv /home/dalibor/Projects/RapidRAW/lean_pano_proto/out/maskcmp/v34/DSCF0566_s04_S1_avbv_w9805_h6488_ox7035_oy331.png
[21:48:21] +88.6s SNAP s04_S2_aw_canvas /home/dalibor/Projects/RapidRAW/lean_pano_proto/out/maskcmp/v34/DSCF0566_s04_S2_aw_canvas_w9805_h6488_ox7035_oy331.png
[21:48:23] +90.4s SNAP s04_S3_bw_incoming /home/dalibor/Projects/RapidRAW/lean_pano_proto/out/maskcmp/v34/DSCF0566_s04_S3_bw_incoming_w9805_h6488_ox7035_oy331.png
[21:48:23] +90.7s field n=0 const=[1.0000 1.0000 1.0000] peak=0.0000 gain=-0.0636 (rejected)
[21:48:25] +92.5s SNAP s04_S4_bw_after_gain /home/dalibor/Projects/RapidRAW/lean_pano_proto/out/maskcmp/v34/DSCF0566_s04_S4_bw_after_gain_w9805_h6488_ox7035_oy331.png
[21:48:25] +92.8s seam grid 180x218 nodes=38313
[21:48:26] +93.2s seam grid 1417x1720 nodes=176276
[21:48:27] +94.8s seam refine nodes=176276
[21:48:27] +94.8s painted
[21:48:28] +95.0s SNAP s04_S5_mask_hard /home/dalibor/Projects/RapidRAW/lean_pano_proto/out/maskcmp/v34/DSCF0566_s04_S5_mask_hard_w9805_h6488_ox7035_oy331.png
[21:48:28] +95.3s SNAP s04_S6_mask_soft /home/dalibor/Projects/RapidRAW/lean_pano_proto/out/maskcmp/v34/DSCF0566_s04_S6_mask_soft_w9805_h6488_ox7035_oy331.png
[21:48:28] +95.3s mask blurred
[21:48:29] +95.9s SNAP s04_M_v34_used /home/dalibor/Projects/RapidRAW/lean_pano_proto/out/maskcmp/v34/DSCF0566_s04_M_v34_used_w9805_h6488_ox7035_oy331.png
[21:48:29] +96.4s snapblendrect seam=4 canvas=(8997,497)..(16833,6819)
[21:48:29] +96.6s SNAP s04_S7_mask_soft_rect /home/dalibor/Projects/RapidRAW/lean_pano_proto/out/maskcmp/v34/DSCF0566_s04_S7_mask_soft_rect_w9805_h6488_ox7035_oy331.png
[21:48:30] +97.6s pyramid gauss
[21:48:32] +98.9s pyramid expand
[21:48:33] +100.8s SNAP s04_S8_pyrblend /home/dalibor/Projects/RapidRAW/lean_pano_proto/out/maskcmp/v34/DSCF0566_s04_S8_pyrblend_w9805_h6488_ox7035_oy331.png
[21:48:34] +101.0s blended
[21:48:34] +101.0s seam 4 window=9805x6488 keepA=0.58
[21:48:34] +101.0s warped DSCF0569.RAF nudged
[21:48:35] +102.1s SNAP s04_C_after_photometry /home/dalibor/Projects/RapidRAW/lean_pano_proto/out/maskcmp/v34/DSCF0566_s04_C_after_photometry_w11491_h6819_ox0_oy0.png
[21:48:36] +103.6s SNAP s04_D_canvas_after /home/dalibor/Projects/RapidRAW/lean_pano_proto/out/maskcmp/v34/DSCF0566_s04_D_canvas_after_w11491_h6819_ox0_oy0.png
[21:48:39] +106.1s SNAP s05_C2_canvas_before /home/dalibor/Projects/RapidRAW/lean_pano_proto/out/maskcmp/v34/DSCF0566_s05_C2_canvas_before_w11491_h6819_ox0_oy0.png
[21:48:39] +106.8s snapwin seam=5 canvas=(5073,152) size=10271x6667
[21:48:40] +107.1s SNAP s05_S1_avbv /home/dalibor/Projects/RapidRAW/lean_pano_proto/out/maskcmp/v34/DSCF0566_s05_S1_avbv_w10271_h6667_ox5073_oy152.png
[21:48:41] +108.8s SNAP s05_S2_aw_canvas /home/dalibor/Projects/RapidRAW/lean_pano_proto/out/maskcmp/v34/DSCF0566_s05_S2_aw_canvas_w10271_h6667_ox5073_oy152.png
[21:48:43] +110.7s SNAP s05_S3_bw_incoming /home/dalibor/Projects/RapidRAW/lean_pano_proto/out/maskcmp/v34/DSCF0566_s05_S3_bw_incoming_w10271_h6667_ox5073_oy152.png
[21:48:44] +111.0s field n=0 const=[1.0000 1.0000 1.0000] peak=0.0000 gain=-0.0388 (rejected)
[21:48:46] +112.9s SNAP s05_S4_bw_after_gain /home/dalibor/Projects/RapidRAW/lean_pano_proto/out/maskcmp/v34/DSCF0566_s05_S4_bw_after_gain_w10271_h6667_ox5073_oy152.png
[21:48:46] +113.3s seam grid 187x233 nodes=41758
[21:48:46] +113.6s seam grid 1468x1834 nodes=185763
[21:48:48] +115.7s seam refine nodes=185763
[21:48:48] +115.7s painted
[21:48:49] +116.0s SNAP s05_S5_mask_hard /home/dalibor/Projects/RapidRAW/lean_pano_proto/out/maskcmp/v34/DSCF0566_s05_S5_mask_hard_w10271_h6667_ox5073_oy152.png
[21:48:49] +116.3s SNAP s05_S6_mask_soft /home/dalibor/Projects/RapidRAW/lean_pano_proto/out/maskcmp/v34/DSCF0566_s05_S6_mask_soft_w10271_h6667_ox5073_oy152.png
[21:48:49] +116.3s mask blurred
[21:48:50] +116.9s SNAP s05_M_v34_used /home/dalibor/Projects/RapidRAW/lean_pano_proto/out/maskcmp/v34/DSCF0566_s05_M_v34_used_w10271_h6667_ox5073_oy152.png
[21:48:50] +117.5s snapblendrect seam=5 canvas=(7044,340)..(15336,6819)
[21:48:50] +117.7s SNAP s05_S7_mask_soft_rect /home/dalibor/Projects/RapidRAW/lean_pano_proto/out/maskcmp/v34/DSCF0566_s05_S7_mask_soft_rect_w10271_h6667_ox5073_oy152.png
[21:48:51] +118.6s pyramid gauss
[21:48:53] +120.0s pyramid expand
[21:48:55] +122.0s SNAP s05_S8_pyrblend /home/dalibor/Projects/RapidRAW/lean_pano_proto/out/maskcmp/v34/DSCF0566_s05_S8_pyrblend_w10271_h6667_ox5073_oy152.png
[21:48:55] +122.2s blended
[21:48:55] +122.2s seam 5 window=10271x6667 keepA=0.68
[21:48:55] +122.2s warped DSCF0568.RAF nudged
[21:48:56] +123.8s SNAP s05_C_after_photometry /home/dalibor/Projects/RapidRAW/lean_pano_proto/out/maskcmp/v34/DSCF0566_s05_C_after_photometry_w11491_h6819_ox0_oy0.png
[21:48:58] +125.5s SNAP s05_D_canvas_after /home/dalibor/Projects/RapidRAW/lean_pano_proto/out/maskcmp/v34/DSCF0566_s05_D_canvas_after_w11491_h6819_ox0_oy0.png
[21:49:01] +128.1s SNAP s06_C2_canvas_before /home/dalibor/Projects/RapidRAW/lean_pano_proto/out/maskcmp/v34/DSCF0566_s06_C2_canvas_before_w11491_h6819_ox0_oy0.png
[21:49:01] +128.7s snapwin seam=6 canvas=(15969,943) size=8835x5876
[21:49:01] +128.8s SNAP s06_S1_avbv /home/dalibor/Projects/RapidRAW/lean_pano_proto/out/maskcmp/v34/DSCF0566_s06_S1_avbv_w8835_h5876_ox15969_oy943.png
[21:49:03] +130.2s SNAP s06_S2_aw_canvas /home/dalibor/Projects/RapidRAW/lean_pano_proto/out/maskcmp/v34/DSCF0566_s06_S2_aw_canvas_w8835_h5876_ox15969_oy943.png
[21:49:04] +131.7s SNAP s06_S3_bw_incoming /home/dalibor/Projects/RapidRAW/lean_pano_proto/out/maskcmp/v34/DSCF0566_s06_S3_bw_incoming_w8835_h5876_ox15969_oy943.png
[21:49:05] +131.9s field n=0 const=[1.0000 1.0000 1.0000] peak=0.0000 gain=-0.0737 (rejected)
[21:49:06] +133.4s SNAP s06_S4_bw_after_gain /home/dalibor/Projects/RapidRAW/lean_pano_proto/out/maskcmp/v34/DSCF0566_s06_S4_bw_after_gain_w8835_h5876_ox15969_oy943.png
[21:49:06] +133.7s seam grid 165x195 nodes=32165
[21:49:07] +133.9s seam grid 1294x1537 nodes=132103
[21:49:08] +135.3s seam refine nodes=132103
[21:49:08] +135.4s painted
[21:49:08] +135.5s SNAP s06_S5_mask_hard /home/dalibor/Projects/RapidRAW/lean_pano_proto/out/maskcmp/v34/DSCF0566_s06_S5_mask_hard_w8835_h5876_ox15969_oy943.png
[21:49:08] +135.8s SNAP s06_S6_mask_soft /home/dalibor/Projects/RapidRAW/lean_pano_proto/out/maskcmp/v34/DSCF0566_s06_S6_mask_soft_w8835_h5876_ox15969_oy943.png
[21:49:08] +135.8s mask blurred
[21:49:09] +136.3s SNAP s06_M_v34_used /home/dalibor/Projects/RapidRAW/lean_pano_proto/out/maskcmp/v34/DSCF0566_s06_M_v34_used_w8835_h5876_ox15969_oy943.png
[21:49:09] +136.6s snapblendrect seam=6 canvas=(15978,966)..(23081,6819)
[21:49:09] +136.8s SNAP s06_S7_mask_soft_rect /home/dalibor/Projects/RapidRAW/lean_pano_proto/out/maskcmp/v34/DSCF0566_s06_S7_mask_soft_rect_w8835_h5876_ox15969_oy943.png
[21:49:10] +137.7s pyramid gauss
[21:49:11] +138.7s pyramid expand
[21:49:13] +140.4s SNAP s06_S8_pyrblend /home/dalibor/Projects/RapidRAW/lean_pano_proto/out/maskcmp/v34/DSCF0566_s06_S8_pyrblend_w8835_h5876_ox15969_oy943.png
[21:49:13] +140.5s blended
[21:49:13] +140.5s seam 6 window=8835x5876 keepA=0.53
[21:49:13] +140.5s warped DSCF0574.RAF nudged
[21:49:13] +140.7s SNAP s06_C_after_photometry /home/dalibor/Projects/RapidRAW/lean_pano_proto/out/maskcmp/v34/DSCF0566_s06_C_after_photometry_w11491_h6819_ox0_oy0.png
[21:49:15] +142.5s SNAP s06_D_canvas_after /home/dalibor/Projects/RapidRAW/lean_pano_proto/out/maskcmp/v34/DSCF0566_s06_D_canvas_after_w11491_h6819_ox0_oy0.png
[21:49:18] +145.5s SNAP s07_C2_canvas_before /home/dalibor/Projects/RapidRAW/lean_pano_proto/out/maskcmp/v34/DSCF0566_s07_C2_canvas_before_w11491_h6819_ox0_oy0.png
[21:49:19] +146.2s snapwin seam=7 canvas=(3015,0) size=10847x6819
[21:49:19] +146.5s SNAP s07_S1_avbv /home/dalibor/Projects/RapidRAW/lean_pano_proto/out/maskcmp/v34/DSCF0566_s07_S1_avbv_w10847_h6819_ox3015_oy0.png
[21:49:21] +148.4s SNAP s07_S2_aw_canvas /home/dalibor/Projects/RapidRAW/lean_pano_proto/out/maskcmp/v34/DSCF0566_s07_S2_aw_canvas_w10847_h6819_ox3015_oy0.png
[21:49:23] +150.5s SNAP s07_S3_bw_incoming /home/dalibor/Projects/RapidRAW/lean_pano_proto/out/maskcmp/v34/DSCF0566_s07_S3_bw_incoming_w10847_h6819_ox3015_oy0.png
[21:49:23] +150.8s field n=0 const=[1.0000 1.0000 1.0000] peak=0.0000 gain=-0.0720 (rejected)
[21:49:26] +152.9s SNAP s07_S4_bw_after_gain /home/dalibor/Projects/RapidRAW/lean_pano_proto/out/maskcmp/v34/DSCF0566_s07_S4_bw_after_gain_w10847_h6819_ox3015_oy0.png
[21:49:26] +153.3s seam grid 194x248 nodes=45689
[21:49:26] +153.7s seam grid 1522x1954 nodes=209950
[21:49:29] +156.0s seam refine nodes=209950
[21:49:29] +156.0s painted
[21:49:29] +156.3s SNAP s07_S5_mask_hard /home/dalibor/Projects/RapidRAW/lean_pano_proto/out/maskcmp/v34/DSCF0566_s07_S5_mask_hard_w10847_h6819_ox3015_oy0.png
[21:49:29] +156.7s SNAP s07_S6_mask_soft /home/dalibor/Projects/RapidRAW/lean_pano_proto/out/maskcmp/v34/DSCF0566_s07_S6_mask_soft_w10847_h6819_ox3015_oy0.png
[21:49:29] +156.7s mask blurred
[21:49:30] +157.4s SNAP s07_M_v34_used /home/dalibor/Projects/RapidRAW/lean_pano_proto/out/maskcmp/v34/DSCF0566_s07_M_v34_used_w10847_h6819_ox3015_oy0.png
[21:49:31] +158.0s snapblendrect seam=7 canvas=(5082,161)..(13854,6819)
[21:49:31] +158.2s SNAP s07_S7_mask_soft_rect /home/dalibor/Projects/RapidRAW/lean_pano_proto/out/maskcmp/v34/DSCF0566_s07_S7_mask_soft_rect_w10847_h6819_ox3015_oy0.png
[21:49:32] +159.3s pyramid gauss
[21:49:33] +160.8s pyramid expand
[21:49:36] +163.0s SNAP s07_S8_pyrblend /home/dalibor/Projects/RapidRAW/lean_pano_proto/out/maskcmp/v34/DSCF0566_s07_S8_pyrblend_w10847_h6819_ox3015_oy0.png
[21:49:36] +163.2s blended
[21:49:36] +163.2s seam 7 window=10847x6819 keepA=0.73
[21:49:36] +163.2s warped DSCF0567.RAF nudged
[21:49:38] +165.2s SNAP s07_C_after_photometry /home/dalibor/Projects/RapidRAW/lean_pano_proto/out/maskcmp/v34/DSCF0566_s07_C_after_photometry_w11491_h6819_ox0_oy0.png
[21:49:40] +167.2s SNAP s07_D_canvas_after /home/dalibor/Projects/RapidRAW/lean_pano_proto/out/maskcmp/v34/DSCF0566_s07_D_canvas_after_w11491_h6819_ox0_oy0.png
[21:49:43] +170.1s SNAP s08_C2_canvas_before /home/dalibor/Projects/RapidRAW/lean_pano_proto/out/maskcmp/v34/DSCF0566_s08_C2_canvas_before_w11491_h6819_ox0_oy0.png
[21:49:43] +170.7s snapwin seam=8 canvas=(17443,946) size=8377x5873
[21:49:43] +170.8s SNAP s08_S1_avbv /home/dalibor/Projects/RapidRAW/lean_pano_proto/out/maskcmp/v34/DSCF0566_s08_S1_avbv_w8377_h5873_ox17443_oy946.png
[21:49:45] +172.2s SNAP s08_S2_aw_canvas /home/dalibor/Projects/RapidRAW/lean_pano_proto/out/maskcmp/v34/DSCF0566_s08_S2_aw_canvas_w8377_h5873_ox17443_oy946.png
[21:49:46] +173.6s SNAP s08_S3_bw_incoming /home/dalibor/Projects/RapidRAW/lean_pano_proto/out/maskcmp/v34/DSCF0566_s08_S3_bw_incoming_w8377_h5873_ox17443_oy946.png
[21:49:47] +173.9s field n=0 const=[1.0000 1.0000 1.0000] peak=0.0000 gain=-0.0920 (rejected)
[21:49:48] +175.4s SNAP s08_S4_bw_after_gain /home/dalibor/Projects/RapidRAW/lean_pano_proto/out/maskcmp/v34/DSCF0566_s08_S4_bw_after_gain_w8377_h5873_ox17443_oy946.png
[21:49:48] +175.6s seam grid 168x203 nodes=33978
[21:49:49] +175.9s seam grid 1320x1597 nodes=149422
[21:49:50] +177.5s seam refine nodes=149422
[21:49:50] +177.5s painted
[21:49:50] +177.7s SNAP s08_S5_mask_hard /home/dalibor/Projects/RapidRAW/lean_pano_proto/out/maskcmp/v34/DSCF0566_s08_S5_mask_hard_w8377_h5873_ox17443_oy946.png
[21:49:51] +177.9s SNAP s08_S6_mask_soft /home/dalibor/Projects/RapidRAW/lean_pano_proto/out/maskcmp/v34/DSCF0566_s08_S6_mask_soft_w8377_h5873_ox17443_oy946.png
[21:49:51] +177.9s mask blurred
[21:49:51] +178.4s SNAP s08_M_v34_used /home/dalibor/Projects/RapidRAW/lean_pano_proto/out/maskcmp/v34/DSCF0566_s08_M_v34_used_w8377_h5873_ox17443_oy946.png
[21:49:51] +178.8s snapblendrect seam=8 canvas=(17452,983)..(24796,6819)
[21:49:52] +178.9s SNAP s08_S7_mask_soft_rect /home/dalibor/Projects/RapidRAW/lean_pano_proto/out/maskcmp/v34/DSCF0566_s08_S7_mask_soft_rect_w8377_h5873_ox17443_oy946.png
[21:49:52] +179.8s pyramid gauss
[21:49:53] +180.7s pyramid expand
[21:49:55] +182.3s SNAP s08_S8_pyrblend /home/dalibor/Projects/RapidRAW/lean_pano_proto/out/maskcmp/v34/DSCF0566_s08_S8_pyrblend_w8377_h5873_ox17443_oy946.png
[21:49:55] +182.5s blended
[21:49:55] +182.5s seam 8 window=8377x5873 keepA=0.50
[21:49:55] +182.5s warped DSCF0575.RAF nudged
[21:49:55] +182.6s SNAP s08_C_after_photometry /home/dalibor/Projects/RapidRAW/lean_pano_proto/out/maskcmp/v34/DSCF0566_s08_C_after_photometry_w11491_h6819_ox0_oy0.png
[21:49:57] +184.7s SNAP s08_D_canvas_after /home/dalibor/Projects/RapidRAW/lean_pano_proto/out/maskcmp/v34/DSCF0566_s08_D_canvas_after_w11491_h6819_ox0_oy0.png
[21:50:01] +188.2s SNAP s09_C2_canvas_before /home/dalibor/Projects/RapidRAW/lean_pano_proto/out/maskcmp/v34/DSCF0566_s09_C2_canvas_before_w11491_h6819_ox0_oy0.png
[21:50:02] +189.0s snapwin seam=9 canvas=(0,0) size=11491x6819
[21:50:02] +189.3s SNAP s09_S1_avbv /home/dalibor/Projects/RapidRAW/lean_pano_proto/out/maskcmp/v34/DSCF0566_s09_S1_avbv_w11491_h6819_ox0_oy0.png
[21:50:04] +191.2s SNAP s09_S2_aw_canvas /home/dalibor/Projects/RapidRAW/lean_pano_proto/out/maskcmp/v34/DSCF0566_s09_S2_aw_canvas_w11491_h6819_ox0_oy0.png
[21:50:06] +193.6s SNAP s09_S3_bw_incoming /home/dalibor/Projects/RapidRAW/lean_pano_proto/out/maskcmp/v34/DSCF0566_s09_S3_bw_incoming_w11491_h6819_ox0_oy0.png
[21:50:07] +194.0s field n=0 const=[1.0000 1.0000 1.0000] peak=0.0000 gain=-0.0886 (rejected)
[21:50:09] +196.4s SNAP s09_S4_bw_after_gain /home/dalibor/Projects/RapidRAW/lean_pano_proto/out/maskcmp/v34/DSCF0566_s09_S4_bw_after_gain_w11491_h6819_ox0_oy0.png
[21:50:09] +196.8s seam grid 200x238 nodes=45974
[21:50:10] +197.2s seam grid 1572x1876 nodes=197745
[21:50:12] +199.8s seam refine nodes=197745
[21:50:12] +199.8s painted
[21:50:13] +200.1s SNAP s09_S5_mask_hard /home/dalibor/Projects/RapidRAW/lean_pano_proto/out/maskcmp/v34/DSCF0566_s09_S5_mask_hard_w11491_h6819_ox0_oy0.png
[21:50:13] +200.5s SNAP s09_S6_mask_soft /home/dalibor/Projects/RapidRAW/lean_pano_proto/out/maskcmp/v34/DSCF0566_s09_S6_mask_soft_w11491_h6819_ox0_oy0.png
[21:50:13] +200.5s mask blurred
[21:50:14] +201.2s SNAP s09_M_v34_used /home/dalibor/Projects/RapidRAW/lean_pano_proto/out/maskcmp/v34/DSCF0566_s09_M_v34_used_w11491_h6819_ox0_oy0.png
[21:50:14] +201.8s snapblendrect seam=9 canvas=(3024,0)..(11484,6819)
[21:50:15] +202.0s SNAP s09_S7_mask_soft_rect /home/dalibor/Projects/RapidRAW/lean_pano_proto/out/maskcmp/v34/DSCF0566_s09_S7_mask_soft_rect_w11491_h6819_ox0_oy0.png
[21:50:16] +203.1s pyramid gauss
[21:50:17] +204.7s pyramid expand
[21:50:20] +207.0s SNAP s09_S8_pyrblend /home/dalibor/Projects/RapidRAW/lean_pano_proto/out/maskcmp/v34/DSCF0566_s09_S8_pyrblend_w11491_h6819_ox0_oy0.png
[21:50:20] +207.3s blended
[21:50:20] +207.3s seam 9 window=11491x6819 keepA=0.59
[21:50:20] +207.3s warped DSCF0566.RAF nudged
[21:50:23] +210.0s SNAP s09_C_after_photometry /home/dalibor/Projects/RapidRAW/lean_pano_proto/out/maskcmp/v34/DSCF0566_s09_C_after_photometry_w11491_h6819_ox0_oy0.png
[21:50:25] +212.5s SNAP s09_D_canvas_after /home/dalibor/Projects/RapidRAW/lean_pano_proto/out/maskcmp/v34/DSCF0566_s09_D_canvas_after_w11491_h6819_ox0_oy0.png
[21:50:25] +212.5s refined shifts seams=0 mean_abs_shift=0.000px max_abs_shift=0.000px
[21:50:25] +212.5s exposure gains applied 8
[21:50:26] +213.0s save encode 25414x4991
[21:50:35] +222.2s seam dump /home/dalibor/Projects/RapidRAW/lean_pano_proto/out/v40/DSCF0566/seams.txt
[21:50:35] +222.2s blend_stage extract=0.00s
[21:50:35] +222.2s blend_stage graphcut=20.49s
[21:50:35] +222.2s blend_stage mask_blur=0.99s
[21:50:35] +222.2s blend_stage pyr_blend=19.73s
[21:50:35] +222.2s boundary_step final: n=10829 median_step=3.41% p90=43.19%
[21:50:35] +222.2s blinds_flat  final: n=14303 median_step=1.66% p90=24.65%
[21:50:35] +222.2s woodline    final: n=9654 median_step=9.31% p90=62.51%
[21:50:35] +222.2s ghost_band   final: mean=0.648 keepA=0.59 cut_px=111579 swallowed=0
[21:50:35] +222.2s sharpness_lapvar final: 9.826242893783661
[21:50:35] +222.2s pano_mean_lum 0.05251946838626099 shadow_median 0.03623547405004501 canvas 25414x4991 levels=6 window_px=512
[21:50:35] +222.2s time  final blend=131.47s encode_tiff=1.00s metrics=6.91s photometry=4.16s step_metrics=0.06s warp=4.47s
[21:50:35] +222.2s time  total=222.17s
[21:50:35] +222.2s saved /home/dalibor/Projects/RapidRAW/lean_pano_proto/out/v40/DSCF0566/DSCF0566_Pano.tiff
