[03:51:56] +0.0s log /home/dalibor/Projects/RapidRAW/lean_pano_proto/out/v46/DSCF0566/DSCF0566_Pano.pano.log
[03:51:56] +0.0s merge started files=10
[03:51:56] +0.1s focal native=70.2mm x crop=1.534 = 107.69mm 35eq (exif 35eq=105.0, implied crop=1.4957, delta=+2.56%)
[03:51:57] +0.2s jpeg DSCF0566.RAF native 4416x2944 declared 4416x2944
[03:51:57] +0.4s jpeg DSCF0567.RAF native 4416x2944 declared 4416x2944
[03:51:57] +0.6s jpeg DSCF0568.RAF native 4416x2944 declared 4416x2944
[03:51:57] +0.8s jpeg DSCF0569.RAF native 4416x2944 declared 4416x2944
[03:51:57] +1.0s jpeg DSCF0570.RAF native 4416x2944 declared 4416x2944
[03:51:58] +1.2s jpeg DSCF0571.RAF native 4416x2944 declared 4416x2944
[03:51:58] +1.4s jpeg DSCF0572.RAF native 4416x2944 declared 4416x2944
[03:51:58] +1.6s jpeg DSCF0573.RAF native 4416x2944 declared 4416x2944
[03:51:58] +1.8s jpeg DSCF0574.RAF native 4416x2944 declared 4416x2944
[03:51:58] +2.0s jpeg DSCF0575.RAF native 4416x2944 declared 4416x2944
[03:52:01] +4.2s points DSCF0566.RAF 11766
[03:52:01] +4.2s points DSCF0567.RAF 11738
[03:52:01] +4.2s points DSCF0568.RAF 11678
[03:52:01] +4.2s points DSCF0569.RAF 11728
[03:52:01] +4.2s points DSCF0570.RAF 11771
[03:52:01] +4.2s points DSCF0571.RAF 11772
[03:52:01] +4.2s points DSCF0572.RAF 11762
[03:52:01] +4.2s points DSCF0573.RAF 11774
[03:52:01] +4.2s points DSCF0574.RAF 11740
[03:52:01] +4.2s points DSCF0575.RAF 11787
[03:52:01] +4.2s matching 17 neighbor pairs
[03:52:05] +8.7s match DSCF0566.RAF<->DSCF0567.RAF: 4866 good
[03:52:05] +8.7s match DSCF0566.RAF<->DSCF0568.RAF: 3120 good
[03:52:05] +8.7s match DSCF0567.RAF<->DSCF0568.RAF: 5713 good
[03:52:05] +8.7s match DSCF0567.RAF<->DSCF0569.RAF: 4446 good
[03:52:05] +8.7s match DSCF0568.RAF<->DSCF0569.RAF: 6127 good
[03:52:05] +8.7s match DSCF0568.RAF<->DSCF0570.RAF: 4395 good
[03:52:05] +8.7s match DSCF0569.RAF<->DSCF0570.RAF: 5959 good
[03:52:05] +8.7s match DSCF0569.RAF<->DSCF0571.RAF: 4273 good
[03:52:05] +8.7s match DSCF0570.RAF<->DSCF0571.RAF: 6233 good
[03:52:05] +8.7s match DSCF0570.RAF<->DSCF0572.RAF: 4408 good
[03:52:05] +8.7s match DSCF0571.RAF<->DSCF0572.RAF: 6161 good
[03:52:05] +8.7s match DSCF0571.RAF<->DSCF0573.RAF: 4555 good
[03:52:05] +8.7s match DSCF0572.RAF<->DSCF0573.RAF: 6270 good
[03:52:05] +8.7s match DSCF0572.RAF<->DSCF0574.RAF: 4378 good
[03:52:05] +8.7s match DSCF0573.RAF<->DSCF0574.RAF: 6118 good
[03:52:05] +8.7s match DSCF0573.RAF<->DSCF0575.RAF: 4483 good
[03:52:05] +8.7s match DSCF0574.RAF<->DSCF0575.RAF: 6447 good
[03:52:06] +9.3s aligned kept=10 focal35=107.7 jpeg=4416x2944 points=4416x2944
[03:52:06] +9.3s lens crop=1.534 focal35=107.7 calib=1.529
[03:52:07] +10.6s sky target 0.1864
[03:52:07] +10.6s sky scale DSCF0566.RAF 1.598 median 0.1167
[03:52:07] +10.6s sky scale DSCF0567.RAF 0.938 median 0.1987
[03:52:07] +10.6s sky scale DSCF0568.RAF 1.000 median 0.1864
[03:52:07] +10.6s sky scale DSCF0569.RAF 0.939 median 0.1985
[03:52:07] +10.6s sky scale DSCF0570.RAF 1.008 median 0.1850
[03:52:07] +10.6s sky scale DSCF0571.RAF 1.011 median 0.1844
[03:52:07] +10.6s sky scale DSCF0572.RAF 1.021 median 0.1827
[03:52:07] +10.6s sky scale DSCF0573.RAF 1.005 median 0.1855
[03:52:07] +10.6s sky scale DSCF0574.RAF 0.853 median 0.2185
[03:52:07] +10.6s sky scale DSCF0575.RAF 0.806 median 0.2312
[03:52:07] +10.6s Matching brightness...
[03:52:07] +10.6s canvas perspective 6376x1675
[03:52:07] +10.7s warp DSCF0571.RAF: bbox=(2773,272,4808,1643) 2035x1371
[03:52:07] +10.7s warp DSCF0574.RAF: bbox=(4052,347,6004,1667) 1952x1320
[03:52:07] +10.7s warp DSCF0572.RAF: bbox=(3197,300,5192,1644) 1995x1344
[03:52:07] +10.7s warp DSCF0570.RAF: bbox=(2321,234,4419,1644) 2098x1410
[03:52:07] +10.7s warp DSCF0573.RAF: bbox=(3615,315,5579,1642) 1964x1327
[03:52:07] +10.7s warp DSCF0567.RAF: bbox=(853,100,3288,1675) 2435x1575
[03:52:07] +10.8s warp DSCF0575.RAF: bbox=(4418,348,6376,1675) 1958x1327
[03:52:07] +10.8s warp DSCF0569.RAF: bbox=(1839,196,4027,1654) 2188x1458
[03:52:07] +10.8s warp DSCF0568.RAF: bbox=(1357,153,3655,1665) 2298x1512
[03:52:07] +10.9s warp DSCF0566.RAF: bbox=(0,0,2701,1675) 2701x1675
[03:52:08] +11.1s brightness gains=10 corner=0.671
[03:52:08] +11.1s Blending photos...
[03:52:08] +11.4s blend 1: window=3019x1675 tiles=1150
[03:52:08] +11.8s local moved kept=279 field=3.24 disagree 0.1834 -> 0.0776
[03:52:08] +11.8s seam grid 47x55 nodes=2380
[03:52:08] +11.8s seam grid 346x416 nodes=43536
[03:52:08] +12.0s seam refine nodes=43536
[03:52:08] +12.0s painted
[03:52:08] +12.0s mask blurred
[03:52:09] +12.1s pyramid gauss
[03:52:09] +12.2s pyramid expand
[03:52:09] +12.2s pasted
[03:52:09] +12.2s blended 1 keepA=0.51
[03:52:09] +12.2s blend 2: window=3122x1675 tiles=1175
[03:52:09] +12.6s local moved kept=282 field=4.24 disagree 0.2367 -> 0.1240
[03:52:09] +12.6s seam grid 47x56 nodes=2475
[03:52:09] +12.6s seam grid 352x424 nodes=39406
[03:52:09] +12.7s seam refine nodes=39406
[03:52:09] +12.7s painted
[03:52:09] +12.7s mask blurred
[03:52:09] +12.8s pyramid gauss
[03:52:09] +12.9s pyramid expand
[03:52:09] +12.9s pasted
[03:52:09] +12.9s blended 2 keepA=0.58
[03:52:09] +12.9s blend 3: window=2988x1675 tiles=1125
[03:52:10] +13.2s local moved kept=278 field=3.71 disagree 0.2341 -> 0.1029
[03:52:10] +13.2s seam grid 46x54 nodes=2341
[03:52:10] +13.2s seam grid 342x407 nodes=31122
[03:52:10] +13.4s seam refine nodes=31122
[03:52:10] +13.4s painted
[03:52:10] +13.4s mask blurred
[03:52:10] +13.5s pyramid gauss
[03:52:10] +13.6s pyramid expand
[03:52:10] +13.6s pasted
[03:52:10] +13.6s blended 3 keepA=0.61
[03:52:10] +13.6s blend 4: window=3212x1675 tiles=1225
[03:52:10] +13.9s local moved kept=332 field=4.89 disagree 0.2125 -> 0.1003
[03:52:10] +13.9s seam grid 49x57 nodes=2582
[03:52:10] +13.9s seam grid 364x439 nodes=42496
[03:52:11] +14.1s seam refine nodes=42496
[03:52:11] +14.1s painted
[03:52:11] +14.1s mask blurred
[03:52:11] +14.2s pyramid gauss
[03:52:11] +14.3s pyramid expand
[03:52:11] +14.3s pasted
[03:52:11] +14.3s blended 4 keepA=0.50
[03:52:11] +14.3s blend 5: window=3322x1675 tiles=1250
[03:52:11] +14.6s local moved kept=405 field=6.11 disagree 0.2082 -> 0.0854
[03:52:11] +14.7s seam grid 50x62 nodes=2846
[03:52:11] +14.7s seam grid 376x467 nodes=30305
[03:52:11] +14.8s seam refine nodes=30305
[03:52:11] +14.8s painted
[03:52:11] +14.8s mask blurred
[03:52:11] +14.9s pyramid gauss
[03:52:11] +15.0s pyramid expand
[03:52:11] +15.0s pasted
[03:52:11] +15.0s blended 5 keepA=0.49
[03:52:11] +15.0s blend 6: window=2836x1675 tiles=1075
[03:52:12] +15.3s local moved kept=267 field=4.29 disagree 0.2939 -> 0.1138
[03:52:12] +15.3s seam grid 45x53 nodes=2330
[03:52:12] +15.3s seam grid 334x395 nodes=31070
[03:52:12] +15.5s seam refine nodes=31070
[03:52:12] +15.5s painted
[03:52:12] +15.5s mask blurred
[03:52:12] +15.6s pyramid gauss
[03:52:12] +15.6s pyramid expand
[03:52:12] +15.6s pasted
[03:52:12] +15.6s blended 6 keepA=0.53
[03:52:12] +15.6s blend 7: window=3459x1675 tiles=1325
[03:52:13] +16.1s local moved kept=443 field=6.26 disagree 0.2072 -> 0.0933
[03:52:13] +16.1s seam grid 52x65 nodes=3062
[03:52:13] +16.1s seam grid 387x496 nodes=45390
[03:52:13] +16.3s seam refine nodes=45390
[03:52:13] +16.3s painted
[03:52:13] +16.3s mask blurred
[03:52:13] +16.4s pyramid gauss
[03:52:13] +16.6s pyramid expand
[03:52:13] +16.6s pasted
[03:52:13] +16.6s blended 7 keepA=0.59
[03:52:13] +16.6s blend 8: window=2470x1675 tiles=925
[03:52:13] +16.9s local moved kept=304 field=4.84 disagree 0.3246 -> 0.1186
[03:52:13] +16.9s seam grid 45x54 nodes=2361
[03:52:13] +16.9s seam grid 337x409 nodes=31059
[03:52:13] +17.0s seam refine nodes=31059
[03:52:13] +17.0s painted
[03:52:13] +17.0s mask blurred
[03:52:14] +17.1s pyramid gauss
[03:52:14] +17.2s pyramid expand
[03:52:14] +17.2s pasted
[03:52:14] +17.2s blended 8 keepA=0.58
[03:52:14] +17.2s blend 9: window=3213x1675 tiles=1225
[03:52:14] +17.6s local moved kept=403 field=7.46 disagree 0.1834 -> 0.0736
[03:52:14] +17.6s seam grid 53x63 nodes=3108
[03:52:14] +17.6s seam grid 400x475 nodes=48685
[03:52:14] +17.8s seam refine nodes=48685
[03:52:14] +17.8s painted
[03:52:14] +17.9s mask blurred
[03:52:14] +18.0s pyramid gauss
[03:52:15] +18.1s pyramid expand
[03:52:15] +18.1s pasted
[03:52:15] +18.1s blended 9 keepA=0.60
[03:52:15] +18.1s preview canvas perspective 6376x1675 shifts=9
[03:52:15] +18.1s time  preview=8.77s (solve+match 9.35s)
[03:52:15] +18.2s preview ready /home/dalibor/Projects/RapidRAW/lean_pano_proto/out/v46/DSCF0566/DSCF0566_preview.jpg
[03:52:15] +18.2s save started
[03:52:15] +18.2s develop jobs=4
[03:52:21] +24.4s developed DSCF0566.RAF 7728x5152 -> 1920x1280
[03:52:21] +24.4s developed DSCF0567.RAF 7728x5152 -> 1920x1280
[03:52:21] +24.4s developed DSCF0568.RAF 7728x5152 -> 1920x1280
[03:52:21] +24.4s developed DSCF0569.RAF 7728x5152 -> 1920x1280
[03:52:21] +24.4s developed DSCF0570.RAF 7728x5152 -> 1920x1280
[03:52:21] +24.4s developed DSCF0571.RAF 7728x5152 -> 1920x1280
[03:52:21] +24.4s developed DSCF0572.RAF 7728x5152 -> 1920x1280
[03:52:21] +24.4s developed DSCF0573.RAF 7728x5152 -> 1920x1280
[03:52:21] +24.4s developed DSCF0574.RAF 7728x5152 -> 1920x1280
[03:52:21] +24.4s developed DSCF0575.RAF 7728x5152 -> 1920x1280
[03:52:21] +24.4s time  develop=6.13s
[03:52:21] +24.4s scale raw=7728x5152 jpeg=4416x2944 x=1.7500 y=1.7500
[03:52:21] +24.4s Matching brightness...
[03:52:21] +24.4s canvas perspective 6376x1675
[03:52:21] +24.5s warp DSCF0574.RAF: bbox=(4052,347,6004,1667) 1952x1320
[03:52:21] +24.6s warp DSCF0571.RAF: bbox=(2773,272,4808,1643) 2035x1371
[03:52:21] +24.6s warp DSCF0569.RAF: bbox=(1839,196,4027,1654) 2188x1458
[03:52:21] +24.6s warp DSCF0567.RAF: bbox=(853,100,3288,1675) 2435x1575
[03:52:21] +24.6s warp DSCF0570.RAF: bbox=(2321,234,4419,1644) 2098x1410
[03:52:21] +24.6s warp DSCF0568.RAF: bbox=(1357,153,3655,1665) 2298x1512
[03:52:21] +24.6s warp DSCF0573.RAF: bbox=(3615,315,5579,1642) 1964x1327
[03:52:21] +24.6s warp DSCF0575.RAF: bbox=(4418,348,6376,1675) 1958x1327
[03:52:21] +24.6s warp DSCF0566.RAF: bbox=(0,0,2701,1675) 2701x1675
[03:52:21] +24.6s warp DSCF0572.RAF: bbox=(3197,300,5192,1644) 1995x1344
[03:52:21] +24.9s brightness gains=10 corner=0.635
[03:52:21] +24.9s Blending photos...
[03:52:22] +25.2s blend 1: window=3019x1675 tiles=1150
[03:52:22] +25.6s local moved kept=254 field=4.13 disagree 0.2651 -> 0.0984
[03:52:22] +25.6s seam grid 47x55 nodes=2379
[03:52:22] +25.6s seam grid 346x416 nodes=40651
[03:52:22] +25.8s seam refine nodes=40651
[03:52:22] +25.8s painted
[03:52:22] +25.8s mask blurred
[03:52:22] +25.9s pyramid gauss
[03:52:22] +26.0s pyramid expand
[03:52:22] +26.1s pasted
[03:52:22] +26.1s blended 1 keepA=0.54
[03:52:22] +26.1s blend 2: window=3122x1675 tiles=1175
[03:52:23] +26.4s local moved kept=267 field=5.30 disagree 0.2965 -> 0.1305
[03:52:23] +26.4s seam grid 47x56 nodes=2473
[03:52:23] +26.4s seam grid 352x424 nodes=38225
[03:52:23] +26.5s seam refine nodes=38225
[03:52:23] +26.5s painted
[03:52:23] +26.5s mask blurred
[03:52:23] +26.7s pyramid gauss
[03:52:23] +26.7s pyramid expand
[03:52:23] +26.7s pasted
[03:52:23] +26.7s blended 2 keepA=0.56
[03:52:23] +26.7s blend 3: window=2988x1675 tiles=1125
[03:52:23] +27.0s local moved kept=270 field=7.16 disagree 0.3385 -> 0.1565
[03:52:23] +27.1s seam grid 46x54 nodes=2342
[03:52:24] +27.1s seam grid 342x407 nodes=31328
[03:52:24] +27.2s seam refine nodes=31328
[03:52:24] +27.2s painted
[03:52:24] +27.2s mask blurred
[03:52:24] +27.3s pyramid gauss
[03:52:24] +27.4s pyramid expand
[03:52:24] +27.4s pasted
[03:52:24] +27.4s blended 3 keepA=0.60
[03:52:24] +27.4s blend 4: window=3212x1675 tiles=1225
[03:52:24] +27.8s local moved kept=316 field=9.19 disagree 0.3098 -> 0.1438
[03:52:24] +27.8s seam grid 49x57 nodes=2583
[03:52:24] +27.8s seam grid 364x439 nodes=39068
[03:52:24] +28.0s seam refine nodes=39068
[03:52:24] +28.0s painted
[03:52:24] +28.0s mask blurred
[03:52:24] +28.1s pyramid gauss
[03:52:25] +28.1s pyramid expand
[03:52:25] +28.1s pasted
[03:52:25] +28.1s blended 4 keepA=0.57
[03:52:25] +28.1s blend 5: window=3322x1675 tiles=1250
[03:52:25] +28.5s local moved kept=400 field=12.44 disagree 0.2955 -> 0.1535
[03:52:25] +28.5s seam grid 50x62 nodes=2846
[03:52:25] +28.6s seam grid 376x467 nodes=29376
[03:52:25] +28.6s seam refine nodes=29376
[03:52:25] +28.6s painted
[03:52:25] +28.6s mask blurred
[03:52:25] +28.8s pyramid gauss
[03:52:25] +28.9s pyramid expand
[03:52:25] +28.9s pasted
[03:52:25] +28.9s blended 5 keepA=0.50
[03:52:25] +28.9s blend 6: window=2836x1675 tiles=1075
[03:52:26] +29.2s local moved kept=271 field=9.87 disagree 0.3726 -> 0.1868
[03:52:26] +29.2s seam grid 45x53 nodes=2327
[03:52:26] +29.2s seam grid 334x395 nodes=31112
[03:52:26] +29.3s seam refine nodes=31112
[03:52:26] +29.3s painted
[03:52:26] +29.3s mask blurred
[03:52:26] +29.4s pyramid gauss
[03:52:26] +29.5s pyramid expand
[03:52:26] +29.5s pasted
[03:52:26] +29.5s blended 6 keepA=0.50
[03:52:26] +29.5s blend 7: window=3459x1675 tiles=1325
[03:52:26] +29.9s local moved kept=462 field=14.49 disagree 0.2892 -> 0.1448
[03:52:26] +29.9s seam grid 52x65 nodes=3061
[03:52:26] +30.0s seam grid 387x496 nodes=43935
[03:52:27] +30.1s seam refine nodes=43935
[03:52:27] +30.1s painted
[03:52:27] +30.1s mask blurred
[03:52:27] +30.3s pyramid gauss
[03:52:27] +30.4s pyramid expand
[03:52:27] +30.4s pasted
[03:52:27] +30.4s blended 7 keepA=0.59
[03:52:27] +30.4s blend 8: window=2470x1675 tiles=925
[03:52:27] +30.7s local moved kept=302 field=10.38 disagree 0.3813 -> 0.1806
[03:52:27] +30.7s seam grid 45x54 nodes=2361
[03:52:27] +30.7s seam grid 337x409 nodes=28286
[03:52:27] +30.8s seam refine nodes=28286
[03:52:27] +30.8s painted
[03:52:27] +30.8s mask blurred
[03:52:27] +30.9s pyramid gauss
[03:52:27] +30.9s pyramid expand
[03:52:27] +31.0s pasted
[03:52:27] +31.0s blended 8 keepA=0.60
[03:52:27] +31.0s blend 9: window=3213x1675 tiles=1225
[03:52:28] +31.3s local moved kept=415 field=14.65 disagree 0.3088 -> 0.1461
[03:52:28] +31.4s seam grid 53x63 nodes=3108
[03:52:28] +31.4s seam grid 400x475 nodes=45768
[03:52:28] +31.6s seam refine nodes=45768
[03:52:28] +31.6s painted
[03:52:28] +31.6s mask blurred
[03:52:28] +31.7s pyramid gauss
[03:52:28] +31.8s pyramid expand
[03:52:28] +31.8s pasted
[03:52:28] +31.8s blended 9 keepA=0.59
[03:52:28] +31.9s time  linear_photometry=7.46s
[03:52:28] +31.9s photometry source=second compose
[03:52:28] +31.9s save seam preview
[03:52:28] +31.9s save cut fullres
[03:52:28] +31.9s photometry gains=10
[03:52:28] +31.9s photo pedestal=0.002679 field_norm=1.995567 gains=[0.9962 1.0346 0.9602 0.9557 1.0066 0.9935 1.0513 0.9702 1.0319 1.0045]
[03:52:28] +31.9s save seam developed
[03:52:28] +31.9s canvas perspective 25664x6742
[03:52:29] +32.4s local align resolution 1/1
[03:52:29] +32.4s composite levels=6 pad=512
[03:52:29] +32.4s local alignment refine=false
[03:52:30] +33.5s warped DSCF0571.RAF straight
[03:52:32] +35.2s field n=0 const=[1.0000 1.0000 1.0000] peak=0.0000 gain=-0.1377 (rejected)
[03:52:32] +35.7s seam fields seam=1 window=9003x6020 stride=2
[03:52:32] +35.9s seam grid 171x205 nodes=34345
[03:52:33] +36.2s seam grid 1339x1621 nodes=139657
[03:52:33] +37.1s seam refine nodes=139657
[03:52:34] +37.1s painted
[03:52:34] +37.2s mask blurred
[03:52:35] +39.0s pyramid gauss
[03:52:36] +40.1s pyramid expand
[03:52:37] +40.2s blended
[03:52:37] +40.2s seam 1 window=9003x6020 keepA=0.35
[03:52:37] +40.2s warped DSCF0572.RAF nudged
[03:52:38] +42.1s field n=0 const=[1.0000 1.0000 1.0000] peak=0.0000 gain=-0.0905 (rejected)
[03:52:39] +42.6s seam fields seam=2 window=9417x6288 stride=2
[03:52:39] +42.9s seam grid 174x210 nodes=36014
[03:52:40] +43.2s seam grid 1367x1657 nodes=170430
[03:52:41] +44.6s seam refine nodes=170430
[03:52:41] +44.7s painted
[03:52:41] +44.8s mask blurred
[03:52:43] +46.7s pyramid gauss
[03:52:44] +47.8s pyramid expand
[03:52:44] +48.0s blended
[03:52:44] +48.0s seam 2 window=9417x6288 keepA=0.60
[03:52:44] +48.0s warped DSCF0570.RAF nudged
[03:52:46] +49.5s field n=0 const=[1.0000 1.0000 1.0000] peak=0.0000 gain=-0.0740 (rejected)
[03:52:46] +50.0s seam fields seam=3 window=8880x5961 stride=2
[03:52:47] +50.2s seam grid 169x202 nodes=33627
[03:52:47] +50.6s seam grid 1327x1587 nodes=134396
[03:52:48] +52.0s seam refine nodes=134396
[03:52:48] +52.0s painted
[03:52:49] +52.1s mask blurred
[03:52:50] +53.8s pyramid gauss
[03:52:51] +54.9s pyramid expand
[03:52:51] +55.1s blended
[03:52:51] +55.1s seam 3 window=8880x5961 keepA=0.61
[03:52:51] +55.1s warped DSCF0573.RAF nudged
[03:52:53] +56.8s field n=0 const=[1.0000 1.0000 1.0000] peak=0.0000 gain=-0.0683 (rejected)
[03:52:54] +57.4s seam fields seam=4 window=9779x6440 stride=2
[03:52:54] +57.7s seam grid 180x218 nodes=38268
[03:52:54] +58.0s seam grid 1413x1717 nodes=176729
[03:52:56] +59.7s seam refine nodes=176729
[03:52:56] +59.7s painted
[03:52:56] +59.9s mask blurred
[03:52:58] +61.8s pyramid gauss
[03:52:59] +63.0s pyramid expand
[03:53:00] +63.2s blended
[03:53:00] +63.2s seam 4 window=9779x6440 keepA=0.58
[03:53:00] +63.2s warped DSCF0569.RAF nudged
[03:53:01] +65.1s field n=0 const=[1.0000 1.0000 1.0000] peak=0.0000 gain=-0.0398 (rejected)
[03:53:02] +65.7s seam fields seam=5 window=10224x6613 stride=2
[03:53:02] +65.9s seam grid 186x232 nodes=41484
[03:53:03] +66.3s seam grid 1463x1828 nodes=193262
[03:53:05] +68.4s seam refine nodes=193262
[03:53:05] +68.5s painted
[03:53:05] +68.6s mask blurred
[03:53:07] +70.7s pyramid gauss
[03:53:09] +72.1s pyramid expand
[03:53:09] +72.2s blended
[03:53:09] +72.2s seam 5 window=10224x6613 keepA=0.68
[03:53:09] +72.2s warped DSCF0568.RAF nudged
[03:53:10] +73.9s field n=0 const=[1.0000 1.0000 1.0000] peak=0.0000 gain=-0.0672 (rejected)
[03:53:11] +74.4s seam fields seam=6 window=8832x5833 stride=2
[03:53:11] +74.6s seam grid 165x195 nodes=32165
[03:53:11] +74.9s seam grid 1294x1537 nodes=130073
[03:53:13] +76.3s seam refine nodes=130073
[03:53:13] +76.3s painted
[03:53:13] +76.4s mask blurred
[03:53:14] +78.0s pyramid gauss
[03:53:15] +79.0s pyramid expand
[03:53:16] +79.1s blended
[03:53:16] +79.1s seam 6 window=8832x5833 keepA=0.53
[03:53:16] +79.1s warped DSCF0574.RAF nudged
[03:53:18] +81.2s field n=0 const=[1.0000 1.0000 1.0000] peak=0.0000 gain=-0.0688 (rejected)
[03:53:18] +81.9s seam fields seam=7 window=10773x6742 stride=2
[03:53:19] +82.2s seam grid 191x246 nodes=44955
[03:53:19] +82.7s seam grid 1513x1944 nodes=217464
[03:53:22] +85.4s seam refine nodes=217464
[03:53:22] +85.4s painted
[03:53:22] +85.6s mask blurred
[03:53:24] +87.9s pyramid gauss
[03:53:26] +89.4s pyramid expand
[03:53:26] +89.6s blended
[03:53:26] +89.6s seam 7 window=10773x6742 keepA=0.74
[03:53:26] +89.6s warped DSCF0567.RAF nudged
[03:53:28] +91.2s field n=0 const=[1.0000 1.0000 1.0000] peak=0.0000 gain=-0.0994 (rejected)
[03:53:28] +91.7s seam fields seam=8 window=8366x5827 stride=2
[03:53:28] +91.9s seam grid 168x203 nodes=33975
[03:53:29] +92.2s seam grid 1318x1596 nodes=149576
[03:53:30] +93.8s seam refine nodes=149576
[03:53:30] +93.8s painted
[03:53:30] +94.0s mask blurred
[03:53:32] +95.6s pyramid gauss
[03:53:33] +96.6s pyramid expand
[03:53:33] +96.8s blended
[03:53:33] +96.8s seam 8 window=8366x5827 keepA=0.54
[03:53:33] +96.8s warped DSCF0575.RAF nudged
[03:53:36] +99.4s field n=0 const=[1.0000 1.0000 1.0000] peak=0.0000 gain=-0.0892 (rejected)
[03:53:36] +100.1s seam fields seam=9 window=11356x6742 stride=2
[03:53:37] +100.4s seam grid 198x236 nodes=45329
[03:53:37] +100.8s seam grid 1560x1860 nodes=189626
[03:53:40] +103.5s seam refine nodes=189626
[03:53:40] +103.5s painted
[03:53:40] +103.7s mask blurred
[03:53:42] +105.9s pyramid gauss
[03:53:44] +107.2s pyramid expand
[03:53:44] +107.4s blended
[03:53:44] +107.4s seam 9 window=11356x6742 keepA=0.60
[03:53:44] +107.4s warped DSCF0566.RAF nudged
[03:53:44] +107.4s refined shifts seams=0 mean_abs_shift=0.000px max_abs_shift=0.000px
[03:53:44] +107.4s exposure gains applied 8
[03:53:44] +107.6s save encode 25270x4975
[03:53:53] +116.9s seam dump /home/dalibor/Projects/RapidRAW/lean_pano_proto/out/v46/DSCF0566/seams.txt
[03:53:53] +116.9s blend_stage extract=0.00s
[03:53:53] +116.9s blend_stage graphcut=21.64s
[03:53:53] +116.9s blend_stage mask_blur=1.26s
[03:53:53] +116.9s blend_stage pyr_blend=19.37s
[03:53:53] +116.9s boundary_step final: n=10872 median_step=3.32% p90=42.99%
[03:53:53] +116.9s blinds_flat  final: n=13363 median_step=1.54% p90=21.07%
[03:53:53] +116.9s woodline    final: n=8622 median_step=8.75% p90=66.34%
[03:53:53] +116.9s ghost_band   final: mean=0.640 keepA=0.58 cut_px=111585 swallowed=0
[03:53:53] +116.9s sharpness_lapvar final: 10.028848324378188
[03:53:53] +116.9s pano_mean_lum 0.0526020142719055 shadow_median 0.0362931452691555 canvas 25270x4975 levels=6 window_px=512
[03:53:53] +116.9s time  final blend=64.86s encode_tiff=1.13s metrics=6.86s photometry=4.10s step_metrics=0.11s warp=4.23s
[03:53:53] +116.9s time  total=116.93s
[03:53:53] +116.9s saved /home/dalibor/Projects/RapidRAW/lean_pano_proto/out/v46/DSCF0566/DSCF0566_Pano.tiff
