[21:50:59] +0.0s log /home/dalibor/Projects/RapidRAW/lean_pano_proto/out/v10/DSCF0566/DSCF0566_Pano.pano.log
[21:50:59] +0.0s merge started files=10
[21:51:00] +0.2s jpeg DSCF0566.RAF native 4416x2944 declared 4416x2944
[21:51:00] +0.4s jpeg DSCF0567.RAF native 4416x2944 declared 4416x2944
[21:51:00] +0.6s jpeg DSCF0568.RAF native 4416x2944 declared 4416x2944
[21:51:00] +0.8s jpeg DSCF0569.RAF native 4416x2944 declared 4416x2944
[21:51:00] +1.0s jpeg DSCF0570.RAF native 4416x2944 declared 4416x2944
[21:51:00] +1.2s jpeg DSCF0571.RAF native 4416x2944 declared 4416x2944
[21:51:01] +1.4s jpeg DSCF0572.RAF native 4416x2944 declared 4416x2944
[21:51:01] +1.6s jpeg DSCF0573.RAF native 4416x2944 declared 4416x2944
[21:51:01] +1.8s jpeg DSCF0574.RAF native 4416x2944 declared 4416x2944
[21:51:01] +2.0s jpeg DSCF0575.RAF native 4416x2944 declared 4416x2944
[21:51:03] +4.2s points DSCF0566.RAF 11766
[21:51:03] +4.2s points DSCF0567.RAF 11738
[21:51:03] +4.2s points DSCF0568.RAF 11678
[21:51:03] +4.2s points DSCF0569.RAF 11728
[21:51:03] +4.2s points DSCF0570.RAF 11771
[21:51:03] +4.2s points DSCF0571.RAF 11772
[21:51:03] +4.2s points DSCF0572.RAF 11762
[21:51:03] +4.2s points DSCF0573.RAF 11774
[21:51:03] +4.2s points DSCF0574.RAF 11740
[21:51:03] +4.2s points DSCF0575.RAF 11787
[21:51:03] +4.2s matching 17 neighbor pairs
[21:51:08] +8.4s match DSCF0566.RAF<->DSCF0567.RAF: 4866 good
[21:51:08] +8.4s match DSCF0566.RAF<->DSCF0568.RAF: 3120 good
[21:51:08] +8.4s match DSCF0567.RAF<->DSCF0568.RAF: 5713 good
[21:51:08] +8.4s match DSCF0567.RAF<->DSCF0569.RAF: 4446 good
[21:51:08] +8.4s match DSCF0568.RAF<->DSCF0569.RAF: 6127 good
[21:51:08] +8.4s match DSCF0568.RAF<->DSCF0570.RAF: 4395 good
[21:51:08] +8.4s match DSCF0569.RAF<->DSCF0570.RAF: 5959 good
[21:51:08] +8.4s match DSCF0569.RAF<->DSCF0571.RAF: 4273 good
[21:51:08] +8.4s match DSCF0570.RAF<->DSCF0571.RAF: 6233 good
[21:51:08] +8.4s match DSCF0570.RAF<->DSCF0572.RAF: 4408 good
[21:51:08] +8.4s match DSCF0571.RAF<->DSCF0572.RAF: 6161 good
[21:51:08] +8.4s match DSCF0571.RAF<->DSCF0573.RAF: 4555 good
[21:51:08] +8.4s match DSCF0572.RAF<->DSCF0573.RAF: 6270 good
[21:51:08] +8.4s match DSCF0572.RAF<->DSCF0574.RAF: 4378 good
[21:51:08] +8.4s match DSCF0573.RAF<->DSCF0574.RAF: 6118 good
[21:51:08] +8.4s match DSCF0573.RAF<->DSCF0575.RAF: 4483 good
[21:51:08] +8.4s match DSCF0574.RAF<->DSCF0575.RAF: 6447 good
[21:51:08] +9.1s aligned kept=10 focal35=105.0 jpeg=4416x2944 points=4416x2944
[21:51:08] +9.1s lens crop=1.534 focal35=105.0 calib=1.529
[21:51:10] +10.3s sky target 0.1864
[21:51:10] +10.3s sky scale DSCF0566.RAF 1.598 median 0.1167
[21:51:10] +10.3s sky scale DSCF0567.RAF 0.938 median 0.1987
[21:51:10] +10.3s sky scale DSCF0568.RAF 1.000 median 0.1864
[21:51:10] +10.3s sky scale DSCF0569.RAF 0.939 median 0.1985
[21:51:10] +10.3s sky scale DSCF0570.RAF 1.008 median 0.1850
[21:51:10] +10.3s sky scale DSCF0571.RAF 1.011 median 0.1844
[21:51:10] +10.3s sky scale DSCF0572.RAF 1.021 median 0.1827
[21:51:10] +10.3s sky scale DSCF0573.RAF 1.005 median 0.1855
[21:51:10] +10.3s sky scale DSCF0574.RAF 0.853 median 0.2185
[21:51:10] +10.3s sky scale DSCF0575.RAF 0.806 median 0.2312
[21:51:10] +10.3s Matching brightness...
[21:51:10] +10.3s canvas perspective 6415x1694
[21:51:10] +10.4s warp DSCF0573.RAF: bbox=(3651,324,5616,1652) 1965x1328
[21:51:10] +10.4s warp DSCF0571.RAF: bbox=(2808,281,4844,1654) 2036x1373
[21:51:10] +10.4s warp DSCF0574.RAF: bbox=(4088,355,6042,1677) 1954x1322
[21:51:10] +10.4s warp DSCF0572.RAF: bbox=(3233,310,5228,1654) 1995x1344
[21:51:10] +10.4s warp DSCF0568.RAF: bbox=(1381,159,3691,1679) 2310x1520
[21:51:10] +10.5s warp DSCF0567.RAF: bbox=(870,104,3323,1690) 2453x1586
[21:51:10] +10.5s warp DSCF0569.RAF: bbox=(1869,203,4063,1667) 2194x1464
[21:51:10] +10.5s warp DSCF0575.RAF: bbox=(4454,356,6415,1687) 1961x1331
[21:51:10] +10.5s warp DSCF0570.RAF: bbox=(2354,242,4455,1656) 2101x1414
[21:51:10] +10.6s warp DSCF0566.RAF: bbox=(0,0,2734,1694) 2734x1694
[21:51:10] +10.8s brightness gains=10 corner=0.659
[21:51:10] +10.8s Blending photos...
[21:51:10] +11.1s blend 1: window=3019x1694 tiles=1150
[21:51:11] +11.5s local moved kept=278 field=3.46 disagree 0.1927 -> 0.0823
[21:51:11] +11.5s seam grid 47x55 nodes=2380
[21:51:11] +11.5s seam grid 346x416 nodes=43314
[21:51:11] +11.7s seam refine nodes=43314
[21:51:11] +11.7s painted
[21:51:11] +11.7s mask blurred
[21:51:11] +11.8s pyramid gauss
[21:51:11] +11.9s pyramid expand
[21:51:11] +11.9s pasted
[21:51:11] +11.9s blended 1 keepA=0.51
[21:51:11] +11.9s blend 2: window=3125x1694 tiles=1175
[21:51:12] +12.2s local moved kept=284 field=4.27 disagree 0.2456 -> 0.1314
[21:51:12] +12.3s seam grid 47x56 nodes=2478
[21:51:12] +12.3s seam grid 353x425 nodes=40091
[21:51:12] +12.4s seam refine nodes=40091
[21:51:12] +12.4s painted
[21:51:12] +12.4s mask blurred
[21:51:12] +12.5s pyramid gauss
[21:51:12] +12.6s pyramid expand
[21:51:12] +12.6s pasted
[21:51:12] +12.6s blended 2 keepA=0.58
[21:51:12] +12.6s blend 3: window=2989x1694 tiles=1125
[21:51:12] +12.9s local moved kept=276 field=3.96 disagree 0.2465 -> 0.1079
[21:51:12] +12.9s seam grid 46x54 nodes=2339
[21:51:12] +12.9s seam grid 343x407 nodes=30666
[21:51:12] +13.0s seam refine nodes=30666
[21:51:12] +13.0s painted
[21:51:12] +13.0s mask blurred
[21:51:12] +13.1s pyramid gauss
[21:51:12] +13.2s pyramid expand
[21:51:12] +13.2s pasted
[21:51:12] +13.2s blended 3 keepA=0.61
[21:51:12] +13.2s blend 4: window=3218x1694 tiles=1225
[21:51:13] +13.5s local moved kept=324 field=5.18 disagree 0.2209 -> 0.1029
[21:51:13] +13.6s seam grid 49x58 nodes=2624
[21:51:13] +13.6s seam grid 365x440 nodes=40449
[21:51:13] +13.7s seam refine nodes=40449
[21:51:13] +13.7s painted
[21:51:13] +13.8s mask blurred
[21:51:13] +13.9s pyramid gauss
[21:51:13] +14.0s pyramid expand
[21:51:13] +14.0s pasted
[21:51:13] +14.0s blended 4 keepA=0.49
[21:51:13] +14.0s blend 5: window=3334x1694 tiles=1275
[21:51:14] +14.4s local moved kept=401 field=6.26 disagree 0.2208 -> 0.0907
[21:51:14] +14.4s seam grid 50x62 nodes=2850
[21:51:14] +14.4s seam grid 377x468 nodes=44704
[21:51:14] +14.5s seam refine nodes=44704
[21:51:14] +14.6s painted
[21:51:14] +14.6s mask blurred
[21:51:14] +14.6s pyramid gauss
[21:51:14] +14.7s pyramid expand
[21:51:14] +14.7s pasted
[21:51:14] +14.7s blended 5 keepA=0.76
[21:51:14] +14.7s blend 6: window=2839x1694 tiles=1075
[21:51:14] +15.0s local moved kept=267 field=4.63 disagree 0.3088 -> 0.1196
[21:51:14] +15.1s seam grid 45x53 nodes=2328
[21:51:14] +15.1s seam grid 334x395 nodes=30712
[21:51:14] +15.2s seam refine nodes=30712
[21:51:14] +15.2s painted
[21:51:14] +15.2s mask blurred
[21:51:15] +15.3s pyramid gauss
[21:51:15] +15.4s pyramid expand
[21:51:15] +15.4s pasted
[21:51:15] +15.4s blended 6 keepA=0.50
[21:51:15] +15.4s blend 7: window=3477x1694 tiles=1325
[21:51:15] +15.8s local moved kept=446 field=6.76 disagree 0.2296 -> 0.0997
[21:51:15] +15.8s seam grid 52x66 nodes=3124
[21:51:15] +15.8s seam grid 391x498 nodes=42069
[21:51:15] +16.0s seam refine nodes=42069
[21:51:15] +16.0s painted
[21:51:15] +16.0s mask blurred
[21:51:15] +16.1s pyramid gauss
[21:51:16] +16.2s pyramid expand
[21:51:16] +16.2s pasted
[21:51:16] +16.2s blended 7 keepA=0.58
[21:51:16] +16.2s blend 8: window=2473x1694 tiles=925
[21:51:16] +16.5s local moved kept=303 field=5.04 disagree 0.3377 -> 0.1250
[21:51:16] +16.6s seam grid 46x55 nodes=2404
[21:51:16] +16.6s seam grid 340x410 nodes=29717
[21:51:16] +16.6s seam refine nodes=29717
[21:51:16] +16.6s painted
[21:51:16] +16.6s mask blurred
[21:51:16] +16.7s pyramid gauss
[21:51:16] +16.8s pyramid expand
[21:51:16] +16.8s pasted
[21:51:16] +16.8s blended 8 keepA=0.61
[21:51:16] +16.8s blend 9: window=3246x1694 tiles=1225
[21:51:16] +17.2s local moved kept=416 field=8.17 disagree 0.2073 -> 0.0812
[21:51:16] +17.2s seam grid 54x63 nodes=3122
[21:51:16] +17.2s seam grid 403x479 nodes=51832
[21:51:17] +17.4s seam refine nodes=51832
[21:51:17] +17.4s painted
[21:51:17] +17.4s mask blurred
[21:51:17] +17.6s pyramid gauss
[21:51:17] +17.7s pyramid expand
[21:51:17] +17.7s pasted
[21:51:17] +17.7s blended 9 keepA=0.59
[21:51:17] +17.7s preview canvas perspective 6415x1694 shifts=9
[21:51:17] +17.8s preview ready /home/dalibor/Projects/RapidRAW/lean_pano_proto/out/v10/DSCF0566/DSCF0566_preview.jpg
[21:51:17] +17.8s save started
[21:51:19] +19.7s developed DSCF0566.RAF 7728x5152 -> 1920x1280
[21:51:21] +21.8s developed DSCF0567.RAF 7728x5152 -> 1920x1280
[21:51:23] +23.9s developed DSCF0568.RAF 7728x5152 -> 1920x1280
[21:51:25] +25.9s developed DSCF0569.RAF 7728x5152 -> 1920x1280
[21:51:27] +27.9s developed DSCF0570.RAF 7728x5152 -> 1920x1280
[21:51:29] +29.9s developed DSCF0571.RAF 7728x5152 -> 1920x1280
[21:51:31] +31.9s developed DSCF0572.RAF 7728x5152 -> 1920x1280
[21:51:33] +33.9s developed DSCF0573.RAF 7728x5152 -> 1920x1280
[21:51:35] +35.9s developed DSCF0574.RAF 7728x5152 -> 1920x1280
[21:51:37] +37.9s developed DSCF0575.RAF 7728x5152 -> 1920x1280
[21:51:37] +37.9s scale raw=7728x5152 jpeg=4416x2944 x=1.7500 y=1.7500
[21:51:37] +37.9s Matching brightness...
[21:51:37] +37.9s canvas perspective 6415x1694
[21:51:37] +38.1s warp DSCF0574.RAF: bbox=(4088,355,6042,1677) 1954x1322
[21:51:37] +38.1s warp DSCF0571.RAF: bbox=(2808,281,4844,1654) 2036x1373
[21:51:37] +38.1s warp DSCF0573.RAF: bbox=(3651,324,5616,1652) 1965x1328
[21:51:37] +38.1s warp DSCF0575.RAF: bbox=(4454,356,6415,1687) 1961x1331
[21:51:37] +38.1s warp DSCF0569.RAF: bbox=(1869,203,4063,1667) 2194x1464
[21:51:37] +38.1s warp DSCF0570.RAF: bbox=(2354,242,4455,1656) 2101x1414
[21:51:37] +38.1s warp DSCF0568.RAF: bbox=(1381,159,3691,1679) 2310x1520
[21:51:37] +38.1s warp DSCF0572.RAF: bbox=(3233,310,5228,1654) 1995x1344
[21:51:37] +38.2s warp DSCF0567.RAF: bbox=(870,104,3323,1690) 2453x1586
[21:51:37] +38.2s warp DSCF0566.RAF: bbox=(0,0,2734,1694) 2734x1694
[21:51:38] +38.4s brightness gains=10 corner=0.636
[21:51:38] +38.4s Blending photos...
[21:51:38] +38.7s blend 1: window=3019x1694 tiles=1150
[21:51:38] +39.1s local moved kept=256 field=4.18 disagree 0.2697 -> 0.0997
[21:51:38] +39.1s seam grid 47x55 nodes=2381
[21:51:38] +39.1s seam grid 346x416 nodes=40235
[21:51:39] +39.2s seam refine nodes=40235
[21:51:39] +39.2s painted
[21:51:39] +39.2s mask blurred
[21:51:39] +39.4s pyramid gauss
[21:51:39] +39.5s pyramid expand
[21:51:39] +39.5s pasted
[21:51:39] +39.5s blended 1 keepA=0.53
[21:51:39] +39.5s blend 2: window=3125x1694 tiles=1175
[21:51:39] +39.8s local moved kept=273 field=5.25 disagree 0.2998 -> 0.1368
[21:51:39] +39.8s seam grid 47x56 nodes=2477
[21:51:39] +39.8s seam grid 353x425 nodes=36430
[21:51:39] +40.0s seam refine nodes=36430
[21:51:39] +40.0s painted
[21:51:39] +40.0s mask blurred
[21:51:39] +40.0s pyramid gauss
[21:51:39] +40.2s pyramid expand
[21:51:39] +40.2s pasted
[21:51:39] +40.2s blended 2 keepA=0.58
[21:51:39] +40.2s blend 3: window=2989x1694 tiles=1125
[21:51:40] +40.5s local moved kept=269 field=7.23 disagree 0.3401 -> 0.1564
[21:51:40] +40.5s seam grid 46x54 nodes=2341
[21:51:40] +40.5s seam grid 342x407 nodes=32665
[21:51:40] +40.6s seam refine nodes=32665
[21:51:40] +40.6s painted
[21:51:40] +40.6s mask blurred
[21:51:40] +40.7s pyramid gauss
[21:51:40] +40.8s pyramid expand
[21:51:40] +40.8s pasted
[21:51:40] +40.8s blended 3 keepA=0.60
[21:51:40] +40.8s blend 4: window=3218x1694 tiles=1225
[21:51:40] +41.1s local moved kept=319 field=9.25 disagree 0.3102 -> 0.1433
[21:51:40] +41.1s seam grid 49x58 nodes=2625
[21:51:40] +41.2s seam grid 365x440 nodes=35292
[21:51:41] +41.2s seam refine nodes=35292
[21:51:41] +41.2s painted
[21:51:41] +41.3s mask blurred
[21:51:41] +41.4s pyramid gauss
[21:51:41] +41.5s pyramid expand
[21:51:41] +41.5s pasted
[21:51:41] +41.5s blended 4 keepA=0.58
[21:51:41] +41.5s blend 5: window=3334x1694 tiles=1275
[21:51:41] +41.9s local moved kept=399 field=12.65 disagree 0.2979 -> 0.1543
[21:51:41] +41.9s seam grid 51x62 nodes=2850
[21:51:41] +41.9s seam grid 378x468 nodes=42591
[21:51:41] +42.1s seam refine nodes=42591
[21:51:41] +42.1s painted
[21:51:41] +42.1s mask blurred
[21:51:41] +42.2s pyramid gauss
[21:51:42] +42.3s pyramid expand
[21:51:42] +42.3s pasted
[21:51:42] +42.3s blended 5 keepA=0.65
[21:51:42] +42.3s blend 6: window=2839x1694 tiles=1075
[21:51:42] +42.6s local moved kept=272 field=10.03 disagree 0.3743 -> 0.1884
[21:51:42] +42.6s seam grid 45x53 nodes=2327
[21:51:42] +42.6s seam grid 334x395 nodes=31281
[21:51:42] +42.7s seam refine nodes=31281
[21:51:42] +42.8s painted
[21:51:42] +42.8s mask blurred
[21:51:42] +42.8s pyramid gauss
[21:51:42] +42.9s pyramid expand
[21:51:42] +42.9s pasted
[21:51:42] +42.9s blended 6 keepA=0.51
[21:51:42] +42.9s blend 7: window=3477x1694 tiles=1325
[21:51:43] +43.3s local moved kept=475 field=14.53 disagree 0.2912 -> 0.1484
[21:51:43] +43.4s seam grid 52x66 nodes=3124
[21:51:43] +43.4s seam grid 391x498 nodes=40875
[21:51:43] +43.5s seam refine nodes=40875
[21:51:43] +43.5s painted
[21:51:43] +43.5s mask blurred
[21:51:43] +43.7s pyramid gauss
[21:51:43] +43.8s pyramid expand
[21:51:43] +43.8s pasted
[21:51:43] +43.8s blended 7 keepA=0.57
[21:51:43] +43.8s blend 8: window=2473x1694 tiles=925
[21:51:43] +44.1s local moved kept=304 field=10.54 disagree 0.3832 -> 0.1824
[21:51:43] +44.1s seam grid 46x55 nodes=2404
[21:51:43] +44.1s seam grid 340x410 nodes=29082
[21:51:43] +44.2s seam refine nodes=29082
[21:51:43] +44.2s painted
[21:51:43] +44.2s mask blurred
[21:51:44] +44.2s pyramid gauss
[21:51:44] +44.3s pyramid expand
[21:51:44] +44.3s pasted
[21:51:44] +44.3s blended 8 keepA=0.61
[21:51:44] +44.3s blend 9: window=3246x1694 tiles=1225
[21:51:44] +44.8s local moved kept=426 field=15.72 disagree 0.3106 -> 0.1468
[21:51:44] +44.8s seam grid 54x63 nodes=3122
[21:51:44] +44.8s seam grid 403x479 nodes=48010
[21:51:44] +45.0s seam refine nodes=48010
[21:51:44] +45.0s painted
[21:51:44] +45.0s mask blurred
[21:51:44] +45.2s pyramid gauss
[21:51:45] +45.3s pyramid expand
[21:51:45] +45.3s pasted
[21:51:45] +45.3s blended 9 keepA=0.59
[21:51:45] +45.3s save seam developed
[21:51:45] +45.3s linear gains=10
[21:51:45] +45.3s canvas perspective 25820x6819
[21:51:46] +46.5s warped DSCF0571.RAF straight
[21:51:47] +48.2s SNAP DSCF0566_s01_M_v10_band_mask /home/dalibor/Projects/RapidRAW/lean_pano_proto/out/maskcmp/v10/DSCF0566_s01_M_v10_band_mask_w7905_h5438_ox13079_oy1238.png
[21:51:48] +49.1s pyramid gauss
[21:51:49] +50.1s pyramid expand
[21:51:50] +50.3s seam strip 1 7905x5438 blur=4
[21:51:50] +50.3s warped DSCF0572.RAF nudged
[21:51:52] +52.3s SNAP DSCF0566_s02_M_v10_band_mask /home/dalibor/Projects/RapidRAW/lean_pano_proto/out/maskcmp/v10/DSCF0566_s02_M_v10_band_mask_w8432_h5571_ox9493_oy1117.png
[21:51:53] +53.3s pyramid gauss
[21:51:54] +54.5s pyramid expand
[21:51:54] +54.7s seam strip 2 8432x5571 blur=4
[21:51:54] +54.7s warped DSCF0570.RAF nudged
[21:51:56] +56.4s SNAP DSCF0566_s03_M_v10_band_mask /home/dalibor/Projects/RapidRAW/lean_pano_proto/out/maskcmp/v10/DSCF0566_s03_M_v10_band_mask_w7805_h5382_ox14749_oy1286.png
[21:51:57] +57.3s pyramid gauss
[21:51:58] +58.4s pyramid expand
[21:51:58] +58.5s seam strip 3 7805x5382 blur=4
[21:51:58] +58.5s warped DSCF0573.RAF nudged
[21:52:00] +60.6s SNAP DSCF0566_s04_M_v10_band_mask /home/dalibor/Projects/RapidRAW/lean_pano_proto/out/maskcmp/v10/DSCF0566_s04_M_v10_band_mask_w8828_h5745_ox7532_oy988.png
[21:52:01] +61.7s pyramid gauss
[21:52:02] +63.0s pyramid expand
[21:52:02] +63.2s seam strip 4 8828x5745 blur=4
[21:52:02] +63.2s warped DSCF0569.RAF nudged
[21:52:05] +65.5s SNAP DSCF0566_s05_M_v10_band_mask /home/dalibor/Projects/RapidRAW/lean_pano_proto/out/maskcmp/v10/DSCF0566_s05_M_v10_band_mask_w7902_h5777_ox5544_oy1004.png
[21:52:06] +66.5s pyramid gauss
[21:52:07] +67.6s pyramid expand
[21:52:07] +67.8s seam strip 5 7902x5777 blur=4
[21:52:07] +67.8s warped DSCF0568.RAF nudged
[21:52:09] +69.4s SNAP DSCF0566_s06_M_v10_band_mask /home/dalibor/Projects/RapidRAW/lean_pano_proto/out/maskcmp/v10/DSCF0566_s06_M_v10_band_mask_w7777_h5354_ox16492_oy1411.png
[21:52:10] +70.3s pyramid gauss
[21:52:11] +71.4s pyramid expand
[21:52:11] +71.6s seam strip 6 7777x5354 blur=4
[21:52:11] +71.6s warped DSCF0574.RAF nudged
[21:52:13] +73.9s SNAP DSCF0566_s07_M_v10_band_mask /home/dalibor/Projects/RapidRAW/lean_pano_proto/out/maskcmp/v10/DSCF0566_s07_M_v10_band_mask_w9914_h5984_ox3483_oy835.png
[21:52:15] +75.3s pyramid gauss
[21:52:16] +76.7s pyramid expand
[21:52:16] +76.9s seam strip 7 9914x5984 blur=4
[21:52:16] +76.9s warped DSCF0567.RAF nudged
[21:52:18] +78.7s SNAP DSCF0566_s08_M_v10_band_mask /home/dalibor/Projects/RapidRAW/lean_pano_proto/out/maskcmp/v10/DSCF0566_s08_M_v10_band_mask_w6473_h5366_ox17985_oy1439.png
[21:52:19] +79.5s pyramid gauss
[21:52:20] +80.3s pyramid expand
[21:52:20] +80.4s seam strip 8 6473x5366 blur=4
[21:52:20] +80.4s warped DSCF0575.RAF nudged
[21:52:22] +82.6s SNAP DSCF0566_s09_M_v10_band_mask /home/dalibor/Projects/RapidRAW/lean_pano_proto/out/maskcmp/v10/DSCF0566_s09_M_v10_band_mask_w7737_h5970_ox3290_oy767.png
[21:52:23] +83.6s pyramid gauss
[21:52:24] +84.8s pyramid expand
[21:52:24] +85.0s seam strip 9 7737x5970 blur=4
[21:52:24] +85.0s warped DSCF0566.RAF nudged
[21:52:24] +85.1s save encode 25414x4991
[21:52:26] +86.9s saved /home/dalibor/Projects/RapidRAW/lean_pano_proto/out/v10/DSCF0566/DSCF0566_Pano.tiff
