[20:43:03] +0.0s log /home/dalibor/Projects/RapidRAW/lean_pano_proto/out/v40/DSCF0559/DSCF0559_Pano.pano.log
[20:43:03] +0.0s merge started files=6
[20:43:03] +0.2s jpeg DSCF0559.RAF native 4416x2944 declared 4416x2944
[20:43:04] +0.4s jpeg DSCF0560.RAF native 4416x2944 declared 4416x2944
[20:43:04] +0.6s jpeg DSCF0561.RAF native 4416x2944 declared 4416x2944
[20:43:04] +0.8s jpeg DSCF0562.RAF native 4416x2944 declared 4416x2944
[20:43:04] +1.0s jpeg DSCF0563.RAF native 4416x2944 declared 4416x2944
[20:43:04] +1.3s jpeg DSCF0564.RAF native 4416x2944 declared 4416x2944
[20:43:06] +2.9s points DSCF0559.RAF 11768
[20:43:06] +2.9s points DSCF0560.RAF 11797
[20:43:06] +2.9s points DSCF0561.RAF 11802
[20:43:06] +2.9s points DSCF0562.RAF 11832
[20:43:06] +2.9s points DSCF0563.RAF 11875
[20:43:06] +2.9s points DSCF0564.RAF 11615
[20:43:10] +6.8s match DSCF0559.RAF<->DSCF0560.RAF: 6031 good
[20:43:10] +6.8s match DSCF0559.RAF<->DSCF0561.RAF: 4309 good
[20:43:10] +6.8s match DSCF0559.RAF<->DSCF0562.RAF: 2595 good
[20:43:10] +6.8s match DSCF0559.RAF<->DSCF0563.RAF: 1459 good
[20:43:10] +6.8s match DSCF0559.RAF<->DSCF0564.RAF: 309 good
[20:43:10] +6.8s match DSCF0560.RAF<->DSCF0561.RAF: 6037 good
[20:43:10] +6.8s match DSCF0560.RAF<->DSCF0562.RAF: 3977 good
[20:43:10] +6.8s match DSCF0560.RAF<->DSCF0563.RAF: 2886 good
[20:43:10] +6.8s match DSCF0560.RAF<->DSCF0564.RAF: 1745 good
[20:43:10] +6.8s match DSCF0561.RAF<->DSCF0562.RAF: 5687 good
[20:43:10] +6.8s match DSCF0561.RAF<->DSCF0563.RAF: 4251 good
[20:43:10] +6.8s match DSCF0561.RAF<->DSCF0564.RAF: 3173 good
[20:43:10] +6.8s match DSCF0562.RAF<->DSCF0563.RAF: 6236 good
[20:43:10] +6.8s match DSCF0562.RAF<->DSCF0564.RAF: 4701 good
[20:43:10] +6.8s match DSCF0563.RAF<->DSCF0564.RAF: 6348 good
[20:43:10] +7.1s aligned kept=6 focal35=66.0 jpeg=4416x2944 points=4416x2944
[20:43:10] +7.1s lens crop=1.534 focal35=66.0 calib=1.529
[20:43:11] +7.9s sky target 0.1857
[20:43:11] +7.9s sky scale DSCF0559.RAF 1.581 median 0.1175
[20:43:11] +7.9s sky scale DSCF0560.RAF 1.193 median 0.1558
[20:43:11] +7.9s sky scale DSCF0561.RAF 1.053 median 0.1764
[20:43:11] +7.9s sky scale DSCF0562.RAF 1.000 median 0.1857
[20:43:11] +7.9s sky scale DSCF0563.RAF 0.870 median 0.2135
[20:43:11] +7.9s sky scale DSCF0564.RAF 0.804 median 0.2309
[20:43:11] +7.9s Matching brightness...
[20:43:11] +7.9s canvas perspective 4194x1593
[20:43:11] +8.1s warp DSCF0563.RAF: bbox=(1911,136,3853,1440) 1942x1304
[20:43:11] +8.1s warp DSCF0564.RAF: bbox=(2243,96,4194,1431) 1951x1335
[20:43:11] +8.1s warp DSCF0562.RAF: bbox=(1497,131,3463,1473) 1966x1342
[20:43:11] +8.1s warp DSCF0561.RAF: bbox=(992,90,3040,1507) 2048x1417
[20:43:11] +8.1s warp DSCF0560.RAF: bbox=(497,50,2680,1556) 2183x1506
[20:43:11] +8.1s warp DSCF0559.RAF: bbox=(0,0,2361,1593) 2361x1593
[20:43:11] +8.2s brightness gains=6 corner=0.832
[20:43:11] +8.2s Blending photos...
[20:43:12] +8.4s blend 1: window=2795x1593 tiles=966
[20:43:12] +8.6s local moved kept=262 field=1.72 disagree 0.1034 -> 0.0735
[20:43:12] +8.7s seam grid 45x53 nodes=2277
[20:43:12] +8.7s seam grid 337x401 nodes=38985
[20:43:12] +8.8s seam refine nodes=38985
[20:43:12] +8.8s painted
[20:43:12] +8.8s mask blurred
[20:43:12] +9.0s pyramid gauss
[20:43:12] +9.1s pyramid expand
[20:43:12] +9.1s pasted
[20:43:12] +9.1s blended 1 keepA=0.57
[20:43:12] +9.1s blend 2: window=3072x1593 tiles=1081
[20:43:13] +9.4s local moved kept=257 field=2.92 disagree 0.1201 -> 0.1041
[20:43:13] +9.4s seam grid 47x53 nodes=2278
[20:43:13] +9.4s seam grid 348x399 nodes=27823
[20:43:13] +9.4s seam refine nodes=27823
[20:43:13] +9.4s painted
[20:43:13] +9.4s mask blurred
[20:43:13] +9.5s pyramid gauss
[20:43:13] +9.6s pyramid expand
[20:43:13] +9.6s pasted
[20:43:13] +9.6s blended 2 keepA=0.50
[20:43:13] +9.6s blend 3: window=2463x1593 tiles=851
[20:43:13] +9.9s local moved kept=262 field=3.79 disagree 0.1145 -> 0.0704
[20:43:13] +9.9s seam grid 45x55 nodes=2378
[20:43:13] +9.9s seam grid 336x415 nodes=38965
[20:43:13] +10.0s seam refine nodes=38965
[20:43:13] +10.0s painted
[20:43:13] +10.0s mask blurred
[20:43:13] +10.1s pyramid gauss
[20:43:13] +10.2s pyramid expand
[20:43:13] +10.2s pasted
[20:43:13] +10.2s blended 3 keepA=0.61
[20:43:13] +10.2s blend 4: window=3192x1593 tiles=1104
[20:43:14] +10.5s local moved kept=366 field=3.19 disagree 0.0992 -> 0.0831
[20:43:14] +10.6s seam grid 49x58 nodes=2571
[20:43:14] +10.6s seam grid 367x435 nodes=32834
[20:43:14] +10.7s seam refine nodes=32834
[20:43:14] +10.7s painted
[20:43:14] +10.7s mask blurred
[20:43:14] +10.8s pyramid gauss
[20:43:14] +10.8s pyramid expand
[20:43:14] +10.8s pasted
[20:43:14] +10.8s blended 4 keepA=0.48
[20:43:14] +10.8s blend 5: window=2873x1593 tiles=989
[20:43:14] +11.2s local moved kept=417 field=2.67 disagree 0.1189 -> 0.0804
[20:43:14] +11.2s seam grid 52x63 nodes=2881
[20:43:14] +11.2s seam grid 389x479 nodes=30987
[20:43:14] +11.3s seam refine nodes=30987
[20:43:14] +11.3s painted
[20:43:14] +11.3s mask blurred
[20:43:15] +11.4s pyramid gauss
[20:43:15] +11.5s pyramid expand
[20:43:15] +11.5s pasted
[20:43:15] +11.5s blended 5 keepA=0.47
[20:43:15] +11.6s preview canvas perspective 4194x1593 shifts=5
[20:43:15] +11.6s time  preview=4.42s (solve+match 7.13s)
[20:43:15] +11.6s preview ready /home/dalibor/Projects/RapidRAW/lean_pano_proto/out/v40/DSCF0559/DSCF0559_preview.jpg
[20:43:15] +11.6s save started
[20:43:15] +11.6s develop jobs=4
[20:43:19] +15.8s developed DSCF0559.RAF 7728x5152 -> 1920x1280
[20:43:19] +15.8s developed DSCF0560.RAF 7728x5152 -> 1920x1280
[20:43:19] +15.8s developed DSCF0561.RAF 7728x5152 -> 1920x1280
[20:43:19] +15.8s developed DSCF0562.RAF 7728x5152 -> 1920x1280
[20:43:19] +15.8s developed DSCF0563.RAF 7728x5152 -> 1920x1280
[20:43:19] +15.8s developed DSCF0564.RAF 7728x5152 -> 1920x1280
[20:43:19] +15.8s time  develop=4.19s
[20:43:19] +15.8s scale raw=7728x5152 jpeg=4416x2944 x=1.7500 y=1.7500
[20:43:19] +15.8s Matching brightness...
[20:43:19] +15.8s canvas perspective 4194x1593
[20:43:19] +16.0s warp DSCF0561.RAF: bbox=(992,90,3040,1507) 2048x1417
[20:43:19] +16.0s warp DSCF0563.RAF: bbox=(1911,136,3853,1440) 1942x1304
[20:43:19] +16.0s warp DSCF0562.RAF: bbox=(1497,131,3463,1473) 1966x1342
[20:43:19] +16.0s warp DSCF0560.RAF: bbox=(497,50,2680,1556) 2183x1506
[20:43:19] +16.0s warp DSCF0559.RAF: bbox=(0,0,2361,1593) 2361x1593
[20:43:19] +16.1s warp DSCF0564.RAF: bbox=(2243,96,4194,1431) 1951x1335
[20:43:19] +16.2s brightness gains=6 corner=0.860
[20:43:19] +16.2s Blending photos...
[20:43:20] +16.4s blend 1: window=2795x1593 tiles=966
[20:43:20] +16.7s local moved kept=377 field=3.37 disagree 0.1515 -> 0.0573
[20:43:20] +16.7s seam grid 45x53 nodes=2276
[20:43:20] +16.7s seam grid 337x401 nodes=39348
[20:43:20] +16.9s seam refine nodes=39348
[20:43:20] +16.9s painted
[20:43:20] +16.9s mask blurred
[20:43:20] +17.0s pyramid gauss
[20:43:20] +17.1s pyramid expand
[20:43:20] +17.1s pasted
[20:43:20] +17.1s blended 1 keepA=0.58
[20:43:20] +17.1s blend 2: window=3072x1593 tiles=1081
[20:43:21] +17.4s local moved kept=376 field=4.99 disagree 0.1752 -> 0.0821
[20:43:21] +17.4s seam grid 47x53 nodes=2278
[20:43:21] +17.5s seam grid 348x399 nodes=28567
[20:43:21] +17.5s seam refine nodes=28567
[20:43:21] +17.5s painted
[20:43:21] +17.5s mask blurred
[20:43:21] +17.6s pyramid gauss
[20:43:21] +17.6s pyramid expand
[20:43:21] +17.7s pasted
[20:43:21] +17.7s blended 2 keepA=0.50
[20:43:21] +17.7s blend 3: window=2463x1593 tiles=851
[20:43:21] +18.0s local moved kept=375 field=6.79 disagree 0.1803 -> 0.0789
[20:43:21] +18.0s seam grid 45x55 nodes=2378
[20:43:21] +18.0s seam grid 336x415 nodes=43130
[20:43:21] +18.2s seam refine nodes=43130
[20:43:21] +18.2s painted
[20:43:21] +18.2s mask blurred
[20:43:21] +18.3s pyramid gauss
[20:43:22] +18.4s pyramid expand
[20:43:22] +18.4s pasted
[20:43:22] +18.4s blended 3 keepA=0.53
[20:43:22] +18.4s blend 4: window=3192x1593 tiles=1104
[20:43:22] +18.7s local moved kept=448 field=6.95 disagree 0.1845 -> 0.0820
[20:43:22] +18.7s seam grid 49x58 nodes=2571
[20:43:22] +18.8s seam grid 367x435 nodes=30788
[20:43:22] +18.8s seam refine nodes=30788
[20:43:22] +18.8s painted
[20:43:22] +18.8s mask blurred
[20:43:22] +18.9s pyramid gauss
[20:43:22] +19.0s pyramid expand
[20:43:22] +19.0s pasted
[20:43:22] +19.0s blended 4 keepA=0.49
[20:43:22] +19.0s blend 5: window=2873x1593 tiles=989
[20:43:23] +19.4s local moved kept=496 field=9.05 disagree 0.1918 -> 0.0840
[20:43:23] +19.4s seam grid 52x63 nodes=2881
[20:43:23] +19.4s seam grid 389x479 nodes=30142
[20:43:23] +19.5s seam refine nodes=30142
[20:43:23] +19.5s painted
[20:43:23] +19.5s mask blurred
[20:43:23] +19.6s pyramid gauss
[20:43:23] +19.7s pyramid expand
[20:43:23] +19.7s pasted
[20:43:23] +19.7s blended 5 keepA=0.47
[20:43:23] +19.7s time  linear_photometry=3.90s
[20:43:23] +19.7s photometry source=second compose
[20:43:23] +19.7s save seam preview
[20:43:23] +19.7s save cut fullres
[20:43:23] +19.7s photometry gains=6
[20:43:23] +19.7s photo pedestal=0.003025 field_norm=0.733931 gains=[0.9627 0.9867 1.0245 0.9856 0.9989 1.0438]
[20:43:23] +19.7s save seam developed
[20:43:23] +19.7s canvas perspective 16878x6412
[20:43:23] +20.1s local align resolution 1/1
[20:43:23] +20.1s snapbox canvas_origin=(0,0)
[20:43:23] +20.1s composite levels=6 pad=512
[20:43:23] +20.1s local alignment refine=false
[20:43:26] +23.3s warped DSCF0562.RAF straight
[20:43:35] +31.3s snapwin seam=1 canvas=(7206,62) size=8788x6220
[20:43:35] +31.6s field n=0 const=[1.0000 1.0000 1.0000] peak=0.0000 gain=-0.0296 (rejected)
[20:43:35] +31.9s seam grid 166x198 nodes=32637
[20:43:35] +32.1s seam grid 1305x1561 nodes=135565
[20:43:37] +33.7s seam refine nodes=135565
[20:43:37] +33.8s painted
[20:43:37] +33.9s mask blurred
[20:43:38] +34.7s snapblendrect seam=1 canvas=(7214,94)..(14415,6271)
[20:43:39] +35.6s pyramid gauss
[20:43:40] +36.7s pyramid expand
[20:43:40] +37.0s blended
[20:43:40] +37.0s seam 1 window=8788x6220 keepA=0.68
[20:43:40] +37.0s warped DSCF0563.RAF nudged
[20:43:40] +37.0s field DSCF0563.RAF origin=(1664,0) size=2047x1593 scale=2.0489
[20:43:40] +37.0s SNAP DSCF0559/field_DSCF0559_0563 FAILED No such file or directory (os error 2)
[20:43:49] +45.9s snapwin seam=2 canvas=(3508,0) size=9213x6412
[20:43:49] +46.2s field n=0 const=[1.0000 1.0000 1.0000] peak=0.0000 gain=-0.0344 (rejected)
[20:43:50] +46.5s seam grid 172x197 nodes=33027
[20:43:50] +46.7s seam grid 1351x1552 nodes=109159
[20:43:50] +47.1s seam refine nodes=109159
[20:43:50] +47.1s painted
[20:43:50] +47.3s mask blurred
[20:43:51] +48.2s snapblendrect seam=2 canvas=(5550,49)..(12714,6409)
[20:43:52] +49.1s pyramid gauss
[20:43:53] +50.3s pyramid expand
[20:43:54] +50.6s blended
[20:43:54] +50.6s seam 2 window=9213x6412 keepA=0.49
[20:43:54] +50.6s warped DSCF0561.RAF nudged
[20:43:54] +50.6s field DSCF0561.RAF origin=(1250,0) size=2038x1593 scale=2.0579
[20:43:54] +50.6s SNAP DSCF0559/field_DSCF0559_0561 FAILED No such file or directory (os error 2)
[20:44:02] +58.8s snapwin seam=3 canvas=(8542,0) size=8336x6244
[20:44:02] +59.1s field n=0 const=[1.0000 1.0000 1.0000] peak=0.0000 gain=-0.0297 (rejected)
[20:44:03] +59.4s seam grid 166x206 nodes=34109
[20:44:03] +59.6s seam grid 1299x1621 nodes=140636
[20:44:04] +61.0s seam refine nodes=140636
[20:44:04] +61.1s painted
[20:44:04] +61.2s mask blurred
[20:44:05] +62.1s snapblendrect seam=3 canvas=(8548,71)..(15986,6224)
[20:44:06] +63.0s pyramid gauss
[20:44:07] +64.1s pyramid expand
[20:44:07] +64.3s blended
[20:44:07] +64.3s seam 3 window=8336x6244 keepA=0.61
[20:44:07] +64.3s warped DSCF0564.RAF nudged
[20:44:07] +64.3s field DSCF0564.RAF origin=(1996,0) size=2105x1593 scale=1.9924
[20:44:07] +64.3s SNAP DSCF0559/field_DSCF0559_0564 FAILED No such file or directory (os error 2)
[20:44:18] +74.4s snapwin seam=4 canvas=(1515,0) size=9760x6412
[20:44:18] +74.7s field n=0 const=[1.0000 1.0000 1.0000] peak=0.0000 gain=-0.0569 (rejected)
[20:44:18] +75.1s seam grid 182x215 nodes=37074
[20:44:19] +75.4s seam grid 1426x1699 nodes=142919
[20:44:20] +76.9s seam refine nodes=142919
[20:44:20] +77.0s painted
[20:44:20] +77.1s mask blurred
[20:44:21] +78.2s snapblendrect seam=4 canvas=(3517,0)..(11267,6412)
[20:44:22] +79.1s pyramid gauss
[20:44:23] +80.3s pyramid expand
[20:44:24] +80.6s blended
[20:44:24] +80.6s seam 4 window=9760x6412 keepA=0.44
[20:44:24] +80.6s warped DSCF0560.RAF nudged
[20:44:24] +80.6s field DSCF0560.RAF origin=(745,0) size=2183x1593 scale=1.9212
[20:44:24] +80.6s SNAP DSCF0559/field_DSCF0559_0560 FAILED No such file or directory (os error 2)
[20:44:36] +92.9s snapwin seam=5 canvas=(0,0) size=9989x6412
[20:44:36] +93.2s field n=0 const=[1.0000 1.0000 1.0000] peak=0.0000 gain=-0.0920 (rejected)
[20:44:37] +93.7s seam grid 193x238 nodes=42400
[20:44:37] +94.0s seam grid 1515x1876 nodes=131454
[20:44:39] +95.7s seam refine nodes=131454
[20:44:39] +95.7s painted
[20:44:39] +95.9s mask blurred
[20:44:40] +97.0s snapblendrect seam=5 canvas=(1524,0)..(9982,6412)
[20:44:41] +98.0s pyramid gauss
[20:44:43] +99.4s pyramid expand
[20:44:43] +99.8s blended
[20:44:43] +99.8s seam 5 window=9989x6412 keepA=0.38
[20:44:43] +99.8s warped DSCF0559.RAF nudged
[20:44:43] +99.8s field DSCF0559.RAF origin=(250,0) size=2359x1593 scale=1.7779
[20:44:43] +99.8s SNAP DSCF0559/field_DSCF0559_0559 FAILED No such file or directory (os error 2)
[20:44:43] +99.8s refined shifts seams=0 mean_abs_shift=0.000px max_abs_shift=0.000px
[20:44:43] +99.8s exposure gains applied 4
[20:44:43] +100.0s save encode 16580x5015
[20:44:49] +106.1s seam dump /home/dalibor/Projects/RapidRAW/lean_pano_proto/out/v40/DSCF0559/seams.txt
[20:44:49] +106.1s blend_stage extract=0.00s
[20:44:49] +106.1s blend_stage graphcut=16.00s
[20:44:49] +106.1s blend_stage mask_blur=1.29s
[20:44:49] +106.1s blend_stage pyr_blend=21.50s
[20:44:49] +106.1s boundary_step final: n=5861 median_step=4.50% p90=33.29%
[20:44:49] +106.1s blinds_flat  final: n=10405 median_step=3.59% p90=24.75%
[20:44:49] +106.1s woodline    final: n=6011 median_step=12.14% p90=39.15%
[20:44:49] +106.1s ghost_band   final: mean=0.581 keepA=0.52 cut_px=45555 swallowed=0
[20:44:49] +106.1s sharpness_lapvar final: 11.261743310862965
[20:44:49] +106.1s pano_mean_lum 0.05703197428083171 shadow_median 0.04668864607810974 canvas 16580x5015 levels=6 window_px=512
[20:44:49] +106.1s time  final blend=31.61s encode_tiff=0.85s metrics=4.37s photometry=2.35s step_metrics=0.16s warp=44.67s
[20:44:49] +106.1s time  total=106.07s
[20:44:49] +106.1s saved /home/dalibor/Projects/RapidRAW/lean_pano_proto/out/v40/DSCF0559/DSCF0559_Pano.tiff
