[16:58:18] +0.0s log /home/dalibor/Projects/RapidRAW/lean_pano_proto/out/v52/DSCF6498/DSCF6498_Pano.pano.log
[16:58:18] +0.0s merge started files=4
[16:58:18] +0.1s focal native unavailable or disabled, using exif 35eq=35.0mm (crop=1.534)
[16:58:18] +0.2s jpeg DSCF6498.RAF native 4416x2944 declared 4416x2944
[16:58:18] +0.4s jpeg DSCF6499.RAF native 4416x2944 declared 4416x2944
[16:58:18] +0.6s jpeg DSCF6500.RAF native 4416x2944 declared 4416x2944
[16:58:18] +0.8s jpeg DSCF6501.RAF native 4416x2944 declared 4416x2944
[16:58:20] +2.3s points DSCF6498.RAF 11827
[16:58:20] +2.3s points DSCF6499.RAF 11862
[16:58:20] +2.3s points DSCF6500.RAF 11909
[16:58:20] +2.3s points DSCF6501.RAF 11915
[16:58:22] +4.7s match DSCF6498.RAF<->DSCF6499.RAF: 3880 good
[16:58:22] +4.7s match DSCF6498.RAF<->DSCF6500.RAF: 2989 good
[16:58:22] +4.7s match DSCF6498.RAF<->DSCF6501.RAF: 1964 good
[16:58:22] +4.7s match DSCF6499.RAF<->DSCF6500.RAF: 4112 good
[16:58:22] +4.7s match DSCF6499.RAF<->DSCF6501.RAF: 2818 good
[16:58:22] +4.7s match DSCF6500.RAF<->DSCF6501.RAF: 4243 good
[16:58:23] +4.8s aligned kept=4 focal35=35.0 jpeg=4416x2944 points=4416x2944
[16:58:23] +4.8s lens crop=1.534 focal35=35.0 calib=1.529
[16:58:23] +5.4s sky target 0.5027
[16:58:23] +5.4s sky scale DSCF6498.RAF 1.074 median 0.4681
[16:58:23] +5.4s sky scale DSCF6499.RAF 0.953 median 0.5275
[16:58:23] +5.4s sky scale DSCF6500.RAF 1.000 median 0.5027
[16:58:23] +5.4s sky scale DSCF6501.RAF 1.076 median 0.4673
[16:58:23] +5.4s Matching brightness...
[16:58:23] +5.4s canvas cylindrical 2787x1333
[16:58:23] +5.5s warp DSCF6499.RAF: bbox=(618,35,2417,1324) 1799x1289
[16:58:23] +5.5s warp DSCF6501.RAF: bbox=(0,52,1789,1333) 1789x1281
[16:58:23] +5.5s warp DSCF6498.RAF: bbox=(972,0,2787,1288) 1815x1288
[16:58:23] +5.5s warp DSCF6500.RAF: bbox=(301,44,2095,1333) 1794x1289
[16:58:23] +5.6s brightness gains=4 corner=1.017
[16:58:23] +5.6s Blending photos...
[16:58:23] +5.7s blend 1: window=2607x1333 tiles=741
[16:58:24] +6.0s local moved kept=301 field=4.73 disagree 0.3895 -> 0.2661
[16:58:24] +6.0s seam grid 44x51 nodes=2105
[16:58:24] +6.0s cut_energy opt=87115 shipped=87115 excess=+0.000%
[16:58:24] +6.0s seam grid 329x382 nodes=30371
[16:58:24] +6.1s cut_energy opt=1048436 shipped=1048436 excess=+0.000%
[16:58:24] +6.1s seam refine nodes=30371
[16:58:24] +6.1s painted
[16:58:24] +6.1s mask blurred
[16:58:24] +6.2s pyramid gauss
[16:58:24] +6.3s pyramid expand
[16:58:24] +6.3s pasted
[16:58:24] +6.3s blended 1 keepA=0.38
[16:58:24] +6.3s blend 2: window=2327x1333 tiles=665
[16:58:24] +6.5s local moved kept=250 field=3.72 disagree 0.4482 -> 0.3442
[16:58:24] +6.5s seam grid 43x50 nodes=2087
[16:58:24] +6.5s cut_energy opt=130682 shipped=130682 excess=+0.000%
[16:58:24] +6.5s seam grid 326x374 nodes=27995
[16:58:24] +6.7s cut_energy opt=1307698 shipped=1307698 excess=+0.000%
[16:58:24] +6.7s seam refine nodes=27995
[16:58:24] +6.7s painted
[16:58:24] +6.7s mask blurred
[16:58:24] +6.8s pyramid gauss
[16:58:25] +6.8s pyramid expand
[16:58:25] +6.9s pasted
[16:58:25] +6.9s blended 2 keepA=0.54
[16:58:25] +6.9s blend 3: window=2301x1333 tiles=646
[16:58:25] +7.1s local moved kept=319 field=6.82 disagree 0.4221 -> 0.3091
[16:58:25] +7.1s seam grid 44x51 nodes=2139
[16:58:25] +7.1s cut_energy opt=107356 shipped=107356 excess=+0.000%
[16:58:25] +7.1s seam grid 327x385 nodes=22480
[16:58:25] +7.2s cut_energy opt=1004902 shipped=1004902 excess=+0.000%
[16:58:25] +7.2s seam refine nodes=22480
[16:58:25] +7.2s painted
[16:58:25] +7.2s mask blurred
[16:58:25] +7.2s pyramid gauss
[16:58:25] +7.3s pyramid expand
[16:58:25] +7.3s pasted
[16:58:25] +7.3s blended 3 keepA=0.48
[16:58:25] +7.3s preview canvas cylindrical 2787x1333 shifts=3
[16:58:25] +7.3s time  preview=2.46s (solve+match 4.83s)
[16:58:25] +7.4s preview ready /home/dalibor/Projects/RapidRAW/lean_pano_proto/out/v52/DSCF6498/DSCF6498_preview.jpg
[16:58:25] +7.4s save started
[16:58:25] +7.4s develop jobs=4
[16:58:28] +10.6s developed DSCF6498.RAF 7728x5152 -> 1920x1280
[16:58:28] +10.6s developed DSCF6499.RAF 7728x5152 -> 1920x1280
[16:58:28] +10.6s developed DSCF6500.RAF 7728x5152 -> 1920x1280
[16:58:28] +10.6s developed DSCF6501.RAF 7728x5152 -> 1920x1280
[16:58:28] +10.6s time  develop=3.25s
[16:58:28] +10.6s scale raw=7728x5152 jpeg=4416x2944 x=1.7500 y=1.7500
[16:58:28] +10.6s Matching brightness...
[16:58:28] +10.6s canvas cylindrical 2787x1333
[16:58:28] +10.8s warp DSCF6498.RAF: bbox=(972,0,2787,1288) 1815x1288
[16:58:28] +10.8s warp DSCF6501.RAF: bbox=(0,52,1789,1333) 1789x1281
[16:58:28] +10.8s warp DSCF6499.RAF: bbox=(618,35,2417,1324) 1799x1289
[16:58:28] +10.8s warp DSCF6500.RAF: bbox=(301,44,2095,1333) 1794x1289
[16:58:29] +11.0s brightness gains=4 corner=0.917
[16:58:29] +11.0s Blending photos...
[16:58:29] +11.1s blend 1: window=2607x1333 tiles=741
[16:58:29] +11.3s local moved kept=320 field=7.31 disagree 0.3281 -> 0.1957
[16:58:29] +11.4s seam grid 44x51 nodes=2105
[16:58:29] +11.4s cut_energy opt=89334 shipped=89334 excess=+0.000%
[16:58:29] +11.4s seam grid 329x382 nodes=29458
[16:58:29] +11.5s cut_energy opt=1038180 shipped=1038180 excess=+0.000%
[16:58:29] +11.5s seam refine nodes=29458
[16:58:29] +11.5s painted
[16:58:29] +11.5s mask blurred
[16:58:29] +11.6s pyramid gauss
[16:58:29] +11.7s pyramid expand
[16:58:29] +11.7s pasted
[16:58:29] +11.7s blended 1 keepA=0.50
[16:58:29] +11.7s blend 2: window=2327x1333 tiles=665
[16:58:30] +11.9s local moved kept=303 field=7.03 disagree 0.3509 -> 0.2409
[16:58:30] +11.9s seam grid 43x50 nodes=2088
[16:58:30] +11.9s cut_energy opt=132195 shipped=132195 excess=+0.000%
[16:58:30] +11.9s seam grid 326x374 nodes=34018
[16:58:30] +12.1s cut_energy opt=1410376 shipped=1410376 excess=+0.000%
[16:58:30] +12.1s seam refine nodes=34018
[16:58:30] +12.1s painted
[16:58:30] +12.1s mask blurred
[16:58:30] +12.1s pyramid gauss
[16:58:30] +12.2s pyramid expand
[16:58:30] +12.2s pasted
[16:58:30] +12.2s blended 2 keepA=0.67
[16:58:30] +12.2s blend 3: window=2301x1333 tiles=646
[16:58:30] +12.5s local moved kept=314 field=9.39 disagree 0.3629 -> 0.2374
[16:58:30] +12.5s seam grid 44x51 nodes=2139
[16:58:30] +12.5s cut_energy opt=108489 shipped=108489 excess=+0.000%
[16:58:30] +12.5s seam grid 327x385 nodes=23118
[16:58:30] +12.5s cut_energy opt=1016857 shipped=1016857 excess=+0.000%
[16:58:30] +12.5s seam refine nodes=23118
[16:58:30] +12.5s painted
[16:58:30] +12.6s mask blurred
[16:58:30] +12.6s pyramid gauss
[16:58:30] +12.7s pyramid expand
[16:58:30] +12.7s pasted
[16:58:30] +12.7s blended 3 keepA=0.49
[16:58:30] +12.7s time  linear_photometry=2.04s
[16:58:30] +12.7s photometry source=second compose
[16:58:30] +12.7s save seam preview
[16:58:30] +12.7s save cut fullres
[16:58:30] +12.7s photometry gains=4
[16:58:30] +12.7s photo pedestal=0.002401 field_norm=0.728916 gains=[0.9600 1.0219 0.9811 1.0390]
[16:58:30] +12.7s save seam developed
[16:58:30] +12.7s canvas cylindrical 11215x5366
[16:58:31] +12.9s local align resolution 1/1
[16:58:31] +12.9s composite levels=6 pad=512
[16:58:31] +12.9s local alignment refine=false
[16:58:31] +13.8s warped DSCF6499.RAF straight
[16:58:33] +15.2s field n=0 const=[1.0000 1.0000 1.0000] peak=0.0000 gain=-0.0698 (rejected)
[16:58:33] +15.5s seam grid 164x189 nodes=30300
[16:58:33] +15.6s cut_energy opt=136423 shipped=136423 excess=+0.000%
[16:58:33] +15.7s seam grid 1288x1487 nodes=116604
[16:58:35] +16.9s cut_energy opt=1676628 shipped=1676628 excess=+0.000%
[16:58:35] +16.9s seam refine nodes=116604
[16:58:35] +16.9s painted
[16:58:35] +17.0s mask blurred
[16:58:36] +18.5s pyramid gauss
[16:58:37] +19.4s pyramid expand
[16:58:37] +19.5s blended
[16:58:37] +19.5s seam 1 window=8193x5366 keepA=0.55
[16:58:37] +19.5s warped DSCF6500.RAF nudged
[16:58:39] +20.9s field n=0 const=[1.0000 1.0000 1.0000] peak=0.0000 gain=-0.0695 (rejected)
[16:58:39] +21.2s seam grid 161x185 nodes=29657
[16:58:39] +21.4s cut_energy opt=190840 shipped=190840 excess=+0.000%
[16:58:39] +21.4s seam grid 1260x1454 nodes=119957
[16:58:40] +22.3s cut_energy opt=2037888 shipped=2037888 excess=+0.000%
[16:58:40] +22.3s seam refine nodes=119957
[16:58:40] +22.4s painted
[16:58:40] +22.5s mask blurred
[16:58:41] +23.8s pyramid gauss
[16:58:42] +24.8s pyramid expand
[16:58:43] +24.9s blended
[16:58:43] +24.9s seam 2 window=7789x5366 keepA=0.47
[16:58:43] +24.9s warped DSCF6498.RAF nudged
[16:58:44] +26.3s field n=0 const=[1.0000 1.0000 1.0000] peak=0.0000 gain=-0.0623 (rejected)
[16:58:44] +26.5s seam grid 165x190 nodes=30621
[16:58:44] +26.7s cut_energy opt=112144 shipped=112144 excess=+0.000%
[16:58:44] +26.7s seam grid 1290x1497 nodes=90337
[16:58:45] +27.1s cut_energy opt=1185738 shipped=1185738 excess=+0.000%
[16:58:45] +27.1s seam refine nodes=90337
[16:58:45] +27.1s painted
[16:58:45] +27.2s mask blurred
[16:58:46] +28.8s pyramid gauss
[16:58:47] +29.7s pyramid expand
[16:58:47] +29.8s blended
[16:58:47] +29.8s seam 3 window=7689x5366 keepA=0.50
[16:58:47] +29.8s warped DSCF6501.RAF nudged
[16:58:47] +29.8s refined shifts seams=0 mean_abs_shift=0.000px max_abs_shift=0.000px
[16:58:47] +29.8s exposure gains applied 2
[16:58:48] +29.9s SAVECROP canvas=11215x5366 crop=(0.00646,0.10503) size=0.97165x0.82521 -> tiff 10898x4428
[16:58:48] +29.9s save encode 10898x4428
[16:58:51] +33.5s seam dump /home/dalibor/Projects/RapidRAW/lean_pano_proto/out/v52/DSCF6498/seams.txt
[16:58:51] +33.5s blend_stage extract=0.00s
[16:58:51] +33.5s blend_stage graphcut=54.27s
[16:58:51] +33.5s blend_stage mask_blur=4.51s
[16:58:51] +33.5s blend_stage pyr_blend=74.29s
[16:58:51] +33.5s boundary_step final: n=2613 median_step=8.03% p90=82.50%
[16:58:51] +33.5s blinds_flat  final: n=2223 median_step=1.40% p90=53.57%
[16:58:51] +33.5s woodline    final: n=1852 median_step=32.05% p90=109.30%
[16:58:51] +33.5s ghost_band   final: mean=0.612 keepA=0.51 cut_px=24387 swallowed=0
[16:58:51] +33.5s sharpness_lapvar final: 14.804510422097492
[16:58:51] +33.5s pano_mean_lum 0.0811782591362931 shadow_median 0.05515752732753754 canvas 10898x4428 levels=6 window_px=512
[16:58:51] +33.5s time  final blend=13.70s encode_tiff=0.42s metrics=2.60s photometry=1.21s step_metrics=0.18s warp=1.43s
[16:58:51] +33.5s time  total=33.52s
[16:58:51] +33.5s saved /home/dalibor/Projects/RapidRAW/lean_pano_proto/out/v52/DSCF6498/DSCF6498_Pano.tiff
