[14:58:22] +0.0s log /home/dalibor/Projects/RapidRAW/lean_pano_proto/out/v52/DSCF8425/DSCF8425_Pano.pano.log
[14:58:22] +0.0s merge started files=5
[14:58:22] +0.1s focal native unavailable or disabled, using exif 35eq=79.0mm (crop=1.534)
[14:58:22] +0.2s jpeg DSCF8425.RAF native 4416x2944 declared 4416x2944
[14:58:22] +0.4s jpeg DSCF8426.RAF native 4416x2944 declared 4416x2944
[14:58:23] +0.6s jpeg DSCF8427.RAF native 4416x2944 declared 4416x2944
[14:58:23] +0.7s jpeg DSCF8428.RAF native 4416x2944 declared 4416x2944
[14:58:23] +0.9s jpeg DSCF8429.RAF native 4416x2944 declared 4416x2944
[14:58:24] +2.4s points DSCF8425.RAF 11967
[14:58:24] +2.4s points DSCF8426.RAF 11974
[14:58:24] +2.4s points DSCF8427.RAF 11522
[14:58:24] +2.4s points DSCF8428.RAF 11130
[14:58:24] +2.4s points DSCF8429.RAF 11611
[14:58:28] +5.8s match DSCF8425.RAF<->DSCF8426.RAF: 6136 good
[14:58:28] +5.8s match DSCF8425.RAF<->DSCF8427.RAF: 4485 good
[14:58:28] +5.8s match DSCF8425.RAF<->DSCF8428.RAF: 3355 good
[14:58:28] +5.8s match DSCF8425.RAF<->DSCF8429.RAF: 2456 good
[14:58:28] +5.8s match DSCF8426.RAF<->DSCF8427.RAF: 6017 good
[14:58:28] +5.8s match DSCF8426.RAF<->DSCF8428.RAF: 4547 good
[14:58:28] +5.8s match DSCF8426.RAF<->DSCF8429.RAF: 3540 good
[14:58:28] +5.8s match DSCF8427.RAF<->DSCF8428.RAF: 6026 good
[14:58:28] +5.8s match DSCF8427.RAF<->DSCF8429.RAF: 4763 good
[14:58:28] +5.8s match DSCF8428.RAF<->DSCF8429.RAF: 6136 good
[14:58:28] +6.1s aligned kept=5 focal35=79.0 jpeg=4416x2944 points=4416x2944
[14:58:28] +6.1s lens crop=1.534 focal35=79.0 calib=1.529
[14:58:29] +6.8s sky target 0.3677
[14:58:29] +6.8s sky scale DSCF8425.RAF 1.000 median 0.3677
[14:58:29] +6.8s sky scale DSCF8426.RAF 1.022 median 0.3598
[14:58:29] +6.8s sky scale DSCF8427.RAF 1.001 median 0.3674
[14:58:29] +6.8s sky scale DSCF8428.RAF 0.976 median 0.3767
[14:58:29] +6.8s sky scale DSCF8429.RAF 0.891 median 0.4127
[14:58:29] +6.8s Matching brightness...
[14:58:29] +6.8s canvas perspective 3322x1389
[14:58:29] +6.9s warp DSCF8429.RAF: bbox=(1380,36,3322,1355) 1942x1319
[14:58:29] +6.9s warp DSCF8428.RAF: bbox=(1096,40,3037,1343) 1941x1303
[14:58:29] +6.9s warp DSCF8427.RAF: bbox=(806,36,2754,1354) 1948x1318
[14:58:29] +6.9s warp DSCF8426.RAF: bbox=(456,21,2437,1372) 1981x1351
[14:58:29] +6.9s warp DSCF8425.RAF: bbox=(0,0,2044,1389) 2044x1389
[14:58:29] +7.0s brightness gains=5 corner=0.875
[14:58:29] +7.0s Blending photos...
[14:58:29] +7.1s blend 1: window=2738x1389 tiles=820
[14:58:29] +7.5s local moved kept=290 field=1.86 disagree 0.0764 -> 0.0532
[14:58:29] +7.5s seam grid 46x57 nodes=2446
[14:58:29] +7.5s cut_energy opt=101739 shipped=101739 excess=+0.000%
[14:58:29] +7.5s seam grid 338x427 nodes=22082
[14:58:30] +7.6s cut_energy opt=1225801 shipped=1225801 excess=+0.000%
[14:58:30] +7.6s seam refine nodes=22082
[14:58:30] +7.6s painted
[14:58:30] +7.6s mask blurred
[14:58:30] +7.7s pyramid gauss
[14:58:30] +7.8s pyramid expand
[14:58:30] +7.8s pasted
[14:58:30] +7.8s blended 1 keepA=0.40
[14:58:30] +7.8s blend 2: window=2949x1389 tiles=900
[14:58:30] +8.1s local moved kept=283 field=2.35 disagree 0.1198 -> 0.0884
[14:58:30] +8.1s seam grid 46x56 nodes=2371
[14:58:30] +8.1s cut_energy opt=96455 shipped=96455 excess=+0.000%
[14:58:30] +8.1s seam grid 342x421 nodes=34115
[14:58:30] +8.2s cut_energy opt=1276219 shipped=1276219 excess=+0.000%
[14:58:30] +8.2s seam refine nodes=34115
[14:58:30] +8.2s painted
[14:58:30] +8.2s mask blurred
[14:58:30] +8.3s pyramid gauss
[14:58:30] +8.4s pyramid expand
[14:58:30] +8.4s pasted
[14:58:30] +8.4s blended 2 keepA=0.62
[14:58:30] +8.4s blend 3: window=2454x1389 tiles=740
[14:58:31] +8.6s local moved kept=275 field=2.87 disagree 0.1134 -> 0.0787
[14:58:31] +8.6s seam grid 46x57 nodes=2432
[14:58:31] +8.6s cut_energy opt=97507 shipped=97507 excess=+0.000%
[14:58:31] +8.7s seam grid 340x427 nodes=40027
[14:58:31] +8.8s cut_energy opt=1243850 shipped=1243850 excess=+0.000%
[14:58:31] +8.8s seam refine nodes=40027
[14:58:31] +8.8s painted
[14:58:31] +8.9s mask blurred
[14:58:31] +8.9s pyramid gauss
[14:58:31] +9.0s pyramid expand
[14:58:31] +9.0s pasted
[14:58:31] +9.0s blended 3 keepA=0.55
[14:58:31] +9.0s blend 4: window=2556x1389 tiles=760
[14:58:31] +9.2s local moved kept=288 field=3.16 disagree 0.1412 -> 0.0948
[14:58:31] +9.3s seam grid 47x55 nodes=2370
[14:58:31] +9.3s cut_energy opt=88086 shipped=88086 excess=+0.000%
[14:58:31] +9.3s seam grid 348x410 nodes=31060
[14:58:31] +9.4s cut_energy opt=1049299 shipped=1049299 excess=+0.000%
[14:58:31] +9.4s seam refine nodes=31060
[14:58:31] +9.4s painted
[14:58:31] +9.4s mask blurred
[14:58:31] +9.5s pyramid gauss
[14:58:32] +9.6s pyramid expand
[14:58:32] +9.6s pasted
[14:58:32] +9.6s blended 4 keepA=0.50
[14:58:32] +9.6s preview canvas perspective 3322x1389 shifts=4
[14:58:32] +9.6s time  preview=3.44s (solve+match 6.14s)
[14:58:32] +9.7s preview ready /home/dalibor/Projects/RapidRAW/lean_pano_proto/out/v52/DSCF8425/DSCF8425_preview.jpg
[14:58:32] +9.7s save started
[14:58:32] +9.7s develop jobs=4
[14:58:35] +13.3s developed DSCF8425.RAF 7728x5152 -> 1920x1280
[14:58:35] +13.3s developed DSCF8426.RAF 7728x5152 -> 1920x1280
[14:58:35] +13.3s developed DSCF8427.RAF 7728x5152 -> 1920x1280
[14:58:35] +13.3s developed DSCF8428.RAF 7728x5152 -> 1920x1280
[14:58:35] +13.3s developed DSCF8429.RAF 7728x5152 -> 1920x1280
[14:58:35] +13.3s time  develop=3.66s
[14:58:35] +13.3s scale raw=7728x5152 jpeg=4416x2944 x=1.7500 y=1.7500
[14:58:35] +13.3s Matching brightness...
[14:58:35] +13.3s canvas perspective 3322x1389
[14:58:35] +13.5s warp DSCF8427.RAF: bbox=(806,36,2754,1354) 1948x1318
[14:58:35] +13.5s warp DSCF8429.RAF: bbox=(1380,36,3322,1355) 1942x1319
[14:58:35] +13.5s warp DSCF8428.RAF: bbox=(1096,40,3037,1343) 1941x1303
[14:58:35] +13.5s warp DSCF8425.RAF: bbox=(0,0,2044,1389) 2044x1389
[14:58:35] +13.5s warp DSCF8426.RAF: bbox=(456,21,2437,1372) 1981x1351
[14:58:36] +13.7s brightness gains=5 corner=0.869
[14:58:36] +13.7s Blending photos...
[14:58:36] +13.9s blend 1: window=2738x1389 tiles=820
[14:58:36] +14.2s local moved kept=214 field=3.18 disagree 0.1063 -> 0.0463
[14:58:36] +14.2s seam grid 46x57 nodes=2446
[14:58:36] +14.2s cut_energy opt=101391 shipped=101391 excess=+0.000%
[14:58:36] +14.2s seam grid 338x427 nodes=24301
[14:58:36] +14.4s cut_energy opt=1171773 shipped=1171773 excess=+0.000%
[14:58:36] +14.4s seam refine nodes=24301
[14:58:36] +14.4s painted
[14:58:36] +14.4s mask blurred
[14:58:36] +14.4s pyramid gauss
[14:58:37] +14.5s pyramid expand
[14:58:37] +14.5s pasted
[14:58:37] +14.5s blended 1 keepA=0.42
[14:58:37] +14.5s blend 2: window=2949x1389 tiles=900
[14:58:37] +14.8s local moved kept=216 field=4.11 disagree 0.1391 -> 0.0746
[14:58:37] +14.8s seam grid 46x56 nodes=2371
[14:58:37] +14.8s cut_energy opt=90328 shipped=90328 excess=+0.000%
[14:58:37] +14.8s seam grid 342x421 nodes=25653
[14:58:37] +15.0s cut_energy opt=1148582 shipped=1148582 excess=+0.000%
[14:58:37] +15.0s seam refine nodes=25653
[14:58:37] +15.0s painted
[14:58:37] +15.0s mask blurred
[14:58:37] +15.1s pyramid gauss
[14:58:37] +15.2s pyramid expand
[14:58:37] +15.2s pasted
[14:58:37] +15.2s blended 2 keepA=0.49
[14:58:37] +15.2s blend 3: window=2454x1389 tiles=740
[14:58:37] +15.5s local moved kept=218 field=5.36 disagree 0.1417 -> 0.0777
[14:58:37] +15.5s seam grid 46x57 nodes=2433
[14:58:37] +15.5s cut_energy opt=92390 shipped=92390 excess=+0.000%
[14:58:37] +15.5s seam grid 339x427 nodes=34404
[14:58:38] +15.7s cut_energy opt=1230481 shipped=1230481 excess=+0.000%
[14:58:38] +15.7s seam refine nodes=34404
[14:58:38] +15.7s painted
[14:58:38] +15.7s mask blurred
[14:58:38] +15.7s pyramid gauss
[14:58:38] +15.8s pyramid expand
[14:58:38] +15.8s pasted
[14:58:38] +15.8s blended 3 keepA=0.54
[14:58:38] +15.8s blend 4: window=2556x1389 tiles=760
[14:58:38] +16.0s local moved kept=253 field=7.13 disagree 0.1624 -> 0.0827
[14:58:38] +16.1s seam grid 47x55 nodes=2370
[14:58:38] +16.1s cut_energy opt=86595 shipped=86595 excess=+0.000%
[14:58:38] +16.1s seam grid 348x410 nodes=25356
[14:58:38] +16.1s cut_energy opt=992891 shipped=992891 excess=+0.000%
[14:58:38] +16.1s seam refine nodes=25356
[14:58:38] +16.1s painted
[14:58:38] +16.1s mask blurred
[14:58:38] +16.2s pyramid gauss
[14:58:38] +16.3s pyramid expand
[14:58:38] +16.3s pasted
[14:58:38] +16.3s blended 4 keepA=0.49
[14:58:38] +16.3s time  linear_photometry=2.99s
[14:58:38] +16.3s photometry source=second compose
[14:58:38] +16.3s save seam preview
[14:58:38] +16.3s save cut fullres
[14:58:38] +16.3s photometry gains=5
[14:58:38] +16.3s photo pedestal=0.005473 field_norm=0.239439 gains=[1.0113 0.9997 0.9840 1.0077 0.9975]
[14:58:38] +16.3s save seam developed
[14:58:38] +16.3s canvas perspective 13371x5591
[14:58:39] +16.6s local align resolution 1/1
[14:58:39] +16.6s composite levels=6 pad=512
[14:58:39] +16.6s local alignment refine=false
[14:58:39] +17.5s warped DSCF8427.RAF straight
[14:58:41] +19.2s field n=0 const=[1.0000 1.0000 1.0000] peak=0.0000 gain=-0.1076 (rejected)
[14:58:41] +19.5s seam grid 167x212 nodes=34885
[14:58:42] +19.7s cut_energy opt=157012 shipped=157012 excess=+0.000%
[14:58:42] +19.8s seam grid 1309x1668 nodes=93137
[14:58:43] +21.0s cut_energy opt=1800773 shipped=1800773 excess=+0.000%
[14:58:43] +21.0s seam refine nodes=93137
[14:58:43] +21.0s painted
[14:58:43] +21.1s mask blurred
[14:58:43] +21.5s flat-average thr=0.0060 pull=0.400 pixels=32106625
[14:58:45] +23.1s pyramid gauss
[14:58:46] +24.1s pyramid expand
[14:58:46] +24.3s blended
[14:58:46] +24.3s seam 1 window=8786x5591 keepA=0.40
[14:58:46] +24.3s warped DSCF8428.RAF nudged
[14:58:48] +26.2s field n=0 const=[1.0000 1.0000 1.0000] peak=0.0000 gain=-0.0577 (rejected)
[14:58:48] +26.5s seam grid 169x208 nodes=34430
[14:58:49] +26.6s cut_energy opt=206303 shipped=206303 excess=+0.000%
[14:58:49] +26.7s seam grid 1327x1641 nodes=119675
[14:58:50] +27.9s cut_energy opt=2157879 shipped=2157879 excess=+0.000%
[14:58:50] +27.9s seam refine nodes=119675
[14:58:50] +27.9s painted
[14:58:50] +28.0s mask blurred
[14:58:50] +28.4s flat-average thr=0.0060 pull=0.400 pixels=32417198
[14:58:52] +30.0s pyramid gauss
[14:58:53] +31.0s pyramid expand
[14:58:53] +31.1s blended
[14:58:53] +31.1s seam 2 window=8944x5591 keepA=0.54
[14:58:53] +31.1s warped DSCF8426.RAF nudged
[14:58:55] +32.8s field n=0 const=[1.0000 1.0000 1.0000] peak=0.0000 gain=-0.0923 (rejected)
[14:58:55] +33.1s seam grid 168x212 nodes=34962
[14:58:55] +33.4s cut_energy opt=197213 shipped=197213 excess=+0.000%
[14:58:55] +33.5s seam grid 1316x1667 nodes=146883
[14:58:57] +34.9s cut_energy opt=1951457 shipped=1951457 excess=+0.000%
[14:58:57] +34.9s seam refine nodes=146883
[14:58:57] +34.9s painted
[14:58:57] +35.1s mask blurred
[14:58:57] +35.4s flat-average thr=0.0060 pull=0.400 pixels=32636947
[14:58:59] +37.1s pyramid gauss
[14:59:00] +38.3s pyramid expand
[14:59:00] +38.4s blended
[14:59:00] +38.4s seam 3 window=8301x5591 keepA=0.51
[14:59:00] +38.4s warped DSCF8429.RAF nudged
[14:59:02] +40.1s field n=0 const=[1.0000 1.0000 1.0000] peak=0.0000 gain=-0.0852 (rejected)
[14:59:02] +40.4s seam grid 173x203 nodes=33989
[14:59:03] +40.5s cut_energy opt=113362 shipped=113362 excess=+0.000%
[14:59:03] +40.6s seam grid 1360x1598 nodes=105150
[14:59:03] +41.2s cut_energy opt=1247952 shipped=1247952 excess=+0.000%
[14:59:03] +41.2s seam refine nodes=105150
[14:59:03] +41.2s painted
[14:59:03] +41.3s mask blurred
[14:59:04] +41.7s flat-average thr=0.0060 pull=0.400 pixels=32399237
[14:59:05] +43.2s pyramid gauss
[14:59:06] +44.2s pyramid expand
[14:59:06] +44.3s blended
[14:59:06] +44.3s seam 4 window=8715x5591 keepA=0.49
[14:59:06] +44.3s warped DSCF8425.RAF nudged
[14:59:06] +44.3s refined shifts seams=0 mean_abs_shift=0.000px max_abs_shift=0.000px
[14:59:06] +44.3s exposure gains applied 2
[14:59:06] +44.4s SAVECROP canvas=13371x5591 crop=(0.00753,0.04392) size=0.98675x0.91433 -> tiff 13194x5112
[14:59:06] +44.4s save encode 13194x5112
[14:59:11] +49.4s seam dump /home/dalibor/Projects/RapidRAW/lean_pano_proto/out/v52/DSCF8425/seams.txt
[14:59:11] +49.4s blend_stage extract=0.00s
[14:59:11] +49.4s blend_stage graphcut=92.61s
[14:59:11] +49.4s blend_stage mask_blur=5.39s
[14:59:11] +49.4s blend_stage pyr_blend=88.13s
[14:59:11] +49.4s boundary_step final: n=3629 median_step=1.47% p90=14.94%
[14:59:11] +49.4s blinds_flat  final: n=8462 median_step=1.48% p90=14.42%
[14:59:11] +49.4s woodline    final: n=2391 median_step=5.11% p90=36.82%
[14:59:11] +49.4s ghost_band   final: mean=0.626 keepA=0.49 cut_px=30196 swallowed=0
[14:59:11] +49.4s sharpness_lapvar final: 6.025532203795353
[14:59:11] +49.4s pano_mean_lum 0.056065918002216567 shadow_median 0.05056685954332352 canvas 13194x5112 levels=6 window_px=512
[14:59:11] +49.4s time  final blend=23.07s encode_tiff=0.69s metrics=3.45s photometry=1.78s step_metrics=0.20s warp=1.88s
[14:59:11] +49.4s time  total=49.38s
[14:59:11] +49.4s saved /home/dalibor/Projects/RapidRAW/lean_pano_proto/out/v52/DSCF8425/DSCF8425_Pano.tiff
