[23:22:41] +0.0s log /home/dalibor/Projects/RapidRAW/lean_pano_proto/out/v30/DSCF6645/DSCF6645_Pano.pano.log
[23:22:41] +0.0s merge started files=5
[23:22:41] +0.2s jpeg DSCF6645.RAF native 4416x2944 declared 4416x2944
[23:22:42] +0.5s jpeg DSCF6646.RAF native 4416x2944 declared 4416x2944
[23:22:42] +0.7s jpeg DSCF6647.RAF native 4416x2944 declared 4416x2944
[23:22:42] +0.9s jpeg DSCF6648.RAF native 4416x2944 declared 4416x2944
[23:22:42] +1.1s jpeg DSCF6649.RAF native 4416x2944 declared 4416x2944
[23:22:44] +2.9s points DSCF6645.RAF 10967
[23:22:44] +2.9s points DSCF6646.RAF 10958
[23:22:44] +2.9s points DSCF6647.RAF 11105
[23:22:44] +2.9s points DSCF6648.RAF 11300
[23:22:44] +2.9s points DSCF6649.RAF 11451
[23:22:47] +6.1s match DSCF6645.RAF<->DSCF6646.RAF: 2823 good
[23:22:47] +6.1s match DSCF6645.RAF<->DSCF6647.RAF: 1191 good
[23:22:47] +6.1s match DSCF6645.RAF<->DSCF6648.RAF: 625 good
[23:22:47] +6.1s match DSCF6645.RAF<->DSCF6649.RAF: 278 good
[23:22:47] +6.1s match DSCF6646.RAF<->DSCF6647.RAF: 2302 good
[23:22:47] +6.1s match DSCF6646.RAF<->DSCF6648.RAF: 1452 good
[23:22:47] +6.1s match DSCF6646.RAF<->DSCF6649.RAF: 888 good
[23:22:47] +6.1s match DSCF6647.RAF<->DSCF6648.RAF: 3282 good
[23:22:47] +6.1s match DSCF6647.RAF<->DSCF6649.RAF: 1750 good
[23:22:47] +6.1s match DSCF6648.RAF<->DSCF6649.RAF: 2903 good
[23:22:47] +6.2s aligned kept=5 focal35=105.0 jpeg=4416x2944 points=4416x2944
[23:22:47] +6.2s lens crop=1.534 focal35=105.0 calib=1.534
[23:22:48] +6.8s sky target 0.0671
[23:22:48] +6.8s sky scale DSCF6645.RAF 1.316 median 0.0510
[23:22:48] +6.8s sky scale DSCF6646.RAF 1.023 median 0.0656
[23:22:48] +6.8s sky scale DSCF6647.RAF 0.779 median 0.0862
[23:22:48] +6.8s sky scale DSCF6648.RAF 1.000 median 0.0671
[23:22:48] +6.8s sky scale DSCF6649.RAF 0.738 median 0.0909
[23:22:48] +6.8s Matching brightness...
[23:22:48] +6.8s canvas perspective 3552x1413
[23:22:48] +7.0s warp DSCF6649.RAF: bbox=(0,29,1979,1392) 1979x1363
[23:22:48] +7.0s warp DSCF6648.RAF: bbox=(379,60,2333,1383) 1954x1323
[23:22:48] +7.0s warp DSCF6647.RAF: bbox=(663,69,2614,1384) 1951x1315
[23:22:48] +7.0s warp DSCF6646.RAF: bbox=(1124,81,3110,1413) 1986x1332
[23:22:48] +7.0s warp DSCF6645.RAF: bbox=(1493,0,3552,1394) 2059x1394
[23:22:48] +7.1s brightness gains=5 corner=0.890
[23:22:48] +7.1s Blending photos...
[23:22:48] +7.2s blend 1: window=2845x1413 tiles=903
[23:22:49] +7.6s local moved kept=388 field=3.90 disagree 0.3553 -> 0.2337
[23:22:49] +7.6s seam grid 46x57 nodes=2432
[23:22:49] +7.6s seam grid 341x430 nodes=33884
[23:22:49] +7.8s seam refine nodes=33884
[23:22:49] +7.8s painted
[23:22:49] +7.8s mask blurred
[23:22:49] +7.9s pyramid gauss
[23:22:49] +8.0s pyramid expand
[23:22:49] +8.0s pasted
[23:22:49] +8.0s blended 1 keepA=0.68
[23:22:49] +8.0s blend 2: window=2940x1413 tiles=924
[23:22:49] +8.3s local moved kept=355 field=9.18 disagree 0.5947 -> 0.4149
[23:22:49] +8.3s seam grid 45x51 nodes=2234
[23:22:49] +8.3s seam grid 335x385 nodes=41006
[23:22:50] +8.6s seam refine nodes=41006
[23:22:50] +8.6s painted
[23:22:50] +8.6s mask blurred
[23:22:50] +8.8s pyramid gauss
[23:22:50] +8.8s pyramid expand
[23:22:50] +8.8s pasted
[23:22:50] +8.8s blended 2 keepA=0.50
[23:22:50] +8.8s blend 3: window=2491x1413 tiles=777
[23:22:50] +9.1s local moved kept=334 field=7.64 disagree 0.4541 -> 0.3345
[23:22:50] +9.1s seam grid 46x55 nodes=2357
[23:22:50] +9.2s seam grid 345x413 nodes=36243
[23:22:51] +9.4s seam refine nodes=36243
[23:22:51] +9.4s painted
[23:22:51] +9.4s mask blurred
[23:22:51] +9.5s pyramid gauss
[23:22:51] +9.6s pyramid expand
[23:22:51] +9.6s pasted
[23:22:51] +9.6s blended 3 keepA=0.72
[23:22:51] +9.6s blend 4: window=2571x1413 tiles=819
[23:22:51] +9.9s local moved kept=364 field=7.32 disagree 0.6125 -> 0.4323
[23:22:51] +9.9s seam grid 46x55 nodes=2454
[23:22:51] +9.9s seam grid 342x417 nodes=34009
[23:22:51] +10.1s seam refine nodes=34009
[23:22:51] +10.1s painted
[23:22:51] +10.1s mask blurred
[23:22:51] +10.2s pyramid gauss
[23:22:51] +10.2s pyramid expand
[23:22:51] +10.2s pasted
[23:22:51] +10.2s blended 4 keepA=0.76
[23:22:51] +10.2s preview canvas perspective 3552x1413 shifts=4
[23:22:51] +10.2s time  preview=4.05s (solve+match 6.18s)
[23:22:51] +10.3s preview ready /home/dalibor/Projects/RapidRAW/lean_pano_proto/out/v30/DSCF6645/DSCF6645_preview.jpg
[23:22:51] +10.3s save started
[23:22:51] +10.3s develop jobs=4
[23:22:55] +14.2s developed DSCF6645.RAF 7728x5152 -> 1920x1280
[23:22:55] +14.2s developed DSCF6646.RAF 7728x5152 -> 1920x1280
[23:22:55] +14.2s developed DSCF6647.RAF 7728x5152 -> 1920x1280
[23:22:55] +14.2s developed DSCF6648.RAF 7728x5152 -> 1920x1280
[23:22:55] +14.2s developed DSCF6649.RAF 7728x5152 -> 1920x1280
[23:22:55] +14.2s time  develop=3.90s
[23:22:55] +14.2s scale raw=7728x5152 jpeg=4416x2944 x=1.7500 y=1.7500
[23:22:55] +14.2s Matching brightness...
[23:22:55] +14.2s canvas perspective 3552x1413
[23:22:55] +14.4s warp DSCF6649.RAF: bbox=(0,29,1979,1392) 1979x1363
[23:22:55] +14.4s warp DSCF6647.RAF: bbox=(663,69,2614,1384) 1951x1315
[23:22:55] +14.4s warp DSCF6648.RAF: bbox=(379,60,2333,1383) 1954x1323
[23:22:55] +14.4s warp DSCF6646.RAF: bbox=(1124,81,3110,1413) 1986x1332
[23:22:55] +14.4s warp DSCF6645.RAF: bbox=(1493,0,3552,1394) 2059x1394
[23:22:56] +14.6s brightness gains=5 corner=0.815
[23:22:56] +14.6s Blending photos...
[23:22:56] +14.7s blend 1: window=2845x1413 tiles=903
[23:22:56] +15.1s local moved kept=424 field=8.54 disagree 0.5260 -> 0.3200
[23:22:56] +15.1s seam grid 46x57 nodes=2434
[23:22:56] +15.1s seam grid 341x430 nodes=31324
[23:22:56] +15.3s seam refine nodes=31324
[23:22:56] +15.3s painted
[23:22:56] +15.3s mask blurred
[23:22:56] +15.4s pyramid gauss
[23:22:57] +15.5s pyramid expand
[23:22:57] +15.5s pasted
[23:22:57] +15.5s blended 1 keepA=0.53
[23:22:57] +15.5s blend 2: window=2940x1413 tiles=924
[23:22:57] +15.8s local moved kept=331 field=9.43 disagree 0.5556 -> 0.3986
[23:22:57] +15.8s seam grid 45x51 nodes=2226
[23:22:57] +15.8s seam grid 337x385 nodes=37429
[23:22:57] +16.0s seam refine nodes=37429
[23:22:57] +16.0s painted
[23:22:57] +16.0s mask blurred
[23:22:57] +16.1s pyramid gauss
[23:22:57] +16.2s pyramid expand
[23:22:57] +16.2s pasted
[23:22:57] +16.2s blended 2 keepA=0.52
[23:22:57] +16.2s blend 3: window=2491x1413 tiles=777
[23:22:58] +16.5s local moved kept=414 field=18.95 disagree 0.6094 -> 0.4930
[23:22:58] +16.5s seam grid 46x54 nodes=2318
[23:22:58] +16.5s seam grid 345x413 nodes=30278
[23:22:58] +16.6s seam refine nodes=30278
[23:22:58] +16.6s painted
[23:22:58] +16.6s mask blurred
[23:22:58] +16.6s pyramid gauss
[23:22:58] +16.7s pyramid expand
[23:22:58] +16.7s pasted
[23:22:58] +16.7s blended 3 keepA=0.59
[23:22:58] +16.7s blend 4: window=2571x1413 tiles=819
[23:22:58] +17.0s local moved kept=394 field=18.31 disagree 0.6444 -> 0.5592
[23:22:58] +17.0s seam grid 46x55 nodes=2456
[23:22:58] +17.0s seam grid 342x417 nodes=35882
[23:22:58] +17.2s seam refine nodes=35882
[23:22:58] +17.2s painted
[23:22:58] +17.2s mask blurred
[23:22:58] +17.3s pyramid gauss
[23:22:58] +17.4s pyramid expand
[23:22:59] +17.4s pasted
[23:22:59] +17.4s blended 4 keepA=0.74
[23:22:59] +17.4s time  linear_photometry=3.19s
[23:22:59] +17.4s photometry source=second compose
[23:22:59] +17.4s save seam preview
[23:22:59] +17.4s save cut fullres
[23:22:59] +17.4s photometry gains=5
[23:22:59] +17.4s photo pedestal=0.016244 field_norm=0.622307 gains=[1.0244 0.9946 1.0128 0.9581 1.0114]
[23:22:59] +17.4s canvas perspective 14293x5687
[23:22:59] +17.7s local align resolution 1/2
[23:22:59] +17.7s composite levels=6 pad=512
[23:22:59] +17.7s local alignment refine=true
[23:23:00] +18.7s warped DSCF6647.RAF straight
[23:23:01] +20.3s local copied sparse
[23:23:01] +20.3s align-half skip no staged field
[23:23:01] +20.3s field n=0 const=[1.0000 1.0000 1.0000] peak=0.0000 gain=0.0027 (rejected)
[23:23:02] +20.6s seam grid 169x213 nodes=35084
[23:23:02] +20.9s seam grid 1323x1680 nodes=117859
[23:23:03] +22.3s seam refine nodes=117859
[23:23:03] +22.3s painted
[23:23:04] +22.5s mask blurred
[23:23:05] +24.1s pyramid gauss
[23:23:06] +25.1s pyramid expand
[23:23:06] +25.3s blended
[23:23:06] +25.3s seam 1 window=8839x5687 keepA=0.43
[23:23:06] +25.3s warped DSCF6648.RAF nudged
[23:23:08] +27.1s local copied sparse
[23:23:08] +27.1s align-half skip no staged field
[23:23:08] +27.2s field n=0 const=[1.0000 1.0000 1.0000] peak=0.0000 gain=-0.0031 (rejected)
[23:23:09] +27.4s seam grid 165x191 nodes=31504
[23:23:09] +27.8s seam grid 1296x1499 nodes=132628
[23:23:10] +29.4s seam refine nodes=132628
[23:23:11] +29.4s painted
[23:23:11] +29.6s mask blurred
[23:23:12] +31.1s pyramid gauss
[23:23:13] +32.0s pyramid expand
[23:23:13] +32.1s blended
[23:23:13] +32.1s seam 2 window=8964x5687 keepA=0.71
[23:23:13] +32.1s warped DSCF6646.RAF nudged
[23:23:15] +33.9s local copied sparse
[23:23:15] +33.9s align-half skip no staged field
[23:23:15] +33.9s field n=0 const=[1.0000 1.0000 1.0000] peak=0.0000 gain=0.0021 (rejected)
[23:23:15] +34.2s seam grid 171x205 nodes=34152
[23:23:16] +34.7s seam grid 1340x1611 nodes=137566
[23:23:17] +36.4s seam refine nodes=137566
[23:23:18] +36.4s painted
[23:23:18] +36.5s mask blurred
[23:23:19] +38.1s pyramid gauss
[23:23:20] +39.1s pyramid expand
[23:23:20] +39.2s blended
[23:23:20] +39.2s seam 3 window=8453x5687 keepA=0.87
[23:23:20] +39.2s warped DSCF6649.RAF nudged
[23:23:22] +41.0s local copied sparse
[23:23:22] +41.0s align-half skip no staged field
[23:23:22] +41.1s field n=0 const=[1.0000 1.0000 1.0000] peak=0.0000 gain=-0.0034 (rejected)
[23:23:22] +41.3s seam grid 170x207 nodes=35071
[23:23:23] +41.7s seam grid 1332x1627 nodes=122210
[23:23:24] +43.0s seam refine nodes=122210
[23:23:24] +43.1s painted
[23:23:24] +43.2s mask blurred
[23:23:26] +44.8s pyramid gauss
[23:23:27] +45.7s pyramid expand
[23:23:27] +45.9s blended
[23:23:27] +45.9s seam 4 window=8770x5687 keepA=0.75
[23:23:27] +45.9s warped DSCF6645.RAF nudged
[23:23:27] +45.9s refined shifts seams=0 mean_abs_shift=0.000px max_abs_shift=0.000px
[23:23:27] +45.9s exposure gains applied 3
[23:23:27] +46.0s save encode 13770x4999
[23:23:32] +51.2s seam dump /home/dalibor/Projects/RapidRAW/lean_pano_proto/out/v30/DSCF6645/seams.txt
[23:23:32] +51.2s blend_stage extract=0.00s
[23:23:32] +51.2s blend_stage graphcut=65.59s
[23:23:32] +51.2s blend_stage local_align_half=6.46s
[23:23:32] +51.2s blend_stage mask_blur=4.97s
[23:23:32] +51.2s blend_stage pyr_blend=79.17s
[23:23:32] +51.2s boundary_step final: n=4298 median_step=24.04% p90=74.90%
[23:23:32] +51.2s blinds_flat  final: n=0 median_step=0.00% p90=0.00%
[23:23:32] +51.2s woodline    final: n=3380 median_step=26.06% p90=77.02%
[23:23:32] +51.2s ghost_band   final: mean=0.694 keepA=0.69 cut_px=39166 swallowed=0
[23:23:32] +51.2s sharpness_lapvar final: 441.0838552995984
[23:23:32] +51.2s pano_mean_lum 0.10061475619091623 shadow_median 0.06361236423254013 canvas 13770x4999 levels=6 window_px=512
[23:23:32] +51.2s time  final blend=23.36s encode_tiff=0.72s metrics=3.68s photometry=1.79s step_metrics=0.20s warp=1.90s
[23:23:32] +51.2s time  total=51.19s
[23:23:32] +51.2s saved /home/dalibor/Projects/RapidRAW/lean_pano_proto/out/v30/DSCF6645/DSCF6645_Pano.tiff
