[17:06:46] +0.0s log /home/dalibor/Projects/RapidRAW/lean_pano_proto/out/v37/DSCF0566/DSCF0566_Pano.pano.log
[17:06:46] +0.0s merge started files=10
[17:06:46] +0.2s jpeg DSCF0566.RAF native 4416x2944 declared 4416x2944
[17:06:46] +0.4s jpeg DSCF0567.RAF native 4416x2944 declared 4416x2944
[17:06:46] +0.6s jpeg DSCF0568.RAF native 4416x2944 declared 4416x2944
[17:06:46] +0.7s jpeg DSCF0569.RAF native 4416x2944 declared 4416x2944
[17:06:47] +0.9s jpeg DSCF0570.RAF native 4416x2944 declared 4416x2944
[17:06:47] +1.1s jpeg DSCF0571.RAF native 4416x2944 declared 4416x2944
[17:06:47] +1.3s jpeg DSCF0572.RAF native 4416x2944 declared 4416x2944
[17:06:47] +1.5s jpeg DSCF0573.RAF native 4416x2944 declared 4416x2944
[17:06:47] +1.8s jpeg DSCF0574.RAF native 4416x2944 declared 4416x2944
[17:06:48] +2.0s jpeg DSCF0575.RAF native 4416x2944 declared 4416x2944
[17:06:50] +4.1s points DSCF0566.RAF 11766
[17:06:50] +4.1s points DSCF0567.RAF 11738
[17:06:50] +4.1s points DSCF0568.RAF 11678
[17:06:50] +4.1s points DSCF0569.RAF 11728
[17:06:50] +4.1s points DSCF0570.RAF 11771
[17:06:50] +4.1s points DSCF0571.RAF 11772
[17:06:50] +4.1s points DSCF0572.RAF 11762
[17:06:50] +4.1s points DSCF0573.RAF 11774
[17:06:50] +4.1s points DSCF0574.RAF 11740
[17:06:50] +4.1s points DSCF0575.RAF 11787
[17:06:50] +4.1s matching 17 neighbor pairs
[17:06:54] +8.3s match DSCF0566.RAF<->DSCF0567.RAF: 4866 good
[17:06:54] +8.3s match DSCF0566.RAF<->DSCF0568.RAF: 3120 good
[17:06:54] +8.3s match DSCF0567.RAF<->DSCF0568.RAF: 5713 good
[17:06:54] +8.3s match DSCF0567.RAF<->DSCF0569.RAF: 4446 good
[17:06:54] +8.3s match DSCF0568.RAF<->DSCF0569.RAF: 6127 good
[17:06:54] +8.3s match DSCF0568.RAF<->DSCF0570.RAF: 4395 good
[17:06:54] +8.3s match DSCF0569.RAF<->DSCF0570.RAF: 5959 good
[17:06:54] +8.3s match DSCF0569.RAF<->DSCF0571.RAF: 4273 good
[17:06:54] +8.3s match DSCF0570.RAF<->DSCF0571.RAF: 6233 good
[17:06:54] +8.3s match DSCF0570.RAF<->DSCF0572.RAF: 4408 good
[17:06:54] +8.3s match DSCF0571.RAF<->DSCF0572.RAF: 6161 good
[17:06:54] +8.3s match DSCF0571.RAF<->DSCF0573.RAF: 4555 good
[17:06:54] +8.3s match DSCF0572.RAF<->DSCF0573.RAF: 6270 good
[17:06:54] +8.3s match DSCF0572.RAF<->DSCF0574.RAF: 4378 good
[17:06:54] +8.3s match DSCF0573.RAF<->DSCF0574.RAF: 6118 good
[17:06:54] +8.3s match DSCF0573.RAF<->DSCF0575.RAF: 4483 good
[17:06:54] +8.3s match DSCF0574.RAF<->DSCF0575.RAF: 6447 good
[17:06:55] +8.9s aligned kept=10 focal35=105.0 jpeg=4416x2944 points=4416x2944
[17:06:55] +8.9s lens crop=1.534 focal35=105.0 calib=1.529
[17:06:56] +10.2s sky target 0.1864
[17:06:56] +10.2s sky scale DSCF0566.RAF 1.598 median 0.1167
[17:06:56] +10.2s sky scale DSCF0567.RAF 0.938 median 0.1987
[17:06:56] +10.2s sky scale DSCF0568.RAF 1.000 median 0.1864
[17:06:56] +10.2s sky scale DSCF0569.RAF 0.939 median 0.1985
[17:06:56] +10.2s sky scale DSCF0570.RAF 1.008 median 0.1850
[17:06:56] +10.2s sky scale DSCF0571.RAF 1.011 median 0.1844
[17:06:56] +10.2s sky scale DSCF0572.RAF 1.021 median 0.1827
[17:06:56] +10.2s sky scale DSCF0573.RAF 1.005 median 0.1855
[17:06:56] +10.2s sky scale DSCF0574.RAF 0.853 median 0.2185
[17:06:56] +10.2s sky scale DSCF0575.RAF 0.806 median 0.2312
[17:06:56] +10.2s Matching brightness...
[17:06:56] +10.2s canvas perspective 6415x1694
[17:06:56] +10.3s warp DSCF0571.RAF: bbox=(2808,281,4844,1654) 2036x1373
[17:06:56] +10.3s warp DSCF0573.RAF: bbox=(3651,324,5616,1652) 1965x1328
[17:06:56] +10.3s warp DSCF0572.RAF: bbox=(3233,310,5228,1654) 1995x1344
[17:06:56] +10.3s warp DSCF0570.RAF: bbox=(2354,242,4455,1656) 2101x1414
[17:06:56] +10.3s warp DSCF0574.RAF: bbox=(4088,355,6042,1677) 1954x1322
[17:06:56] +10.3s warp DSCF0569.RAF: bbox=(1869,203,4063,1667) 2194x1464
[17:06:56] +10.4s warp DSCF0575.RAF: bbox=(4454,356,6415,1687) 1961x1331
[17:06:56] +10.4s warp DSCF0567.RAF: bbox=(870,104,3323,1690) 2453x1586
[17:06:56] +10.4s warp DSCF0568.RAF: bbox=(1381,159,3691,1679) 2310x1520
[17:06:56] +10.5s warp DSCF0566.RAF: bbox=(0,0,2734,1694) 2734x1694
[17:06:56] +10.7s brightness gains=10 corner=0.659
[17:06:56] +10.7s Blending photos...
[17:06:57] +11.0s blend 1: window=3019x1694 tiles=1150
[17:06:57] +11.3s local moved kept=278 field=3.46 disagree 0.1927 -> 0.0823
[17:06:57] +11.4s seam grid 47x55 nodes=2380
[17:06:57] +11.4s seam grid 346x416 nodes=43314
[17:06:57] +11.5s seam refine nodes=43314
[17:06:57] +11.5s painted
[17:06:57] +11.5s mask blurred
[17:06:57] +11.7s pyramid gauss
[17:06:57] +11.8s pyramid expand
[17:06:57] +11.8s pasted
[17:06:57] +11.8s blended 1 keepA=0.51
[17:06:57] +11.8s blend 2: window=3125x1694 tiles=1175
[17:06:58] +12.1s local moved kept=284 field=4.27 disagree 0.2456 -> 0.1314
[17:06:58] +12.1s seam grid 47x56 nodes=2478
[17:06:58] +12.1s seam grid 353x425 nodes=40091
[17:06:58] +12.3s seam refine nodes=40091
[17:06:58] +12.3s painted
[17:06:58] +12.3s mask blurred
[17:06:58] +12.4s pyramid gauss
[17:06:58] +12.4s pyramid expand
[17:06:58] +12.5s pasted
[17:06:58] +12.5s blended 2 keepA=0.58
[17:06:58] +12.5s blend 3: window=2989x1694 tiles=1125
[17:06:58] +12.8s local moved kept=276 field=3.96 disagree 0.2465 -> 0.1079
[17:06:58] +12.8s seam grid 46x54 nodes=2339
[17:06:58] +12.8s seam grid 343x407 nodes=30666
[17:06:59] +12.9s seam refine nodes=30666
[17:06:59] +12.9s painted
[17:06:59] +12.9s mask blurred
[17:06:59] +13.0s pyramid gauss
[17:06:59] +13.2s pyramid expand
[17:06:59] +13.2s pasted
[17:06:59] +13.2s blended 3 keepA=0.61
[17:06:59] +13.2s blend 4: window=3218x1694 tiles=1225
[17:06:59] +13.5s local moved kept=324 field=5.18 disagree 0.2209 -> 0.1029
[17:06:59] +13.5s seam grid 49x58 nodes=2624
[17:06:59] +13.5s seam grid 365x440 nodes=40449
[17:06:59] +13.7s seam refine nodes=40449
[17:06:59] +13.7s painted
[17:06:59] +13.7s mask blurred
[17:06:59] +13.8s pyramid gauss
[17:06:59] +13.9s pyramid expand
[17:06:59] +13.9s pasted
[17:06:59] +13.9s blended 4 keepA=0.49
[17:06:59] +13.9s blend 5: window=3334x1694 tiles=1275
[17:07:00] +14.3s local moved kept=401 field=6.26 disagree 0.2208 -> 0.0907
[17:07:00] +14.3s seam grid 50x62 nodes=2850
[17:07:00] +14.3s seam grid 377x468 nodes=44704
[17:07:00] +14.4s seam refine nodes=44704
[17:07:00] +14.4s painted
[17:07:00] +14.5s mask blurred
[17:07:00] +14.6s pyramid gauss
[17:07:00] +14.7s pyramid expand
[17:07:00] +14.7s pasted
[17:07:00] +14.7s blended 5 keepA=0.76
[17:07:00] +14.7s blend 6: window=2839x1694 tiles=1075
[17:07:01] +15.0s local moved kept=267 field=4.63 disagree 0.3088 -> 0.1196
[17:07:01] +15.0s seam grid 45x53 nodes=2328
[17:07:01] +15.0s seam grid 334x395 nodes=30712
[17:07:01] +15.2s seam refine nodes=30712
[17:07:01] +15.2s painted
[17:07:01] +15.2s mask blurred
[17:07:01] +15.2s pyramid gauss
[17:07:01] +15.3s pyramid expand
[17:07:01] +15.3s pasted
[17:07:01] +15.3s blended 6 keepA=0.50
[17:07:01] +15.3s blend 7: window=3477x1694 tiles=1325
[17:07:01] +15.7s local moved kept=446 field=6.76 disagree 0.2296 -> 0.0997
[17:07:01] +15.8s seam grid 52x66 nodes=3124
[17:07:01] +15.8s seam grid 391x498 nodes=42069
[17:07:02] +15.9s seam refine nodes=42069
[17:07:02] +15.9s painted
[17:07:02] +15.9s mask blurred
[17:07:02] +16.0s pyramid gauss
[17:07:02] +16.1s pyramid expand
[17:07:02] +16.1s pasted
[17:07:02] +16.1s blended 7 keepA=0.58
[17:07:02] +16.1s blend 8: window=2473x1694 tiles=925
[17:07:02] +16.4s local moved kept=303 field=5.04 disagree 0.3377 -> 0.1250
[17:07:02] +16.4s seam grid 46x55 nodes=2404
[17:07:02] +16.4s seam grid 340x410 nodes=29717
[17:07:02] +16.5s seam refine nodes=29717
[17:07:02] +16.5s painted
[17:07:02] +16.5s mask blurred
[17:07:02] +16.6s pyramid gauss
[17:07:02] +16.7s pyramid expand
[17:07:02] +16.7s pasted
[17:07:02] +16.7s blended 8 keepA=0.61
[17:07:02] +16.7s blend 9: window=3246x1694 tiles=1225
[17:07:03] +17.1s local moved kept=416 field=8.17 disagree 0.2073 -> 0.0812
[17:07:03] +17.1s seam grid 54x63 nodes=3122
[17:07:03] +17.1s seam grid 403x479 nodes=51832
[17:07:03] +17.4s seam refine nodes=51832
[17:07:03] +17.4s painted
[17:07:03] +17.4s mask blurred
[17:07:03] +17.5s pyramid gauss
[17:07:03] +17.6s pyramid expand
[17:07:03] +17.6s pasted
[17:07:03] +17.6s blended 9 keepA=0.59
[17:07:03] +17.6s preview canvas perspective 6415x1694 shifts=9
[17:07:03] +17.6s time  preview=8.66s (solve+match 8.94s)
[17:07:03] +17.7s preview ready /home/dalibor/Projects/RapidRAW/lean_pano_proto/out/v37/DSCF0566/DSCF0566_preview.jpg
[17:07:03] +17.7s save started
[17:07:03] +17.7s develop jobs=4
[17:07:09] +23.8s developed DSCF0566.RAF 7728x5152 -> 1920x1280
[17:07:09] +23.8s developed DSCF0567.RAF 7728x5152 -> 1920x1280
[17:07:09] +23.8s developed DSCF0568.RAF 7728x5152 -> 1920x1280
[17:07:09] +23.8s developed DSCF0569.RAF 7728x5152 -> 1920x1280
[17:07:09] +23.8s developed DSCF0570.RAF 7728x5152 -> 1920x1280
[17:07:09] +23.8s developed DSCF0571.RAF 7728x5152 -> 1920x1280
[17:07:09] +23.8s developed DSCF0572.RAF 7728x5152 -> 1920x1280
[17:07:09] +23.8s developed DSCF0573.RAF 7728x5152 -> 1920x1280
[17:07:09] +23.8s developed DSCF0574.RAF 7728x5152 -> 1920x1280
[17:07:09] +23.8s developed DSCF0575.RAF 7728x5152 -> 1920x1280
[17:07:09] +23.8s time  develop=6.09s
[17:07:09] +23.9s scale raw=7728x5152 jpeg=4416x2944 x=1.7500 y=1.7500
[17:07:09] +23.9s Matching brightness...
[17:07:09] +23.9s canvas perspective 6415x1694
[17:07:10] +24.0s warp DSCF0574.RAF: bbox=(4088,355,6042,1677) 1954x1322
[17:07:10] +24.0s warp DSCF0570.RAF: bbox=(2354,242,4455,1656) 2101x1414
[17:07:10] +24.0s warp DSCF0573.RAF: bbox=(3651,324,5616,1652) 1965x1328
[17:07:10] +24.0s warp DSCF0575.RAF: bbox=(4454,356,6415,1687) 1961x1331
[17:07:10] +24.0s warp DSCF0571.RAF: bbox=(2808,281,4844,1654) 2036x1373
[17:07:10] +24.0s warp DSCF0572.RAF: bbox=(3233,310,5228,1654) 1995x1344
[17:07:10] +24.1s warp DSCF0569.RAF: bbox=(1869,203,4063,1667) 2194x1464
[17:07:10] +24.1s warp DSCF0568.RAF: bbox=(1381,159,3691,1679) 2310x1520
[17:07:10] +24.1s warp DSCF0567.RAF: bbox=(870,104,3323,1690) 2453x1586
[17:07:10] +24.1s warp DSCF0566.RAF: bbox=(0,0,2734,1694) 2734x1694
[17:07:10] +24.4s brightness gains=10 corner=0.636
[17:07:10] +24.4s Blending photos...
[17:07:10] +24.7s blend 1: window=3019x1694 tiles=1150
[17:07:11] +25.1s local moved kept=256 field=4.18 disagree 0.2697 -> 0.0997
[17:07:11] +25.1s seam grid 47x55 nodes=2381
[17:07:11] +25.1s seam grid 346x416 nodes=40235
[17:07:11] +25.3s seam refine nodes=40235
[17:07:11] +25.3s painted
[17:07:11] +25.3s mask blurred
[17:07:11] +25.4s pyramid gauss
[17:07:11] +25.5s pyramid expand
[17:07:11] +25.5s pasted
[17:07:11] +25.5s blended 1 keepA=0.53
[17:07:11] +25.5s blend 2: window=3125x1694 tiles=1175
[17:07:11] +25.8s local moved kept=273 field=5.25 disagree 0.2998 -> 0.1368
[17:07:11] +25.9s seam grid 47x56 nodes=2477
[17:07:11] +25.9s seam grid 353x425 nodes=36430
[17:07:12] +26.0s seam refine nodes=36430
[17:07:12] +26.0s painted
[17:07:12] +26.0s mask blurred
[17:07:12] +26.1s pyramid gauss
[17:07:12] +26.2s pyramid expand
[17:07:12] +26.2s pasted
[17:07:12] +26.2s blended 2 keepA=0.58
[17:07:12] +26.2s blend 3: window=2989x1694 tiles=1125
[17:07:12] +26.5s local moved kept=269 field=7.23 disagree 0.3401 -> 0.1564
[17:07:12] +26.5s seam grid 46x54 nodes=2341
[17:07:12] +26.5s seam grid 342x407 nodes=32665
[17:07:12] +26.7s seam refine nodes=32665
[17:07:12] +26.7s painted
[17:07:12] +26.7s mask blurred
[17:07:12] +26.8s pyramid gauss
[17:07:12] +26.9s pyramid expand
[17:07:12] +26.9s pasted
[17:07:12] +26.9s blended 3 keepA=0.60
[17:07:12] +26.9s blend 4: window=3218x1694 tiles=1225
[17:07:13] +27.2s local moved kept=319 field=9.25 disagree 0.3102 -> 0.1433
[17:07:13] +27.3s seam grid 49x58 nodes=2625
[17:07:13] +27.3s seam grid 365x440 nodes=35292
[17:07:13] +27.4s seam refine nodes=35292
[17:07:13] +27.4s painted
[17:07:13] +27.4s mask blurred
[17:07:13] +27.5s pyramid gauss
[17:07:13] +27.5s pyramid expand
[17:07:13] +27.6s pasted
[17:07:13] +27.6s blended 4 keepA=0.58
[17:07:13] +27.6s blend 5: window=3334x1694 tiles=1275
[17:07:14] +27.9s local moved kept=399 field=12.65 disagree 0.2979 -> 0.1543
[17:07:14] +27.9s seam grid 51x62 nodes=2850
[17:07:14] +28.0s seam grid 378x468 nodes=42591
[17:07:14] +28.1s seam refine nodes=42591
[17:07:14] +28.1s painted
[17:07:14] +28.1s mask blurred
[17:07:14] +28.3s pyramid gauss
[17:07:14] +28.4s pyramid expand
[17:07:14] +28.4s pasted
[17:07:14] +28.4s blended 5 keepA=0.65
[17:07:14] +28.4s blend 6: window=2839x1694 tiles=1075
[17:07:14] +28.7s local moved kept=272 field=10.03 disagree 0.3743 -> 0.1884
[17:07:14] +28.7s seam grid 45x53 nodes=2327
[17:07:14] +28.7s seam grid 334x395 nodes=31281
[17:07:14] +28.8s seam refine nodes=31281
[17:07:14] +28.8s painted
[17:07:14] +28.9s mask blurred
[17:07:15] +28.9s pyramid gauss
[17:07:15] +29.0s pyramid expand
[17:07:15] +29.0s pasted
[17:07:15] +29.0s blended 6 keepA=0.51
[17:07:15] +29.0s blend 7: window=3477x1694 tiles=1325
[17:07:15] +29.4s local moved kept=475 field=14.53 disagree 0.2912 -> 0.1484
[17:07:15] +29.4s seam grid 52x66 nodes=3124
[17:07:15] +29.4s seam grid 391x498 nodes=40875
[17:07:15] +29.6s seam refine nodes=40875
[17:07:15] +29.6s painted
[17:07:15] +29.6s mask blurred
[17:07:15] +29.7s pyramid gauss
[17:07:15] +29.9s pyramid expand
[17:07:15] +29.9s pasted
[17:07:15] +29.9s blended 7 keepA=0.57
[17:07:15] +29.9s blend 8: window=2473x1694 tiles=925
[17:07:16] +30.2s local moved kept=304 field=10.54 disagree 0.3832 -> 0.1824
[17:07:16] +30.2s seam grid 46x55 nodes=2404
[17:07:16] +30.2s seam grid 340x410 nodes=29082
[17:07:16] +30.3s seam refine nodes=29082
[17:07:16] +30.3s painted
[17:07:16] +30.3s mask blurred
[17:07:16] +30.3s pyramid gauss
[17:07:16] +30.4s pyramid expand
[17:07:16] +30.4s pasted
[17:07:16] +30.4s blended 8 keepA=0.61
[17:07:16] +30.4s blend 9: window=3246x1694 tiles=1225
[17:07:16] +30.8s local moved kept=426 field=15.72 disagree 0.3106 -> 0.1468
[17:07:16] +30.9s seam grid 54x63 nodes=3122
[17:07:16] +30.9s seam grid 403x479 nodes=48010
[17:07:17] +31.1s seam refine nodes=48010
[17:07:17] +31.1s painted
[17:07:17] +31.1s mask blurred
[17:07:17] +31.2s pyramid gauss
[17:07:17] +31.3s pyramid expand
[17:07:17] +31.4s pasted
[17:07:17] +31.4s blended 9 keepA=0.59
[17:07:17] +31.4s time  linear_photometry=7.52s
[17:07:17] +31.4s photometry source=second compose
[17:07:17] +31.4s save seam preview
[17:07:17] +31.4s save cut fullres
[17:07:17] +31.4s photometry gains=10
[17:07:17] +31.4s photo pedestal=0.002654 field_norm=2.012343 gains=[0.9964 1.0341 0.9594 0.9558 1.0073 0.9939 1.0517 0.9702 1.0317 1.0043]
[17:07:17] +31.4s save seam developed
[17:07:17] +31.4s canvas perspective 25820x6819
[17:07:18] +32.1s local align resolution 1/1
[17:07:18] +32.1s snapbox canvas_origin=(5000,0)
[17:07:18] +32.1s composite levels=6 pad=512
[17:07:18] +32.1s local alignment refine=false
[17:07:19] +33.3s warped DSCF0571.RAF straight
[17:07:19] +33.3s SNAP s00_C_after_photometry /home/dalibor/Projects/RapidRAW/lean_pano_proto/out/v37/DSCF0566/snapshots/DSCF0566_s00_C_after_photometry_w3500_h6819_ox5000_oy0.png
[17:07:19] +33.5s SNAP s00_D_canvas_after /home/dalibor/Projects/RapidRAW/lean_pano_proto/out/v37/DSCF0566/snapshots/DSCF0566_s00_D_canvas_after_w3500_h6819_ox5000_oy0.png
[17:07:20] +34.6s SNAP s01_C2_canvas_before /home/dalibor/Projects/RapidRAW/lean_pano_proto/out/v37/DSCF0566/snapshots/DSCF0566_s01_C2_canvas_before_w3500_h6819_ox5000_oy0.png
[17:07:21] +35.2s snapwin seam=1 canvas=(12526,762) size=9002x6057
[17:07:21] +35.3s SNAP s01_S1_avbv /home/dalibor/Projects/RapidRAW/lean_pano_proto/out/v37/DSCF0566/snapshots/DSCF0566_s01_S1_avbv_w3500_h6057_ox12526_oy762.png
[17:07:21] +35.7s SNAP s01_S2_aw_canvas /home/dalibor/Projects/RapidRAW/lean_pano_proto/out/v37/DSCF0566/snapshots/DSCF0566_s01_S2_aw_canvas_w3500_h6057_ox12526_oy762.png
[17:07:22] +36.3s SNAP s01_S3_bw_incoming /home/dalibor/Projects/RapidRAW/lean_pano_proto/out/v37/DSCF0566/snapshots/DSCF0566_s01_S3_bw_incoming_w3500_h6057_ox12526_oy762.png
[17:07:22] +36.6s field n=0 const=[1.0000 1.0000 1.0000] peak=0.0000 gain=-0.1335 (rejected)
[17:07:23] +37.2s SNAP s01_S4_bw_after_gain /home/dalibor/Projects/RapidRAW/lean_pano_proto/out/v37/DSCF0566/snapshots/DSCF0566_s01_S4_bw_after_gain_w3500_h6057_ox12526_oy762.png
[17:07:23] +37.6s seam grid 171x206 nodes=34506
[17:07:23] +37.8s seam grid 1340x1621 nodes=130929
[17:07:24] +38.7s seam refine nodes=130929
[17:07:24] +38.7s painted
[17:07:24] +38.8s SNAP s01_S5_mask_hard /home/dalibor/Projects/RapidRAW/lean_pano_proto/out/v37/DSCF0566/snapshots/DSCF0566_s01_S5_mask_hard_w3500_h6057_ox12526_oy762.png
[17:07:25] +39.0s SNAP s01_S6_mask_soft /home/dalibor/Projects/RapidRAW/lean_pano_proto/out/v37/DSCF0566/snapshots/DSCF0566_s01_S6_mask_soft_w3500_h6057_ox12526_oy762.png
[17:07:25] +39.0s mask blurred
[17:07:25] +39.8s snapblendrect seam=1 canvas=(12535,771)..(19974,6819)
[17:07:26] +39.9s SNAP s01_S7_mask_soft_rect /home/dalibor/Projects/RapidRAW/lean_pano_proto/out/v37/DSCF0566/snapshots/DSCF0566_s01_S7_mask_soft_rect_w3500_h6057_ox12526_oy762.png
[17:07:26] +40.7s pyramid gauss
[17:07:27] +41.8s pyramid expand
[17:07:28] +42.4s SNAP s01_S8_pyrblend /home/dalibor/Projects/RapidRAW/lean_pano_proto/out/v37/DSCF0566/snapshots/DSCF0566_s01_S8_pyrblend_w3500_h6057_ox12526_oy762.png
[17:07:28] +42.6s blended
[17:07:28] +42.6s seam 1 window=9002x6057 keepA=0.35
[17:07:28] +42.6s warped DSCF0572.RAF nudged
[17:07:28] +42.6s SNAP s01_C_after_photometry /home/dalibor/Projects/RapidRAW/lean_pano_proto/out/v37/DSCF0566/snapshots/DSCF0566_s01_C_after_photometry_w3500_h6819_ox5000_oy0.png
[17:07:29] +42.9s SNAP s01_D_canvas_after /home/dalibor/Projects/RapidRAW/lean_pano_proto/out/v37/DSCF0566/snapshots/DSCF0566_s01_D_canvas_after_w3500_h6819_ox5000_oy0.png
[17:07:30] +44.1s SNAP s02_C2_canvas_before /home/dalibor/Projects/RapidRAW/lean_pano_proto/out/v37/DSCF0566/snapshots/DSCF0566_s02_C2_canvas_before_w3500_h6819_ox5000_oy0.png
[17:07:30] +44.7s snapwin seam=2 canvas=(8988,488) size=9428x6331
[17:07:30] +44.8s SNAP s02_S1_avbv /home/dalibor/Projects/RapidRAW/lean_pano_proto/out/v37/DSCF0566/snapshots/DSCF0566_s02_S1_avbv_w3500_h6331_ox8988_oy488.png
[17:07:31] +45.5s SNAP s02_S2_aw_canvas /home/dalibor/Projects/RapidRAW/lean_pano_proto/out/v37/DSCF0566/snapshots/DSCF0566_s02_S2_aw_canvas_w3500_h6331_ox8988_oy488.png
[17:07:32] +46.1s SNAP s02_S3_bw_incoming /home/dalibor/Projects/RapidRAW/lean_pano_proto/out/v37/DSCF0566/snapshots/DSCF0566_s02_S3_bw_incoming_w3500_h6331_ox8988_oy488.png
[17:07:32] +46.4s field n=0 const=[1.0000 1.0000 1.0000] peak=0.0000 gain=-0.0966 (rejected)
[17:07:33] +47.1s SNAP s02_S4_bw_after_gain /home/dalibor/Projects/RapidRAW/lean_pano_proto/out/v37/DSCF0566/snapshots/DSCF0566_s02_S4_bw_after_gain_w3500_h6331_ox8988_oy488.png
[17:07:33] +47.4s seam grid 173x211 nodes=35965
[17:07:33] +47.7s seam grid 1369x1658 nodes=175873
[17:07:35] +49.0s seam refine nodes=175873
[17:07:35] +49.0s painted
[17:07:35] +49.1s SNAP s02_S5_mask_hard /home/dalibor/Projects/RapidRAW/lean_pano_proto/out/v37/DSCF0566/snapshots/DSCF0566_s02_S5_mask_hard_w3500_h6331_ox8988_oy488.png
[17:07:35] +49.3s SNAP s02_S6_mask_soft /home/dalibor/Projects/RapidRAW/lean_pano_proto/out/v37/DSCF0566/snapshots/DSCF0566_s02_S6_mask_soft_w3500_h6331_ox8988_oy488.png
[17:07:35] +49.3s mask blurred
[17:07:36] +50.2s snapblendrect seam=2 canvas=(10825,655)..(18411,6819)
[17:07:36] +50.2s SNAP s02_S7_mask_soft_rect /home/dalibor/Projects/RapidRAW/lean_pano_proto/out/v37/DSCF0566/snapshots/DSCF0566_s02_S7_mask_soft_rect_w3500_h6331_ox8988_oy488.png
[17:07:37] +51.1s pyramid gauss
[17:07:38] +52.1s pyramid expand
[17:07:39] +53.0s SNAP s02_S8_pyrblend /home/dalibor/Projects/RapidRAW/lean_pano_proto/out/v37/DSCF0566/snapshots/DSCF0566_s02_S8_pyrblend_w3500_h6331_ox8988_oy488.png
[17:07:39] +53.1s blended
[17:07:39] +53.1s seam 2 window=9428x6331 keepA=0.63
[17:07:39] +53.1s warped DSCF0570.RAF nudged
[17:07:39] +53.2s SNAP s02_C_after_photometry /home/dalibor/Projects/RapidRAW/lean_pano_proto/out/v37/DSCF0566/snapshots/DSCF0566_s02_C_after_photometry_w3500_h6819_ox5000_oy0.png
[17:07:39] +53.4s SNAP s02_D_canvas_after /home/dalibor/Projects/RapidRAW/lean_pano_proto/out/v37/DSCF0566/snapshots/DSCF0566_s02_D_canvas_after_w3500_h6819_ox5000_oy0.png
[17:07:40] +54.6s SNAP s03_C2_canvas_before /home/dalibor/Projects/RapidRAW/lean_pano_proto/out/v37/DSCF0566/snapshots/DSCF0566_s03_C2_canvas_before_w3500_h6819_ox5000_oy0.png
[17:07:41] +55.1s snapwin seam=3 canvas=(14210,819) size=8879x6000
[17:07:41] +55.2s SNAP s03_S1_avbv /home/dalibor/Projects/RapidRAW/lean_pano_proto/out/v37/DSCF0566/snapshots/DSCF0566_s03_S1_avbv_w3500_h6000_ox14210_oy819.png
[17:07:41] +55.6s SNAP s03_S2_aw_canvas /home/dalibor/Projects/RapidRAW/lean_pano_proto/out/v37/DSCF0566/snapshots/DSCF0566_s03_S2_aw_canvas_w3500_h6000_ox14210_oy819.png
[17:07:42] +56.2s SNAP s03_S3_bw_incoming /home/dalibor/Projects/RapidRAW/lean_pano_proto/out/v37/DSCF0566/snapshots/DSCF0566_s03_S3_bw_incoming_w3500_h6000_ox14210_oy819.png
[17:07:42] +56.5s field n=0 const=[1.0000 1.0000 1.0000] peak=0.0000 gain=-0.0786 (rejected)
[17:07:43] +57.1s SNAP s03_S4_bw_after_gain /home/dalibor/Projects/RapidRAW/lean_pano_proto/out/v37/DSCF0566/snapshots/DSCF0566_s03_S4_bw_after_gain_w3500_h6000_ox14210_oy819.png
[17:07:43] +57.4s seam grid 169x202 nodes=33628
[17:07:43] +57.7s seam grid 1327x1586 nodes=137160
[17:07:45] +59.0s seam refine nodes=137160
[17:07:45] +59.1s painted
[17:07:45] +59.1s SNAP s03_S5_mask_hard /home/dalibor/Projects/RapidRAW/lean_pano_proto/out/v37/DSCF0566/snapshots/DSCF0566_s03_S5_mask_hard_w3500_h6000_ox14210_oy819.png
[17:07:45] +59.3s SNAP s03_S6_mask_soft /home/dalibor/Projects/RapidRAW/lean_pano_proto/out/v37/DSCF0566/snapshots/DSCF0566_s03_S6_mask_soft_w3500_h6000_ox14210_oy819.png
[17:07:45] +59.3s mask blurred
[17:07:46] +60.2s snapblendrect seam=3 canvas=(14219,830)..(21520,6819)
[17:07:46] +60.2s SNAP s03_S7_mask_soft_rect /home/dalibor/Projects/RapidRAW/lean_pano_proto/out/v37/DSCF0566/snapshots/DSCF0566_s03_S7_mask_soft_rect_w3500_h6000_ox14210_oy819.png
[17:07:47] +61.0s pyramid gauss
[17:07:48] +62.0s pyramid expand
[17:07:48] +62.7s SNAP s03_S8_pyrblend /home/dalibor/Projects/RapidRAW/lean_pano_proto/out/v37/DSCF0566/snapshots/DSCF0566_s03_S8_pyrblend_w3500_h6000_ox14210_oy819.png
[17:07:48] +62.8s blended
[17:07:48] +62.8s seam 3 window=8879x6000 keepA=0.75
[17:07:48] +62.8s warped DSCF0573.RAF nudged
[17:07:49] +62.9s SNAP s03_C_after_photometry /home/dalibor/Projects/RapidRAW/lean_pano_proto/out/v37/DSCF0566/snapshots/DSCF0566_s03_C_after_photometry_w3500_h6819_ox5000_oy0.png
[17:07:49] +63.1s SNAP s03_D_canvas_after /home/dalibor/Projects/RapidRAW/lean_pano_proto/out/v37/DSCF0566/snapshots/DSCF0566_s03_D_canvas_after_w3500_h6819_ox5000_oy0.png
[17:07:50] +64.4s SNAP s04_C2_canvas_before /home/dalibor/Projects/RapidRAW/lean_pano_proto/out/v37/DSCF0566/snapshots/DSCF0566_s04_C2_canvas_before_w3500_h6819_ox5000_oy0.png
[17:07:51] +65.0s snapwin seam=4 canvas=(7035,331) size=9805x6488
[17:07:51] +65.1s SNAP s04_S1_avbv /home/dalibor/Projects/RapidRAW/lean_pano_proto/out/v37/DSCF0566/snapshots/DSCF0566_s04_S1_avbv_w3500_h6488_ox7035_oy331.png
[17:07:51] +65.8s SNAP s04_S2_aw_canvas /home/dalibor/Projects/RapidRAW/lean_pano_proto/out/v37/DSCF0566/snapshots/DSCF0566_s04_S2_aw_canvas_w3500_h6488_ox7035_oy331.png
[17:07:52] +66.4s SNAP s04_S3_bw_incoming /home/dalibor/Projects/RapidRAW/lean_pano_proto/out/v37/DSCF0566/snapshots/DSCF0566_s04_S3_bw_incoming_w3500_h6488_ox7035_oy331.png
[17:07:52] +66.7s field n=0 const=[1.0000 1.0000 1.0000] peak=0.0000 gain=-0.0636 (rejected)
[17:07:53] +67.4s SNAP s04_S4_bw_after_gain /home/dalibor/Projects/RapidRAW/lean_pano_proto/out/v37/DSCF0566/snapshots/DSCF0566_s04_S4_bw_after_gain_w3500_h6488_ox7035_oy331.png
[17:07:53] +67.8s seam grid 180x218 nodes=38313
[17:07:54] +68.2s seam grid 1417x1720 nodes=176276
[17:07:55] +69.8s seam refine nodes=176276
[17:07:55] +69.8s painted
[17:07:56] +69.9s SNAP s04_S5_mask_hard /home/dalibor/Projects/RapidRAW/lean_pano_proto/out/v37/DSCF0566/snapshots/DSCF0566_s04_S5_mask_hard_w3500_h6488_ox7035_oy331.png
[17:07:56] +70.1s SNAP s04_S6_mask_soft /home/dalibor/Projects/RapidRAW/lean_pano_proto/out/v37/DSCF0566/snapshots/DSCF0566_s04_S6_mask_soft_w3500_h6488_ox7035_oy331.png
[17:07:56] +70.1s mask blurred
[17:07:57] +71.1s snapblendrect seam=4 canvas=(8997,497)..(16833,6819)
[17:07:57] +71.2s SNAP s04_S7_mask_soft_rect /home/dalibor/Projects/RapidRAW/lean_pano_proto/out/v37/DSCF0566/snapshots/DSCF0566_s04_S7_mask_soft_rect_w3500_h6488_ox7035_oy331.png
[17:07:58] +72.0s pyramid gauss
[17:07:59] +73.3s pyramid expand
[17:08:00] +74.2s SNAP s04_S8_pyrblend /home/dalibor/Projects/RapidRAW/lean_pano_proto/out/v37/DSCF0566/snapshots/DSCF0566_s04_S8_pyrblend_w3500_h6488_ox7035_oy331.png
[17:08:00] +74.3s blended
[17:08:00] +74.3s seam 4 window=9805x6488 keepA=0.58
[17:08:00] +74.3s warped DSCF0569.RAF nudged
[17:08:00] +74.7s SNAP s04_C_after_photometry /home/dalibor/Projects/RapidRAW/lean_pano_proto/out/v37/DSCF0566/snapshots/DSCF0566_s04_C_after_photometry_w3500_h6819_ox5000_oy0.png
[17:08:01] +75.1s SNAP s04_D_canvas_after /home/dalibor/Projects/RapidRAW/lean_pano_proto/out/v37/DSCF0566/snapshots/DSCF0566_s04_D_canvas_after_w3500_h6819_ox5000_oy0.png
[17:08:02] +76.7s SNAP s05_C2_canvas_before /home/dalibor/Projects/RapidRAW/lean_pano_proto/out/v37/DSCF0566/snapshots/DSCF0566_s05_C2_canvas_before_w3500_h6819_ox5000_oy0.png
[17:08:03] +77.4s snapwin seam=5 canvas=(5073,152) size=10271x6667
[17:08:03] +77.4s SNAP s05_S1_avbv /home/dalibor/Projects/RapidRAW/lean_pano_proto/out/v37/DSCF0566/snapshots/DSCF0566_s05_S1_avbv_w3500_h6667_ox5073_oy152.png
[17:08:04] +78.1s SNAP s05_S2_aw_canvas /home/dalibor/Projects/RapidRAW/lean_pano_proto/out/v37/DSCF0566/snapshots/DSCF0566_s05_S2_aw_canvas_w3500_h6667_ox5073_oy152.png
[17:08:04] +78.8s SNAP s05_S3_bw_incoming /home/dalibor/Projects/RapidRAW/lean_pano_proto/out/v37/DSCF0566/snapshots/DSCF0566_s05_S3_bw_incoming_w3500_h6667_ox5073_oy152.png
[17:08:05] +79.1s field n=0 const=[1.0000 1.0000 1.0000] peak=0.0000 gain=-0.0388 (rejected)
[17:08:05] +79.8s SNAP s05_S4_bw_after_gain /home/dalibor/Projects/RapidRAW/lean_pano_proto/out/v37/DSCF0566/snapshots/DSCF0566_s05_S4_bw_after_gain_w3500_h6667_ox5073_oy152.png
[17:08:06] +80.2s seam grid 187x233 nodes=41758
[17:08:06] +80.5s seam grid 1468x1834 nodes=185763
[17:08:08] +82.6s seam refine nodes=185763
[17:08:08] +82.7s painted
[17:08:08] +82.7s SNAP s05_S5_mask_hard /home/dalibor/Projects/RapidRAW/lean_pano_proto/out/v37/DSCF0566/snapshots/DSCF0566_s05_S5_mask_hard_w3500_h6667_ox5073_oy152.png
[17:08:09] +83.0s SNAP s05_S6_mask_soft /home/dalibor/Projects/RapidRAW/lean_pano_proto/out/v37/DSCF0566/snapshots/DSCF0566_s05_S6_mask_soft_w3500_h6667_ox5073_oy152.png
[17:08:09] +83.0s mask blurred
[17:08:10] +84.0s snapblendrect seam=5 canvas=(7044,340)..(15336,6819)
[17:08:10] +84.1s SNAP s05_S7_mask_soft_rect /home/dalibor/Projects/RapidRAW/lean_pano_proto/out/v37/DSCF0566/snapshots/DSCF0566_s05_S7_mask_soft_rect_w3500_h6667_ox5073_oy152.png
[17:08:11] +85.0s pyramid gauss
[17:08:12] +86.3s pyramid expand
[17:08:13] +87.2s SNAP s05_S8_pyrblend /home/dalibor/Projects/RapidRAW/lean_pano_proto/out/v37/DSCF0566/snapshots/DSCF0566_s05_S8_pyrblend_w3500_h6667_ox5073_oy152.png
[17:08:13] +87.4s blended
[17:08:13] +87.4s seam 5 window=10271x6667 keepA=0.68
[17:08:13] +87.4s warped DSCF0568.RAF nudged
[17:08:14] +88.1s SNAP s05_C_after_photometry /home/dalibor/Projects/RapidRAW/lean_pano_proto/out/v37/DSCF0566/snapshots/DSCF0566_s05_C_after_photometry_w3500_h6819_ox5000_oy0.png
[17:08:14] +88.9s SNAP s05_D_canvas_after /home/dalibor/Projects/RapidRAW/lean_pano_proto/out/v37/DSCF0566/snapshots/DSCF0566_s05_D_canvas_after_w3500_h6819_ox5000_oy0.png
[17:08:16] +90.5s SNAP s06_C2_canvas_before /home/dalibor/Projects/RapidRAW/lean_pano_proto/out/v37/DSCF0566/snapshots/DSCF0566_s06_C2_canvas_before_w3500_h6819_ox5000_oy0.png
[17:08:17] +91.0s snapwin seam=6 canvas=(15969,943) size=8835x5876
[17:08:17] +91.1s SNAP s06_S1_avbv /home/dalibor/Projects/RapidRAW/lean_pano_proto/out/v37/DSCF0566/snapshots/DSCF0566_s06_S1_avbv_w3500_h5876_ox15969_oy943.png
[17:08:17] +91.5s SNAP s06_S2_aw_canvas /home/dalibor/Projects/RapidRAW/lean_pano_proto/out/v37/DSCF0566/snapshots/DSCF0566_s06_S2_aw_canvas_w3500_h5876_ox15969_oy943.png
[17:08:18] +92.1s SNAP s06_S3_bw_incoming /home/dalibor/Projects/RapidRAW/lean_pano_proto/out/v37/DSCF0566/snapshots/DSCF0566_s06_S3_bw_incoming_w3500_h5876_ox15969_oy943.png
[17:08:18] +92.4s field n=0 const=[1.0000 1.0000 1.0000] peak=0.0000 gain=-0.0737 (rejected)
[17:08:19] +93.0s SNAP s06_S4_bw_after_gain /home/dalibor/Projects/RapidRAW/lean_pano_proto/out/v37/DSCF0566/snapshots/DSCF0566_s06_S4_bw_after_gain_w3500_h5876_ox15969_oy943.png
[17:08:19] +93.2s seam grid 165x195 nodes=32165
[17:08:19] +93.5s seam grid 1294x1537 nodes=132103
[17:08:21] +94.9s seam refine nodes=132103
[17:08:21] +95.0s painted
[17:08:21] +95.0s SNAP s06_S5_mask_hard /home/dalibor/Projects/RapidRAW/lean_pano_proto/out/v37/DSCF0566/snapshots/DSCF0566_s06_S5_mask_hard_w3500_h5876_ox15969_oy943.png
[17:08:21] +95.2s SNAP s06_S6_mask_soft /home/dalibor/Projects/RapidRAW/lean_pano_proto/out/v37/DSCF0566/snapshots/DSCF0566_s06_S6_mask_soft_w3500_h5876_ox15969_oy943.png
[17:08:21] +95.2s mask blurred
[17:08:22] +96.0s snapblendrect seam=6 canvas=(15978,966)..(23081,6819)
[17:08:22] +96.1s SNAP s06_S7_mask_soft_rect /home/dalibor/Projects/RapidRAW/lean_pano_proto/out/v37/DSCF0566/snapshots/DSCF0566_s06_S7_mask_soft_rect_w3500_h5876_ox15969_oy943.png
[17:08:23] +97.0s pyramid gauss
[17:08:24] +98.1s pyramid expand
[17:08:24] +98.7s SNAP s06_S8_pyrblend /home/dalibor/Projects/RapidRAW/lean_pano_proto/out/v37/DSCF0566/snapshots/DSCF0566_s06_S8_pyrblend_w3500_h5876_ox15969_oy943.png
[17:08:24] +98.8s blended
[17:08:24] +98.8s seam 6 window=8835x5876 keepA=0.53
[17:08:24] +98.8s warped DSCF0574.RAF nudged
[17:08:25] +98.9s SNAP s06_C_after_photometry /home/dalibor/Projects/RapidRAW/lean_pano_proto/out/v37/DSCF0566/snapshots/DSCF0566_s06_C_after_photometry_w3500_h6819_ox5000_oy0.png
[17:08:25] +99.6s SNAP s06_D_canvas_after /home/dalibor/Projects/RapidRAW/lean_pano_proto/out/v37/DSCF0566/snapshots/DSCF0566_s06_D_canvas_after_w3500_h6819_ox5000_oy0.png
[17:08:27] +101.5s SNAP s07_C2_canvas_before /home/dalibor/Projects/RapidRAW/lean_pano_proto/out/v37/DSCF0566/snapshots/DSCF0566_s07_C2_canvas_before_w3500_h6819_ox5000_oy0.png
[17:08:28] +102.2s snapwin seam=7 canvas=(3015,0) size=10847x6819
[17:08:28] +102.3s SNAP s07_S1_avbv /home/dalibor/Projects/RapidRAW/lean_pano_proto/out/v37/DSCF0566/snapshots/DSCF0566_s07_S1_avbv_w3500_h6819_ox3015_oy0.png
[17:08:29] +103.0s SNAP s07_S2_aw_canvas /home/dalibor/Projects/RapidRAW/lean_pano_proto/out/v37/DSCF0566/snapshots/DSCF0566_s07_S2_aw_canvas_w3500_h6819_ox3015_oy0.png
[17:08:29] +103.7s SNAP s07_S3_bw_incoming /home/dalibor/Projects/RapidRAW/lean_pano_proto/out/v37/DSCF0566/snapshots/DSCF0566_s07_S3_bw_incoming_w3500_h6819_ox3015_oy0.png
[17:08:30] +104.1s field n=0 const=[1.0000 1.0000 1.0000] peak=0.0000 gain=-0.0720 (rejected)
[17:08:30] +104.8s SNAP s07_S4_bw_after_gain /home/dalibor/Projects/RapidRAW/lean_pano_proto/out/v37/DSCF0566/snapshots/DSCF0566_s07_S4_bw_after_gain_w3500_h6819_ox3015_oy0.png
[17:08:31] +105.2s seam grid 194x248 nodes=45689
[17:08:31] +105.7s seam grid 1522x1954 nodes=209950
[17:08:34] +108.0s seam refine nodes=209950
[17:08:34] +108.0s painted
[17:08:34] +108.1s SNAP s07_S5_mask_hard /home/dalibor/Projects/RapidRAW/lean_pano_proto/out/v37/DSCF0566/snapshots/DSCF0566_s07_S5_mask_hard_w3500_h6819_ox3015_oy0.png
[17:08:34] +108.3s SNAP s07_S6_mask_soft /home/dalibor/Projects/RapidRAW/lean_pano_proto/out/v37/DSCF0566/snapshots/DSCF0566_s07_S6_mask_soft_w3500_h6819_ox3015_oy0.png
[17:08:34] +108.3s mask blurred
[17:08:35] +109.4s snapblendrect seam=7 canvas=(5082,161)..(13854,6819)
[17:08:35] +109.5s SNAP s07_S7_mask_soft_rect /home/dalibor/Projects/RapidRAW/lean_pano_proto/out/v37/DSCF0566/snapshots/DSCF0566_s07_S7_mask_soft_rect_w3500_h6819_ox3015_oy0.png
[17:08:36] +110.6s pyramid gauss
[17:08:38] +111.9s pyramid expand
[17:08:38] +112.9s SNAP s07_S8_pyrblend /home/dalibor/Projects/RapidRAW/lean_pano_proto/out/v37/DSCF0566/snapshots/DSCF0566_s07_S8_pyrblend_w3500_h6819_ox3015_oy0.png
[17:08:39] +113.0s blended
[17:08:39] +113.0s seam 7 window=10847x6819 keepA=0.73
[17:08:39] +113.0s warped DSCF0567.RAF nudged
[17:08:40] +113.9s SNAP s07_C_after_photometry /home/dalibor/Projects/RapidRAW/lean_pano_proto/out/v37/DSCF0566/snapshots/DSCF0566_s07_C_after_photometry_w3500_h6819_ox5000_oy0.png
[17:08:40] +114.7s SNAP s07_D_canvas_after /home/dalibor/Projects/RapidRAW/lean_pano_proto/out/v37/DSCF0566/snapshots/DSCF0566_s07_D_canvas_after_w3500_h6819_ox5000_oy0.png
[17:08:42] +116.6s SNAP s08_C2_canvas_before /home/dalibor/Projects/RapidRAW/lean_pano_proto/out/v37/DSCF0566/snapshots/DSCF0566_s08_C2_canvas_before_w3500_h6819_ox5000_oy0.png
[17:08:43] +117.1s snapwin seam=8 canvas=(17443,946) size=8377x5873
[17:08:43] +117.1s SNAP s08_S1_avbv /home/dalibor/Projects/RapidRAW/lean_pano_proto/out/v37/DSCF0566/snapshots/DSCF0566_s08_S1_avbv_w3377_h5873_ox17443_oy946.png
[17:08:43] +117.6s SNAP s08_S2_aw_canvas /home/dalibor/Projects/RapidRAW/lean_pano_proto/out/v37/DSCF0566/snapshots/DSCF0566_s08_S2_aw_canvas_w3377_h5873_ox17443_oy946.png
[17:08:44] +118.2s SNAP s08_S3_bw_incoming /home/dalibor/Projects/RapidRAW/lean_pano_proto/out/v37/DSCF0566/snapshots/DSCF0566_s08_S3_bw_incoming_w3377_h5873_ox17443_oy946.png
[17:08:44] +118.4s field n=0 const=[1.0000 1.0000 1.0000] peak=0.0000 gain=-0.0920 (rejected)
[17:08:45] +119.0s SNAP s08_S4_bw_after_gain /home/dalibor/Projects/RapidRAW/lean_pano_proto/out/v37/DSCF0566/snapshots/DSCF0566_s08_S4_bw_after_gain_w3377_h5873_ox17443_oy946.png
[17:08:45] +119.3s seam grid 168x203 nodes=33978
[17:08:45] +119.6s seam grid 1320x1597 nodes=149422
[17:08:47] +121.3s seam refine nodes=149422
[17:08:47] +121.3s painted
[17:08:47] +121.3s SNAP s08_S5_mask_hard /home/dalibor/Projects/RapidRAW/lean_pano_proto/out/v37/DSCF0566/snapshots/DSCF0566_s08_S5_mask_hard_w3377_h5873_ox17443_oy946.png
[17:08:47] +121.5s SNAP s08_S6_mask_soft /home/dalibor/Projects/RapidRAW/lean_pano_proto/out/v37/DSCF0566/snapshots/DSCF0566_s08_S6_mask_soft_w3377_h5873_ox17443_oy946.png
[17:08:47] +121.5s mask blurred
[17:08:48] +122.3s snapblendrect seam=8 canvas=(17452,983)..(24796,6819)
[17:08:48] +122.4s SNAP s08_S7_mask_soft_rect /home/dalibor/Projects/RapidRAW/lean_pano_proto/out/v37/DSCF0566/snapshots/DSCF0566_s08_S7_mask_soft_rect_w3377_h5873_ox17443_oy946.png
[17:08:49] +123.2s pyramid gauss
[17:08:50] +124.2s pyramid expand
[17:08:50] +124.8s SNAP s08_S8_pyrblend /home/dalibor/Projects/RapidRAW/lean_pano_proto/out/v37/DSCF0566/snapshots/DSCF0566_s08_S8_pyrblend_w3377_h5873_ox17443_oy946.png
[17:08:51] +124.9s blended
[17:08:51] +124.9s seam 8 window=8377x5873 keepA=0.50
[17:08:51] +124.9s warped DSCF0575.RAF nudged
[17:08:51] +125.0s SNAP s08_C_after_photometry /home/dalibor/Projects/RapidRAW/lean_pano_proto/out/v37/DSCF0566/snapshots/DSCF0566_s08_C_after_photometry_w3500_h6819_ox5000_oy0.png
[17:08:51] +125.8s SNAP s08_D_canvas_after /home/dalibor/Projects/RapidRAW/lean_pano_proto/out/v37/DSCF0566/snapshots/DSCF0566_s08_D_canvas_after_w3500_h6819_ox5000_oy0.png
[17:08:54] +128.2s SNAP s09_C2_canvas_before /home/dalibor/Projects/RapidRAW/lean_pano_proto/out/v37/DSCF0566/snapshots/DSCF0566_s09_C2_canvas_before_w3500_h6819_ox5000_oy0.png
[17:08:55] +129.0s snapwin seam=9 canvas=(0,0) size=11491x6819
[17:08:55] +129.1s SNAP s09_S1_avbv /home/dalibor/Projects/RapidRAW/lean_pano_proto/out/v37/DSCF0566/snapshots/DSCF0566_s09_S1_avbv_w3500_h6819_ox0_oy0.png
[17:08:55] +129.8s SNAP s09_S2_aw_canvas /home/dalibor/Projects/RapidRAW/lean_pano_proto/out/v37/DSCF0566/snapshots/DSCF0566_s09_S2_aw_canvas_w3500_h6819_ox0_oy0.png
[17:08:56] +130.6s SNAP s09_S3_bw_incoming /home/dalibor/Projects/RapidRAW/lean_pano_proto/out/v37/DSCF0566/snapshots/DSCF0566_s09_S3_bw_incoming_w3500_h6819_ox0_oy0.png
[17:08:57] +130.9s field n=0 const=[1.0000 1.0000 1.0000] peak=0.0000 gain=-0.0886 (rejected)
[17:08:57] +131.7s SNAP s09_S4_bw_after_gain /home/dalibor/Projects/RapidRAW/lean_pano_proto/out/v37/DSCF0566/snapshots/DSCF0566_s09_S4_bw_after_gain_w3500_h6819_ox0_oy0.png
[17:08:58] +132.1s seam grid 200x238 nodes=45974
[17:08:58] +132.5s seam grid 1572x1876 nodes=197745
[17:09:00] +134.9s seam refine nodes=197745
[17:09:01] +134.9s painted
[17:09:01] +135.0s SNAP s09_S5_mask_hard /home/dalibor/Projects/RapidRAW/lean_pano_proto/out/v37/DSCF0566/snapshots/DSCF0566_s09_S5_mask_hard_w3500_h6819_ox0_oy0.png
[17:09:01] +135.2s SNAP s09_S6_mask_soft /home/dalibor/Projects/RapidRAW/lean_pano_proto/out/v37/DSCF0566/snapshots/DSCF0566_s09_S6_mask_soft_w3500_h6819_ox0_oy0.png
[17:09:01] +135.2s mask blurred
[17:09:02] +136.4s snapblendrect seam=9 canvas=(3024,0)..(11484,6819)
[17:09:02] +136.4s SNAP s09_S7_mask_soft_rect /home/dalibor/Projects/RapidRAW/lean_pano_proto/out/v37/DSCF0566/snapshots/DSCF0566_s09_S7_mask_soft_rect_w3500_h6819_ox0_oy0.png
[17:09:03] +137.5s pyramid gauss
[17:09:05] +139.0s pyramid expand
[17:09:06] +140.0s SNAP s09_S8_pyrblend /home/dalibor/Projects/RapidRAW/lean_pano_proto/out/v37/DSCF0566/snapshots/DSCF0566_s09_S8_pyrblend_w3500_h6819_ox0_oy0.png
[17:09:06] +140.2s blended
[17:09:06] +140.2s seam 9 window=11491x6819 keepA=0.59
[17:09:06] +140.2s warped DSCF0566.RAF nudged
[17:09:07] +141.1s SNAP s09_C_after_photometry /home/dalibor/Projects/RapidRAW/lean_pano_proto/out/v37/DSCF0566/snapshots/DSCF0566_s09_C_after_photometry_w3500_h6819_ox5000_oy0.png
[17:09:07] +141.9s SNAP s09_D_canvas_after /home/dalibor/Projects/RapidRAW/lean_pano_proto/out/v37/DSCF0566/snapshots/DSCF0566_s09_D_canvas_after_w3500_h6819_ox5000_oy0.png
[17:09:07] +141.9s refined shifts seams=0 mean_abs_shift=0.000px max_abs_shift=0.000px
[17:09:07] +141.9s exposure gains applied 8
[17:09:08] +142.3s save encode 25414x4991
[17:09:17] +151.7s seam dump /home/dalibor/Projects/RapidRAW/lean_pano_proto/out/v37/DSCF0566/seams.txt
[17:09:17] +151.7s blend_stage extract=0.00s
[17:09:17] +151.7s blend_stage graphcut=20.62s
[17:09:17] +151.7s blend_stage mask_blur=1.26s
[17:09:17] +151.7s blend_stage pyr_blend=18.77s
[17:09:17] +151.7s boundary_step final: n=10829 median_step=3.41% p90=43.19%
[17:09:17] +151.7s blinds_flat  final: n=14308 median_step=1.66% p90=24.65%
[17:09:17] +151.7s woodline    final: n=9654 median_step=9.31% p90=62.51%
[17:09:17] +151.7s ghost_band   final: mean=0.647 keepA=0.59 cut_px=111586 swallowed=0
[17:09:17] +151.7s sharpness_lapvar final: 9.805059945180645
[17:09:17] +151.7s pano_mean_lum 0.05251928629343354 shadow_median 0.036235637962818146 canvas 25414x4991 levels=6 window_px=512
[17:09:17] +151.7s time  final blend=86.14s encode_tiff=1.20s metrics=6.89s photometry=4.13s step_metrics=0.10s warp=4.70s
[17:09:17] +151.7s time  total=151.68s
[17:09:17] +151.7s saved /home/dalibor/Projects/RapidRAW/lean_pano_proto/out/v37/DSCF0566/DSCF0566_Pano.tiff
