[20:57:17] +0.0s log /home/dalibor/Projects/RapidRAW/lean_pano_proto/out/v40/IMGP9237/IMGP9237_Pano.pano.log
[20:57:17] +0.0s merge started files=22
[20:57:18] +0.6s jpeg IMGP9237.DNG native 4000x6016 declared 4000x6016
[20:57:18] +0.9s jpeg IMGP9238.DNG native 4000x6016 declared 4000x6016
[20:57:19] +1.3s jpeg IMGP9239.DNG native 4000x6016 declared 4000x6016
[20:57:19] +1.7s jpeg IMGP9240.DNG native 4000x6016 declared 4000x6016
[20:57:20] +2.2s jpeg IMGP9241.DNG native 4000x6016 declared 4000x6016
[20:57:20] +2.6s jpeg IMGP9242.DNG native 4000x6016 declared 4000x6016
[20:57:20] +2.9s jpeg IMGP9243.DNG native 4000x6016 declared 4000x6016
[20:57:21] +3.3s jpeg IMGP9244.DNG native 4000x6016 declared 4000x6016
[20:57:21] +3.7s jpeg IMGP9245.DNG native 4000x6016 declared 4000x6016
[20:57:21] +4.1s jpeg IMGP9246.DNG native 4000x6016 declared 4000x6016
[20:57:22] +4.5s jpeg IMGP9247.DNG native 4000x6016 declared 4000x6016
[20:57:22] +4.8s jpeg IMGP9248.DNG native 4000x6016 declared 4000x6016
[20:57:23] +5.2s jpeg IMGP9249.DNG native 4000x6016 declared 4000x6016
[20:57:23] +5.6s jpeg IMGP9250.DNG native 4000x6016 declared 4000x6016
[20:57:23] +6.0s jpeg IMGP9251.DNG native 4000x6016 declared 4000x6016
[20:57:24] +6.3s jpeg IMGP9252.DNG native 4000x6016 declared 4000x6016
[20:57:24] +6.7s jpeg IMGP9253.DNG native 4000x6016 declared 4000x6016
[20:57:24] +7.1s jpeg IMGP9254.DNG native 4000x6016 declared 4000x6016
[20:57:25] +7.5s jpeg IMGP9255.DNG native 4000x6016 declared 4000x6016
[20:57:25] +7.8s jpeg IMGP9256.DNG native 4000x6016 declared 4000x6016
[20:57:26] +8.2s jpeg IMGP9257.DNG native 4000x6016 declared 4000x6016
[20:57:26] +8.6s jpeg IMGP9258.DNG native 4000x6016 declared 4000x6016
[20:57:30] +13.0s points IMGP9237.DNG 8232
[20:57:30] +13.0s points IMGP9238.DNG 7565
[20:57:30] +13.0s points IMGP9239.DNG 8740
[20:57:30] +13.0s points IMGP9240.DNG 8737
[20:57:30] +13.0s points IMGP9241.DNG 9119
[20:57:30] +13.0s points IMGP9242.DNG 9449
[20:57:30] +13.0s points IMGP9243.DNG 9148
[20:57:30] +13.0s points IMGP9244.DNG 10182
[20:57:30] +13.0s points IMGP9245.DNG 10459
[20:57:30] +13.0s points IMGP9246.DNG 10835
[20:57:30] +13.0s points IMGP9247.DNG 10630
[20:57:30] +13.0s points IMGP9248.DNG 11840
[20:57:30] +13.0s points IMGP9249.DNG 9390
[20:57:30] +13.0s points IMGP9250.DNG 10483
[20:57:30] +13.0s points IMGP9251.DNG 9844
[20:57:30] +13.0s points IMGP9252.DNG 9530
[20:57:30] +13.0s points IMGP9253.DNG 9267
[20:57:30] +13.0s points IMGP9254.DNG 7496
[20:57:30] +13.0s points IMGP9255.DNG 8237
[20:57:30] +13.0s points IMGP9256.DNG 9835
[20:57:30] +13.0s points IMGP9257.DNG 7771
[20:57:30] +13.0s points IMGP9258.DNG 7952
[20:57:30] +13.0s matching 41 neighbor pairs
[20:57:37] +19.5s match IMGP9237.DNG<->IMGP9238.DNG: 2185 good
[20:57:37] +19.5s match IMGP9237.DNG<->IMGP9239.DNG: 990 good
[20:57:37] +19.5s match IMGP9238.DNG<->IMGP9239.DNG: 2221 good
[20:57:37] +19.5s match IMGP9238.DNG<->IMGP9240.DNG: 670 good
[20:57:37] +19.5s match IMGP9239.DNG<->IMGP9240.DNG: 2411 good
[20:57:37] +19.5s match IMGP9239.DNG<->IMGP9241.DNG: 1013 good
[20:57:37] +19.5s match IMGP9240.DNG<->IMGP9241.DNG: 2255 good
[20:57:37] +19.5s match IMGP9240.DNG<->IMGP9242.DNG: 1205 good
[20:57:37] +19.5s match IMGP9241.DNG<->IMGP9242.DNG: 2022 good
[20:57:37] +19.5s match IMGP9241.DNG<->IMGP9243.DNG: 710 good
[20:57:37] +19.5s match IMGP9242.DNG<->IMGP9243.DNG: 2300 good
[20:57:37] +19.5s match IMGP9242.DNG<->IMGP9244.DNG: 864 good
[20:57:37] +19.5s match IMGP9243.DNG<->IMGP9244.DNG: 2521 good
[20:57:37] +19.5s match IMGP9243.DNG<->IMGP9245.DNG: 1306 good
[20:57:37] +19.5s match IMGP9244.DNG<->IMGP9245.DNG: 2977 good
[20:57:37] +19.5s match IMGP9244.DNG<->IMGP9246.DNG: 1361 good
[20:57:37] +19.5s match IMGP9245.DNG<->IMGP9246.DNG: 3041 good
[20:57:37] +19.5s match IMGP9245.DNG<->IMGP9247.DNG: 1138 good
[20:57:37] +19.5s match IMGP9246.DNG<->IMGP9247.DNG: 2783 good
[20:57:37] +19.5s match IMGP9246.DNG<->IMGP9248.DNG: 1507 good
[20:57:37] +19.5s match IMGP9247.DNG<->IMGP9248.DNG: 4117 good
[20:57:37] +19.5s match IMGP9247.DNG<->IMGP9249.DNG: 1349 good
[20:57:37] +19.5s match IMGP9248.DNG<->IMGP9249.DNG: 3067 good
[20:57:37] +19.5s match IMGP9248.DNG<->IMGP9250.DNG: 1587 good
[20:57:37] +19.5s match IMGP9249.DNG<->IMGP9250.DNG: 3283 good
[20:57:37] +19.5s match IMGP9249.DNG<->IMGP9251.DNG: 1441 good
[20:57:37] +19.5s match IMGP9250.DNG<->IMGP9251.DNG: 3035 good
[20:57:37] +19.5s match IMGP9250.DNG<->IMGP9252.DNG: 1169 good
[20:57:37] +19.5s match IMGP9251.DNG<->IMGP9252.DNG: 2655 good
[20:57:37] +19.5s match IMGP9251.DNG<->IMGP9253.DNG: 995 good
[20:57:37] +19.5s match IMGP9252.DNG<->IMGP9253.DNG: 2629 good
[20:57:37] +19.5s match IMGP9252.DNG<->IMGP9254.DNG: 123 good
[20:57:37] +19.5s match IMGP9253.DNG<->IMGP9254.DNG: 1714 good
[20:57:37] +19.5s match IMGP9253.DNG<->IMGP9255.DNG: 301 good
[20:57:37] +19.5s match IMGP9254.DNG<->IMGP9255.DNG: 1940 good
[20:57:37] +19.5s match IMGP9254.DNG<->IMGP9256.DNG: 801 good
[20:57:37] +19.5s match IMGP9255.DNG<->IMGP9256.DNG: 2727 good
[20:57:37] +19.5s match IMGP9255.DNG<->IMGP9257.DNG: 530 good
[20:57:37] +19.5s match IMGP9256.DNG<->IMGP9257.DNG: 1529 good
[20:57:37] +19.5s match IMGP9256.DNG<->IMGP9258.DNG: 948 good
[20:57:37] +19.5s match IMGP9257.DNG<->IMGP9258.DNG: 1781 good
[20:57:37] +20.1s aligned kept=22 focal35=150.0 jpeg=4000x6016 points=4000x6016
[20:57:37] +20.1s lens crop=1.000 focal35=150.0 calib=1.000
[20:57:42] +24.2s sky target 0.0054
[20:57:42] +24.2s sky scale IMGP9237.DNG 0.590 median 0.0092
[20:57:42] +24.2s sky scale IMGP9238.DNG 1.334 median 0.0041
[20:57:42] +24.2s sky scale IMGP9239.DNG 1.112 median 0.0049
[20:57:42] +24.2s sky scale IMGP9240.DNG 1.000 median 0.0054
[20:57:42] +24.2s sky scale IMGP9241.DNG 0.773 median 0.0070
[20:57:42] +24.2s sky scale IMGP9242.DNG 0.907 median 0.0060
[20:57:42] +24.2s sky scale IMGP9243.DNG 0.984 median 0.0055
[20:57:42] +24.2s sky scale IMGP9244.DNG 0.988 median 0.0055
[20:57:42] +24.2s sky scale IMGP9245.DNG 1.025 median 0.0053
[20:57:42] +24.2s sky scale IMGP9246.DNG 1.068 median 0.0051
[20:57:42] +24.2s sky scale IMGP9247.DNG 1.565 median 0.0035
[20:57:42] +24.2s sky scale IMGP9248.DNG 1.334 median 0.0041
[20:57:42] +24.2s sky scale IMGP9249.DNG 1.456 median 0.0037
[20:57:42] +24.2s sky scale IMGP9250.DNG 1.315 median 0.0041
[20:57:42] +24.2s sky scale IMGP9251.DNG 1.150 median 0.0047
[20:57:42] +24.2s sky scale IMGP9252.DNG 1.355 median 0.0040
[20:57:42] +24.2s sky scale IMGP9253.DNG 1.175 median 0.0046
[20:57:42] +24.2s sky scale IMGP9254.DNG 0.937 median 0.0058
[20:57:42] +24.2s sky scale IMGP9255.DNG 0.803 median 0.0068
[20:57:42] +24.2s sky scale IMGP9256.DNG 0.476 median 0.0114
[20:57:42] +24.2s sky scale IMGP9257.DNG 0.354 median 0.0153
[20:57:42] +24.2s sky scale IMGP9258.DNG 0.316 median 0.0172
[20:57:42] +24.2s Matching brightness...
[20:57:42] +24.2s canvas cylindrical 11122x2093
[20:57:42] +24.4s warp IMGP9243.DNG: bbox=(7178,59,8470,1996) 1292x1937
[20:57:42] +24.4s warp IMGP9253.DNG: bbox=(2637,54,3946,1997) 1309x1943
[20:57:42] +24.4s warp IMGP9255.DNG: bbox=(1454,123,2750,2060) 1296x1937
[20:57:42] +24.4s warp IMGP9237.DNG: bbox=(9834,156,11122,2093) 1288x1937
[20:57:42] +24.4s warp IMGP9251.DNG: bbox=(3645,111,4943,2048) 1298x1937
[20:57:42] +24.4s warp IMGP9241.DNG: bbox=(8135,124,9427,2061) 1292x1937
[20:57:42] +24.4s warp IMGP9238.DNG: bbox=(9403,135,10695,2072) 1292x1937
[20:57:42] +24.4s warp IMGP9256.DNG: bbox=(950,134,2256,2076) 1306x1942
[20:57:42] +24.4s warp IMGP9252.DNG: bbox=(3202,125,4494,2062) 1292x1937
[20:57:42] +24.4s warp IMGP9257.DNG: bbox=(415,155,1713,2093) 1298x1938
[20:57:42] +24.4s warp IMGP9245.DNG: bbox=(6284,54,7582,1992) 1298x1938
[20:57:42] +24.4s warp IMGP9244.DNG: bbox=(6708,18,8001,1955) 1293x1937
[20:57:42] +24.4s warp IMGP9240.DNG: bbox=(8484,108,9778,2045) 1294x1937
[20:57:42] +24.4s warp IMGP9246.DNG: bbox=(5857,0,7159,1931) 1302x1931
[20:57:42] +24.4s warp IMGP9242.DNG: bbox=(7644,83,8943,2021) 1299x1938
[20:57:42] +24.4s warp IMGP9247.DNG: bbox=(5323,10,6634,1954) 1311x1944
[20:57:42] +24.4s warp IMGP9250.DNG: bbox=(4050,155,5364,2093) 1314x1938
[20:57:42] +24.4s warp IMGP9239.DNG: bbox=(8887,80,10181,2017) 1294x1937
[20:57:42] +24.4s warp IMGP9249.DNG: bbox=(4453,40,5766,1985) 1313x1945
[20:57:42] +24.4s warp IMGP9248.DNG: bbox=(4963,21,6273,1964) 1310x1943
[20:57:42] +24.4s warp IMGP9258.DNG: bbox=(0,151,1299,2093) 1299x1942
[20:57:42] +24.4s warp IMGP9254.DNG: bbox=(1951,102,3249,2040) 1298x1938
[20:57:42] +25.0s brightness gains=22 corner=0.711
[20:57:42] +25.0s Blending photos...
[20:57:43] +25.5s blend 1: window=2334x2093 tiles=1085
[20:57:43] +25.8s local copied sparse
[20:57:43] +25.8s seam grid 64x35 nodes=2158
[20:57:43] +25.8s seam grid 495x250 nodes=29003
[20:57:43] +25.9s seam refine nodes=29003
[20:57:43] +25.9s painted
[20:57:43] +25.9s mask blurred
[20:57:43] +26.0s pyramid gauss
[20:57:44] +26.1s pyramid expand
[20:57:44] +26.1s pasted
[20:57:44] +26.1s blended 1 keepA=0.49
[20:57:44] +26.1s blend 2: window=2326x2093 tiles=1085
[20:57:44] +26.2s local copied sparse
[20:57:44] +26.2s seam grid 64x29 nodes=1798
[20:57:44] +26.2s seam grid 490x207 nodes=23641
[20:57:44] +26.2s seam refine nodes=23641
[20:57:44] +26.2s painted
[20:57:44] +26.3s mask blurred
[20:57:44] +26.3s pyramid gauss
[20:57:44] +26.4s pyramid expand
[20:57:44] +26.4s pasted
[20:57:44] +26.4s blended 2 keepA=0.50
[20:57:44] +26.4s blend 3: window=2337x2093 tiles=1085
[20:57:44] +26.4s local copied sparse
[20:57:44] +26.4s seam grid 65x30 nodes=1895
[20:57:44] +26.4s seam grid 493x214 nodes=28358
[20:57:44] +26.5s seam refine nodes=28358
[20:57:44] +26.5s painted
[20:57:44] +26.5s mask blurred
[20:57:44] +26.6s pyramid gauss
[20:57:44] +26.6s pyramid expand
[20:57:44] +26.6s pasted
[20:57:44] +26.6s blended 3 keepA=0.50
[20:57:44] +26.6s blend 4: window=2322x2093 tiles=1085
[20:57:44] +26.7s local copied sparse
[20:57:44] +26.7s seam grid 64x31 nodes=1978
[20:57:44] +26.7s seam grid 488x232 nodes=29741
[20:57:44] +26.8s seam refine nodes=29741
[20:57:44] +26.8s painted
[20:57:44] +26.8s mask blurred
[20:57:44] +26.9s pyramid gauss
[20:57:44] +26.9s pyramid expand
[20:57:44] +26.9s pasted
[20:57:44] +26.9s blended 4 keepA=0.41
[20:57:44] +26.9s blend 5: window=2317x2093 tiles=1085
[20:57:44] +26.9s local copied sparse
[20:57:44] +27.0s seam grid 65x32 nodes=2044
[20:57:44] +27.0s seam grid 496x231 nodes=28873
[20:57:44] +27.0s seam refine nodes=28873
[20:57:44] +27.0s painted
[20:57:44] +27.0s mask blurred
[20:57:44] +27.1s pyramid gauss
[20:57:45] +27.2s pyramid expand
[20:57:45] +27.2s pasted
[20:57:45] +27.2s blended 5 keepA=0.52
[20:57:45] +27.2s blend 6: window=2338x2093 tiles=1085
[20:57:45] +27.3s local copied sparse
[20:57:45] +27.3s seam grid 62x33 nodes=2040
[20:57:45] +27.3s seam grid 469x241 nodes=28122
[20:57:45] +27.4s seam refine nodes=28122
[20:57:45] +27.4s painted
[20:57:45] +27.4s mask blurred
[20:57:45] +27.5s pyramid gauss
[20:57:45] +27.6s pyramid expand
[20:57:45] +27.6s pasted
[20:57:45] +27.6s blended 6 keepA=0.41
[20:57:45] +27.6s blend 7: window=2322x2093 tiles=1085
[20:57:45] +27.6s local copied sparse
[20:57:45] +27.6s seam grid 65x33 nodes=2127
[20:57:45] +27.6s seam grid 497x236 nodes=25656
[20:57:45] +27.7s seam refine nodes=25656
[20:57:45] +27.7s painted
[20:57:45] +27.7s mask blurred
[20:57:45] +27.8s pyramid gauss
[20:57:45] +27.8s pyramid expand
[20:57:45] +27.8s pasted
[20:57:45] +27.8s blended 7 keepA=0.52
[20:57:45] +27.8s blend 8: window=2316x2093 tiles=1085
[20:57:45] +27.8s local copied sparse
[20:57:45] +27.9s seam grid 65x31 nodes=1951
[20:57:45] +27.9s seam grid 496x219 nodes=23428
[20:57:45] +27.9s seam refine nodes=23428
[20:57:45] +27.9s painted
[20:57:45] +27.9s mask blurred
[20:57:45] +28.0s pyramid gauss
[20:57:45] +28.0s pyramid expand
[20:57:45] +28.0s pasted
[20:57:45] +28.0s blended 8 keepA=0.50
[20:57:45] +28.0s blend 9: window=2316x2093 tiles=1085
[20:57:45] +28.1s local copied sparse
[20:57:45] +28.1s seam grid 64x31 nodes=1908
[20:57:45] +28.1s seam grid 497x225 nodes=27346
[20:57:46] +28.1s seam refine nodes=27346
[20:57:46] +28.1s painted
[20:57:46] +28.1s mask blurred
[20:57:46] +28.2s pyramid gauss
[20:57:46] +28.3s pyramid expand
[20:57:46] +28.4s pasted
[20:57:46] +28.4s blended 9 keepA=0.51
[20:57:46] +28.4s blend 10: window=2323x2093 tiles=1085
[20:57:46] +28.4s local copied sparse
[20:57:46] +28.4s seam grid 64x31 nodes=1926
[20:57:46] +28.4s seam grid 491x219 nodes=27271
[20:57:46] +28.5s seam refine nodes=27271
[20:57:46] +28.5s painted
[20:57:46] +28.5s mask blurred
[20:57:46] +28.6s pyramid gauss
[20:57:46] +28.7s pyramid expand
[20:57:46] +28.7s pasted
[20:57:46] +28.7s blended 10 keepA=0.50
[20:57:46] +28.7s blend 11: window=2333x2093 tiles=1085
[20:57:46] +28.7s local copied sparse
[20:57:46] +28.7s seam grid 64x28 nodes=1788
[20:57:46] +28.7s seam grid 484x199 nodes=24128
[20:57:46] +28.8s seam refine nodes=24128
[20:57:46] +28.8s painted
[20:57:46] +28.8s mask blurred
[20:57:46] +28.9s pyramid gauss
[20:57:46] +28.9s pyramid expand
[20:57:46] +28.9s pasted
[20:57:46] +28.9s blended 11 keepA=0.49
[20:57:46] +28.9s blend 12: window=2316x2093 tiles=1085
[20:57:46] +29.0s local copied sparse
[20:57:46] +29.0s seam grid 64x30 nodes=1916
[20:57:46] +29.0s seam grid 487x215 nodes=27179
[20:57:46] +29.0s seam refine nodes=27179
[20:57:46] +29.0s painted
[20:57:46] +29.0s mask blurred
[20:57:46] +29.1s pyramid gauss
[20:57:47] +29.2s pyramid expand
[20:57:47] +29.2s pasted
[20:57:47] +29.2s blended 12 keepA=0.50
[20:57:47] +29.2s blend 13: window=2318x2093 tiles=1085
[20:57:47] +29.2s local copied sparse
[20:57:47] +29.2s seam grid 65x34 nodes=2141
[20:57:47] +29.2s seam grid 497x249 nodes=31180
[20:57:47] +29.3s seam refine nodes=31180
[20:57:47] +29.3s painted
[20:57:47] +29.3s mask blurred
[20:57:47] +29.4s pyramid gauss
[20:57:47] +29.5s pyramid expand
[20:57:47] +29.5s pasted
[20:57:47] +29.5s blended 13 keepA=0.51
[20:57:47] +29.5s blend 14: window=2322x2093 tiles=1085
[20:57:47] +29.5s local copied sparse
[20:57:47] +29.6s seam grid 484x154 nodes=74244
[20:57:47] +29.8s painted
[20:57:47] +29.8s mask blurred
[20:57:47] +29.9s pyramid gauss
[20:57:47] +29.9s pyramid expand
[20:57:47] +29.9s pasted
[20:57:47] +29.9s blended 14 keepA=0.50
[20:57:47] +29.9s blend 15: window=2318x2093 tiles=1085
[20:57:47] +29.9s local copied sparse
[20:57:47] +30.0s seam grid 65x33 nodes=2097
[20:57:47] +30.0s seam grid 496x236 nodes=26528
[20:57:47] +30.0s seam refine nodes=26528
[20:57:47] +30.0s painted
[20:57:47] +30.0s mask blurred
[20:57:47] +30.1s pyramid gauss
[20:57:47] +30.1s pyramid expand
[20:57:48] +30.1s pasted
[20:57:48] +30.1s blended 15 keepA=0.50
[20:57:48] +30.1s blend 16: window=2320x2093 tiles=1085
[20:57:48] +30.2s local copied sparse
[20:57:48] +30.2s seam grid 65x30 nodes=1864
[20:57:48] +30.2s seam grid 492x213 nodes=22560
[20:57:48] +30.2s seam refine nodes=22560
[20:57:48] +30.2s painted
[20:57:48] +30.2s mask blurred
[20:57:48] +30.3s pyramid gauss
[20:57:48] +30.4s pyramid expand
[20:57:48] +30.4s pasted
[20:57:48] +30.4s blended 16 keepA=0.49
[20:57:48] +30.4s blend 17: window=2231x2093 tiles=1023
[20:57:48] +30.4s local copied sparse
[20:57:48] +30.4s seam grid 64x29 nodes=1794
[20:57:48] +30.4s seam grid 494x207 nodes=23807
[20:57:48] +30.5s seam refine nodes=23807
[20:57:48] +30.5s painted
[20:57:48] +30.5s mask blurred
[20:57:48] +30.6s pyramid gauss
[20:57:48] +30.7s pyramid expand
[20:57:48] +30.7s pasted
[20:57:48] +30.7s blended 17 keepA=0.51
[20:57:48] +30.7s blend 18: window=2330x2093 tiles=1085
[20:57:48] +30.8s local copied sparse
[20:57:48] +30.8s seam grid 65x30 nodes=1886
[20:57:48] +30.8s seam grid 494x213 nodes=28484
[20:57:48] +30.9s seam refine nodes=28484
[20:57:48] +30.9s painted
[20:57:48] +30.9s mask blurred
[20:57:48] +30.9s pyramid gauss
[20:57:48] +31.0s pyramid expand
[20:57:48] +31.0s pasted
[20:57:48] +31.0s blended 18 keepA=0.49
[20:57:48] +31.0s blend 19: window=1800x2093 tiles=837
[20:57:48] +31.0s local copied sparse
[20:57:48] +31.0s seam grid 65x32 nodes=1996
[20:57:48] +31.0s seam grid 491x228 nodes=21590
[20:57:48] +31.1s seam refine nodes=21590
[20:57:48] +31.1s painted
[20:57:48] +31.1s mask blurred
[20:57:48] +31.1s pyramid gauss
[20:57:49] +31.2s pyramid expand
[20:57:49] +31.2s pasted
[20:57:49] +31.2s blended 19 keepA=0.49
[20:57:49] +31.2s blend 20: window=2225x2093 tiles=1023
[20:57:49] +31.2s local copied sparse
[20:57:49] +31.2s seam grid 64x29 nodes=1776
[20:57:49] +31.2s seam grid 491x204 nodes=25035
[20:57:49] +31.3s seam refine nodes=25035
[20:57:49] +31.3s painted
[20:57:49] +31.3s mask blurred
[20:57:49] +31.4s pyramid gauss
[20:57:49] +31.4s pyramid expand
[20:57:49] +31.4s pasted
[20:57:49] +31.4s blended 20 keepA=0.50
[20:57:49] +31.4s blend 21: window=1811x2093 tiles=837
[20:57:49] +31.4s local copied sparse
[20:57:49] +31.5s seam grid 65x33 nodes=2061
[20:57:49] +31.5s seam grid 491x234 nodes=30554
[20:57:49] +31.5s seam refine nodes=30554
[20:57:49] +31.5s painted
[20:57:49] +31.5s mask blurred
[20:57:49] +31.6s pyramid gauss
[20:57:49] +31.7s pyramid expand
[20:57:49] +31.7s pasted
[20:57:49] +31.7s blended 21 keepA=0.49
[20:57:49] +31.8s preview canvas cylindrical 11122x2093 shifts=21
[20:57:49] +31.8s time  preview=11.70s (solve+match 20.06s)
[20:57:49] +32.0s preview ready /home/dalibor/Projects/RapidRAW/lean_pano_proto/out/v40/IMGP9237/IMGP9237_preview.jpg
[20:57:49] +32.0s save started
[20:57:49] +32.0s develop jobs=4
[20:57:57] +39.7s developed IMGP9237.DNG 4000x6016 -> 1277x1920
[20:57:57] +39.7s developed IMGP9238.DNG 4000x6016 -> 1277x1920
[20:57:57] +39.7s developed IMGP9239.DNG 4000x6016 -> 1277x1920
[20:57:57] +39.7s developed IMGP9240.DNG 4000x6016 -> 1277x1920
[20:57:57] +39.7s developed IMGP9241.DNG 4000x6016 -> 1277x1920
[20:57:57] +39.7s developed IMGP9242.DNG 4000x6016 -> 1277x1920
[20:57:57] +39.7s developed IMGP9243.DNG 4000x6016 -> 1277x1920
[20:57:57] +39.7s developed IMGP9244.DNG 4000x6016 -> 1277x1920
[20:57:57] +39.7s developed IMGP9245.DNG 4000x6016 -> 1277x1920
[20:57:57] +39.7s developed IMGP9246.DNG 4000x6016 -> 1277x1920
[20:57:57] +39.7s developed IMGP9247.DNG 4000x6016 -> 1277x1920
[20:57:57] +39.7s developed IMGP9248.DNG 4000x6016 -> 1277x1920
[20:57:57] +39.7s developed IMGP9249.DNG 4000x6016 -> 1277x1920
[20:57:57] +39.7s developed IMGP9250.DNG 4000x6016 -> 1277x1920
[20:57:57] +39.7s developed IMGP9251.DNG 4000x6016 -> 1277x1920
[20:57:57] +39.7s developed IMGP9252.DNG 4000x6016 -> 1277x1920
[20:57:57] +39.7s developed IMGP9253.DNG 4000x6016 -> 1277x1920
[20:57:57] +39.7s developed IMGP9254.DNG 4000x6016 -> 1277x1920
[20:57:57] +39.7s developed IMGP9255.DNG 4000x6016 -> 1277x1920
[20:57:57] +39.7s developed IMGP9256.DNG 4000x6016 -> 1277x1920
[20:57:57] +39.7s developed IMGP9257.DNG 4000x6016 -> 1277x1920
[20:57:57] +39.7s developed IMGP9258.DNG 4000x6016 -> 1277x1920
[20:57:57] +39.7s time  develop=7.79s
[20:57:57] +39.8s scale raw=4000x6016 jpeg=4000x6016 x=1.0000 y=1.0000
[20:57:57] +39.8s Matching brightness...
[20:57:57] +39.8s canvas cylindrical 11122x2093
[20:57:57] +39.9s warp IMGP9248.DNG: bbox=(4963,21,6273,1964) 1310x1943
[20:57:57] +39.9s warp IMGP9258.DNG: bbox=(0,151,1299,2093) 1299x1942
[20:57:57] +39.9s warp IMGP9244.DNG: bbox=(6708,18,8001,1955) 1293x1937
[20:57:57] +39.9s warp IMGP9257.DNG: bbox=(415,155,1713,2093) 1298x1938
[20:57:57] +39.9s warp IMGP9252.DNG: bbox=(3202,125,4494,2062) 1292x1937
[20:57:57] +39.9s warp IMGP9238.DNG: bbox=(9403,135,10695,2072) 1292x1937
[20:57:57] +39.9s warp IMGP9250.DNG: bbox=(4050,155,5364,2093) 1314x1938
[20:57:57] +39.9s warp IMGP9249.DNG: bbox=(4453,40,5766,1985) 1313x1945
[20:57:57] +39.9s warp IMGP9247.DNG: bbox=(5323,10,6634,1954) 1311x1944
[20:57:57] +39.9s warp IMGP9237.DNG: bbox=(9834,156,11122,2093) 1288x1937
[20:57:57] +39.9s warp IMGP9253.DNG: bbox=(2637,54,3946,1997) 1309x1943
[20:57:57] +39.9s warp IMGP9256.DNG: bbox=(950,134,2256,2076) 1306x1942
[20:57:57] +39.9s warp IMGP9243.DNG: bbox=(7178,59,8470,1996) 1292x1937
[20:57:57] +39.9s warp IMGP9241.DNG: bbox=(8135,124,9427,2061) 1292x1937
[20:57:57] +39.9s warp IMGP9245.DNG: bbox=(6284,54,7582,1992) 1298x1938
[20:57:57] +39.9s warp IMGP9251.DNG: bbox=(3645,111,4943,2048) 1298x1937
[20:57:57] +39.9s warp IMGP9254.DNG: bbox=(1951,102,3249,2040) 1298x1938
[20:57:57] +39.9s warp IMGP9246.DNG: bbox=(5857,0,7159,1931) 1302x1931
[20:57:57] +40.0s warp IMGP9240.DNG: bbox=(8484,108,9778,2045) 1294x1937
[20:57:57] +40.0s warp IMGP9239.DNG: bbox=(8887,80,10181,2017) 1294x1937
[20:57:57] +40.0s warp IMGP9255.DNG: bbox=(1454,123,2750,2060) 1296x1937
[20:57:57] +40.0s warp IMGP9242.DNG: bbox=(7644,83,8943,2021) 1299x1938
[20:57:58] +40.8s brightness gains=22 corner=1.072
[20:57:58] +40.8s Blending photos...
[20:57:59] +41.3s blend 1: window=2334x2093 tiles=1085
[20:57:59] +41.6s local moved kept=232 field=2.24 disagree 0.2683 -> 0.1140
[20:57:59] +41.6s seam grid 64x35 nodes=2158
[20:57:59] +41.6s seam grid 495x250 nodes=29904
[20:57:59] +41.7s seam refine nodes=29904
[20:57:59] +41.7s painted
[20:57:59] +41.8s mask blurred
[20:57:59] +41.9s pyramid gauss
[20:57:59] +42.0s pyramid expand
[20:57:59] +42.0s pasted
[20:57:59] +42.0s blended 1 keepA=0.35
[20:57:59] +42.0s blend 2: window=2326x2093 tiles=1085
[20:58:00] +42.2s local moved kept=180 field=3.52 disagree 0.3583 -> 0.1734
[20:58:00] +42.2s seam grid 64x29 nodes=1798
[20:58:00] +42.2s seam grid 490x207 nodes=26474
[20:58:00] +42.3s seam refine nodes=26474
[20:58:00] +42.3s painted
[20:58:00] +42.3s mask blurred
[20:58:00] +42.4s pyramid gauss
[20:58:00] +42.4s pyramid expand
[20:58:00] +42.4s pasted
[20:58:00] +42.4s blended 2 keepA=0.53
[20:58:00] +42.4s blend 3: window=2337x2093 tiles=1085
[20:58:00] +42.7s local moved kept=202 field=4.83 disagree 0.3455 -> 0.1548
[20:58:00] +42.7s seam grid 65x30 nodes=1895
[20:58:00] +42.7s seam grid 493x214 nodes=27674
[20:58:00] +42.8s seam refine nodes=27674
[20:58:00] +42.8s painted
[20:58:00] +42.8s mask blurred
[20:58:00] +42.9s pyramid gauss
[20:58:00] +43.0s pyramid expand
[20:58:00] +43.0s pasted
[20:58:00] +43.0s blended 3 keepA=0.50
[20:58:00] +43.0s blend 4: window=2322x2093 tiles=1085
[20:58:01] +43.2s local moved kept=206 field=5.21 disagree 0.3338 -> 0.1521
[20:58:01] +43.2s seam grid 64x31 nodes=1978
[20:58:01] +43.2s seam grid 488x232 nodes=30480
[20:58:01] +43.3s seam refine nodes=30480
[20:58:01] +43.3s painted
[20:58:01] +43.3s mask blurred
[20:58:01] +43.4s pyramid gauss
[20:58:01] +43.4s pyramid expand
[20:58:01] +43.5s pasted
[20:58:01] +43.5s blended 4 keepA=0.46
[20:58:01] +43.5s blend 5: window=2317x2093 tiles=1085
[20:58:01] +43.7s local moved kept=194 field=4.75 disagree 0.3078 -> 0.1504
[20:58:01] +43.7s seam grid 65x32 nodes=2044
[20:58:01] +43.7s seam grid 496x231 nodes=28245
[20:58:01] +43.8s seam refine nodes=28245
[20:58:01] +43.8s painted
[20:58:01] +43.8s mask blurred
[20:58:01] +43.9s pyramid gauss
[20:58:01] +43.9s pyramid expand
[20:58:01] +44.0s pasted
[20:58:01] +44.0s blended 5 keepA=0.52
[20:58:01] +44.0s blend 6: window=2338x2093 tiles=1085
[20:58:02] +44.2s local moved kept=227 field=5.20 disagree 0.3531 -> 0.1471
[20:58:02] +44.2s seam grid 62x33 nodes=2040
[20:58:02] +44.2s seam grid 469x241 nodes=28162
[20:58:02] +44.3s seam refine nodes=28162
[20:58:02] +44.3s painted
[20:58:02] +44.3s mask blurred
[20:58:02] +44.4s pyramid gauss
[20:58:02] +44.5s pyramid expand
[20:58:02] +44.5s pasted
[20:58:02] +44.5s blended 6 keepA=0.42
[20:58:02] +44.5s blend 7: window=2322x2093 tiles=1085
[20:58:02] +44.7s local moved kept=219 field=4.63 disagree 0.2836 -> 0.1299
[20:58:02] +44.7s seam grid 65x33 nodes=2127
[20:58:02] +44.7s seam grid 497x236 nodes=25656
[20:58:02] +44.8s seam refine nodes=25656
[20:58:02] +44.8s painted
[20:58:02] +44.8s mask blurred
[20:58:02] +44.9s pyramid gauss
[20:58:02] +44.9s pyramid expand
[20:58:02] +44.9s pasted
[20:58:02] +44.9s blended 7 keepA=0.52
[20:58:02] +44.9s blend 8: window=2316x2093 tiles=1085
[20:58:03] +45.2s local moved kept=156 field=5.43 disagree 0.3231 -> 0.1857
[20:58:03] +45.2s seam grid 65x31 nodes=1951
[20:58:03] +45.2s seam grid 496x219 nodes=24149
[20:58:03] +45.2s seam refine nodes=24149
[20:58:03] +45.2s painted
[20:58:03] +45.2s mask blurred
[20:58:03] +45.3s pyramid gauss
[20:58:03] +45.4s pyramid expand
[20:58:03] +45.4s pasted
[20:58:03] +45.4s blended 8 keepA=0.51
[20:58:03] +45.4s blend 9: window=2316x2093 tiles=1085
[20:58:03] +45.6s local moved kept=212 field=5.23 disagree 0.2745 -> 0.1247
[20:58:03] +45.6s seam grid 64x31 nodes=1908
[20:58:03] +45.6s seam grid 497x225 nodes=28184
[20:58:03] +45.7s seam refine nodes=28184
[20:58:03] +45.7s painted
[20:58:03] +45.7s mask blurred
[20:58:03] +45.7s pyramid gauss
[20:58:03] +45.8s pyramid expand
[20:58:03] +45.8s pasted
[20:58:03] +45.8s blended 9 keepA=0.51
[20:58:03] +45.8s blend 10: window=2323x2093 tiles=1085
[20:58:03] +46.1s local moved kept=161 field=5.28 disagree 0.3111 -> 0.1711
[20:58:03] +46.1s seam grid 64x31 nodes=1926
[20:58:03] +46.1s seam grid 491x219 nodes=26887
[20:58:04] +46.2s seam refine nodes=26887
[20:58:04] +46.2s painted
[20:58:04] +46.2s mask blurred
[20:58:04] +46.3s pyramid gauss
[20:58:04] +46.3s pyramid expand
[20:58:04] +46.4s pasted
[20:58:04] +46.4s blended 10 keepA=0.50
[20:58:04] +46.4s blend 11: window=2333x2093 tiles=1085
[20:58:04] +46.6s local moved kept=171 field=5.47 disagree 0.3346 -> 0.1561
[20:58:04] +46.6s seam grid 64x28 nodes=1788
[20:58:04] +46.6s seam grid 484x199 nodes=25872
[20:58:04] +46.7s seam refine nodes=25872
[20:58:04] +46.7s painted
[20:58:04] +46.7s mask blurred
[20:58:04] +46.7s pyramid gauss
[20:58:04] +46.8s pyramid expand
[20:58:04] +46.8s pasted
[20:58:04] +46.8s blended 11 keepA=0.50
[20:58:04] +46.8s blend 12: window=2316x2093 tiles=1085
[20:58:04] +47.0s local moved kept=174 field=5.30 disagree 0.3236 -> 0.1734
[20:58:04] +47.0s seam grid 64x30 nodes=1916
[20:58:04] +47.1s seam grid 487x215 nodes=25686
[20:58:04] +47.1s seam refine nodes=25686
[20:58:04] +47.1s painted
[20:58:04] +47.1s mask blurred
[20:58:05] +47.2s pyramid gauss
[20:58:05] +47.2s pyramid expand
[20:58:05] +47.2s pasted
[20:58:05] +47.2s blended 12 keepA=0.50
[20:58:05] +47.2s blend 13: window=2318x2093 tiles=1085
[20:58:05] +47.5s local moved kept=207 field=5.29 disagree 0.3038 -> 0.1623
[20:58:05] +47.5s seam grid 65x34 nodes=2141
[20:58:05] +47.5s seam grid 497x249 nodes=30782
[20:58:05] +47.6s seam refine nodes=30782
[20:58:05] +47.6s painted
[20:58:05] +47.6s mask blurred
[20:58:05] +47.7s pyramid gauss
[20:58:05] +47.8s pyramid expand
[20:58:05] +47.8s pasted
[20:58:05] +47.8s blended 13 keepA=0.51
[20:58:05] +47.8s blend 14: window=2322x2093 tiles=1085
[20:58:05] +48.0s local moved kept=118 field=5.21 disagree 0.2741 -> 0.1399
[20:58:05] +48.0s seam grid 484x154 nodes=74244
[20:58:06] +48.3s painted
[20:58:06] +48.3s mask blurred
[20:58:06] +48.3s pyramid gauss
[20:58:06] +48.4s pyramid expand
[20:58:06] +48.4s pasted
[20:58:06] +48.4s blended 14 keepA=0.50
[20:58:06] +48.4s blend 15: window=2318x2093 tiles=1085
[20:58:06] +48.6s local moved kept=186 field=5.32 disagree 0.3340 -> 0.1810
[20:58:06] +48.6s seam grid 65x33 nodes=2097
[20:58:06] +48.6s seam grid 496x236 nodes=27676
[20:58:06] +48.7s seam refine nodes=27676
[20:58:06] +48.7s painted
[20:58:06] +48.7s mask blurred
[20:58:06] +48.8s pyramid gauss
[20:58:06] +48.9s pyramid expand
[20:58:06] +49.0s pasted
[20:58:06] +49.0s blended 15 keepA=0.50
[20:58:06] +49.0s blend 16: window=2320x2093 tiles=1085
[20:58:07] +49.2s local moved kept=159 field=5.78 disagree 0.2322 -> 0.1118
[20:58:07] +49.2s seam grid 65x30 nodes=1864
[20:58:07] +49.2s seam grid 492x213 nodes=22162
[20:58:07] +49.2s seam refine nodes=22162
[20:58:07] +49.2s painted
[20:58:07] +49.2s mask blurred
[20:58:07] +49.3s pyramid gauss
[20:58:07] +49.4s pyramid expand
[20:58:07] +49.4s pasted
[20:58:07] +49.4s blended 16 keepA=0.49
[20:58:07] +49.4s blend 17: window=2231x2093 tiles=1023
[20:58:07] +49.6s local moved kept=154 field=5.40 disagree 0.3296 -> 0.1823
[20:58:07] +49.6s seam grid 64x29 nodes=1794
[20:58:07] +49.6s seam grid 494x207 nodes=24725
[20:58:07] +49.7s seam refine nodes=24725
[20:58:07] +49.7s painted
[20:58:07] +49.7s mask blurred
[20:58:07] +49.7s pyramid gauss
[20:58:07] +49.8s pyramid expand
[20:58:07] +49.8s pasted
[20:58:07] +49.8s blended 17 keepA=0.51
[20:58:07] +49.8s blend 18: window=2330x2093 tiles=1085
[20:58:07] +50.1s local moved kept=163 field=5.36 disagree 0.2685 -> 0.1321
[20:58:07] +50.1s seam grid 65x30 nodes=1886
[20:58:07] +50.1s seam grid 494x213 nodes=28618
[20:58:08] +50.2s seam refine nodes=28618
[20:58:08] +50.2s painted
[20:58:08] +50.2s mask blurred
[20:58:08] +50.3s pyramid gauss
[20:58:08] +50.4s pyramid expand
[20:58:08] +50.4s pasted
[20:58:08] +50.4s blended 18 keepA=0.49
[20:58:08] +50.4s blend 19: window=1800x2093 tiles=837
[20:58:08] +50.6s local moved kept=167 field=5.43 disagree 0.2829 -> 0.1554
[20:58:08] +50.6s seam grid 65x32 nodes=1996
[20:58:08] +50.6s seam grid 491x228 nodes=22170
[20:58:08] +50.7s seam refine nodes=22170
[20:58:08] +50.7s painted
[20:58:08] +50.7s mask blurred
[20:58:08] +50.7s pyramid gauss
[20:58:08] +50.8s pyramid expand
[20:58:08] +50.8s pasted
[20:58:08] +50.8s blended 19 keepA=0.49
[20:58:08] +50.8s blend 20: window=2225x2093 tiles=1023
[20:58:08] +51.0s local moved kept=112 field=5.55 disagree 0.2332 -> 0.1213
[20:58:08] +51.0s seam grid 64x29 nodes=1776
[20:58:08] +51.0s seam grid 491x204 nodes=25479
[20:58:08] +51.1s seam refine nodes=25479
[20:58:08] +51.1s painted
[20:58:08] +51.1s mask blurred
[20:58:09] +51.1s pyramid gauss
[20:58:09] +51.2s pyramid expand
[20:58:09] +51.2s pasted
[20:58:09] +51.2s blended 20 keepA=0.50
[20:58:09] +51.2s blend 21: window=1811x2093 tiles=837
[20:58:09] +51.5s local moved kept=131 field=5.28 disagree 0.2036 -> 0.1093
[20:58:09] +51.5s seam grid 65x33 nodes=2061
[20:58:09] +51.5s seam grid 491x234 nodes=30618
[20:58:09] +51.5s seam refine nodes=30618
[20:58:09] +51.5s painted
[20:58:09] +51.5s mask blurred
[20:58:09] +51.6s pyramid gauss
[20:58:09] +51.7s pyramid expand
[20:58:09] +51.7s pasted
[20:58:09] +51.7s blended 21 keepA=0.49
[20:58:09] +51.7s time  linear_photometry=11.96s
[20:58:09] +51.7s photometry source=second compose
[20:58:09] +51.7s save seam preview
[20:58:09] +51.7s save cut fullres
[20:58:09] +51.7s photometry gains=22
[20:58:09] +51.7s photo pedestal=0.001170 field_norm=0.951102 gains=[1.0063 1.1152 1.1017 0.8645 1.1379 1.1651 0.8926 0.8808 1.2042 0.9125 1.1387 0.8688 1.1977 1.2997 0.8081 1.4375 0.8358 1.2005 0.7685 1.2871 0.6868 0.6698]
[20:58:09] +51.7s save seam developed
[20:58:09] +51.7s canvas cylindrical 34844x6555
[20:58:09] +51.8s local align resolution 1/1
[20:58:09] +51.8s snapbox canvas_origin=(0,0)
[20:58:09] +51.8s composite levels=7 pad=1024
[20:58:09] +51.8s local alignment refine=false
[20:58:11] +53.7s warped IMGP9247.DNG straight
[20:58:16] +58.6s snapwin seam=1 canvas=(14545,0) size=6112x6555
[20:58:16] +58.8s field n=0 const=[1.0000 1.0000 1.0000] peak=0.0000 gain=0.0023 (rejected)
[20:58:16] +58.9s seam grid 193x96 nodes=18398
[20:58:16] +59.0s seam grid 1517x747 nodes=110116
[20:58:18] +60.2s seam refine nodes=110116
[20:58:18] +60.2s painted
[20:58:18] +60.3s mask blurred
[20:58:18] +60.9s snapblendrect seam=1 canvas=(15681,0)..(20649,6555)
[20:58:19] +61.5s pyramid gauss
[20:58:20] +62.4s pyramid expand
[20:58:20] +62.6s blended
[20:58:20] +62.6s seam 1 window=6112x6555 keepA=0.36
[20:58:20] +62.6s warped IMGP9248.DNG nudged
[20:58:20] +62.6s field IMGP9248.DNG origin=(5076,0) size=1445x2093 scale=7.6969
[20:58:20] +62.6s SNAP IMGP9237/field_IMGP9237_IMGP9248.DNG FAILED No such file or directory (os error 2)
[20:58:25] +67.2s snapwin seam=2 canvas=(17346,0) size=6088x6555
[20:58:25] +67.4s field n=0 const=[1.0000 1.0000 1.0000] peak=0.0000 gain=0.0027 (rejected)
[20:58:25] +67.5s seam grid 192x80 nodes=15350
[20:58:25] +67.6s seam grid 1506x613 nodes=86341
[20:58:26] +68.3s seam refine nodes=86341
[20:58:26] +68.4s painted
[20:58:26] +68.5s mask blurred
[20:58:26] +69.0s snapblendrect seam=2 canvas=(17352,0)..(21783,6555)
[20:58:27] +69.6s pyramid gauss
[20:58:28] +70.2s pyramid expand
[20:58:28] +70.4s blended
[20:58:28] +70.4s seam 2 window=6088x6555 keepA=0.58
[20:58:28] +70.4s warped IMGP9246.DNG nudged
[20:58:28] +70.4s field IMGP9246.DNG origin=(5610,0) size=1272x2093 scale=8.7437
[20:58:28] +70.4s SNAP IMGP9237/field_IMGP9237_IMGP9246.DNG FAILED No such file or directory (os error 2)
[20:58:32] +75.1s snapwin seam=3 canvas=(12944,0) size=6125x6555
[20:58:33] +75.3s field n=0 const=[1.0000 1.0000 1.0000] peak=0.0000 gain=0.0033 (rejected)
[20:58:33] +75.5s seam grid 192x82 nodes=15733
[20:58:33] +75.5s seam grid 1507x632 nodes=84853
[20:58:34] +76.1s seam refine nodes=84853
[20:58:34] +76.2s painted
[20:58:34] +76.3s mask blurred
[20:58:34] +76.8s snapblendrect seam=3 canvas=(14554,0)..(19061,6555)
[20:58:35] +77.4s pyramid gauss
[20:58:35] +78.0s pyramid expand
[20:58:36] +78.2s blended
[20:58:36] +78.2s seam 3 window=6125x6555 keepA=0.50
[20:58:36] +78.2s warped IMGP9249.DNG nudged
[20:58:36] +78.2s field IMGP9249.DNG origin=(4716,0) size=1298x2093 scale=8.5686
[20:58:36] +78.2s SNAP IMGP9237/field_IMGP9237_IMGP9249.DNG FAILED No such file or directory (os error 2)
[20:58:40] +82.8s snapwin seam=4 canvas=(18684,0) size=6077x6555
[20:58:40] +83.0s field n=0 const=[1.0000 1.0000 1.0000] peak=0.0000 gain=0.0032 (rejected)
[20:58:41] +83.2s seam grid 190x89 nodes=16904
[20:58:41] +83.3s seam grid 1492x688 nodes=89093
[20:58:41] +84.1s seam refine nodes=89093
[20:58:41] +84.1s painted
[20:58:42] +84.2s mask blurred
[20:58:42] +84.8s snapblendrect seam=4 canvas=(18693,0)..(23425,6555)
[20:58:43] +85.3s pyramid gauss
[20:58:43] +86.1s pyramid expand
[20:58:44] +86.3s blended
[20:58:44] +86.3s seam 4 window=6077x6555 keepA=0.50
[20:58:44] +86.3s warped IMGP9245.DNG nudged
[20:58:44] +86.3s field IMGP9245.DNG origin=(6037,0) size=1370x2093 scale=8.1182
[20:58:44] +86.3s SNAP IMGP9237/field_IMGP9237_IMGP9245.DNG FAILED No such file or directory (os error 2)
[20:58:48] +90.9s snapwin seam=5 canvas=(20010,0) size=6063x6555
[20:58:48] +91.1s field n=0 const=[1.0000 1.0000 1.0000] peak=0.0000 gain=0.0041 (rejected)
[20:58:49] +91.3s seam grid 192x89 nodes=17028
[20:58:49] +91.3s seam grid 1521x689 nodes=83453
[20:58:49] +91.7s seam refine nodes=83453
[20:58:49] +91.7s painted
[20:58:49] +91.8s mask blurred
[20:58:50] +92.5s snapblendrect seam=5 canvas=(20018,0)..(24752,6555)
[20:58:50] +93.1s pyramid gauss
[20:58:51] +93.9s pyramid expand
[20:58:51] +94.1s blended
[20:58:51] +94.1s seam 5 window=6063x6555 keepA=0.51
[20:58:51] +94.1s warped IMGP9244.DNG nudged
[20:58:51] +94.1s field IMGP9244.DNG origin=(6461,0) size=1369x2093 scale=8.1242
[20:58:51] +94.1s SNAP IMGP9237/field_IMGP9237_IMGP9244.DNG FAILED No such file or directory (os error 2)
[20:58:56] +98.7s snapwin seam=6 canvas=(11683,0) size=6126x6555
[20:58:56] +98.9s field n=0 const=[1.0000 1.0000 1.0000] peak=0.0000 gain=0.0016 (rejected)
[20:58:56] +99.1s seam grid 183x93 nodes=17008
[20:58:57] +99.2s seam grid 1434x717 nodes=87539
[20:58:57] +99.8s seam refine nodes=87539
[20:58:57] +99.9s painted
[20:58:57] +100.0s mask blurred
[20:58:58] +100.5s snapblendrect seam=6 canvas=(12953,0)..(17801,6555)
[20:58:58] +101.1s pyramid gauss
[20:58:59] +101.9s pyramid expand
[20:58:59] +102.1s blended
[20:58:59] +102.1s seam 6 window=6126x6555 keepA=0.41
[20:58:59] +102.1s warped IMGP9250.DNG nudged
[20:58:59] +102.1s field IMGP9250.DNG origin=(4206,0) size=1406x2093 scale=7.9104
[20:58:59] +102.1s SNAP IMGP9237/field_IMGP9237_IMGP9250.DNG FAILED No such file or directory (os error 2)
[20:59:04] +106.7s snapwin seam=7 canvas=(10415,0) size=6075x6555
[20:59:04] +106.9s field n=0 const=[1.0000 1.0000 1.0000] peak=0.0000 gain=0.0035 (rejected)
[20:59:04] +107.1s seam grid 193x91 nodes=17517
[20:59:05] +107.1s seam grid 1521x702 nodes=82899
[20:59:05] +107.4s seam refine nodes=82899
[20:59:05] +107.4s painted
[20:59:05] +107.5s mask blurred
[20:59:05] +108.1s snapblendrect seam=7 canvas=(11694,0)..(16482,6555)
[20:59:06] +108.7s pyramid gauss
[20:59:07] +109.5s pyramid expand
[20:59:07] +109.7s blended
[20:59:07] +109.7s seam 7 window=6075x6555 keepA=0.51
[20:59:07] +109.7s warped IMGP9251.DNG nudged
[20:59:07] +109.7s field IMGP9251.DNG origin=(3804,0) size=1387x2093 scale=8.0187
[20:59:07] +109.7s SNAP IMGP9237/field_IMGP9237_IMGP9251.DNG FAILED No such file or directory (os error 2)
[20:59:12] +114.3s snapwin seam=8 canvas=(21482,0) size=6058x6555
[20:59:12] +114.5s field n=0 const=[1.0000 1.0000 1.0000] peak=0.0000 gain=0.0039 (rejected)
[20:59:12] +114.7s seam grid 192x83 nodes=15766
[20:59:12] +114.7s seam grid 1517x649 nodes=91157
[20:59:13] +115.5s seam refine nodes=91157
[20:59:13] +115.6s painted
[20:59:13] +115.7s mask blurred
[20:59:14] +116.2s snapblendrect seam=8 canvas=(21490,0)..(26065,6555)
[20:59:14] +116.8s pyramid gauss
[20:59:15] +117.5s pyramid expand
[20:59:15] +117.6s blended
[20:59:15] +117.6s seam 8 window=6058x6555 keepA=0.51
[20:59:15] +117.6s warped IMGP9243.DNG nudged
[20:59:15] +117.6s field IMGP9243.DNG origin=(6931,0) size=1318x2093 scale=8.4385
[20:59:15] +117.7s SNAP IMGP9237/field_IMGP9237_IMGP9243.DNG FAILED No such file or directory (os error 2)
[20:59:20] +122.2s snapwin seam=9 canvas=(9028,0) size=6058x6555
[20:59:20] +122.4s field n=0 const=[1.0000 1.0000 1.0000] peak=0.0000 gain=0.0023 (rejected)
[20:59:20] +122.6s seam grid 192x87 nodes=16616
[20:59:20] +122.6s seam grid 1521x669 nodes=80728
[20:59:20] +123.1s seam refine nodes=80728
[20:59:20] +123.1s painted
[20:59:21] +123.2s mask blurred
[20:59:21] +123.8s snapblendrect seam=9 canvas=(10424,0)..(15078,6555)
[20:59:22] +124.3s pyramid gauss
[20:59:22] +125.1s pyramid expand
[20:59:23] +125.2s blended
[20:59:23] +125.2s seam 9 window=6058x6555 keepA=0.51
[20:59:23] +125.2s warped IMGP9252.DNG nudged
[20:59:23] +125.2s field IMGP9252.DNG origin=(3398,0) size=1344x2093 scale=8.2753
[20:59:23] +125.3s SNAP IMGP9237/field_IMGP9237_IMGP9252.DNG FAILED No such file or directory (os error 2)
[20:59:27] +129.9s snapwin seam=10 canvas=(22944,0) size=6080x6555
[20:59:27] +130.0s field n=0 const=[1.0000 1.0000 1.0000] peak=0.0000 gain=0.0053 (rejected)
[20:59:28] +130.2s seam grid 191x85 nodes=16229
[20:59:28] +130.3s seam grid 1502x650 nodes=85099
[20:59:28] +131.0s seam refine nodes=85099
[20:59:28] +131.0s painted
[20:59:28] +131.1s mask blurred
[20:59:29] +131.7s snapblendrect seam=10 canvas=(22953,0)..(27532,6555)
[20:59:30] +132.3s pyramid gauss
[20:59:30] +133.0s pyramid expand
[20:59:31] +133.1s blended
[20:59:31] +133.1s seam 10 window=6080x6555 keepA=0.51
[20:59:31] +133.1s warped IMGP9242.DNG nudged
[20:59:31] +133.1s field IMGP9242.DNG origin=(7397,0) size=1321x2093 scale=8.4194
[20:59:31] +133.2s SNAP IMGP9237/field_IMGP9237_IMGP9242.DNG FAILED No such file or directory (os error 2)
[20:59:35] +138.0s snapwin seam=11 canvas=(7255,0) size=6113x6555
[20:59:35] +138.1s field n=0 const=[1.0000 1.0000 1.0000] peak=0.0000 gain=0.0033 (rejected)
[20:59:36] +138.3s seam grid 188x77 nodes=14470
[20:59:36] +138.4s seam grid 1479x586 nodes=83077
[20:59:36] +139.1s seam refine nodes=83077
[20:59:36] +139.1s painted
[20:59:37] +139.2s mask blurred
[20:59:37] +139.7s snapblendrect seam=11 canvas=(9037,0)..(13361,6555)
[20:59:38] +140.3s pyramid gauss
[20:59:38] +140.9s pyramid expand
[20:59:39] +141.1s blended
[20:59:39] +141.1s seam 11 window=6113x6555 keepA=0.49
[20:59:39] +141.1s warped IMGP9253.DNG nudged
[20:59:39] +141.1s field IMGP9253.DNG origin=(2955,0) size=1239x2093 scale=8.9766
[20:59:39] +141.1s SNAP IMGP9237/field_IMGP9237_IMGP9253.DNG FAILED No such file or directory (os error 2)
[20:59:43] +145.7s snapwin seam=12 canvas=(24480,0) size=6061x6555
[20:59:43] +145.9s field n=0 const=[1.0000 1.0000 1.0000] peak=0.0000 gain=0.0037 (rejected)
[20:59:43] +146.1s seam grid 190x83 nodes=15760
[20:59:44] +146.2s seam grid 1490x637 nodes=82921
[20:59:44] +146.6s seam refine nodes=82921
[20:59:44] +146.6s painted
[20:59:44] +146.8s mask blurred
[20:59:45] +147.3s snapblendrect seam=12 canvas=(24488,0)..(29016,6555)
[20:59:45] +147.9s pyramid gauss
[20:59:46] +148.6s pyramid expand
[20:59:46] +148.7s blended
[20:59:46] +148.7s seam 12 window=6061x6555 keepA=0.50
[20:59:46] +148.7s warped IMGP9241.DNG nudged
[20:59:46] +148.7s field IMGP9241.DNG origin=(7888,0) size=1303x2093 scale=8.5357
[20:59:46] +148.7s SNAP IMGP9237/field_IMGP9237_IMGP9241.DNG FAILED No such file or directory (os error 2)
[20:59:51] +153.4s snapwin seam=13 canvas=(25573,0) size=6067x6555
[20:59:51] +153.5s field n=0 const=[1.0000 1.0000 1.0000] peak=0.0000 gain=0.0043 (rejected)
[20:59:51] +153.7s seam grid 193x96 nodes=18472
[20:59:51] +153.8s seam grid 1521x743 nodes=87017
[20:59:52] +154.2s seam refine nodes=87017
[20:59:52] +154.3s painted
[20:59:52] +154.4s mask blurred
[20:59:52] +155.0s snapblendrect seam=13 canvas=(25582,0)..(30533,6555)
[20:59:53] +155.6s pyramid gauss
[20:59:54] +156.4s pyramid expand
[20:59:54] +156.6s blended
[20:59:54] +156.6s seam 13 window=6067x6555 keepA=0.51
[20:59:54] +156.6s warped IMGP9240.DNG nudged
[20:59:54] +156.6s field IMGP9240.DNG origin=(8237,0) size=1438x2093 scale=7.7344
[20:59:54] +156.6s SNAP IMGP9237/field_IMGP9237_IMGP9240.DNG FAILED No such file or directory (os error 2)
[20:59:59] +161.2s snapwin seam=14 canvas=(5107,0) size=6077x6555
[20:59:59] +161.3s field n=0 const=[1.0000 1.0000 1.0000] peak=0.0000 gain=-0.0022 (rejected)
[20:59:59] +161.5s seam grid 192x64 nodes=12173
[20:59:59] +161.5s seam grid 1518x483 nodes=81173
[20:59:59] +162.0s seam refine nodes=81173
[20:59:59] +162.0s painted
[20:59:59] +162.1s mask blurred
[21:00:00] +162.7s snapblendrect seam=14 canvas=(7265,0)..(11176,6555)
[21:00:01] +163.2s pyramid gauss
[21:00:01] +163.8s pyramid expand
[21:00:01] +164.0s blended
[21:00:01] +164.0s seam 14 window=6077x6555 keepA=0.51
[21:00:01] +164.0s warped IMGP9254.DNG nudged
[21:00:01] +164.0s field IMGP9254.DNG origin=(2390,0) size=1107x2093 scale=10.0470
[21:00:01] +164.1s SNAP IMGP9237/field_IMGP9237_IMGP9254.DNG FAILED No such file or directory (os error 2)
[21:00:06] +168.6s snapwin seam=15 canvas=(26836,0) size=6066x6555
[21:00:06] +168.8s field n=0 const=[1.0000 1.0000 1.0000] peak=0.0000 gain=0.0040 (rejected)
[21:00:06] +169.0s seam grid 193x91 nodes=17468
[21:00:06] +169.0s seam grid 1518x702 nodes=90425
[21:00:07] +169.8s seam refine nodes=90425
[21:00:07] +169.8s painted
[21:00:07] +170.0s mask blurred
[21:00:08] +170.5s snapblendrect seam=15 canvas=(26845,0)..(31632,6555)
[21:00:08] +171.1s pyramid gauss
[21:00:09] +171.8s pyramid expand
[21:00:09] +172.0s blended
[21:00:09] +172.0s seam 15 window=6066x6555 keepA=0.50
[21:00:09] +172.0s warped IMGP9239.DNG nudged
[21:00:09] +172.0s field IMGP9239.DNG origin=(8640,0) size=1386x2093 scale=8.0245
[21:00:09] +172.0s SNAP IMGP9237/field_IMGP9237_IMGP9239.DNG FAILED No such file or directory (os error 2)
[21:00:14] +176.6s snapwin seam=16 canvas=(3550,0) size=6070x6555
[21:00:14] +176.8s field n=0 const=[1.0000 1.0000 1.0000] peak=0.0000 gain=0.0016 (rejected)
[21:00:14] +176.9s seam grid 192x82 nodes=15736
[21:00:14] +177.0s seam grid 1506x629 nodes=83873
[21:00:15] +177.5s seam refine nodes=83873
[21:00:15] +177.5s painted
[21:00:15] +177.6s mask blurred
[21:00:16] +178.2s snapblendrect seam=16 canvas=(5116,0)..(9612,6555)
[21:00:16] +178.7s pyramid gauss
[21:00:17] +179.4s pyramid expand
[21:00:17] +179.6s blended
[21:00:17] +179.6s seam 16 window=6070x6555 keepA=0.50
[21:00:17] +179.6s warped IMGP9255.DNG nudged
[21:00:17] +179.6s field IMGP9255.DNG origin=(1704,0) size=1294x2093 scale=8.5951
[21:00:17] +179.6s SNAP IMGP9237/field_IMGP9237_IMGP9255.DNG FAILED No such file or directory (os error 2)
[21:00:22] +184.2s snapwin seam=17 canvas=(28453,0) size=6060x6555
[21:00:22] +184.3s field n=0 const=[1.0000 1.0000 1.0000] peak=0.0000 gain=0.0058 (rejected)
[21:00:22] +184.5s seam grid 192x80 nodes=15352
[21:00:22] +184.6s seam grid 1510x613 nodes=85120
[21:00:23] +185.3s seam refine nodes=85120
[21:00:23] +185.3s painted
[21:00:23] +185.4s mask blurred
[21:00:23] +186.0s snapblendrect seam=17 canvas=(28461,0)..(32894,6555)
[21:00:24] +186.5s pyramid gauss
[21:00:25] +187.2s pyramid expand
[21:00:25] +187.4s blended
[21:00:25] +187.4s seam 17 window=6060x6555 keepA=0.50
[21:00:25] +187.4s warped IMGP9238.DNG nudged
[21:00:25] +187.4s field IMGP9238.DNG origin=(9156,0) size=1273x2093 scale=8.7368
[21:00:25] +187.4s SNAP IMGP9237/field_IMGP9237_IMGP9238.DNG FAILED No such file or directory (os error 2)
[21:00:29] +192.0s snapwin seam=18 canvas=(1970,0) size=6104x6555
[21:00:30] +192.2s field n=0 const=[1.0000 1.0000 1.0000] peak=0.0000 gain=0.0024 (rejected)
[21:00:30] +192.4s seam grid 192x82 nodes=15716
[21:00:30] +192.4s seam grid 1512x632 nodes=84356
[21:00:30] +193.0s seam refine nodes=84356
[21:00:30] +193.0s painted
[21:00:30] +193.1s mask blurred
[21:00:31] +193.7s snapblendrect seam=18 canvas=(3559,0)..(8066,6555)
[21:00:32] +194.2s pyramid gauss
[21:00:32] +194.9s pyramid expand
[21:00:32] +195.1s blended
[21:00:32] +195.1s seam 18 window=6104x6555 keepA=0.50
[21:00:32] +195.1s warped IMGP9256.DNG nudged
[21:00:32] +195.1s field IMGP9256.DNG origin=(1207,0) size=1297x2093 scale=8.5752
[21:00:32] +195.1s SNAP IMGP9237/field_IMGP9237_IMGP9256.DNG FAILED No such file or directory (os error 2)
[21:00:37] +199.8s snapwin seam=19 canvas=(29805,0) size=5039x6555
[21:00:37] +199.9s field n=0 const=[1.0000 1.0000 1.0000] peak=0.0000 gain=0.0020 (rejected)
[21:00:37] +200.1s seam grid 191x88 nodes=16802
[21:00:38] +200.2s seam grid 1505x678 nodes=86236
[21:00:38] +200.7s seam refine nodes=86236
[21:00:38] +200.8s painted
[21:00:38] +200.9s mask blurred
[21:00:39] +201.4s snapblendrect seam=19 canvas=(29805,0)..(34844,6555)
[21:00:39] +202.0s pyramid gauss
[21:00:40] +203.0s pyramid expand
[21:00:41] +203.2s blended
[21:00:41] +203.2s seam 19 window=5039x6555 keepA=0.50
[21:00:41] +203.2s warped IMGP9237.DNG nudged
[21:00:41] +203.2s field IMGP9237.DNG origin=(9587,0) size=1356x2093 scale=8.2021
[21:00:41] +203.2s SNAP IMGP9237/field_IMGP9237_IMGP9237.DNG FAILED No such file or directory (os error 2)
[21:00:45] +207.9s snapwin seam=20 canvas=(293,0) size=6080x6555
[21:00:45] +208.0s field n=0 const=[1.0000 1.0000 1.0000] peak=0.0000 gain=0.0003 (rejected)
[21:00:46] +208.2s seam grid 192x79 nodes=15159
[21:00:46] +208.2s seam grid 1507x602 nodes=79741
[21:00:46] +208.7s seam refine nodes=79741
[21:00:46] +208.7s painted
[21:00:46] +208.9s mask blurred
[21:00:47] +209.4s snapblendrect seam=20 canvas=(1979,0)..(6365,6555)
[21:00:47] +209.9s pyramid gauss
[21:00:48] +210.6s pyramid expand
[21:00:48] +210.8s blended
[21:00:48] +210.8s seam 20 window=6080x6555 keepA=0.50
[21:00:48] +210.8s warped IMGP9257.DNG nudged
[21:00:48] +210.8s field IMGP9257.DNG origin=(703,0) size=1258x2093 scale=8.8410
[21:00:48] +210.9s SNAP IMGP9237/field_IMGP9237_IMGP9257.DNG FAILED No such file or directory (os error 2)
[21:00:53] +215.6s snapwin seam=21 canvas=(0,0) size=5076x6555
[21:00:53] +215.8s field n=0 const=[1.0000 1.0000 1.0000] peak=0.0000 gain=0.0010 (rejected)
[21:00:53] +215.9s seam grid 193x90 nodes=17174
[21:00:53] +216.0s seam grid 1519x697 nodes=88404
[21:00:54] +216.5s seam refine nodes=88404
[21:00:54] +216.5s painted
[21:00:54] +216.6s mask blurred
[21:00:55] +217.1s snapblendrect seam=21 canvas=(0,0)..(5076,6555)
[21:00:55] +217.8s pyramid gauss
[21:00:56] +218.8s pyramid expand
[21:00:56] +219.0s blended
[21:00:56] +219.0s seam 21 window=5076x6555 keepA=0.50
[21:00:56] +219.0s warped IMGP9258.DNG nudged
[21:00:56] +219.0s field IMGP9258.DNG origin=(168,0) size=1379x2093 scale=8.0653
[21:00:56] +219.0s SNAP IMGP9237/field_IMGP9237_IMGP9258.DNG FAILED No such file or directory (os error 2)
[21:00:56] +219.0s refined shifts seams=0 mean_abs_shift=0.000px max_abs_shift=0.000px
[21:00:56] +219.0s exposure gains applied 8
[21:00:57] +219.5s save encode 34436x5481
[21:01:12] +234.8s seam dump /home/dalibor/Projects/RapidRAW/lean_pano_proto/out/v40/IMGP9237/seams.txt
[21:01:12] +234.8s blend_stage extract=0.00s
[21:01:12] +234.8s blend_stage graphcut=92.80s
[21:01:12] +234.8s blend_stage mask_blur=8.07s
[21:01:12] +234.8s blend_stage pyr_blend=126.29s
[21:01:12] +234.8s boundary_step final: n=22811 median_step=18.39% p90=61.47%
[21:01:12] +234.8s blinds_flat  final: n=24154 median_step=14.05% p90=41.72%
[21:01:12] +234.8s woodline    final: n=16409 median_step=25.27% p90=73.78%
[21:01:12] +234.8s ghost_band   final: mean=0.695 keepA=0.49 cut_px=197145 swallowed=0
[21:01:12] +234.8s sharpness_lapvar final: 121.55926642048405
[21:01:12] +234.8s pano_mean_lum 0.02039724977903024 shadow_median 0.008137170225381851 canvas 34436x5481 levels=7 window_px=1024
[21:01:12] +234.8s time  final blend=73.86s encode_tiff=2.08s metrics=10.67s photometry=4.52s step_metrics=0.09s warp=86.80s
[21:01:12] +234.9s time  total=234.94s
[21:01:12] +234.9s saved /home/dalibor/Projects/RapidRAW/lean_pano_proto/out/v40/IMGP9237/IMGP9237_Pano.tiff
