[23:18:20] +0.0s log /home/dalibor/Projects/RapidRAW/lean_pano_proto/out/v42/DSCF0566/DSCF0566_Pano.pano.log
[23:18:20] +0.0s merge started files=10
[23:18:20] +0.1s focal native=70.2mm x crop=1.534 = 107.69mm 35eq (exif 35eq=105.0, implied crop=1.4957, delta=+2.56%)
[23:18:20] +0.2s jpeg DSCF0566.RAF native 4416x2944 declared 4416x2944
[23:18:20] +0.4s jpeg DSCF0567.RAF native 4416x2944 declared 4416x2944
[23:18:21] +0.6s jpeg DSCF0568.RAF native 4416x2944 declared 4416x2944
[23:18:21] +0.8s jpeg DSCF0569.RAF native 4416x2944 declared 4416x2944
[23:18:21] +1.0s jpeg DSCF0570.RAF native 4416x2944 declared 4416x2944
[23:18:21] +1.2s jpeg DSCF0571.RAF native 4416x2944 declared 4416x2944
[23:18:21] +1.4s jpeg DSCF0572.RAF native 4416x2944 declared 4416x2944
[23:18:22] +1.6s jpeg DSCF0573.RAF native 4416x2944 declared 4416x2944
[23:18:22] +1.9s jpeg DSCF0574.RAF native 4416x2944 declared 4416x2944
[23:18:22] +2.1s jpeg DSCF0575.RAF native 4416x2944 declared 4416x2944
[23:18:24] +4.3s points DSCF0566.RAF 11766
[23:18:24] +4.3s points DSCF0567.RAF 11738
[23:18:24] +4.3s points DSCF0568.RAF 11678
[23:18:24] +4.3s points DSCF0569.RAF 11728
[23:18:24] +4.3s points DSCF0570.RAF 11771
[23:18:24] +4.3s points DSCF0571.RAF 11772
[23:18:24] +4.3s points DSCF0572.RAF 11762
[23:18:24] +4.3s points DSCF0573.RAF 11774
[23:18:24] +4.3s points DSCF0574.RAF 11740
[23:18:24] +4.3s points DSCF0575.RAF 11787
[23:18:24] +4.3s matching 17 neighbor pairs
[23:18:29] +8.8s match DSCF0566.RAF<->DSCF0567.RAF: 4866 good
[23:18:29] +8.8s match DSCF0566.RAF<->DSCF0568.RAF: 3120 good
[23:18:29] +8.8s match DSCF0567.RAF<->DSCF0568.RAF: 5713 good
[23:18:29] +8.8s match DSCF0567.RAF<->DSCF0569.RAF: 4446 good
[23:18:29] +8.8s match DSCF0568.RAF<->DSCF0569.RAF: 6127 good
[23:18:29] +8.8s match DSCF0568.RAF<->DSCF0570.RAF: 4395 good
[23:18:29] +8.8s match DSCF0569.RAF<->DSCF0570.RAF: 5959 good
[23:18:29] +8.8s match DSCF0569.RAF<->DSCF0571.RAF: 4273 good
[23:18:29] +8.8s match DSCF0570.RAF<->DSCF0571.RAF: 6233 good
[23:18:29] +8.8s match DSCF0570.RAF<->DSCF0572.RAF: 4408 good
[23:18:29] +8.8s match DSCF0571.RAF<->DSCF0572.RAF: 6161 good
[23:18:29] +8.8s match DSCF0571.RAF<->DSCF0573.RAF: 4555 good
[23:18:29] +8.8s match DSCF0572.RAF<->DSCF0573.RAF: 6270 good
[23:18:29] +8.8s match DSCF0572.RAF<->DSCF0574.RAF: 4378 good
[23:18:29] +8.8s match DSCF0573.RAF<->DSCF0574.RAF: 6118 good
[23:18:29] +8.8s match DSCF0573.RAF<->DSCF0575.RAF: 4483 good
[23:18:29] +8.8s match DSCF0574.RAF<->DSCF0575.RAF: 6447 good
[23:18:29] +9.5s aligned kept=10 focal35=107.7 jpeg=4416x2944 points=4416x2944
[23:18:29] +9.5s lens crop=1.534 focal35=107.7 calib=1.529
[23:18:31] +10.7s sky target 0.1864
[23:18:31] +10.7s sky scale DSCF0566.RAF 1.598 median 0.1167
[23:18:31] +10.7s sky scale DSCF0567.RAF 0.938 median 0.1987
[23:18:31] +10.7s sky scale DSCF0568.RAF 1.000 median 0.1864
[23:18:31] +10.7s sky scale DSCF0569.RAF 0.939 median 0.1985
[23:18:31] +10.7s sky scale DSCF0570.RAF 1.008 median 0.1850
[23:18:31] +10.7s sky scale DSCF0571.RAF 1.011 median 0.1844
[23:18:31] +10.7s sky scale DSCF0572.RAF 1.021 median 0.1827
[23:18:31] +10.7s sky scale DSCF0573.RAF 1.005 median 0.1855
[23:18:31] +10.7s sky scale DSCF0574.RAF 0.853 median 0.2185
[23:18:31] +10.7s sky scale DSCF0575.RAF 0.806 median 0.2312
[23:18:31] +10.7s Matching brightness...
[23:18:31] +10.7s canvas perspective 6376x1675
[23:18:31] +10.9s warp DSCF0574.RAF: bbox=(4052,347,6004,1667) 1952x1320
[23:18:31] +10.9s warp DSCF0575.RAF: bbox=(4418,348,6376,1675) 1958x1327
[23:18:31] +10.9s warp DSCF0570.RAF: bbox=(2321,234,4419,1644) 2098x1410
[23:18:31] +10.9s warp DSCF0571.RAF: bbox=(2773,272,4808,1643) 2035x1371
[23:18:31] +10.9s warp DSCF0572.RAF: bbox=(3197,300,5192,1644) 1995x1344
[23:18:31] +10.9s warp DSCF0569.RAF: bbox=(1839,196,4027,1654) 2188x1458
[23:18:31] +10.9s warp DSCF0568.RAF: bbox=(1357,153,3655,1665) 2298x1512
[23:18:31] +10.9s warp DSCF0573.RAF: bbox=(3615,315,5579,1642) 1964x1327
[23:18:31] +11.0s warp DSCF0567.RAF: bbox=(853,100,3288,1675) 2435x1575
[23:18:31] +11.0s warp DSCF0566.RAF: bbox=(0,0,2701,1675) 2701x1675
[23:18:31] +11.3s brightness gains=10 corner=0.671
[23:18:31] +11.3s Blending photos...
[23:18:31] +11.5s blend 1: window=3019x1675 tiles=1150
[23:18:32] +11.9s local moved kept=279 field=3.24 disagree 0.1834 -> 0.0776
[23:18:32] +11.9s seam grid 47x55 nodes=2380
[23:18:32] +11.9s seam grid 346x416 nodes=43536
[23:18:32] +12.1s seam refine nodes=43536
[23:18:32] +12.1s painted
[23:18:32] +12.1s mask blurred
[23:18:32] +12.2s pyramid gauss
[23:18:32] +12.3s pyramid expand
[23:18:32] +12.4s pasted
[23:18:32] +12.4s blended 1 keepA=0.51
[23:18:32] +12.4s blend 2: window=3122x1675 tiles=1175
[23:18:33] +12.7s local moved kept=282 field=4.24 disagree 0.2367 -> 0.1240
[23:18:33] +12.7s seam grid 47x56 nodes=2475
[23:18:33] +12.7s seam grid 352x424 nodes=39406
[23:18:33] +12.8s seam refine nodes=39406
[23:18:33] +12.8s painted
[23:18:33] +12.8s mask blurred
[23:18:33] +12.9s pyramid gauss
[23:18:33] +13.0s pyramid expand
[23:18:33] +13.0s pasted
[23:18:33] +13.0s blended 2 keepA=0.58
[23:18:33] +13.0s blend 3: window=2988x1675 tiles=1125
[23:18:33] +13.3s local moved kept=278 field=3.71 disagree 0.2341 -> 0.1029
[23:18:33] +13.3s seam grid 46x54 nodes=2341
[23:18:33] +13.3s seam grid 342x407 nodes=31122
[23:18:33] +13.4s seam refine nodes=31122
[23:18:33] +13.5s painted
[23:18:33] +13.5s mask blurred
[23:18:34] +13.6s pyramid gauss
[23:18:34] +13.7s pyramid expand
[23:18:34] +13.7s pasted
[23:18:34] +13.7s blended 3 keepA=0.61
[23:18:34] +13.7s blend 4: window=3212x1675 tiles=1225
[23:18:34] +14.0s local moved kept=332 field=4.89 disagree 0.2125 -> 0.1003
[23:18:34] +14.0s seam grid 49x57 nodes=2582
[23:18:34] +14.1s seam grid 364x439 nodes=42496
[23:18:34] +14.2s seam refine nodes=42496
[23:18:34] +14.2s painted
[23:18:34] +14.2s mask blurred
[23:18:34] +14.3s pyramid gauss
[23:18:34] +14.4s pyramid expand
[23:18:34] +14.4s pasted
[23:18:34] +14.4s blended 4 keepA=0.50
[23:18:34] +14.4s blend 5: window=3322x1675 tiles=1250
[23:18:35] +14.8s local moved kept=405 field=6.11 disagree 0.2082 -> 0.0854
[23:18:35] +14.8s seam grid 50x62 nodes=2846
[23:18:35] +14.8s seam grid 376x467 nodes=30305
[23:18:35] +14.9s seam refine nodes=30305
[23:18:35] +14.9s painted
[23:18:35] +14.9s mask blurred
[23:18:35] +15.0s pyramid gauss
[23:18:35] +15.1s pyramid expand
[23:18:35] +15.2s pasted
[23:18:35] +15.2s blended 5 keepA=0.49
[23:18:35] +15.2s blend 6: window=2836x1675 tiles=1075
[23:18:35] +15.4s local moved kept=267 field=4.29 disagree 0.2939 -> 0.1138
[23:18:35] +15.5s seam grid 45x53 nodes=2330
[23:18:35] +15.5s seam grid 334x395 nodes=31070
[23:18:36] +15.6s seam refine nodes=31070
[23:18:36] +15.6s painted
[23:18:36] +15.6s mask blurred
[23:18:36] +15.7s pyramid gauss
[23:18:36] +15.7s pyramid expand
[23:18:36] +15.7s pasted
[23:18:36] +15.7s blended 6 keepA=0.53
[23:18:36] +15.7s blend 7: window=3459x1675 tiles=1325
[23:18:36] +16.2s local moved kept=443 field=6.26 disagree 0.2072 -> 0.0933
[23:18:36] +16.2s seam grid 52x65 nodes=3062
[23:18:36] +16.2s seam grid 387x496 nodes=45390
[23:18:36] +16.4s seam refine nodes=45390
[23:18:36] +16.4s painted
[23:18:36] +16.4s mask blurred
[23:18:36] +16.5s pyramid gauss
[23:18:37] +16.6s pyramid expand
[23:18:37] +16.7s pasted
[23:18:37] +16.7s blended 7 keepA=0.59
[23:18:37] +16.7s blend 8: window=2470x1675 tiles=925
[23:18:37] +17.0s local moved kept=304 field=4.84 disagree 0.3246 -> 0.1186
[23:18:37] +17.0s seam grid 45x54 nodes=2361
[23:18:37] +17.0s seam grid 337x409 nodes=31059
[23:18:37] +17.1s seam refine nodes=31059
[23:18:37] +17.1s painted
[23:18:37] +17.1s mask blurred
[23:18:37] +17.1s pyramid gauss
[23:18:37] +17.3s pyramid expand
[23:18:37] +17.3s pasted
[23:18:37] +17.3s blended 8 keepA=0.58
[23:18:37] +17.3s blend 9: window=3213x1675 tiles=1225
[23:18:38] +17.6s local moved kept=403 field=7.46 disagree 0.1834 -> 0.0736
[23:18:38] +17.7s seam grid 53x63 nodes=3108
[23:18:38] +17.7s seam grid 400x475 nodes=48685
[23:18:38] +17.9s seam refine nodes=48685
[23:18:38] +17.9s painted
[23:18:38] +17.9s mask blurred
[23:18:38] +18.0s pyramid gauss
[23:18:38] +18.1s pyramid expand
[23:18:38] +18.1s pasted
[23:18:38] +18.1s blended 9 keepA=0.60
[23:18:38] +18.1s preview canvas perspective 6376x1675 shifts=9
[23:18:38] +18.1s time  preview=8.68s (solve+match 9.46s)
[23:18:38] +18.2s preview ready /home/dalibor/Projects/RapidRAW/lean_pano_proto/out/v42/DSCF0566/DSCF0566_preview.jpg
[23:18:38] +18.2s save started
[23:18:38] +18.2s develop jobs=4
[23:18:45] +25.3s developed DSCF0566.RAF 7728x5152 -> 1920x1280
[23:18:45] +25.3s developed DSCF0567.RAF 7728x5152 -> 1920x1280
[23:18:45] +25.3s developed DSCF0568.RAF 7728x5152 -> 1920x1280
[23:18:45] +25.3s developed DSCF0569.RAF 7728x5152 -> 1920x1280
[23:18:45] +25.3s developed DSCF0570.RAF 7728x5152 -> 1920x1280
[23:18:45] +25.3s developed DSCF0571.RAF 7728x5152 -> 1920x1280
[23:18:45] +25.3s developed DSCF0572.RAF 7728x5152 -> 1920x1280
[23:18:45] +25.3s developed DSCF0573.RAF 7728x5152 -> 1920x1280
[23:18:45] +25.3s developed DSCF0574.RAF 7728x5152 -> 1920x1280
[23:18:45] +25.3s developed DSCF0575.RAF 7728x5152 -> 1920x1280
[23:18:45] +25.3s time  develop=7.08s
[23:18:45] +25.3s scale raw=7728x5152 jpeg=4416x2944 x=1.7500 y=1.7500
[23:18:45] +25.3s Matching brightness...
[23:18:45] +25.3s canvas perspective 6376x1675
[23:18:45] +25.5s warp DSCF0575.RAF: bbox=(4418,348,6376,1675) 1958x1327
[23:18:45] +25.5s warp DSCF0571.RAF: bbox=(2773,272,4808,1643) 2035x1371
[23:18:45] +25.5s warp DSCF0574.RAF: bbox=(4052,347,6004,1667) 1952x1320
[23:18:45] +25.5s warp DSCF0573.RAF: bbox=(3615,315,5579,1642) 1964x1327
[23:18:45] +25.5s warp DSCF0568.RAF: bbox=(1357,153,3655,1665) 2298x1512
[23:18:45] +25.5s warp DSCF0569.RAF: bbox=(1839,196,4027,1654) 2188x1458
[23:18:45] +25.5s warp DSCF0567.RAF: bbox=(853,100,3288,1675) 2435x1575
[23:18:46] +25.6s warp DSCF0570.RAF: bbox=(2321,234,4419,1644) 2098x1410
[23:18:46] +25.6s warp DSCF0572.RAF: bbox=(3197,300,5192,1644) 1995x1344
[23:18:46] +25.7s warp DSCF0566.RAF: bbox=(0,0,2701,1675) 2701x1675
[23:18:46] +25.9s brightness gains=10 corner=0.635
[23:18:46] +25.9s Blending photos...
[23:18:46] +26.2s blend 1: window=3019x1675 tiles=1150
[23:18:47] +26.7s local moved kept=254 field=4.13 disagree 0.2651 -> 0.0984
[23:18:47] +26.7s seam grid 47x55 nodes=2379
[23:18:47] +26.7s seam grid 346x416 nodes=40651
[23:18:47] +26.9s seam refine nodes=40651
[23:18:47] +26.9s painted
[23:18:47] +26.9s mask blurred
[23:18:47] +27.0s pyramid gauss
[23:18:47] +27.2s pyramid expand
[23:18:47] +27.2s pasted
[23:18:47] +27.2s blended 1 keepA=0.54
[23:18:47] +27.2s blend 2: window=3122x1675 tiles=1175
[23:18:47] +27.5s local moved kept=267 field=5.30 disagree 0.2965 -> 0.1305
[23:18:47] +27.5s seam grid 47x56 nodes=2473
[23:18:47] +27.5s seam grid 352x424 nodes=38225
[23:18:48] +27.6s seam refine nodes=38225
[23:18:48] +27.6s painted
[23:18:48] +27.7s mask blurred
[23:18:48] +27.8s pyramid gauss
[23:18:48] +27.9s pyramid expand
[23:18:48] +27.9s pasted
[23:18:48] +27.9s blended 2 keepA=0.56
[23:18:48] +27.9s blend 3: window=2988x1675 tiles=1125
[23:18:48] +28.2s local moved kept=270 field=7.16 disagree 0.3385 -> 0.1565
[23:18:48] +28.2s seam grid 46x54 nodes=2342
[23:18:48] +28.2s seam grid 342x407 nodes=31328
[23:18:48] +28.3s seam refine nodes=31328
[23:18:48] +28.3s painted
[23:18:48] +28.3s mask blurred
[23:18:48] +28.4s pyramid gauss
[23:18:48] +28.5s pyramid expand
[23:18:48] +28.5s pasted
[23:18:48] +28.5s blended 3 keepA=0.60
[23:18:48] +28.5s blend 4: window=3212x1675 tiles=1225
[23:18:49] +28.9s local moved kept=316 field=9.19 disagree 0.3098 -> 0.1438
[23:18:49] +28.9s seam grid 49x57 nodes=2583
[23:18:49] +28.9s seam grid 364x439 nodes=39068
[23:18:49] +29.1s seam refine nodes=39068
[23:18:49] +29.1s painted
[23:18:49] +29.1s mask blurred
[23:18:49] +29.2s pyramid gauss
[23:18:49] +29.2s pyramid expand
[23:18:49] +29.3s pasted
[23:18:49] +29.3s blended 4 keepA=0.57
[23:18:49] +29.3s blend 5: window=3322x1675 tiles=1250
[23:18:50] +29.6s local moved kept=400 field=12.44 disagree 0.2955 -> 0.1535
[23:18:50] +29.7s seam grid 50x62 nodes=2846
[23:18:50] +29.7s seam grid 376x467 nodes=29376
[23:18:50] +29.8s seam refine nodes=29376
[23:18:50] +29.8s painted
[23:18:50] +29.8s mask blurred
[23:18:50] +29.9s pyramid gauss
[23:18:50] +30.0s pyramid expand
[23:18:50] +30.1s pasted
[23:18:50] +30.1s blended 5 keepA=0.50
[23:18:50] +30.1s blend 6: window=2836x1675 tiles=1075
[23:18:50] +30.3s local moved kept=271 field=9.87 disagree 0.3726 -> 0.1868
[23:18:50] +30.4s seam grid 45x53 nodes=2327
[23:18:50] +30.4s seam grid 334x395 nodes=31112
[23:18:50] +30.5s seam refine nodes=31112
[23:18:50] +30.5s painted
[23:18:50] +30.5s mask blurred
[23:18:51] +30.6s pyramid gauss
[23:18:51] +30.6s pyramid expand
[23:18:51] +30.6s pasted
[23:18:51] +30.6s blended 6 keepA=0.50
[23:18:51] +30.6s blend 7: window=3459x1675 tiles=1325
[23:18:51] +31.1s local moved kept=462 field=14.49 disagree 0.2892 -> 0.1448
[23:18:51] +31.1s seam grid 52x65 nodes=3061
[23:18:51] +31.1s seam grid 387x496 nodes=43935
[23:18:51] +31.3s seam refine nodes=43935
[23:18:51] +31.3s painted
[23:18:51] +31.3s mask blurred
[23:18:51] +31.4s pyramid gauss
[23:18:52] +31.6s pyramid expand
[23:18:52] +31.6s pasted
[23:18:52] +31.6s blended 7 keepA=0.59
[23:18:52] +31.6s blend 8: window=2470x1675 tiles=925
[23:18:52] +31.9s local moved kept=302 field=10.38 disagree 0.3813 -> 0.1806
[23:18:52] +31.9s seam grid 45x54 nodes=2361
[23:18:52] +31.9s seam grid 337x409 nodes=28286
[23:18:52] +32.0s seam refine nodes=28286
[23:18:52] +32.0s painted
[23:18:52] +32.0s mask blurred
[23:18:52] +32.0s pyramid gauss
[23:18:52] +32.2s pyramid expand
[23:18:52] +32.2s pasted
[23:18:52] +32.2s blended 8 keepA=0.60
[23:18:52] +32.2s blend 9: window=3213x1675 tiles=1225
[23:18:53] +32.6s local moved kept=415 field=14.65 disagree 0.3088 -> 0.1461
[23:18:53] +32.6s seam grid 53x63 nodes=3108
[23:18:53] +32.6s seam grid 400x475 nodes=45768
[23:18:53] +32.8s seam refine nodes=45768
[23:18:53] +32.8s painted
[23:18:53] +32.8s mask blurred
[23:18:53] +32.9s pyramid gauss
[23:18:53] +33.0s pyramid expand
[23:18:53] +33.0s pasted
[23:18:53] +33.0s blended 9 keepA=0.59
[23:18:53] +33.0s time  linear_photometry=7.68s
[23:18:53] +33.0s photometry source=second compose
[23:18:53] +33.0s save seam preview
[23:18:53] +33.0s save cut fullres
[23:18:53] +33.0s photometry gains=10
[23:18:53] +33.0s photo pedestal=0.002679 field_norm=1.995567 gains=[0.9962 1.0346 0.9602 0.9557 1.0066 0.9935 1.0513 0.9702 1.0319 1.0045]
[23:18:53] +33.0s save seam developed
[23:18:53] +33.0s canvas perspective 25664x6742
[23:18:54] +33.7s local align resolution 1/1
[23:18:54] +33.7s composite levels=6 pad=512
[23:18:54] +33.7s local alignment refine=false
[23:18:55] +34.8s warped DSCF0571.RAF straight
[23:18:56] +36.4s field n=0 const=[1.0000 1.0000 1.0000] peak=0.0000 gain=-0.1377 (rejected)
[23:18:57] +36.7s seam grid 171x205 nodes=34345
[23:18:57] +36.9s seam grid 1339x1621 nodes=139657
[23:18:58] +37.8s seam refine nodes=139657
[23:18:58] +37.8s painted
[23:18:58] +37.9s mask blurred
[23:18:59] +39.5s pyramid gauss
[23:19:01] +40.6s pyramid expand
[23:19:01] +40.7s blended
[23:19:01] +40.7s seam 1 window=9003x6020 keepA=0.35
[23:19:01] +40.7s warped DSCF0572.RAF nudged
[23:19:02] +42.5s field n=0 const=[1.0000 1.0000 1.0000] peak=0.0000 gain=-0.0905 (rejected)
[23:19:03] +42.8s seam grid 174x210 nodes=36014
[23:19:03] +43.1s seam grid 1367x1657 nodes=170430
[23:19:05] +44.6s seam refine nodes=170430
[23:19:05] +44.6s painted
[23:19:05] +44.7s mask blurred
[23:19:06] +46.4s pyramid gauss
[23:19:07] +47.5s pyramid expand
[23:19:08] +47.6s blended
[23:19:08] +47.6s seam 2 window=9417x6288 keepA=0.60
[23:19:08] +47.6s warped DSCF0570.RAF nudged
[23:19:09] +49.4s field n=0 const=[1.0000 1.0000 1.0000] peak=0.0000 gain=-0.0740 (rejected)
[23:19:10] +49.7s seam grid 169x202 nodes=33627
[23:19:10] +50.0s seam grid 1327x1587 nodes=134396
[23:19:11] +51.3s seam refine nodes=134396
[23:19:11] +51.3s painted
[23:19:11] +51.5s mask blurred
[23:19:13] +53.1s pyramid gauss
[23:19:14] +54.2s pyramid expand
[23:19:14] +54.3s blended
[23:19:14] +54.3s seam 3 window=8880x5961 keepA=0.61
[23:19:14] +54.3s warped DSCF0573.RAF nudged
[23:19:16] +56.1s field n=0 const=[1.0000 1.0000 1.0000] peak=0.0000 gain=-0.0683 (rejected)
[23:19:16] +56.4s seam grid 180x218 nodes=38268
[23:19:17] +56.7s seam grid 1413x1717 nodes=176729
[23:19:18] +58.4s seam refine nodes=176729
[23:19:18] +58.4s painted
[23:19:19] +58.6s mask blurred
[23:19:20] +60.5s pyramid gauss
[23:19:22] +61.9s pyramid expand
[23:19:22] +62.0s blended
[23:19:22] +62.0s seam 4 window=9779x6440 keepA=0.58
[23:19:22] +62.0s warped DSCF0569.RAF nudged
[23:19:24] +64.2s field n=0 const=[1.0000 1.0000 1.0000] peak=0.0000 gain=-0.0398 (rejected)
[23:19:25] +64.6s seam grid 186x232 nodes=41484
[23:19:25] +64.9s seam grid 1463x1828 nodes=193262
[23:19:27] +67.0s seam refine nodes=193262
[23:19:27] +67.0s painted
[23:19:27] +67.2s mask blurred
[23:19:29] +69.3s pyramid gauss
[23:19:31] +70.7s pyramid expand
[23:19:31] +70.8s blended
[23:19:31] +70.8s seam 5 window=10224x6613 keepA=0.68
[23:19:31] +70.8s warped DSCF0568.RAF nudged
[23:19:32] +72.5s field n=0 const=[1.0000 1.0000 1.0000] peak=0.0000 gain=-0.0672 (rejected)
[23:19:33] +72.8s seam grid 165x195 nodes=32165
[23:19:33] +73.1s seam grid 1294x1537 nodes=130073
[23:19:35] +74.8s seam refine nodes=130073
[23:19:35] +74.8s painted
[23:19:35] +75.0s mask blurred
[23:19:36] +76.5s pyramid gauss
[23:19:37] +77.5s pyramid expand
[23:19:38] +77.6s blended
[23:19:38] +77.6s seam 6 window=8832x5833 keepA=0.53
[23:19:38] +77.6s warped DSCF0574.RAF nudged
[23:19:40] +79.7s field n=0 const=[1.0000 1.0000 1.0000] peak=0.0000 gain=-0.0688 (rejected)
[23:19:40] +80.1s seam grid 191x246 nodes=44955
[23:19:40] +80.5s seam grid 1513x1944 nodes=217464
[23:19:43] +83.1s seam refine nodes=217464
[23:19:43] +83.1s painted
[23:19:43] +83.3s mask blurred
[23:19:45] +85.5s pyramid gauss
[23:19:47] +86.9s pyramid expand
[23:19:47] +87.1s blended
[23:19:47] +87.1s seam 7 window=10773x6742 keepA=0.74
[23:19:47] +87.1s warped DSCF0567.RAF nudged
[23:19:49] +88.8s field n=0 const=[1.0000 1.0000 1.0000] peak=0.0000 gain=-0.0994 (rejected)
[23:19:49] +89.1s seam grid 168x203 nodes=33975
[23:19:49] +89.4s seam grid 1318x1596 nodes=149576
[23:19:51] +91.0s seam refine nodes=149576
[23:19:51] +91.0s painted
[23:19:51] +91.1s mask blurred
[23:19:53] +92.7s pyramid gauss
[23:19:54] +93.7s pyramid expand
[23:19:54] +93.8s blended
[23:19:54] +93.8s seam 8 window=8366x5827 keepA=0.54
[23:19:54] +93.8s warped DSCF0575.RAF nudged
[23:19:56] +96.4s field n=0 const=[1.0000 1.0000 1.0000] peak=0.0000 gain=-0.0892 (rejected)
[23:19:57] +96.9s seam grid 198x236 nodes=45329
[23:19:57] +97.3s seam grid 1560x1860 nodes=189626
[23:20:00] +99.9s seam refine nodes=189626
[23:20:00] +99.9s painted
[23:20:00] +100.1s mask blurred
[23:20:02] +102.2s pyramid gauss
[23:20:04] +103.7s pyramid expand
[23:20:04] +103.9s blended
[23:20:04] +103.9s seam 9 window=11356x6742 keepA=0.60
[23:20:04] +103.9s warped DSCF0566.RAF nudged
[23:20:04] +103.9s refined shifts seams=0 mean_abs_shift=0.000px max_abs_shift=0.000px
[23:20:04] +103.9s exposure gains applied 8
[23:20:04] +104.1s save encode 25270x4975
[23:20:13] +113.2s seam dump /home/dalibor/Projects/RapidRAW/lean_pano_proto/out/v42/DSCF0566/seams.txt
[23:20:13] +113.2s blend_stage extract=0.00s
[23:20:13] +113.2s blend_stage graphcut=37.54s
[23:20:13] +113.2s blend_stage mask_blur=2.56s
[23:20:13] +113.2s blend_stage pyr_blend=39.98s
[23:20:13] +113.2s boundary_step final: n=10872 median_step=3.32% p90=42.99%
[23:20:13] +113.2s blinds_flat  final: n=13363 median_step=1.54% p90=21.07%
[23:20:13] +113.2s woodline    final: n=8622 median_step=8.75% p90=66.34%
[23:20:13] +113.2s ghost_band   final: mean=0.640 keepA=0.58 cut_px=111585 swallowed=0
[23:20:13] +113.2s sharpness_lapvar final: 10.028848324378188
[23:20:13] +113.2s pano_mean_lum 0.0526020142719055 shadow_median 0.0362931452691555 canvas 25270x4975 levels=6 window_px=512
[23:20:13] +113.2s time  final blend=59.62s encode_tiff=1.23s metrics=6.59s photometry=4.12s step_metrics=0.18s warp=4.44s
[23:20:13] +113.2s time  total=113.19s
[23:20:13] +113.2s saved /home/dalibor/Projects/RapidRAW/lean_pano_proto/out/v42/DSCF0566/DSCF0566_Pano.tiff
