[15:54:08] +0.0s log /home/dalibor/Projects/RapidRAW/lean_pano_proto/out/v36/DSCF0566/DSCF0566_Pano.pano.log
[15:54:08] +0.0s merge started files=10
[15:54:08] +0.2s jpeg DSCF0566.RAF native 4416x2944 declared 4416x2944
[15:54:08] +0.4s jpeg DSCF0567.RAF native 4416x2944 declared 4416x2944
[15:54:08] +0.6s jpeg DSCF0568.RAF native 4416x2944 declared 4416x2944
[15:54:08] +0.7s jpeg DSCF0569.RAF native 4416x2944 declared 4416x2944
[15:54:09] +0.9s jpeg DSCF0570.RAF native 4416x2944 declared 4416x2944
[15:54:09] +1.1s jpeg DSCF0571.RAF native 4416x2944 declared 4416x2944
[15:54:09] +1.3s jpeg DSCF0572.RAF native 4416x2944 declared 4416x2944
[15:54:09] +1.5s jpeg DSCF0573.RAF native 4416x2944 declared 4416x2944
[15:54:09] +1.7s jpeg DSCF0574.RAF native 4416x2944 declared 4416x2944
[15:54:10] +1.9s jpeg DSCF0575.RAF native 4416x2944 declared 4416x2944
[15:54:12] +4.1s points DSCF0566.RAF 11766
[15:54:12] +4.1s points DSCF0567.RAF 11738
[15:54:12] +4.1s points DSCF0568.RAF 11678
[15:54:12] +4.1s points DSCF0569.RAF 11728
[15:54:12] +4.1s points DSCF0570.RAF 11771
[15:54:12] +4.1s points DSCF0571.RAF 11772
[15:54:12] +4.1s points DSCF0572.RAF 11762
[15:54:12] +4.1s points DSCF0573.RAF 11774
[15:54:12] +4.1s points DSCF0574.RAF 11740
[15:54:12] +4.1s points DSCF0575.RAF 11787
[15:54:12] +4.1s matching 17 neighbor pairs
[15:54:16] +8.5s match DSCF0566.RAF<->DSCF0567.RAF: 4866 good
[15:54:16] +8.5s match DSCF0566.RAF<->DSCF0568.RAF: 3120 good
[15:54:16] +8.5s match DSCF0567.RAF<->DSCF0568.RAF: 5713 good
[15:54:16] +8.5s match DSCF0567.RAF<->DSCF0569.RAF: 4446 good
[15:54:16] +8.5s match DSCF0568.RAF<->DSCF0569.RAF: 6127 good
[15:54:16] +8.5s match DSCF0568.RAF<->DSCF0570.RAF: 4395 good
[15:54:16] +8.5s match DSCF0569.RAF<->DSCF0570.RAF: 5959 good
[15:54:16] +8.5s match DSCF0569.RAF<->DSCF0571.RAF: 4273 good
[15:54:16] +8.5s match DSCF0570.RAF<->DSCF0571.RAF: 6233 good
[15:54:16] +8.5s match DSCF0570.RAF<->DSCF0572.RAF: 4408 good
[15:54:16] +8.5s match DSCF0571.RAF<->DSCF0572.RAF: 6161 good
[15:54:16] +8.5s match DSCF0571.RAF<->DSCF0573.RAF: 4555 good
[15:54:16] +8.5s match DSCF0572.RAF<->DSCF0573.RAF: 6270 good
[15:54:16] +8.5s match DSCF0572.RAF<->DSCF0574.RAF: 4378 good
[15:54:16] +8.5s match DSCF0573.RAF<->DSCF0574.RAF: 6118 good
[15:54:16] +8.5s match DSCF0573.RAF<->DSCF0575.RAF: 4483 good
[15:54:16] +8.5s match DSCF0574.RAF<->DSCF0575.RAF: 6447 good
[15:54:17] +9.2s aligned kept=10 focal35=105.0 jpeg=4416x2944 points=4416x2944
[15:54:17] +9.2s lens crop=1.534 focal35=105.0 calib=1.529
[15:54:18] +10.4s sky target 0.1864
[15:54:18] +10.4s sky scale DSCF0566.RAF 1.598 median 0.1167
[15:54:18] +10.4s sky scale DSCF0567.RAF 0.938 median 0.1987
[15:54:18] +10.4s sky scale DSCF0568.RAF 1.000 median 0.1864
[15:54:18] +10.4s sky scale DSCF0569.RAF 0.939 median 0.1985
[15:54:18] +10.4s sky scale DSCF0570.RAF 1.008 median 0.1850
[15:54:18] +10.4s sky scale DSCF0571.RAF 1.011 median 0.1844
[15:54:18] +10.4s sky scale DSCF0572.RAF 1.021 median 0.1827
[15:54:18] +10.4s sky scale DSCF0573.RAF 1.005 median 0.1855
[15:54:18] +10.4s sky scale DSCF0574.RAF 0.853 median 0.2185
[15:54:18] +10.4s sky scale DSCF0575.RAF 0.806 median 0.2312
[15:54:18] +10.4s Matching brightness...
[15:54:18] +10.4s canvas perspective 6415x1694
[15:54:18] +10.5s warp DSCF0574.RAF: bbox=(4088,355,6042,1677) 1954x1322
[15:54:18] +10.5s warp DSCF0572.RAF: bbox=(3233,310,5228,1654) 1995x1344
[15:54:18] +10.5s warp DSCF0571.RAF: bbox=(2808,281,4844,1654) 2036x1373
[15:54:18] +10.5s warp DSCF0573.RAF: bbox=(3651,324,5616,1652) 1965x1328
[15:54:18] +10.6s warp DSCF0570.RAF: bbox=(2354,242,4455,1656) 2101x1414
[15:54:18] +10.6s warp DSCF0575.RAF: bbox=(4454,356,6415,1687) 1961x1331
[15:54:18] +10.6s warp DSCF0568.RAF: bbox=(1381,159,3691,1679) 2310x1520
[15:54:18] +10.6s warp DSCF0567.RAF: bbox=(870,104,3323,1690) 2453x1586
[15:54:18] +10.6s warp DSCF0569.RAF: bbox=(1869,203,4063,1667) 2194x1464
[15:54:18] +10.7s warp DSCF0566.RAF: bbox=(0,0,2734,1694) 2734x1694
[15:54:19] +10.9s brightness gains=10 corner=0.659
[15:54:19] +10.9s Blending photos...
[15:54:19] +11.2s blend 1: window=3019x1694 tiles=1150
[15:54:19] +11.6s local moved kept=278 field=3.46 disagree 0.1927 -> 0.0823
[15:54:19] +11.6s seam grid 47x55 nodes=2380
[15:54:19] +11.6s seam grid 346x416 nodes=43314
[15:54:19] +11.8s seam refine nodes=43314
[15:54:19] +11.8s painted
[15:54:19] +11.8s mask blurred
[15:54:19] +11.9s pyramid gauss
[15:54:20] +12.0s pyramid expand
[15:54:20] +12.0s pasted
[15:54:20] +12.0s blended 1 keepA=0.51
[15:54:20] +12.0s blend 2: window=3125x1694 tiles=1175
[15:54:20] +12.4s local moved kept=284 field=4.27 disagree 0.2456 -> 0.1314
[15:54:20] +12.4s seam grid 47x56 nodes=2478
[15:54:20] +12.4s seam grid 353x425 nodes=40091
[15:54:20] +12.6s seam refine nodes=40091
[15:54:20] +12.6s painted
[15:54:20] +12.6s mask blurred
[15:54:20] +12.6s pyramid gauss
[15:54:20] +12.7s pyramid expand
[15:54:20] +12.7s pasted
[15:54:20] +12.7s blended 2 keepA=0.58
[15:54:20] +12.7s blend 3: window=2989x1694 tiles=1125
[15:54:21] +13.0s local moved kept=276 field=3.96 disagree 0.2465 -> 0.1079
[15:54:21] +13.1s seam grid 46x54 nodes=2339
[15:54:21] +13.1s seam grid 343x407 nodes=30666
[15:54:21] +13.2s seam refine nodes=30666
[15:54:21] +13.2s painted
[15:54:21] +13.2s mask blurred
[15:54:21] +13.3s pyramid gauss
[15:54:21] +13.4s pyramid expand
[15:54:21] +13.4s pasted
[15:54:21] +13.4s blended 3 keepA=0.61
[15:54:21] +13.4s blend 4: window=3218x1694 tiles=1225
[15:54:21] +13.7s local moved kept=324 field=5.18 disagree 0.2209 -> 0.1029
[15:54:21] +13.8s seam grid 49x58 nodes=2624
[15:54:21] +13.8s seam grid 365x440 nodes=40449
[15:54:22] +13.9s seam refine nodes=40449
[15:54:22] +13.9s painted
[15:54:22] +14.0s mask blurred
[15:54:22] +14.0s pyramid gauss
[15:54:22] +14.1s pyramid expand
[15:54:22] +14.1s pasted
[15:54:22] +14.1s blended 4 keepA=0.49
[15:54:22] +14.1s blend 5: window=3334x1694 tiles=1275
[15:54:22] +14.5s local moved kept=401 field=6.26 disagree 0.2208 -> 0.0907
[15:54:22] +14.5s seam grid 50x62 nodes=2850
[15:54:22] +14.5s seam grid 377x468 nodes=44704
[15:54:22] +14.7s seam refine nodes=44704
[15:54:22] +14.7s painted
[15:54:22] +14.7s mask blurred
[15:54:22] +14.8s pyramid gauss
[15:54:23] +14.9s pyramid expand
[15:54:23] +15.0s pasted
[15:54:23] +15.0s blended 5 keepA=0.76
[15:54:23] +15.0s blend 6: window=2839x1694 tiles=1075
[15:54:23] +15.2s local moved kept=267 field=4.63 disagree 0.3088 -> 0.1196
[15:54:23] +15.3s seam grid 45x53 nodes=2328
[15:54:23] +15.3s seam grid 334x395 nodes=30712
[15:54:23] +15.4s seam refine nodes=30712
[15:54:23] +15.4s painted
[15:54:23] +15.4s mask blurred
[15:54:23] +15.5s pyramid gauss
[15:54:23] +15.6s pyramid expand
[15:54:23] +15.6s pasted
[15:54:23] +15.6s blended 6 keepA=0.50
[15:54:23] +15.6s blend 7: window=3477x1694 tiles=1325
[15:54:24] +16.0s local moved kept=446 field=6.76 disagree 0.2296 -> 0.0997
[15:54:24] +16.0s seam grid 52x66 nodes=3124
[15:54:24] +16.0s seam grid 391x498 nodes=42069
[15:54:24] +16.1s seam refine nodes=42069
[15:54:24] +16.1s painted
[15:54:24] +16.1s mask blurred
[15:54:24] +16.2s pyramid gauss
[15:54:24] +16.3s pyramid expand
[15:54:24] +16.3s pasted
[15:54:24] +16.3s blended 7 keepA=0.58
[15:54:24] +16.3s blend 8: window=2473x1694 tiles=925
[15:54:24] +16.6s local moved kept=303 field=5.04 disagree 0.3377 -> 0.1250
[15:54:24] +16.7s seam grid 46x55 nodes=2404
[15:54:24] +16.7s seam grid 340x410 nodes=29717
[15:54:24] +16.7s seam refine nodes=29717
[15:54:24] +16.8s painted
[15:54:24] +16.8s mask blurred
[15:54:24] +16.8s pyramid gauss
[15:54:25] +16.9s pyramid expand
[15:54:25] +16.9s pasted
[15:54:25] +16.9s blended 8 keepA=0.61
[15:54:25] +16.9s blend 9: window=3246x1694 tiles=1225
[15:54:25] +17.3s local moved kept=416 field=8.17 disagree 0.2073 -> 0.0812
[15:54:25] +17.4s seam grid 54x63 nodes=3122
[15:54:25] +17.4s seam grid 403x479 nodes=51832
[15:54:25] +17.6s seam refine nodes=51832
[15:54:25] +17.6s painted
[15:54:25] +17.6s mask blurred
[15:54:25] +17.7s pyramid gauss
[15:54:25] +17.8s pyramid expand
[15:54:25] +17.8s pasted
[15:54:25] +17.8s blended 9 keepA=0.59
[15:54:25] +17.8s preview canvas perspective 6415x1694 shifts=9
[15:54:25] +17.8s time  preview=8.65s (solve+match 9.18s)
[15:54:26] +17.9s preview ready /home/dalibor/Projects/RapidRAW/lean_pano_proto/out/v36/DSCF0566/DSCF0566_preview.jpg
[15:54:26] +17.9s save started
[15:54:26] +17.9s develop jobs=4
[15:54:32] +24.3s developed DSCF0566.RAF 7728x5152 -> 1920x1280
[15:54:32] +24.3s developed DSCF0567.RAF 7728x5152 -> 1920x1280
[15:54:32] +24.3s developed DSCF0568.RAF 7728x5152 -> 1920x1280
[15:54:32] +24.3s developed DSCF0569.RAF 7728x5152 -> 1920x1280
[15:54:32] +24.3s developed DSCF0570.RAF 7728x5152 -> 1920x1280
[15:54:32] +24.3s developed DSCF0571.RAF 7728x5152 -> 1920x1280
[15:54:32] +24.3s developed DSCF0572.RAF 7728x5152 -> 1920x1280
[15:54:32] +24.3s developed DSCF0573.RAF 7728x5152 -> 1920x1280
[15:54:32] +24.3s developed DSCF0574.RAF 7728x5152 -> 1920x1280
[15:54:32] +24.3s developed DSCF0575.RAF 7728x5152 -> 1920x1280
[15:54:32] +24.3s time  develop=6.40s
[15:54:32] +24.4s scale raw=7728x5152 jpeg=4416x2944 x=1.7500 y=1.7500
[15:54:32] +24.4s Matching brightness...
[15:54:32] +24.4s canvas perspective 6415x1694
[15:54:32] +24.5s warp DSCF0570.RAF: bbox=(2354,242,4455,1656) 2101x1414
[15:54:32] +24.5s warp DSCF0575.RAF: bbox=(4454,356,6415,1687) 1961x1331
[15:54:32] +24.5s warp DSCF0571.RAF: bbox=(2808,281,4844,1654) 2036x1373
[15:54:32] +24.5s warp DSCF0568.RAF: bbox=(1381,159,3691,1679) 2310x1520
[15:54:32] +24.5s warp DSCF0572.RAF: bbox=(3233,310,5228,1654) 1995x1344
[15:54:32] +24.5s warp DSCF0569.RAF: bbox=(1869,203,4063,1667) 2194x1464
[15:54:32] +24.6s warp DSCF0574.RAF: bbox=(4088,355,6042,1677) 1954x1322
[15:54:32] +24.6s warp DSCF0573.RAF: bbox=(3651,324,5616,1652) 1965x1328
[15:54:32] +24.6s warp DSCF0567.RAF: bbox=(870,104,3323,1690) 2453x1586
[15:54:32] +24.6s warp DSCF0566.RAF: bbox=(0,0,2734,1694) 2734x1694
[15:54:32] +24.9s brightness gains=10 corner=0.636
[15:54:32] +24.9s Blending photos...
[15:54:33] +25.2s blend 1: window=3019x1694 tiles=1150
[15:54:33] +25.7s local moved kept=256 field=4.18 disagree 0.2697 -> 0.0997
[15:54:33] +25.7s seam grid 47x55 nodes=2381
[15:54:33] +25.7s seam grid 346x416 nodes=40235
[15:54:33] +25.9s seam refine nodes=40235
[15:54:33] +25.9s painted
[15:54:33] +25.9s mask blurred
[15:54:34] +26.0s pyramid gauss
[15:54:34] +26.2s pyramid expand
[15:54:34] +26.2s pasted
[15:54:34] +26.2s blended 1 keepA=0.53
[15:54:34] +26.2s blend 2: window=3125x1694 tiles=1175
[15:54:34] +26.5s local moved kept=273 field=5.25 disagree 0.2998 -> 0.1368
[15:54:34] +26.5s seam grid 47x56 nodes=2477
[15:54:34] +26.5s seam grid 353x425 nodes=36430
[15:54:34] +26.7s seam refine nodes=36430
[15:54:34] +26.7s painted
[15:54:34] +26.7s mask blurred
[15:54:34] +26.8s pyramid gauss
[15:54:34] +26.9s pyramid expand
[15:54:34] +26.9s pasted
[15:54:34] +26.9s blended 2 keepA=0.58
[15:54:34] +26.9s blend 3: window=2989x1694 tiles=1125
[15:54:35] +27.2s local moved kept=269 field=7.23 disagree 0.3401 -> 0.1564
[15:54:35] +27.2s seam grid 46x54 nodes=2341
[15:54:35] +27.2s seam grid 342x407 nodes=32665
[15:54:35] +27.4s seam refine nodes=32665
[15:54:35] +27.4s painted
[15:54:35] +27.4s mask blurred
[15:54:35] +27.5s pyramid gauss
[15:54:35] +27.6s pyramid expand
[15:54:35] +27.6s pasted
[15:54:35] +27.6s blended 3 keepA=0.60
[15:54:35] +27.6s blend 4: window=3218x1694 tiles=1225
[15:54:36] +27.9s local moved kept=319 field=9.25 disagree 0.3102 -> 0.1433
[15:54:36] +28.0s seam grid 49x58 nodes=2625
[15:54:36] +28.0s seam grid 365x440 nodes=35292
[15:54:36] +28.1s seam refine nodes=35292
[15:54:36] +28.1s painted
[15:54:36] +28.1s mask blurred
[15:54:36] +28.2s pyramid gauss
[15:54:36] +28.3s pyramid expand
[15:54:36] +28.3s pasted
[15:54:36] +28.3s blended 4 keepA=0.58
[15:54:36] +28.3s blend 5: window=3334x1694 tiles=1275
[15:54:36] +28.7s local moved kept=399 field=12.65 disagree 0.2979 -> 0.1543
[15:54:36] +28.7s seam grid 51x62 nodes=2850
[15:54:36] +28.7s seam grid 378x468 nodes=42591
[15:54:36] +28.9s seam refine nodes=42591
[15:54:36] +28.9s painted
[15:54:36] +28.9s mask blurred
[15:54:37] +29.0s pyramid gauss
[15:54:37] +29.1s pyramid expand
[15:54:37] +29.1s pasted
[15:54:37] +29.1s blended 5 keepA=0.65
[15:54:37] +29.1s blend 6: window=2839x1694 tiles=1075
[15:54:37] +29.4s local moved kept=272 field=10.03 disagree 0.3743 -> 0.1884
[15:54:37] +29.5s seam grid 45x53 nodes=2327
[15:54:37] +29.5s seam grid 334x395 nodes=31281
[15:54:37] +29.6s seam refine nodes=31281
[15:54:37] +29.6s painted
[15:54:37] +29.6s mask blurred
[15:54:37] +29.7s pyramid gauss
[15:54:37] +29.7s pyramid expand
[15:54:37] +29.7s pasted
[15:54:37] +29.7s blended 6 keepA=0.51
[15:54:37] +29.7s blend 7: window=3477x1694 tiles=1325
[15:54:38] +30.2s local moved kept=475 field=14.53 disagree 0.2912 -> 0.1484
[15:54:38] +30.2s seam grid 52x66 nodes=3124
[15:54:38] +30.2s seam grid 391x498 nodes=40875
[15:54:38] +30.4s seam refine nodes=40875
[15:54:38] +30.4s painted
[15:54:38] +30.4s mask blurred
[15:54:38] +30.5s pyramid gauss
[15:54:38] +30.6s pyramid expand
[15:54:38] +30.6s pasted
[15:54:38] +30.6s blended 7 keepA=0.57
[15:54:38] +30.6s blend 8: window=2473x1694 tiles=925
[15:54:39] +30.9s local moved kept=304 field=10.54 disagree 0.3832 -> 0.1824
[15:54:39] +31.0s seam grid 46x55 nodes=2404
[15:54:39] +31.0s seam grid 340x410 nodes=29082
[15:54:39] +31.0s seam refine nodes=29082
[15:54:39] +31.1s painted
[15:54:39] +31.1s mask blurred
[15:54:39] +31.1s pyramid gauss
[15:54:39] +31.2s pyramid expand
[15:54:39] +31.2s pasted
[15:54:39] +31.2s blended 8 keepA=0.61
[15:54:39] +31.2s blend 9: window=3246x1694 tiles=1225
[15:54:39] +31.6s local moved kept=426 field=15.72 disagree 0.3106 -> 0.1468
[15:54:39] +31.6s seam grid 54x63 nodes=3122
[15:54:39] +31.6s seam grid 403x479 nodes=48010
[15:54:39] +31.9s seam refine nodes=48010
[15:54:39] +31.9s painted
[15:54:39] +31.9s mask blurred
[15:54:40] +32.0s pyramid gauss
[15:54:40] +32.1s pyramid expand
[15:54:40] +32.1s pasted
[15:54:40] +32.1s blended 9 keepA=0.59
[15:54:40] +32.2s time  linear_photometry=7.80s
[15:54:40] +32.2s photometry source=second compose
[15:54:40] +32.2s save seam preview
[15:54:40] +32.2s save cut fullres
[15:54:40] +32.2s photometry gains=10
[15:54:40] +32.2s photo pedestal=0.002654 field_norm=2.012343 gains=[0.9964 1.0341 0.9594 0.9558 1.0073 0.9939 1.0517 0.9702 1.0317 1.0043]
[15:54:40] +32.2s save seam developed
[15:54:40] +32.2s canvas perspective 25820x6819
[15:54:40] +32.7s local align resolution 1/1
[15:54:40] +32.7s composite levels=6 pad=512
[15:54:40] +32.7s local alignment refine=false
[15:54:41] +33.8s warped DSCF0571.RAF straight
[15:54:43] +35.5s field n=0 const=[1.0000 1.0000 1.0000] peak=0.0000 gain=-0.1329 (rejected)
[15:54:43] +35.8s seam grid 171x206 nodes=34500
[15:54:44] +36.1s seam grid 1340x1621 nodes=130929
[15:54:45] +36.9s seam refine nodes=130929
[15:54:45] +37.0s painted
[15:54:45] +37.1s mask blurred
[15:54:45] +37.1s blendrect canvasx=12535..19974 canvasy=771..6819 window 9002x6057 at 12526,762
[15:54:47] +39.0s pyramid gauss
[15:54:48] +40.2s pyramid expand
[15:54:48] +40.3s blended
[15:54:48] +40.3s seam 1 window=9002x6057 keepA=0.35
[15:54:48] +40.3s warped DSCF0572.RAF nudged
[15:54:50] +42.2s field n=0 const=[1.0000 1.0000 1.0000] peak=0.0000 gain=-0.0967 (rejected)
[15:54:50] +42.5s seam grid 173x211 nodes=35958
[15:54:50] +42.9s seam grid 1369x1658 nodes=176748
[15:54:52] +44.3s seam refine nodes=176748
[15:54:52] +44.3s painted
[15:54:52] +44.4s mask blurred
[15:54:52] +44.5s blendrect canvasx=10825..18411 canvasy=655..6819 window 9428x6331 at 8988,488
[15:54:54] +46.4s pyramid gauss
[15:54:55] +47.6s pyramid expand
[15:54:55] +47.7s blended
[15:54:55] +47.7s seam 2 window=9428x6331 keepA=0.63
[15:54:55] +47.7s warped DSCF0570.RAF nudged
[15:54:57] +49.5s field n=0 const=[1.0000 1.0000 1.0000] peak=0.0000 gain=-0.0783 (rejected)
[15:54:57] +49.8s seam grid 169x202 nodes=33623
[15:54:58] +50.0s seam grid 1326x1586 nodes=137098
[15:54:59] +51.4s seam refine nodes=137098
[15:54:59] +51.4s painted
[15:54:59] +51.5s mask blurred
[15:54:59] +51.6s blendrect canvasx=14219..21520 canvasy=830..6819 window 8879x6000 at 14210,819
[15:55:01] +53.3s pyramid gauss
[15:55:02] +54.5s pyramid expand
[15:55:02] +54.6s blended
[15:55:02] +54.6s seam 3 window=8879x6000 keepA=0.75
[15:55:02] +54.6s warped DSCF0573.RAF nudged
[15:55:04] +56.7s field n=0 const=[1.0000 1.0000 1.0000] peak=0.0000 gain=-0.0636 (rejected)
[15:55:05] +57.1s seam grid 180x218 nodes=38305
[15:55:05] +57.4s seam grid 1417x1720 nodes=176481
[15:55:07] +59.0s seam refine nodes=176481
[15:55:07] +59.1s painted
[15:55:07] +59.2s mask blurred
[15:55:07] +59.3s blendrect canvasx=8997..16833 canvasy=497..6819 window 9805x6488 at 7035,331
[15:55:09] +61.3s pyramid gauss
[15:55:10] +62.6s pyramid expand
[15:55:10] +62.7s blended
[15:55:10] +62.7s seam 4 window=9805x6488 keepA=0.58
[15:55:10] +62.7s warped DSCF0569.RAF nudged
[15:55:12] +64.7s field n=0 const=[1.0000 1.0000 1.0000] peak=0.0000 gain=-0.0389 (rejected)
[15:55:13] +65.1s seam grid 187x233 nodes=41752
[15:55:13] +65.4s seam grid 1469x1834 nodes=185743
[15:55:15] +67.6s seam refine nodes=185743
[15:55:15] +67.6s painted
[15:55:15] +67.8s mask blurred
[15:55:15] +67.8s blendrect canvasx=7044..15336 canvasy=340..6819 window 10271x6667 at 5073,152
[15:55:18] +69.9s pyramid gauss
[15:55:19] +71.3s pyramid expand
[15:55:19] +71.5s blended
[15:55:19] +71.5s seam 5 window=10271x6667 keepA=0.68
[15:55:19] +71.5s warped DSCF0568.RAF nudged
[15:55:21] +73.2s field n=0 const=[1.0000 1.0000 1.0000] peak=0.0000 gain=-0.0735 (rejected)
[15:55:21] +73.5s seam grid 165x195 nodes=32165
[15:55:21] +73.8s seam grid 1294x1537 nodes=132089
[15:55:23] +75.2s seam refine nodes=132089
[15:55:23] +75.3s painted
[15:55:23] +75.4s mask blurred
[15:55:23] +75.4s blendrect canvasx=15978..23081 canvasy=966..6819 window 8835x5876 at 15969,943
[15:55:25] +77.1s pyramid gauss
[15:55:26] +78.1s pyramid expand
[15:55:26] +78.2s blended
[15:55:26] +78.2s seam 6 window=8835x5876 keepA=0.53
[15:55:26] +78.2s warped DSCF0574.RAF nudged
[15:55:28] +80.5s field n=0 const=[1.0000 1.0000 1.0000] peak=0.0000 gain=-0.0720 (rejected)
[15:55:28] +80.9s seam grid 194x248 nodes=45688
[15:55:29] +81.3s seam grid 1522x1954 nodes=209934
[15:55:31] +83.6s seam refine nodes=209934
[15:55:31] +83.6s painted
[15:55:31] +83.8s mask blurred
[15:55:31] +83.8s blendrect canvasx=5082..13854 canvasy=161..6819 window 10847x6819 at 3015,0
[15:55:34] +86.2s pyramid gauss
[15:55:35] +87.5s pyramid expand
[15:55:35] +87.7s blended
[15:55:35] +87.7s seam 7 window=10847x6819 keepA=0.73
[15:55:35] +87.7s warped DSCF0567.RAF nudged
[15:55:37] +89.4s field n=0 const=[1.0000 1.0000 1.0000] peak=0.0000 gain=-0.0918 (rejected)
[15:55:37] +89.7s seam grid 168x203 nodes=33987
[15:55:38] +90.0s seam grid 1320x1597 nodes=149666
[15:55:39] +91.7s seam refine nodes=149666
[15:55:39] +91.7s painted
[15:55:39] +91.8s mask blurred
[15:55:39] +91.9s blendrect canvasx=17452..24796 canvasy=983..6819 window 8377x5873 at 17443,946
[15:55:41] +93.6s pyramid gauss
[15:55:42] +94.7s pyramid expand
[15:55:42] +94.9s blended
[15:55:42] +94.9s seam 8 window=8377x5873 keepA=0.50
[15:55:42] +94.9s warped DSCF0575.RAF nudged
[15:55:45] +97.3s field n=0 const=[1.0000 1.0000 1.0000] peak=0.0000 gain=-0.0888 (rejected)
[15:55:45] +97.7s seam grid 200x238 nodes=45972
[15:55:46] +98.1s seam grid 1572x1876 nodes=198124
[15:55:48] +100.6s seam refine nodes=198124
[15:55:48] +100.6s painted
[15:55:48] +100.8s mask blurred
[15:55:48] +100.8s blendrect canvasx=3024..11484 canvasy=0..6819 window 11491x6819 at 0,0
[15:55:51] +103.2s pyramid gauss
[15:55:52] +104.6s pyramid expand
[15:55:52] +104.8s blended
[15:55:52] +104.8s seam 9 window=11491x6819 keepA=0.59
[15:55:52] +104.8s warped DSCF0566.RAF nudged
[15:55:52] +104.8s refined shifts seams=0 mean_abs_shift=0.000px max_abs_shift=0.000px
[15:55:52] +104.8s exposure gains applied 8
[15:55:53] +105.1s save encode 25414x4991
[15:56:02] +114.5s seam dump /home/dalibor/Projects/RapidRAW/lean_pano_proto/out/v36/DSCF0566/seams.txt
[15:56:02] +114.5s blend_stage extract=0.00s
[15:56:02] +114.5s blend_stage graphcut=20.99s
[15:56:02] +114.5s blend_stage mask_blur=1.26s
[15:56:02] +114.5s blend_stage pyr_blend=20.56s
[15:56:02] +114.5s boundary_step final: n=10829 median_step=3.40% p90=42.88%
[15:56:02] +114.5s blinds_flat  final: n=14308 median_step=1.66% p90=24.58%
[15:56:02] +114.5s woodline    final: n=9654 median_step=9.31% p90=62.45%
[15:56:02] +114.5s ghost_band   final: mean=0.647 keepA=0.59 cut_px=111677 swallowed=0
[15:56:02] +114.5s sharpness_lapvar final: 9.797216343053174
[15:56:02] +114.5s pano_mean_lum 0.05251934196958964 shadow_median 0.0362362340092659 canvas 25414x4991 levels=6 window_px=512
[15:56:02] +114.5s time  final blend=61.69s encode_tiff=1.18s metrics=6.98s photometry=4.14s step_metrics=0.09s warp=4.50s
[15:56:02] +114.5s time  total=114.50s
[15:56:02] +114.5s saved /home/dalibor/Projects/RapidRAW/lean_pano_proto/out/v36/DSCF0566/DSCF0566_Pano.tiff
