[05:20:00] +0.0s log /home/dalibor/Projects/RapidRAW/lean_pano_proto/out/v10/DSCF0578/DSCF0578_Pano.pano.log
[05:20:00] +0.0s merge started files=11
[05:20:01] +0.2s jpeg DSCF0578.RAF native 4416x2944 declared 4416x2944
[05:20:01] +0.4s jpeg DSCF0579.RAF native 4416x2944 declared 4416x2944
[05:20:01] +0.6s jpeg DSCF0580.RAF native 4416x2944 declared 4416x2944
[05:20:01] +0.7s jpeg DSCF0581.RAF native 4416x2944 declared 4416x2944
[05:20:01] +0.9s jpeg DSCF0582.RAF native 4416x2944 declared 4416x2944
[05:20:01] +1.1s jpeg DSCF0583.RAF native 4416x2944 declared 4416x2944
[05:20:02] +1.3s jpeg DSCF0584.RAF native 4416x2944 declared 4416x2944
[05:20:02] +1.5s jpeg DSCF0585.RAF native 4416x2944 declared 4416x2944
[05:20:02] +1.7s jpeg DSCF0586.RAF native 4416x2944 declared 4416x2944
[05:20:02] +1.9s jpeg DSCF0587.RAF native 4416x2944 declared 4416x2944
[05:20:02] +2.1s jpeg DSCF0588.RAF native 4416x2944 declared 4416x2944
[05:20:05] +4.2s points DSCF0578.RAF 1360
[05:20:05] +4.2s points DSCF0579.RAF 1604
[05:20:05] +4.2s points DSCF0580.RAF 1581
[05:20:05] +4.2s points DSCF0581.RAF 1419
[05:20:05] +4.2s points DSCF0582.RAF 1523
[05:20:05] +4.2s points DSCF0583.RAF 1208
[05:20:05] +4.2s points DSCF0584.RAF 1328
[05:20:05] +4.2s points DSCF0585.RAF 2429
[05:20:05] +4.2s points DSCF0586.RAF 3089
[05:20:05] +4.2s points DSCF0587.RAF 3582
[05:20:05] +4.2s points DSCF0588.RAF 3330
[05:20:05] +4.2s matching 19 neighbor pairs
[05:20:05] +4.4s match DSCF0578.RAF<->DSCF0579.RAF: 752 good
[05:20:05] +4.4s match DSCF0578.RAF<->DSCF0580.RAF: 529 good
[05:20:05] +4.4s match DSCF0579.RAF<->DSCF0580.RAF: 781 good
[05:20:05] +4.4s match DSCF0579.RAF<->DSCF0581.RAF: 499 good
[05:20:05] +4.4s match DSCF0580.RAF<->DSCF0581.RAF: 672 good
[05:20:05] +4.4s match DSCF0580.RAF<->DSCF0582.RAF: 472 good
[05:20:05] +4.4s match DSCF0581.RAF<->DSCF0582.RAF: 657 good
[05:20:05] +4.4s match DSCF0581.RAF<->DSCF0583.RAF: 427 good
[05:20:05] +4.4s match DSCF0582.RAF<->DSCF0583.RAF: 633 good
[05:20:05] +4.4s match DSCF0582.RAF<->DSCF0584.RAF: 478 good
[05:20:05] +4.4s match DSCF0583.RAF<->DSCF0584.RAF: 581 good
[05:20:05] +4.4s match DSCF0583.RAF<->DSCF0585.RAF: 431 good
[05:20:05] +4.4s match DSCF0584.RAF<->DSCF0585.RAF: 665 good
[05:20:05] +4.4s match DSCF0584.RAF<->DSCF0586.RAF: 454 good
[05:20:05] +4.4s match DSCF0585.RAF<->DSCF0586.RAF: 1050 good
[05:20:05] +4.4s match DSCF0585.RAF<->DSCF0587.RAF: 794 good
[05:20:05] +4.4s match DSCF0586.RAF<->DSCF0587.RAF: 1449 good
[05:20:05] +4.4s match DSCF0586.RAF<->DSCF0588.RAF: 1007 good
[05:20:05] +4.4s match DSCF0587.RAF<->DSCF0588.RAF: 1471 good
[05:20:05] +4.5s aligned kept=11 focal35=40.0 jpeg=4416x2944 points=4416x2944
[05:20:05] +4.5s lens crop=1.534 focal35=40.0 calib=1.529
[05:20:06] +5.9s sky target 0.1021
[05:20:06] +5.9s sky scale DSCF0578.RAF 4.313 median 0.0237
[05:20:06] +5.9s sky scale DSCF0579.RAF 1.948 median 0.0524
[05:20:06] +5.9s sky scale DSCF0580.RAF 1.321 median 0.0773
[05:20:06] +5.9s sky scale DSCF0581.RAF 1.024 median 0.0997
[05:20:06] +5.9s sky scale DSCF0582.RAF 0.857 median 0.1191
[05:20:06] +5.9s sky scale DSCF0583.RAF 0.927 median 0.1101
[05:20:06] +5.9s sky scale DSCF0584.RAF 0.846 median 0.1207
[05:20:06] +5.9s sky scale DSCF0585.RAF 0.705 median 0.1448
[05:20:06] +5.9s sky scale DSCF0586.RAF 0.719 median 0.1421
[05:20:06] +5.9s sky scale DSCF0587.RAF 1.000 median 0.1021
[05:20:06] +5.9s sky scale DSCF0588.RAF 1.161 median 0.0879
[05:20:06] +5.9s Matching brightness...
[05:20:06] +5.9s canvas cylindrical 5083x1340
[05:20:06] +6.1s warp DSCF0580.RAF: bbox=(525,22,2394,1332) 1869x1310
[05:20:06] +6.1s warp DSCF0583.RAF: bbox=(1498,54,3323,1340) 1825x1286
[05:20:06] +6.1s warp DSCF0581.RAF: bbox=(790,33,2645,1333) 1855x1300
[05:20:06] +6.1s warp DSCF0588.RAF: bbox=(3209,0,5083,1313) 1874x1313
[05:20:06] +6.1s warp DSCF0586.RAF: bbox=(2497,15,4348,1313) 1851x1298
[05:20:06] +6.1s warp DSCF0585.RAF: bbox=(2167,39,4002,1333) 1835x1294
[05:20:06] +6.1s warp DSCF0579.RAF: bbox=(253,15,2125,1326) 1872x1311
[05:20:06] +6.1s warp DSCF0584.RAF: bbox=(1799,49,3622,1340) 1823x1291
[05:20:06] +6.1s warp DSCF0582.RAF: bbox=(1120,53,2960,1340) 1840x1287
[05:20:06] +6.1s warp DSCF0578.RAF: bbox=(0,13,1866,1327) 1866x1314
[05:20:06] +6.1s warp DSCF0587.RAF: bbox=(2835,0,4706,1306) 1871x1306
[05:20:07] +6.4s brightness gains=11 corner=0.805
[05:20:07] +6.4s Blending photos...
[05:20:07] +6.6s blend 1: window=2847x1340 tiles=817
[05:20:07] +6.8s local moved kept=151 field=4.63 disagree 0.0472 -> 0.0338
[05:20:07] +6.9s seam grid 44x53 nodes=2190
[05:20:07] +6.9s seam grid 328x394 nodes=25339
[05:20:07] +6.9s seam refine nodes=25339
[05:20:07] +6.9s painted
[05:20:07] +6.9s mask blurred
[05:20:07] +7.0s pyramid gauss
[05:20:07] +7.0s pyramid expand
[05:20:07] +7.0s pasted
[05:20:07] +7.0s blended 1 keepA=0.50
[05:20:07] +7.0s blend 2: window=2864x1340 tiles=817
[05:20:08] +7.2s local moved kept=139 field=4.57 disagree 0.0856 -> 0.0704
[05:20:08] +7.3s seam grid 44x51 nodes=2135
[05:20:08] +7.3s seam grid 328x378 nodes=24938
[05:20:08] +7.3s seam refine nodes=24938
[05:20:08] +7.3s painted
[05:20:08] +7.3s mask blurred
[05:20:08] +7.4s pyramid gauss
[05:20:08] +7.4s pyramid expand
[05:20:08] +7.4s pasted
[05:20:08] +7.4s blended 2 keepA=0.50
[05:20:08] +7.4s blend 3: window=2859x1340 tiles=817
[05:20:08] +7.5s local copied sparse
[05:20:08] +7.5s seam grid 44x50 nodes=2080
[05:20:08] +7.5s seam grid 329x377 nodes=25153
[05:20:08] +7.5s seam refine nodes=25153
[05:20:08] +7.5s painted
[05:20:08] +7.5s mask blurred
[05:20:08] +7.6s pyramid gauss
[05:20:08] +7.6s pyramid expand
[05:20:08] +7.6s pasted
[05:20:08] +7.6s blended 3 keepA=0.50
[05:20:08] +7.6s blend 4: window=2879x1340 tiles=817
[05:20:08] +7.9s local moved kept=145 field=6.61 disagree 0.0921 -> 0.0742
[05:20:08] +7.9s seam grid 44x53 nodes=2199
[05:20:08] +7.9s seam grid 329x394 nodes=27715
[05:20:08] +8.0s seam refine nodes=27715
[05:20:08] +8.0s painted
[05:20:08] +8.0s mask blurred
[05:20:08] +8.0s pyramid gauss
[05:20:08] +8.1s pyramid expand
[05:20:08] +8.1s pasted
[05:20:08] +8.1s blended 4 keepA=0.49
[05:20:08] +8.1s blend 5: window=2893x1340 tiles=836
[05:20:09] +8.3s local moved kept=195 field=8.11 disagree 0.0877 -> 0.0569
[05:20:09] +8.3s seam grid 45x55 nodes=2297
[05:20:09] +8.3s seam grid 334x414 nodes=28482
[05:20:09] +8.4s seam refine nodes=28482
[05:20:09] +8.4s painted
[05:20:09] +8.4s mask blurred
[05:20:09] +8.5s pyramid gauss
[05:20:09] +8.5s pyramid expand
[05:20:09] +8.5s pasted
[05:20:09] +8.5s blended 5 keepA=0.50
[05:20:09] +8.5s blend 6: window=2875x1340 tiles=817
[05:20:09] +8.7s local moved kept=117 field=2.14 disagree 0.0754 -> 0.0614
[05:20:09] +8.8s seam grid 45x52 nodes=2171
[05:20:09] +8.8s seam grid 331x389 nodes=31900
[05:20:09] +8.9s seam refine nodes=31900
[05:20:09] +8.9s painted
[05:20:09] +8.9s mask blurred
[05:20:09] +8.9s pyramid gauss
[05:20:09] +9.0s pyramid expand
[05:20:09] +9.0s pasted
[05:20:09] +9.0s blended 6 keepA=0.60
[05:20:09] +9.0s blend 7: window=2637x1340 tiles=760
[05:20:10] +9.2s local moved kept=214 field=7.85 disagree 0.1091 -> 0.0713
[05:20:10] +9.3s seam grid 45x55 nodes=2297
[05:20:10] +9.3s seam grid 336x412 nodes=29775
[05:20:10] +9.3s seam refine nodes=29775
[05:20:10] +9.3s painted
[05:20:10] +9.3s mask blurred
[05:20:10] +9.4s pyramid gauss
[05:20:10] +9.4s pyramid expand
[05:20:10] +9.4s pasted
[05:20:10] +9.4s blended 7 keepA=0.51
[05:20:10] +9.4s blend 8: window=2760x1340 tiles=798
[05:20:10] +9.7s local moved kept=135 field=4.57 disagree 0.0831 -> 0.0581
[05:20:10] +9.7s seam grid 45x52 nodes=2171
[05:20:10] +9.7s seam grid 334x390 nodes=25956
[05:20:10] +9.7s seam refine nodes=25956
[05:20:10] +9.7s painted
[05:20:10] +9.7s mask blurred
[05:20:10] +9.8s pyramid gauss
[05:20:10] +9.8s pyramid expand
[05:20:10] +9.9s pasted
[05:20:10] +9.9s blended 8 keepA=0.50
[05:20:10] +9.9s blend 9: window=2378x1340 tiles=684
[05:20:10] +10.1s local moved kept=185 field=9.26 disagree 0.1377 -> 0.0953
[05:20:10] +10.1s seam grid 45x55 nodes=2305
[05:20:10] +10.1s seam grid 336x415 nodes=28987
[05:20:11] +10.2s seam refine nodes=28987
[05:20:11] +10.2s painted
[05:20:11] +10.2s mask blurred
[05:20:11] +10.3s pyramid gauss
[05:20:11] +10.3s pyramid expand
[05:20:11] +10.3s pasted
[05:20:11] +10.3s blended 9 keepA=0.51
[05:20:11] +10.3s blend 10: window=2386x1340 tiles=684
[05:20:11] +10.5s local moved kept=123 field=2.90 disagree 0.0904 -> 0.0715
[05:20:11] +10.5s seam grid 45x52 nodes=2168
[05:20:11] +10.6s seam grid 335x387 nodes=25985
[05:20:11] +10.6s seam refine nodes=25985
[05:20:11] +10.6s painted
[05:20:11] +10.6s mask blurred
[05:20:11] +10.7s pyramid gauss
[05:20:11] +10.7s pyramid expand
[05:20:11] +10.7s pasted
[05:20:11] +10.7s blended 10 keepA=0.49
[05:20:11] +10.7s preview canvas cylindrical 5083x1340 shifts=10
[05:20:11] +10.8s preview ready /home/dalibor/Projects/RapidRAW/lean_pano_proto/out/v10/DSCF0578/DSCF0578_preview.jpg
[05:20:11] +10.8s save started
[05:20:13] +12.5s developed DSCF0578.RAF 7728x5152 -> 1920x1280
[05:20:14] +14.1s developed DSCF0579.RAF 7728x5152 -> 1920x1280
[05:20:16] +15.7s developed DSCF0580.RAF 7728x5152 -> 1920x1280
[05:20:18] +17.4s developed DSCF0581.RAF 7728x5152 -> 1920x1280
[05:20:19] +19.1s developed DSCF0582.RAF 7728x5152 -> 1920x1280
[05:20:21] +20.7s developed DSCF0583.RAF 7728x5152 -> 1920x1280
[05:20:23] +22.3s developed DSCF0584.RAF 7728x5152 -> 1920x1280
[05:20:24] +24.0s developed DSCF0585.RAF 7728x5152 -> 1920x1280
[05:20:26] +25.7s developed DSCF0586.RAF 7728x5152 -> 1920x1280
[05:20:28] +27.4s developed DSCF0587.RAF 7728x5152 -> 1920x1280
[05:20:29] +29.1s developed DSCF0588.RAF 7728x5152 -> 1920x1280
[05:20:29] +29.1s scale raw=7728x5152 jpeg=4416x2944 x=1.7500 y=1.7500
[05:20:29] +29.1s Matching brightness...
[05:20:29] +29.1s canvas cylindrical 5083x1340
[05:20:30] +29.3s warp DSCF0582.RAF: bbox=(1120,53,2960,1340) 1840x1287
[05:20:30] +29.3s warp DSCF0580.RAF: bbox=(525,22,2394,1332) 1869x1310
[05:20:30] +29.3s warp DSCF0586.RAF: bbox=(2497,15,4348,1313) 1851x1298
[05:20:30] +29.3s warp DSCF0583.RAF: bbox=(1498,54,3323,1340) 1825x1286
[05:20:30] +29.3s warp DSCF0581.RAF: bbox=(790,33,2645,1333) 1855x1300
[05:20:30] +29.3s warp DSCF0588.RAF: bbox=(3209,0,5083,1313) 1874x1313
[05:20:30] +29.3s warp DSCF0578.RAF: bbox=(0,13,1866,1327) 1866x1314
[05:20:30] +29.3s warp DSCF0585.RAF: bbox=(2167,39,4002,1333) 1835x1294
[05:20:30] +29.3s warp DSCF0587.RAF: bbox=(2835,0,4706,1306) 1871x1306
[05:20:30] +29.3s warp DSCF0579.RAF: bbox=(253,15,2125,1326) 1872x1311
[05:20:30] +29.4s warp DSCF0584.RAF: bbox=(1799,49,3622,1340) 1823x1291
[05:20:30] +29.6s brightness gains=11 corner=0.865
[05:20:30] +29.6s Blending photos...
[05:20:30] +29.8s blend 1: window=2847x1340 tiles=817
[05:20:30] +30.1s local moved kept=170 field=3.16 disagree 0.0459 -> 0.0271
[05:20:30] +30.1s seam grid 44x53 nodes=2189
[05:20:30] +30.1s seam grid 328x394 nodes=26333
[05:20:31] +30.2s seam refine nodes=26333
[05:20:31] +30.2s painted
[05:20:31] +30.2s mask blurred
[05:20:31] +30.2s pyramid gauss
[05:20:31] +30.3s pyramid expand
[05:20:31] +30.3s pasted
[05:20:31] +30.3s blended 1 keepA=0.50
[05:20:31] +30.3s blend 2: window=2864x1340 tiles=817
[05:20:31] +30.5s local moved kept=165 field=4.57 disagree 0.0851 -> 0.0599
[05:20:31] +30.5s seam grid 44x51 nodes=2135
[05:20:31] +30.5s seam grid 328x378 nodes=25199
[05:20:31] +30.6s seam refine nodes=25199
[05:20:31] +30.6s painted
[05:20:31] +30.6s mask blurred
[05:20:31] +30.7s pyramid gauss
[05:20:31] +30.7s pyramid expand
[05:20:31] +30.7s pasted
[05:20:31] +30.7s blended 2 keepA=0.50
[05:20:31] +30.7s blend 3: window=2859x1340 tiles=817
[05:20:31] +31.0s local moved kept=154 field=5.06 disagree 0.0708 -> 0.0469
[05:20:31] +31.0s seam grid 44x50 nodes=2079
[05:20:31] +31.0s seam grid 329x377 nodes=25437
[05:20:31] +31.0s seam refine nodes=25437
[05:20:31] +31.0s painted
[05:20:31] +31.0s mask blurred
[05:20:31] +31.1s pyramid gauss
[05:20:31] +31.1s pyramid expand
[05:20:31] +31.1s pasted
[05:20:31] +31.1s blended 3 keepA=0.50
[05:20:31] +31.1s blend 4: window=2879x1340 tiles=817
[05:20:32] +31.4s local moved kept=197 field=5.13 disagree 0.0757 -> 0.0443
[05:20:32] +31.4s seam grid 44x53 nodes=2199
[05:20:32] +31.4s seam grid 329x394 nodes=25914
[05:20:32] +31.5s seam refine nodes=25914
[05:20:32] +31.5s painted
[05:20:32] +31.5s mask blurred
[05:20:32] +31.5s pyramid gauss
[05:20:32] +31.6s pyramid expand
[05:20:32] +31.6s pasted
[05:20:32] +31.6s blended 4 keepA=0.48
[05:20:32] +31.6s blend 5: window=2893x1340 tiles=836
[05:20:32] +31.8s local moved kept=245 field=5.20 disagree 0.0637 -> 0.0319
[05:20:32] +31.8s seam grid 45x55 nodes=2295
[05:20:32] +31.9s seam grid 334x414 nodes=26891
[05:20:32] +31.9s seam refine nodes=26891
[05:20:32] +31.9s painted
[05:20:32] +31.9s mask blurred
[05:20:32] +32.0s pyramid gauss
[05:20:32] +32.0s pyramid expand
[05:20:32] +32.0s pasted
[05:20:32] +32.0s blended 5 keepA=0.49
[05:20:32] +32.0s blend 6: window=2875x1340 tiles=817
[05:20:33] +32.3s local moved kept=157 field=4.16 disagree 0.0831 -> 0.0484
[05:20:33] +32.3s seam grid 45x52 nodes=2171
[05:20:33] +32.3s seam grid 331x389 nodes=29976
[05:20:33] +32.3s seam refine nodes=29976
[05:20:33] +32.3s painted
[05:20:33] +32.4s mask blurred
[05:20:33] +32.4s pyramid gauss
[05:20:33] +32.4s pyramid expand
[05:20:33] +32.5s pasted
[05:20:33] +32.5s blended 6 keepA=0.50
[05:20:33] +32.5s blend 7: window=2637x1340 tiles=760
[05:20:33] +32.7s local moved kept=255 field=5.03 disagree 0.0742 -> 0.0360
[05:20:33] +32.7s seam grid 45x55 nodes=2297
[05:20:33] +32.7s seam grid 336x413 nodes=30159
[05:20:33] +32.8s seam refine nodes=30159
[05:20:33] +32.8s painted
[05:20:33] +32.8s mask blurred
[05:20:33] +32.9s pyramid gauss
[05:20:33] +32.9s pyramid expand
[05:20:33] +32.9s pasted
[05:20:33] +32.9s blended 7 keepA=0.56
[05:20:33] +32.9s blend 8: window=2760x1340 tiles=798
[05:20:33] +33.1s local moved kept=154 field=4.90 disagree 0.0723 -> 0.0333
[05:20:34] +33.2s seam grid 45x52 nodes=2171
[05:20:34] +33.2s seam grid 334x390 nodes=25743
[05:20:34] +33.2s seam refine nodes=25743
[05:20:34] +33.2s painted
[05:20:34] +33.2s mask blurred
[05:20:34] +33.3s pyramid gauss
[05:20:34] +33.3s pyramid expand
[05:20:34] +33.3s pasted
[05:20:34] +33.3s blended 8 keepA=0.50
[05:20:34] +33.3s blend 9: window=2378x1340 tiles=684
[05:20:34] +33.4s local copied sparse
[05:20:34] +33.4s seam grid 45x55 nodes=2305
[05:20:34] +33.4s seam grid 336x416 nodes=32559
[05:20:34] +33.5s seam refine nodes=32559
[05:20:34] +33.5s painted
[05:20:34] +33.5s mask blurred
[05:20:34] +33.5s pyramid gauss
[05:20:34] +33.5s pyramid expand
[05:20:34] +33.6s pasted
[05:20:34] +33.6s blended 9 keepA=0.57
[05:20:34] +33.6s blend 10: window=2386x1340 tiles=684
[05:20:34] +33.8s local moved kept=151 field=4.77 disagree 0.0591 -> 0.0328
[05:20:34] +33.8s seam grid 45x52 nodes=2167
[05:20:34] +33.8s seam grid 335x387 nodes=25576
[05:20:34] +33.9s seam refine nodes=25576
[05:20:34] +33.9s painted
[05:20:34] +33.9s mask blurred
[05:20:34] +33.9s pyramid gauss
[05:20:34] +33.9s pyramid expand
[05:20:34] +33.9s pasted
[05:20:34] +33.9s blended 10 keepA=0.49
[05:20:34] +34.0s save seam developed
[05:20:34] +34.0s linear gains=11
[05:20:34] +34.0s canvas cylindrical 20458x5390
[05:20:35] +34.9s warped DSCF0583.RAF straight
[05:20:36] +36.1s pyramid gauss
[05:20:37] +36.3s pyramid expand
[05:20:37] +36.3s seam strip 1 2471x5207 blur=4
[05:20:37] +36.3s warped DSCF0584.RAF nudged
[05:20:38] +37.5s pyramid gauss
[05:20:38] +37.7s pyramid expand
[05:20:38] +37.8s seam strip 2 2758x5191 blur=4
[05:20:38] +37.8s warped DSCF0582.RAF nudged
[05:20:39] +39.0s pyramid gauss
[05:20:40] +39.3s pyramid expand
[05:20:40] +39.3s seam strip 3 3240x5225 blur=4
[05:20:40] +39.3s warped DSCF0585.RAF nudged
[05:20:41] +40.5s pyramid gauss
[05:20:41] +40.7s pyramid expand
[05:20:41] +40.7s seam strip 4 2271x5258 blur=4
[05:20:41] +40.7s warped DSCF0581.RAF nudged
[05:20:42] +41.9s pyramid gauss
[05:20:43] +42.2s pyramid expand
[05:20:43] +42.2s seam strip 5 2882x5306 blur=4
[05:20:43] +42.2s warped DSCF0580.RAF nudged
[05:20:44] +43.4s pyramid gauss
[05:20:44] +43.6s pyramid expand
[05:20:44] +43.7s seam strip 6 2709x4980 blur=4
[05:20:44] +43.7s warped DSCF0586.RAF nudged
[05:20:45] +45.0s pyramid gauss
[05:20:46] +45.2s pyramid expand
[05:20:46] +45.3s seam strip 7 3369x5314 blur=4
[05:20:46] +45.3s warped DSCF0579.RAF nudged
[05:20:47] +46.5s pyramid gauss
[05:20:47] +46.7s pyramid expand
[05:20:47] +46.7s seam strip 8 2793x5010 blur=4
[05:20:47] +46.7s warped DSCF0587.RAF nudged
[05:20:48] +48.0s pyramid gauss
[05:20:49] +48.2s pyramid expand
[05:20:49] +48.3s seam strip 9 3260x5322 blur=4
[05:20:49] +48.3s warped DSCF0578.RAF straight
[05:20:50] +49.6s pyramid gauss
[05:20:50] +49.8s pyramid expand
[05:20:50] +49.8s seam strip 10 3176x5304 blur=4
[05:20:50] +49.8s warped DSCF0588.RAF nudged
[05:20:51] +50.2s save encode 19842x4473
[05:20:53] +52.7s saved /home/dalibor/Projects/RapidRAW/lean_pano_proto/out/v10/DSCF0578/DSCF0578_Pano.tiff
