[12:53:57] +0.0s log /home/dalibor/Projects/RapidRAW/lean_pano_proto/out/v34/DSCF8425/DSCF8425_Pano.pano.log
[12:53:57] +0.0s merge started files=5
[12:53:58] +0.2s jpeg DSCF8425.RAF native 4416x2944 declared 4416x2944
[12:53:58] +0.4s jpeg DSCF8426.RAF native 4416x2944 declared 4416x2944
[12:53:58] +0.5s jpeg DSCF8427.RAF native 4416x2944 declared 4416x2944
[12:53:58] +0.7s jpeg DSCF8428.RAF native 4416x2944 declared 4416x2944
[12:53:58] +0.9s jpeg DSCF8429.RAF native 4416x2944 declared 4416x2944
[12:54:00] +2.4s points DSCF8425.RAF 11967
[12:54:00] +2.4s points DSCF8426.RAF 11974
[12:54:00] +2.4s points DSCF8427.RAF 11522
[12:54:00] +2.4s points DSCF8428.RAF 11130
[12:54:00] +2.4s points DSCF8429.RAF 11611
[12:54:03] +5.8s match DSCF8425.RAF<->DSCF8426.RAF: 6136 good
[12:54:03] +5.8s match DSCF8425.RAF<->DSCF8427.RAF: 4485 good
[12:54:03] +5.8s match DSCF8425.RAF<->DSCF8428.RAF: 3355 good
[12:54:03] +5.8s match DSCF8425.RAF<->DSCF8429.RAF: 2456 good
[12:54:03] +5.8s match DSCF8426.RAF<->DSCF8427.RAF: 6017 good
[12:54:03] +5.8s match DSCF8426.RAF<->DSCF8428.RAF: 4547 good
[12:54:03] +5.8s match DSCF8426.RAF<->DSCF8429.RAF: 3540 good
[12:54:03] +5.8s match DSCF8427.RAF<->DSCF8428.RAF: 6026 good
[12:54:03] +5.8s match DSCF8427.RAF<->DSCF8429.RAF: 4763 good
[12:54:03] +5.8s match DSCF8428.RAF<->DSCF8429.RAF: 6136 good
[12:54:04] +6.2s aligned kept=5 focal35=79.0 jpeg=4416x2944 points=4416x2944
[12:54:04] +6.2s lens crop=1.534 focal35=79.0 calib=1.529
[12:54:04] +6.8s sky target 0.3677
[12:54:04] +6.8s sky scale DSCF8425.RAF 1.000 median 0.3677
[12:54:04] +6.8s sky scale DSCF8426.RAF 1.022 median 0.3598
[12:54:04] +6.8s sky scale DSCF8427.RAF 1.001 median 0.3674
[12:54:04] +6.8s sky scale DSCF8428.RAF 0.976 median 0.3767
[12:54:04] +6.8s sky scale DSCF8429.RAF 0.891 median 0.4127
[12:54:04] +6.8s Matching brightness...
[12:54:04] +6.8s canvas perspective 3322x1389
[12:54:04] +6.9s warp DSCF8426.RAF: bbox=(456,21,2437,1372) 1981x1351
[12:54:04] +7.0s warp DSCF8427.RAF: bbox=(806,36,2754,1354) 1948x1318
[12:54:04] +7.0s warp DSCF8428.RAF: bbox=(1096,40,3037,1343) 1941x1303
[12:54:04] +7.0s warp DSCF8429.RAF: bbox=(1380,36,3322,1355) 1942x1319
[12:54:04] +7.0s warp DSCF8425.RAF: bbox=(0,0,2044,1389) 2044x1389
[12:54:04] +7.1s brightness gains=5 corner=0.875
[12:54:04] +7.1s Blending photos...
[12:54:05] +7.2s blend 1: window=2738x1389 tiles=820
[12:54:05] +7.5s local moved kept=290 field=1.86 disagree 0.0764 -> 0.0532
[12:54:05] +7.5s seam grid 46x57 nodes=2446
[12:54:05] +7.5s seam grid 338x427 nodes=26275
[12:54:05] +7.6s seam refine nodes=26275
[12:54:05] +7.6s painted
[12:54:05] +7.6s mask blurred
[12:54:05] +7.7s pyramid gauss
[12:54:05] +7.8s pyramid expand
[12:54:05] +7.8s pasted
[12:54:05] +7.8s blended 1 keepA=0.50
[12:54:05] +7.8s blend 2: window=2949x1389 tiles=900
[12:54:05] +8.0s local moved kept=285 field=2.35 disagree 0.1179 -> 0.0880
[12:54:05] +8.0s seam grid 46x56 nodes=2371
[12:54:05] +8.1s seam grid 342x421 nodes=28448
[12:54:06] +8.1s seam refine nodes=28448
[12:54:06] +8.1s painted
[12:54:06] +8.1s mask blurred
[12:54:06] +8.2s pyramid gauss
[12:54:06] +8.3s pyramid expand
[12:54:06] +8.3s pasted
[12:54:06] +8.3s blended 2 keepA=0.49
[12:54:06] +8.3s blend 3: window=2454x1389 tiles=740
[12:54:06] +8.6s local moved kept=273 field=2.87 disagree 0.1181 -> 0.0826
[12:54:06] +8.6s seam grid 46x57 nodes=2432
[12:54:06] +8.6s seam grid 340x427 nodes=36489
[12:54:06] +8.7s seam refine nodes=36489
[12:54:06] +8.7s painted
[12:54:06] +8.7s mask blurred
[12:54:06] +8.8s pyramid gauss
[12:54:06] +8.9s pyramid expand
[12:54:06] +8.9s pasted
[12:54:06] +8.9s blended 3 keepA=0.68
[12:54:06] +8.9s blend 4: window=2556x1389 tiles=760
[12:54:07] +9.2s local moved kept=290 field=3.16 disagree 0.1372 -> 0.0902
[12:54:07] +9.2s seam grid 47x55 nodes=2370
[12:54:07] +9.2s seam grid 348x410 nodes=32823
[12:54:07] +9.3s seam refine nodes=32823
[12:54:07] +9.3s painted
[12:54:07] +9.3s mask blurred
[12:54:07] +9.4s pyramid gauss
[12:54:07] +9.4s pyramid expand
[12:54:07] +9.4s pasted
[12:54:07] +9.4s blended 4 keepA=0.50
[12:54:07] +9.4s preview canvas perspective 3322x1389 shifts=4
[12:54:07] +9.4s time  preview=3.26s (solve+match 6.18s)
[12:54:07] +9.5s preview ready /home/dalibor/Projects/RapidRAW/lean_pano_proto/out/v34/DSCF8425/DSCF8425_preview.jpg
[12:54:07] +9.5s save started
[12:54:07] +9.5s develop jobs=4
[12:54:11] +13.3s developed DSCF8425.RAF 7728x5152 -> 1920x1280
[12:54:11] +13.3s developed DSCF8426.RAF 7728x5152 -> 1920x1280
[12:54:11] +13.3s developed DSCF8427.RAF 7728x5152 -> 1920x1280
[12:54:11] +13.3s developed DSCF8428.RAF 7728x5152 -> 1920x1280
[12:54:11] +13.3s developed DSCF8429.RAF 7728x5152 -> 1920x1280
[12:54:11] +13.3s time  develop=3.74s
[12:54:11] +13.3s scale raw=7728x5152 jpeg=4416x2944 x=1.7500 y=1.7500
[12:54:11] +13.3s Matching brightness...
[12:54:11] +13.3s canvas perspective 3322x1389
[12:54:11] +13.5s warp DSCF8426.RAF: bbox=(456,21,2437,1372) 1981x1351
[12:54:11] +13.5s warp DSCF8427.RAF: bbox=(806,36,2754,1354) 1948x1318
[12:54:11] +13.5s warp DSCF8429.RAF: bbox=(1380,36,3322,1355) 1942x1319
[12:54:11] +13.5s warp DSCF8425.RAF: bbox=(0,0,2044,1389) 2044x1389
[12:54:11] +13.6s warp DSCF8428.RAF: bbox=(1096,40,3037,1343) 1941x1303
[12:54:11] +13.7s brightness gains=5 corner=0.869
[12:54:11] +13.7s Blending photos...
[12:54:11] +13.8s blend 1: window=2738x1389 tiles=820
[12:54:12] +14.1s local moved kept=214 field=3.18 disagree 0.1063 -> 0.0463
[12:54:12] +14.2s seam grid 46x57 nodes=2446
[12:54:12] +14.2s seam grid 338x427 nodes=25654
[12:54:12] +14.2s seam refine nodes=25654
[12:54:12] +14.2s painted
[12:54:12] +14.2s mask blurred
[12:54:12] +14.3s pyramid gauss
[12:54:12] +14.4s pyramid expand
[12:54:12] +14.4s pasted
[12:54:12] +14.4s blended 1 keepA=0.50
[12:54:12] +14.4s blend 2: window=2949x1389 tiles=900
[12:54:12] +14.7s local moved kept=216 field=3.99 disagree 0.1383 -> 0.0739
[12:54:12] +14.7s seam grid 46x56 nodes=2371
[12:54:12] +14.7s seam grid 342x421 nodes=26337
[12:54:12] +14.8s seam refine nodes=26337
[12:54:12] +14.8s painted
[12:54:12] +14.8s mask blurred
[12:54:12] +14.8s pyramid gauss
[12:54:12] +14.9s pyramid expand
[12:54:12] +14.9s pasted
[12:54:12] +14.9s blended 2 keepA=0.48
[12:54:12] +14.9s blend 3: window=2454x1389 tiles=740
[12:54:13] +15.2s local moved kept=218 field=5.72 disagree 0.1420 -> 0.0776
[12:54:13] +15.2s seam grid 46x57 nodes=2433
[12:54:13] +15.2s seam grid 339x427 nodes=37858
[12:54:13] +15.3s seam refine nodes=37858
[12:54:13] +15.3s painted
[12:54:13] +15.3s mask blurred
[12:54:13] +15.4s pyramid gauss
[12:54:13] +15.5s pyramid expand
[12:54:13] +15.5s pasted
[12:54:13] +15.5s blended 3 keepA=0.51
[12:54:13] +15.5s blend 4: window=2556x1389 tiles=760
[12:54:13] +15.8s local moved kept=253 field=7.03 disagree 0.1623 -> 0.0828
[12:54:13] +15.8s seam grid 47x55 nodes=2370
[12:54:13] +15.8s seam grid 348x410 nodes=26034
[12:54:13] +15.8s seam refine nodes=26034
[12:54:13] +15.8s painted
[12:54:13] +15.8s mask blurred
[12:54:13] +15.9s pyramid gauss
[12:54:13] +16.0s pyramid expand
[12:54:13] +16.0s pasted
[12:54:13] +16.0s blended 4 keepA=0.49
[12:54:13] +16.0s time  linear_photometry=2.65s
[12:54:13] +16.0s photometry source=second compose
[12:54:13] +16.0s save seam preview
[12:54:13] +16.0s save cut fullres
[12:54:13] +16.0s photometry gains=5
[12:54:13] +16.0s photo pedestal=0.005473 field_norm=0.239439 gains=[1.0113 0.9997 0.9840 1.0077 0.9975]
[12:54:13] +16.0s save seam developed
[12:54:13] +16.0s canvas perspective 13371x5591
[12:54:14] +16.2s local align resolution 1/1
[12:54:14] +16.2s composite levels=6 pad=512
[12:54:14] +16.2s local alignment refine=false
[12:54:15] +17.2s warped DSCF8427.RAF straight
[12:54:16] +18.8s field n=0 const=[1.0000 1.0000 1.0000] peak=0.0000 gain=-0.1076 (rejected)
[12:54:16] +19.1s seam grid 167x212 nodes=34885
[12:54:17] +19.2s seam grid 1309x1668 nodes=103188
[12:54:17] +19.6s seam refine nodes=103188
[12:54:17] +19.6s painted
[12:54:17] +19.7s mask blurred
[12:54:19] +21.3s pyramid gauss
[12:54:20] +22.3s pyramid expand
[12:54:20] +22.4s blended
[12:54:20] +22.4s seam 1 window=8786x5591 keepA=0.50
[12:54:20] +22.4s warped DSCF8428.RAF nudged
[12:54:22] +24.2s field n=0 const=[1.0000 1.0000 1.0000] peak=0.0000 gain=-0.0578 (rejected)
[12:54:22] +24.5s seam grid 169x208 nodes=34430
[12:54:22] +24.7s seam grid 1327x1641 nodes=114276
[12:54:23] +25.5s seam refine nodes=114276
[12:54:23] +25.5s painted
[12:54:23] +25.6s mask blurred
[12:54:25] +27.3s pyramid gauss
[12:54:26] +28.2s pyramid expand
[12:54:26] +28.4s blended
[12:54:26] +28.4s seam 2 window=8944x5591 keepA=0.49
[12:54:26] +28.4s warped DSCF8426.RAF nudged
[12:54:27] +30.1s field n=0 const=[1.0000 1.0000 1.0000] peak=0.0000 gain=-0.1389 (rejected)
[12:54:28] +30.4s seam grid 168x212 nodes=34962
[12:54:28] +30.6s seam grid 1316x1667 nodes=161504
[12:54:29] +31.8s seam refine nodes=161504
[12:54:29] +31.9s painted
[12:54:29] +32.0s mask blurred
[12:54:31] +33.7s pyramid gauss
[12:54:32] +34.9s pyramid expand
[12:54:32] +35.0s blended
[12:54:32] +35.0s seam 3 window=8301x5591 keepA=0.52
[12:54:32] +35.0s warped DSCF8429.RAF nudged
[12:54:34] +36.6s field n=0 const=[1.0000 1.0000 1.0000] peak=0.0000 gain=-0.0365 (rejected)
[12:54:34] +36.9s seam grid 173x203 nodes=33989
[12:54:34] +37.0s seam grid 1360x1598 nodes=106095
[12:54:35] +37.3s seam refine nodes=106095
[12:54:35] +37.4s painted
[12:54:35] +37.5s mask blurred
[12:54:36] +39.0s pyramid gauss
[12:54:37] +40.1s pyramid expand
[12:54:38] +40.2s blended
[12:54:38] +40.2s seam 4 window=8715x5591 keepA=0.49
[12:54:38] +40.2s warped DSCF8425.RAF nudged
[12:54:38] +40.2s refined shifts seams=0 mean_abs_shift=0.000px max_abs_shift=0.000px
[12:54:38] +40.2s exposure gains applied 2
[12:54:38] +40.3s save encode 13194x5112
[12:54:43] +45.2s seam dump /home/dalibor/Projects/RapidRAW/lean_pano_proto/out/v34/DSCF8425/seams.txt
[12:54:43] +45.2s blend_stage extract=0.00s
[12:54:43] +45.2s blend_stage graphcut=65.35s
[12:54:43] +45.2s blend_stage mask_blur=5.40s
[12:54:43] +45.2s blend_stage pyr_blend=87.36s
[12:54:43] +45.2s boundary_step final: n=3783 median_step=2.20% p90=16.53%
[12:54:43] +45.2s blinds_flat  final: n=8555 median_step=2.15% p90=15.02%
[12:54:43] +45.2s woodline    final: n=2508 median_step=6.11% p90=43.57%
[12:54:43] +45.2s ghost_band   final: mean=0.604 keepA=0.50 cut_px=31096 swallowed=0
[12:54:43] +45.2s sharpness_lapvar final: 9.401421928009581
[12:54:43] +45.2s pano_mean_lum 0.055620648476338116 shadow_median 0.05023850500583649 canvas 13194x5112 levels=6 window_px=512
[12:54:43] +45.2s time  final blend=19.39s encode_tiff=0.73s metrics=3.43s photometry=1.74s step_metrics=0.19s warp=1.77s
[12:54:43] +45.2s time  total=45.24s
[12:54:43] +45.2s saved /home/dalibor/Projects/RapidRAW/lean_pano_proto/out/v34/DSCF8425/DSCF8425_Pano.tiff
