[05:22:45] +0.0s log /home/dalibor/Projects/RapidRAW/lean_pano_proto/out/v10/DSCF8715/DSCF8715_Pano.pano.log
[05:22:45] +0.0s merge started files=7
[05:22:46] +0.2s jpeg DSCF8715.RAF native 4416x2944 declared 4416x2944
[05:22:46] +0.4s jpeg DSCF8716.RAF native 4416x2944 declared 4416x2944
[05:22:46] +0.5s jpeg DSCF8717.RAF native 4416x2944 declared 4416x2944
[05:22:46] +0.7s jpeg DSCF8718.RAF native 4416x2944 declared 4416x2944
[05:22:46] +0.9s jpeg DSCF8719.RAF native 4416x2944 declared 4416x2944
[05:22:46] +1.1s jpeg DSCF8720.RAF native 4416x2944 declared 4416x2944
[05:22:47] +1.3s jpeg DSCF8721.RAF native 4416x2944 declared 4416x2944
[05:22:48] +2.9s points DSCF8715.RAF 11966
[05:22:48] +2.9s points DSCF8716.RAF 11934
[05:22:48] +2.9s points DSCF8717.RAF 11939
[05:22:48] +2.9s points DSCF8718.RAF 10938
[05:22:48] +2.9s points DSCF8719.RAF 7972
[05:22:48] +2.9s points DSCF8720.RAF 3881
[05:22:48] +2.9s points DSCF8721.RAF 2463
[05:22:51] +6.1s match DSCF8715.RAF<->DSCF8716.RAF: 4257 good
[05:22:51] +6.1s match DSCF8715.RAF<->DSCF8717.RAF: 1895 good
[05:22:51] +6.1s match DSCF8715.RAF<->DSCF8718.RAF: 612 good
[05:22:51] +6.1s match DSCF8715.RAF<->DSCF8719.RAF: 22 good
[05:22:51] +6.1s match DSCF8715.RAF<->DSCF8720.RAF: 31 good
[05:22:51] +6.1s match DSCF8715.RAF<->DSCF8721.RAF: 32 good
[05:22:51] +6.1s match DSCF8716.RAF<->DSCF8717.RAF: 3886 good
[05:22:51] +6.1s match DSCF8716.RAF<->DSCF8718.RAF: 2328 good
[05:22:51] +6.1s match DSCF8716.RAF<->DSCF8719.RAF: 971 good
[05:22:51] +6.1s match DSCF8716.RAF<->DSCF8720.RAF: 39 good
[05:22:51] +6.1s match DSCF8716.RAF<->DSCF8721.RAF: 33 good
[05:22:51] +6.1s match DSCF8717.RAF<->DSCF8718.RAF: 4807 good
[05:22:51] +6.1s match DSCF8717.RAF<->DSCF8719.RAF: 2922 good
[05:22:51] +6.1s match DSCF8717.RAF<->DSCF8720.RAF: 1026 good
[05:22:51] +6.1s match DSCF8717.RAF<->DSCF8721.RAF: 304 good
[05:22:51] +6.1s match DSCF8718.RAF<->DSCF8719.RAF: 4139 good
[05:22:51] +6.1s match DSCF8718.RAF<->DSCF8720.RAF: 1652 good
[05:22:51] +6.1s match DSCF8718.RAF<->DSCF8721.RAF: 763 good
[05:22:51] +6.1s match DSCF8719.RAF<->DSCF8720.RAF: 2048 good
[05:22:51] +6.1s match DSCF8719.RAF<->DSCF8721.RAF: 1010 good
[05:22:51] +6.1s match DSCF8720.RAF<->DSCF8721.RAF: 1320 good
[05:22:52] +6.4s aligned kept=7 focal35=94.0 jpeg=4416x2944 points=4416x2944
[05:22:52] +6.4s lens crop=1.534 focal35=94.0 calib=1.529
[05:22:53] +7.1s sky target 0.3366
[05:22:53] +7.1s sky scale DSCF8715.RAF 0.532 median 0.6326
[05:22:53] +7.1s sky scale DSCF8716.RAF 0.756 median 0.4455
[05:22:53] +7.1s sky scale DSCF8717.RAF 0.875 median 0.3848
[05:22:53] +7.1s sky scale DSCF8718.RAF 1.000 median 0.3366
[05:22:53] +7.1s sky scale DSCF8719.RAF 1.135 median 0.2966
[05:22:53] +7.2s sky scale DSCF8720.RAF 1.695 median 0.1986
[05:22:53] +7.2s sky scale DSCF8721.RAF 2.594 median 0.1298
[05:22:53] +7.2s Matching brightness...
[05:22:53] +7.2s canvas perspective 5132x1490
[05:22:53] +7.3s warp DSCF8720.RAF: bbox=(378,117,2405,1482) 2027x1365
[05:22:53] +7.3s warp DSCF8718.RAF: bbox=(1326,183,3273,1490) 1947x1307
[05:22:53] +7.3s warp DSCF8719.RAF: bbox=(851,160,2827,1490) 1976x1330
[05:22:53] +7.3s warp DSCF8717.RAF: bbox=(1848,150,3821,1481) 1973x1331
[05:22:53] +7.3s warp DSCF8716.RAF: bbox=(2444,63,4503,1452) 2059x1389
[05:22:53] +7.3s warp DSCF8721.RAF: bbox=(0,44,2073,1442) 2073x1398
[05:22:53] +7.3s warp DSCF8715.RAF: bbox=(2933,0,5132,1449) 2199x1449
[05:22:53] +7.4s brightness gains=7 corner=1.127
[05:22:53] +7.4s Blending photos...
[05:22:53] +7.6s blend 1: window=3000x1490 tiles=990
[05:22:53] +7.9s local moved kept=249 field=2.32 disagree 0.1152 -> 0.0749
[05:22:53] +7.9s seam grid 45x52 nodes=2207
[05:22:53] +7.9s seam grid 334x388 nodes=39197
[05:22:53] +8.1s seam refine nodes=39197
[05:22:53] +8.1s painted
[05:22:53] +8.1s mask blurred
[05:22:54] +8.2s pyramid gauss
[05:22:54] +8.2s pyramid expand
[05:22:54] +8.3s pasted
[05:22:54] +8.3s blended 1 keepA=0.57
[05:22:54] +8.3s blend 2: window=2997x1490 tiles=990
[05:22:54] +8.5s local moved kept=208 field=2.43 disagree 0.1472 -> 0.1049
[05:22:54] +8.5s seam grid 45x49 nodes=2114
[05:22:54] +8.5s seam grid 333x369 nodes=33215
[05:22:54] +8.6s seam refine nodes=33215
[05:22:54] +8.6s painted
[05:22:54] +8.6s mask blurred
[05:22:54] +8.7s pyramid gauss
[05:22:54] +8.7s pyramid expand
[05:22:54] +8.8s pasted
[05:22:54] +8.8s blended 2 keepA=0.73
[05:22:54] +8.8s blend 3: window=2917x1490 tiles=968
[05:22:54] +9.0s local moved kept=184 field=2.99 disagree 0.1244 -> 0.1025
[05:22:54] +9.0s seam grid 46x53 nodes=2283
[05:22:54] +9.0s seam grid 339x401 nodes=31689
[05:22:55] +9.2s seam refine nodes=31689
[05:22:55] +9.2s painted
[05:22:55] +9.2s mask blurred
[05:22:55] +9.3s pyramid gauss
[05:22:55] +9.3s pyramid expand
[05:22:55] +9.3s pasted
[05:22:55] +9.3s blended 3 keepA=0.72
[05:22:55] +9.3s blend 4: window=3083x1490 tiles=1034
[05:22:55] +9.6s local moved kept=222 field=3.64 disagree 0.1403 -> 0.1002
[05:22:55] +9.6s seam grid 45x48 nodes=2129
[05:22:55] +9.6s seam grid 337x357 nodes=30217
[05:22:55] +9.7s seam refine nodes=30217
[05:22:55] +9.7s painted
[05:22:55] +9.7s mask blurred
[05:22:55] +9.8s pyramid gauss
[05:22:55] +9.8s pyramid expand
[05:22:55] +9.8s pasted
[05:22:55] +9.8s blended 4 keepA=0.52
[05:22:55] +9.8s blend 5: window=2585x1490 tiles=858
[05:22:55] +10.1s local moved kept=231 field=3.14 disagree 0.0892 -> 0.0785
[05:22:56] +10.1s seam grid 46x58 nodes=2601
[05:22:56] +10.1s seam grid 344x436 nodes=36547
[05:22:56] +10.3s seam refine nodes=36547
[05:22:56] +10.3s painted
[05:22:56] +10.3s mask blurred
[05:22:56] +10.4s pyramid gauss
[05:22:56] +10.4s pyramid expand
[05:22:56] +10.4s pasted
[05:22:56] +10.4s blended 5 keepA=0.70
[05:22:56] +10.4s blend 6: window=2711x1490 tiles=902
[05:22:56] +10.7s local copied no gain kept=143 field=3.03 disagree 0.2780 -> 0.2704
[05:22:56] +10.7s seam grid 48x54 nodes=2417
[05:22:56] +10.7s seam grid 359x405 nodes=23517
[05:22:56] +10.7s seam refine nodes=23517
[05:22:56] +10.7s painted
[05:22:56] +10.7s mask blurred
[05:22:56] +10.8s pyramid gauss
[05:22:56] +10.8s pyramid expand
[05:22:56] +10.9s pasted
[05:22:56] +10.9s blended 6 keepA=0.49
[05:22:56] +10.9s preview canvas perspective 5132x1490 shifts=6
[05:22:56] +10.9s preview ready /home/dalibor/Projects/RapidRAW/lean_pano_proto/out/v10/DSCF8715/DSCF8715_preview.jpg
[05:22:56] +10.9s save started
[05:22:58] +12.7s developed DSCF8715.RAF 7728x5152 -> 1920x1280
[05:23:00] +14.3s developed DSCF8716.RAF 7728x5152 -> 1920x1280
[05:23:01] +15.9s developed DSCF8717.RAF 7728x5152 -> 1920x1280
[05:23:03] +17.6s developed DSCF8718.RAF 7728x5152 -> 1920x1280
[05:23:05] +19.2s developed DSCF8719.RAF 7728x5152 -> 1920x1280
[05:23:06] +20.8s developed DSCF8720.RAF 7728x5152 -> 1920x1280
[05:23:08] +22.4s developed DSCF8721.RAF 7728x5152 -> 1920x1280
[05:23:08] +22.5s scale raw=7728x5152 jpeg=4416x2944 x=1.7500 y=1.7500
[05:23:08] +22.5s Matching brightness...
[05:23:08] +22.5s canvas perspective 5132x1490
[05:23:08] +22.6s warp DSCF8719.RAF: bbox=(851,160,2827,1490) 1976x1330
[05:23:08] +22.6s warp DSCF8718.RAF: bbox=(1326,183,3273,1490) 1947x1307
[05:23:08] +22.6s warp DSCF8717.RAF: bbox=(1848,150,3821,1481) 1973x1331
[05:23:08] +22.6s warp DSCF8716.RAF: bbox=(2444,63,4503,1452) 2059x1389
[05:23:08] +22.6s warp DSCF8721.RAF: bbox=(0,44,2073,1442) 2073x1398
[05:23:08] +22.6s warp DSCF8720.RAF: bbox=(378,117,2405,1482) 2027x1365
[05:23:08] +22.6s warp DSCF8715.RAF: bbox=(2933,0,5132,1449) 2199x1449
[05:23:08] +22.7s brightness gains=7 corner=0.743
[05:23:08] +22.7s Blending photos...
[05:23:08] +22.9s blend 1: window=3000x1490 tiles=990
[05:23:09] +23.2s local moved kept=270 field=4.07 disagree 0.0927 -> 0.0467
[05:23:09] +23.2s seam grid 45x52 nodes=2200
[05:23:09] +23.2s seam grid 334x388 nodes=24321
[05:23:09] +23.3s seam refine nodes=24321
[05:23:09] +23.3s painted
[05:23:09] +23.3s mask blurred
[05:23:09] +23.3s pyramid gauss
[05:23:09] +23.4s pyramid expand
[05:23:09] +23.4s pasted
[05:23:09] +23.4s blended 1 keepA=0.48
[05:23:09] +23.4s blend 2: window=2997x1490 tiles=990
[05:23:09] +23.7s local moved kept=229 field=4.20 disagree 0.1145 -> 0.0651
[05:23:09] +23.7s seam grid 45x49 nodes=2105
[05:23:09] +23.7s seam grid 333x369 nodes=31052
[05:23:09] +23.8s seam refine nodes=31052
[05:23:09] +23.8s painted
[05:23:09] +23.8s mask blurred
[05:23:09] +23.8s pyramid gauss
[05:23:09] +23.9s pyramid expand
[05:23:09] +23.9s pasted
[05:23:09] +23.9s blended 2 keepA=0.51
[05:23:09] +23.9s blend 3: window=2917x1490 tiles=968
[05:23:10] +24.2s local moved kept=273 field=6.81 disagree 0.0885 -> 0.0503
[05:23:10] +24.2s seam grid 46x53 nodes=2285
[05:23:10] +24.2s seam grid 339x401 nodes=29633
[05:23:10] +24.3s seam refine nodes=29633
[05:23:10] +24.3s painted
[05:23:10] +24.3s mask blurred
[05:23:10] +24.4s pyramid gauss
[05:23:10] +24.4s pyramid expand
[05:23:10] +24.4s pasted
[05:23:10] +24.4s blended 3 keepA=0.62
[05:23:10] +24.4s blend 4: window=3083x1490 tiles=1034
[05:23:10] +24.7s local moved kept=221 field=8.09 disagree 0.1160 -> 0.0740
[05:23:10] +24.7s seam grid 45x48 nodes=2129
[05:23:10] +24.7s seam grid 337x357 nodes=30880
[05:23:10] +24.8s seam refine nodes=30880
[05:23:10] +24.8s painted
[05:23:10] +24.9s mask blurred
[05:23:10] +24.9s pyramid gauss
[05:23:10] +25.0s pyramid expand
[05:23:10] +25.0s pasted
[05:23:10] +25.0s blended 4 keepA=0.53
[05:23:10] +25.0s blend 5: window=2585x1490 tiles=858
[05:23:11] +25.3s local moved kept=269 field=8.84 disagree 0.0856 -> 0.0462
[05:23:11] +25.3s seam grid 46x58 nodes=2601
[05:23:11] +25.3s seam grid 344x436 nodes=33134
[05:23:11] +25.4s seam refine nodes=33134
[05:23:11] +25.4s painted
[05:23:11] +25.4s mask blurred
[05:23:11] +25.5s pyramid gauss
[05:23:11] +25.5s pyramid expand
[05:23:11] +25.5s pasted
[05:23:11] +25.5s blended 5 keepA=0.55
[05:23:11] +25.5s blend 6: window=2711x1490 tiles=902
[05:23:11] +25.8s local moved kept=277 field=9.84 disagree 0.1131 -> 0.0635
[05:23:11] +25.8s seam grid 48x54 nodes=2418
[05:23:11] +25.8s seam grid 359x405 nodes=21453
[05:23:11] +25.9s seam refine nodes=21453
[05:23:11] +25.9s painted
[05:23:11] +25.9s mask blurred
[05:23:11] +25.9s pyramid gauss
[05:23:11] +26.0s pyramid expand
[05:23:11] +26.0s pasted
[05:23:11] +26.0s blended 6 keepA=0.49
[05:23:11] +26.0s save seam developed
[05:23:11] +26.0s linear gains=7
[05:23:11] +26.0s canvas perspective 20653x5995
[05:23:12] +27.0s warped DSCF8718.RAF straight
[05:23:14] +29.0s pyramid gauss
[05:23:17] +32.1s pyramid expand
[05:23:18] +32.3s seam strip 1 7905x5036 blur=4
[05:23:18] +32.3s warped DSCF8719.RAF nudged
[05:23:19] +34.0s pyramid gauss
[05:23:22] +36.1s pyramid expand
[05:23:22] +36.3s seam strip 2 6515x5279 blur=4
[05:23:22] +36.3s warped DSCF8717.RAF nudged
[05:23:23] +37.8s pyramid gauss
[05:23:24] +38.7s pyramid expand
[05:23:24] +38.7s seam strip 3 5119x4841 blur=4
[05:23:24] +38.7s warped DSCF8720.RAF nudged
[05:23:27] +41.5s pyramid gauss
[05:23:30] +45.0s pyramid expand
[05:23:30] +45.1s seam strip 4 8327x5504 blur=4
[05:23:30] +45.1s warped DSCF8716.RAF nudged
[05:23:33] +47.3s pyramid gauss
[05:23:36] +50.4s pyramid expand
[05:23:36] +50.5s seam strip 5 7047x5239 blur=4
[05:23:36] +50.5s warped DSCF8721.RAF nudged
[05:23:38] +52.1s pyramid gauss
[05:23:38] +52.6s pyramid expand
[05:23:38] +52.6s seam strip 6 4033x5516 blur=4
[05:23:38] +52.6s warped DSCF8715.RAF nudged
[05:23:39] +54.0s save encode 20170x4925
[05:23:41] +55.4s saved /home/dalibor/Projects/RapidRAW/lean_pano_proto/out/v10/DSCF8715/DSCF8715_Pano.tiff
